C51 COMPILER V9.51   CONFIG_ADC                                                            05/24/2018 19:09:41 PAGE 1   


C51 COMPILER V9.51, COMPILATION OF MODULE CONFIG_ADC
OBJECT MODULE PLACED IN Config_ADC.OBJ
COMPILER INVOKED BY: C:\Keil\C51\BIN\C51.exe Config_ADC.c LARGE BROWSE DEBUG OBJECTEXTEND TABS(2)

line level    source

   1          #include <c8051f020.h>
   2          #include <intrins.h>
   3          
   4          #include "Config_ADC.h"
   5          
   6          #define SYSCLK 22118400L
   7          
   8          
   9          void CFG_VREF(void){
  10   1        REF0CN |= 0x03; //On active la source de tension de référence interne sur le pin VREF0
  11   1      }
  12          
  13          void CFG_ADC0(void){
  14   1      
  15   1        AD0EN = 0; // Désactivation de l'ADC0
  16   1      
  17   1        AMX0CF &= 0x00; //Configuration uniopolaire sur AIN0
  18   1        AMX0SL |= 0x00; //Conversion sur la voie AINO.3
  19   1        ADC0CF = 0x50; //Clock du convertisseur de 2,5 MHz
  20   1        ADC0CF |= 0x00; //Gain de 1
  21   1      
  22   1        AD0INT = 0; //On efface le drapeau signalant la fin de la conversion
  23   1      
  24   1        //La conversion sera déclanchée par une mise à '1' de AD0BUSY
  25   1        AD0CM1 = 0;
  26   1        AD0CM0 = 0;
  27   1      
  28   1        AD0LJST = 1; //Remplissage de AD0 à gauche
  29   1      
  30   1        AD0EN = 1; //Activation de l'ADC0
  31   1      }
  32          
  33          
  34          unsigned char ACQ_ADC(void){
  35   1        AD0INT = 0;//On remet à '0' le drapeau signalant la fin de la conversion
  36   1        AD0BUSY = 1; //On déclanche la conversion à l'aide de ce drapeau - il est automatiquement remis à '0' 
             -à la fin
  37   1        while(!AD0INT); //On attend la fin de la conversion à l'aide du flag AD0INT
  38   1        return ADC0H; // On retourne le résulat qui est sur 12 bits
  39   1      }


MODULE INFORMATION:   STATIC OVERLAYABLE
   CODE SIZE        =     33    ----
   CONSTANT SIZE    =   ----    ----
   XDATA SIZE       =   ----    ----
   PDATA SIZE       =   ----    ----
   DATA SIZE        =   ----    ----
   IDATA SIZE       =   ----    ----
   BIT SIZE         =   ----    ----
END OF MODULE INFORMATION.


C51 COMPILATION COMPLETE.  0 WARNING(S),  0 ERROR(S)
