BL51 BANKED LINKER/LOCATER V6.22                                                        05/15/2018  17:36:14  PAGE 1


BL51 BANKED LINKER/LOCATER V6.22, INVOKED BY:
C:\KEIL\C51\BIN\BL51.EXE STARTUP.obj, ADC.obj, Config_Globale.obj, Config_SPI.obj, Fonctions_cote_serializer.obj, Servom
>> oteur_Horizontal.obj, Timers.obj, Transmission_SPI.obj, UART0_RingBuffer_lib.obj, UART1.obj, ultrason.obj, main.obj, 
>> Lien_Structure_commande.obj, encodage_son.obj, son_sonore.obj TO master_final RAMSIZE (256)


MEMORY MODEL: LARGE WITH FLOATING POINT ARITHMETIC


INPUT MODULES INCLUDED:
  STARTUP.obj (?C_STARTUP)
  ADC.obj (ADC)
  Config_Globale.obj (CONFIG_GLOBALE)
  Config_SPI.obj (CONFIG_SPI)
  Fonctions_cote_serializer.obj (FONCTIONS_COTE_SERIALIZER)
  Servomoteur_Horizontal.obj (SERVOMOTEUR_HORIZONTAL)
  Timers.obj (TIMERS)
  Transmission_SPI.obj (TRANSMISSION_SPI)
  UART0_RingBuffer_lib.obj (UART0_RINGBUFFER_LIB)
  UART1.obj (UART1)
  ultrason.obj (ULTRASON)
  main.obj (MAIN)
  Lien_Structure_commande.obj (LIEN_STRUCTURE_COMMANDE)
  encodage_son.obj (ENCODAGE_SON)
  son_sonore.obj (SON_SONORE)
  C:\KEIL\C51\LIB\C51FPL.LIB (?C?FPADD)
  C:\KEIL\C51\LIB\C51FPL.LIB (?C?FPMUL)
  C:\KEIL\C51\LIB\C51FPL.LIB (?C?FPDIV)
  C:\KEIL\C51\LIB\C51FPL.LIB (?C?FPCMP)
  C:\KEIL\C51\LIB\C51FPL.LIB (?C?FCAST)
  C:\KEIL\C51\LIB\C51FPL.LIB (?C?CASTF)
  C:\KEIL\C51\LIB\C51FPL.LIB (PRINTF)
  C:\KEIL\C51\LIB\C51FPL.LIB (CEIL)
  C:\KEIL\C51\LIB\C51FPL.LIB (?C?FPGETOPN)
  C:\KEIL\C51\LIB\C51FPL.LIB (?C?FPROUND)
  C:\KEIL\C51\LIB\C51FPL.LIB (?C?FPCONVERT)
  C:\KEIL\C51\LIB\C51FPL.LIB (?C?FTNPWR)
  C:\KEIL\C51\LIB\C51L.LIB (?C_INIT)
  C:\KEIL\C51\LIB\C51L.LIB (?C?COPY)
  C:\KEIL\C51\LIB\C51L.LIB (?C?SCDIV)
  C:\KEIL\C51\LIB\C51L.LIB (?C?CLDPTR)
  C:\KEIL\C51\LIB\C51L.LIB (?C?CLDOPTR)
  C:\KEIL\C51\LIB\C51L.LIB (?C?CSTPTR)
  C:\KEIL\C51\LIB\C51L.LIB (?C?CSTOPTR)
  C:\KEIL\C51\LIB\C51L.LIB (?C?IMUL)
  C:\KEIL\C51\LIB\C51L.LIB (?C?UIDIV)
  C:\KEIL\C51\LIB\C51L.LIB (?C?SIDIV)
  C:\KEIL\C51\LIB\C51L.LIB (?C?IILDX)
  C:\KEIL\C51\LIB\C51L.LIB (?C?LNEG)
  C:\KEIL\C51\LIB\C51L.LIB (?C?SLCMP)
  C:\KEIL\C51\LIB\C51L.LIB (?C?ULCMP)
  C:\KEIL\C51\LIB\C51L.LIB (?C?LSTXDATA)
  C:\KEIL\C51\LIB\C51L.LIB (?C?LSTKXDATA)
  C:\KEIL\C51\LIB\C51L.LIB (?C?PLDIXDATA)
  C:\KEIL\C51\LIB\C51L.LIB (?C?PSTXDATA)
  C:\KEIL\C51\LIB\C51L.LIB (?C?CCASE)
  C:\KEIL\C51\LIB\C51L.LIB (PUTCHAR)
  C:\KEIL\C51\LIB\C51L.LIB (STRCAT)
BL51 BANKED LINKER/LOCATER V6.22                                                      05/15/2018  17:36:14  PAGE 2


  C:\KEIL\C51\LIB\C51L.LIB (?C?STRCPY)
  C:\KEIL\C51\LIB\C51L.LIB (STRLEN)
  C:\KEIL\C51\LIB\C51L.LIB (?C?MEMSET)
  C:\KEIL\C51\LIB\C51L.LIB (?C?ILDIX)


LINK MAP OF MODULE:  master_final (?C_STARTUP)


            TYPE    BASE      LENGTH    RELOCATION   SEGMENT NAME
            -----------------------------------------------------

            * * * * * * *   D A T A   M E M O R Y   * * * * * * *
            REG     0000H     0008H     ABSOLUTE     "REG BANK 0"
            DATA    0008H     0005H     UNIT         _DATA_GROUP_
                    000DH     0013H                  *** GAP ***
            BIT     0020H.0   0001H.1   UNIT         _BIT_GROUP_
            BIT     0021H.1   0000H.1   UNIT         ?BI?UART0_RINGBUFFER_LIB
            BIT     0021H.2   0000H.1   UNIT         ?BI?UART1
                    0021H.3   0000H.5                *** GAP ***
            IDATA   0022H     0001H     UNIT         ?STACK

            * * * * * * *  X D A T A   M E M O R Y  * * * * * * *
            XDATA   0000H     02F3H     UNIT         _XDATA_GROUP_
            XDATA   02F3H     0085H     UNIT         ?XD?LIEN_STRUCTURE_COMMANDE
            XDATA   0378H     0050H     UNIT         ?XD?UART0_RINGBUFFER_LIB
            XDATA   03C8H     0050H     UNIT         ?XD?UART1
            XDATA   0418H     0039H     UNIT         ?XD?MAIN
            XDATA   0451H     0011H     UNIT         ?XD?_ITOS?FONCTIONS_COTE_SERIALIZER
            XDATA   0462H     0002H     UNIT         ?XD?SERINCHAR_BIN?UART0_RINGBUFFER_LIB
            XDATA   0464H     0002H     UNIT         ?XD?SERINCHAR_BIN1?UART1

            * * * * * * *   C O D E   M E M O R Y   * * * * * * *
            CODE    0000H     0003H     ABSOLUTE     
            CODE    0003H     001DH     UNIT         ?PR?_TRUE_VIT?FONCTIONS_COTE_SERIALIZER
                    0020H     0003H                  *** GAP ***
            CODE    0023H     0003H     ABSOLUTE     
            CODE    0026H     0005H     UNIT         ?PR?ISR_TIMER2?MAIN
            CODE    002BH     0003H     ABSOLUTE     
            CODE    002EH     0043H     UNIT         ?PR?_TRAME_EMISE?TRANSMISSION_SPI
                    0071H     0002H                  *** GAP ***
            CODE    0073H     0003H     ABSOLUTE     
            CODE    0076H     002AH     UNIT         ?CO?ENCODAGE_SON
                    00A0H     0003H                  *** GAP ***
            CODE    00A3H     0003H     ABSOLUTE     
            CODE    00A6H     0BB5H     UNIT         ?PR?ENCODE_SON?ENCODAGE_SON
            CODE    0C5BH     09B0H     UNIT         ?C?LIB_CODE
            CODE    160BH     0530H     UNIT         ?PR?FORMATE_SERIALIZER?FONCTIONS_COTE_SERIALIZER
            CODE    1B3BH     0483H     UNIT         ?PR?PRINTF?PRINTF
            CODE    1FBEH     047CH     UNIT         ?PR?_TRAITEMENT_G?MAIN
            CODE    243AH     0321H     UNIT         ?PR?_TRAITEMENT_M?MAIN
            CODE    275BH     030BH     UNIT         ?PR?FONCTIONROUTAGE?LIEN_STRUCTURE_COMMANDE
            CODE    2A66H     02A6H     UNIT         ?PR?TRANSCODE_COMMANDE_TO_SERIALIZER?FONCTIONS_COTE_SERIALIZER
            CODE    2D0CH     0240H     UNIT         ?PR?_MESSAGE?MAIN
            CODE    2F4CH     0233H     UNIT         ?PR?_TRAITEMENT_S?MAIN
            CODE    317FH     01ACH     UNIT         ?PR?_TRAITEMENT_C?MAIN
            CODE    332BH     01ACH     UNIT         ?PR?MAIN?MAIN
BL51 BANKED LINKER/LOCATER V6.22                                                      05/15/2018  17:36:14  PAGE 3


            CODE    34D7H     0177H     UNIT         ?CO?MAIN
            CODE    364EH     0159H     UNIT         ?PR?_TRAITEMENT_R?MAIN
            CODE    37A7H     0153H     UNIT         ?PR?_TRAITEMENT_A?MAIN
            CODE    38FAH     012AH     UNIT         ?PR?_TRAITEMENT_D?MAIN
            CODE    3A24H     0127H     UNIT         ?PR?_ITOS?FONCTIONS_COTE_SERIALIZER
            CODE    3B4BH     0123H     UNIT         ?PR?_TRUE_TICKS?FONCTIONS_COTE_SERIALIZER
            CODE    3C6EH     0114H     UNIT         ?PR?MES_DIST_AV?ULTRASON
            CODE    3D82H     0114H     UNIT         ?PR?MES_DIST_AR?ULTRASON
            CODE    3E96H     00FCH     UNIT         ?PR?UART1_ISR?UART1
            CODE    3F92H     00F8H     UNIT         ?PR?UART0_ISR?UART0_RINGBUFFER_LIB
            CODE    408AH     00EFH     UNIT         ?PR?_CEIL?CEIL
            CODE    4179H     00BFH     UNIT         ?PR?TEMPO_EMISS?LIEN_STRUCTURE_COMMANDE
            CODE    4238H     00BEH     UNIT         ?C_INITSEG
            CODE    42F6H     009BH     UNIT         ?PR?_CDE_SERVO_H?SERVOMOTEUR_HORIZONTAL
            CODE    4391H     0097H     UNIT         ?PR?COURANT_ADC?ADC
            CODE    4428H     0097H     UNIT         ?PR?ROUTAGE?LIEN_STRUCTURE_COMMANDE
            CODE    44BFH     008CH     UNIT         ?C_C51STARTUP
            CODE    454BH     008BH     UNIT         ?PR?_SEROUTCHAR1?UART1
            CODE    45D6H     008BH     UNIT         ?PR?_TRAITEMENT_B?MAIN
            CODE    4661H     008AH     UNIT         ?PR?_SEROUTCHAR?UART0_RINGBUFFER_LIB
            CODE    46EBH     0082H     UNIT         ?PR?_TRAITEMENT_T?MAIN
            CODE    476DH     007DH     UNIT         ?PR?SERINCHAR_BIN?UART0_RINGBUFFER_LIB
            CODE    47EAH     007DH     UNIT         ?PR?SERINCHAR_BIN1?UART1
            CODE    4867H     007AH     UNIT         ?PR?_ECHANGE_TRAME?TRANSMISSION_SPI
            CODE    48E1H     0072H     UNIT         ?CO?LIEN_STRUCTURE_COMMANDE
            CODE    4953H     006FH     UNIT         ?PR?SON_SONORE?SON_SONORE
            CODE    49C2H     006BH     UNIT         ?PR?_STRCAT?STRCAT
            CODE    4A2DH     0064H     UNIT         ?PR?SERINCHAR?UART0_RINGBUFFER_LIB
            CODE    4A91H     0064H     UNIT         ?PR?SERINCHAR1?UART1
            CODE    4AF5H     0063H     UNIT         ?PR?ISR_TIMER3?MAIN
            CODE    4B58H     005EH     UNIT         ?PR?_SEROUTSTRING?UART0_RINGBUFFER_LIB
            CODE    4BB6H     005EH     UNIT         ?PR?_SEROUTSTRING1?UART1
            CODE    4C14H     005BH     UNIT         ?PR?INIT_SERIAL_BUFFER?UART0_RINGBUFFER_LIB
            CODE    4C6FH     005BH     UNIT         ?PR?INIT_SERIAL_BUFFER1?UART1
            CODE    4CCAH     0059H     UNIT         ?CO?FONCTIONS_COTE_SERIALIZER
            CODE    4D23H     0057H     UNIT         ?PR?_CONVERSIONANGLE_POSITIF?MAIN
            CODE    4D7AH     0055H     UNIT         ?PR?_CONV_ANGLE_TICKS?FONCTIONS_COTE_SERIALIZER
            CODE    4DCFH     0027H     UNIT         ?PR?PUTCHAR?PUTCHAR
            CODE    4DF6H     0024H     UNIT         ?PR?CONFIG_TIMER2?TIMERS
            CODE    4E1AH     0024H     UNIT         ?PR?_CONVERSIONCOORD?MAIN
            CODE    4E3EH     0021H     UNIT         ?PR?CONFIG_TIMER3?TIMERS
            CODE    4E5FH     001AH     UNIT         ?PR?OSCILLATOR_INIT?CONFIG_GLOBALE
            CODE    4E79H     001AH     UNIT         ?PR?_CONV_DISTANCE_TICKS?FONCTIONS_COTE_SERIALIZER
            CODE    4E93H     0019H     UNIT         ?PR?GPIO_CONFIG?CONFIG_GLOBALE
            CODE    4EACH     0015H     UNIT         ?PR?CONFIG_SPI_MASTER?CONFIG_SPI
            CODE    4EC1H     0015H     UNIT         ?PR?_STRLEN?STRLEN
            CODE    4ED6H     0013H     UNIT         ?PR?CFG_ADC0?ADC
            CODE    4EE9H     0013H     UNIT         ?PR?CFG_CLOCK_UART?UART0_RINGBUFFER_LIB
            CODE    4EFCH     0012H     UNIT         ?PR?CFG_UART0_MODE1?UART0_RINGBUFFER_LIB
            CODE    4F0EH     0012H     UNIT         ?PR?TRAITEMENT_E?MAIN
            CODE    4F20H     0012H     UNIT         ?PR?_TRAITEMENT_I?MAIN
            CODE    4F32H     0012H     UNIT         ?PR?_TRAITEMENT_P?MAIN
            CODE    4F44H     0010H     UNIT         ?PR?_DEBUT_TRAME?TRANSMISSION_SPI
            CODE    4F54H     0010H     UNIT         ?PR?CFG_UART1?UART1
            CODE    4F64H     000DH     UNIT         ?PR?TRAME_RECUE?TRANSMISSION_SPI
            CODE    4F71H     000DH     UNIT         ?PR?TRAITEMENT_Q?MAIN
            CODE    4F7EH     000CH     UNIT         ?PR?INIT_DEVICE?CONFIG_GLOBALE
BL51 BANKED LINKER/LOCATER V6.22                                                      05/15/2018  17:36:14  PAGE 4


            CODE    4F8AH     000BH     UNIT         ?PR?CONFIG_TIMER0?TIMERS
            CODE    4F95H     000AH     UNIT         ?PR?ACQ_ADC?ADC
            CODE    4F9FH     000AH     UNIT         ?PR?INITIALISATION_TIMER0?TIMERS
            CODE    4FA9H     000AH     UNIT         ?PR?FIN_TRAME?TRANSMISSION_SPI
            CODE    4FB3H     0007H     UNIT         ?PR?DISABLE_WDT?CONFIG_GLOBALE
            CODE    4FBAH     0007H     UNIT         ?PR?_ECHANGE_OCTET?TRANSMISSION_SPI
            CODE    4FC1H     0004H     UNIT         ?PR?CFG_VREF?ADC
            CODE    4FC5H     0004H     UNIT         ?PR?RESET_SRC?CONFIG_GLOBALE
            CODE    4FC9H     0004H     UNIT         ?CO?SON_SONORE



OVERLAY MAP OF MODULE:   master_final (?C_STARTUP)


SEGMENT                                             BIT_GROUP          DATA_GROUP          XDATA_GROUP
  +--> CALLED SEGMENT                            START    LENGTH     START    LENGTH     START    LENGTH
--------------------------------------------------------------------------------------------------------
?C_C51STARTUP                                    -----    -----      -----    -----      -----    -----
  +--> ?PR?MAIN?MAIN
  +--> ?C_INITSEG

?PR?MAIN?MAIN                                    -----    -----      -----    -----      0000H    0093H
  +--> ?CO?MAIN
  +--> ?PR?INIT_DEVICE?CONFIG_GLOBALE
  +--> ?PR?CONFIG_TIMER2?TIMERS
  +--> ?PR?CONFIG_TIMER0?TIMERS
  +--> ?PR?CONFIG_TIMER3?TIMERS
  +--> ?PR?CONFIG_SPI_MASTER?CONFIG_SPI
  +--> ?PR?CFG_VREF?ADC
  +--> ?PR?CFG_ADC0?ADC
  +--> ?PR?CFG_CLOCK_UART?UART0_RINGBUFFER_LIB
  +--> ?PR?CFG_UART0_MODE1?UART0_RINGBUFFER_LIB
  +--> ?PR?INIT_SERIAL_BUFFER?UART0_RINGBUFF...
  +--> ?PR?INIT_SERIAL_BUFFER1?UART1
  +--> ?PR?CFG_UART1?UART1
  +--> ?PR?_SEROUTSTRING?UART0_RINGBUFFER_LIB
  +--> ?PR?_STRLEN?STRLEN
  +--> ?PR?SERINCHAR?UART0_RINGBUFFER_LIB
  +--> ?PR?_MESSAGE?MAIN
  +--> ?PR?FONCTIONROUTAGE?LIEN_STRUCTURE_CO...

?PR?INIT_DEVICE?CONFIG_GLOBALE                   -----    -----      -----    -----      -----    -----
  +--> ?PR?RESET_SRC?CONFIG_GLOBALE
  +--> ?PR?DISABLE_WDT?CONFIG_GLOBALE
  +--> ?PR?OSCILLATOR_INIT?CONFIG_GLOBALE
  +--> ?PR?GPIO_CONFIG?CONFIG_GLOBALE

?PR?CONFIG_TIMER3?TIMERS                         -----    -----      -----    -----      -----    -----
  +--> ?PR?_CEIL?CEIL

?PR?_CEIL?CEIL                                   -----    -----      -----    -----      02C0H    0008H

?PR?_SEROUTSTRING?UART0_RINGBUFFER_LIB           -----    -----      -----    -----      020FH    0005H
  +--> ?PR?_STRLEN?STRLEN
  +--> ?PR?_SEROUTCHAR?UART0_RINGBUFFER_LIB

BL51 BANKED LINKER/LOCATER V6.22                                                      05/15/2018  17:36:14  PAGE 5


?PR?_MESSAGE?MAIN                                -----    -----      -----    -----      0093H    0024H
  +--> ?PR?_TRAITEMENT_A?MAIN
  +--> ?PR?_TRAITEMENT_T?MAIN
  +--> ?PR?_TRAITEMENT_D?MAIN
  +--> ?PR?TRAITEMENT_E?MAIN
  +--> ?PR?TRAITEMENT_Q?MAIN
  +--> ?PR?_TRAITEMENT_M?MAIN
  +--> ?PR?_TRAITEMENT_I?MAIN
  +--> ?PR?_TRAITEMENT_P?MAIN
  +--> ?PR?_TRAITEMENT_B?MAIN
  +--> ?PR?_TRAITEMENT_S?MAIN
  +--> ?PR?_TRAITEMENT_G?MAIN
  +--> ?PR?_TRAITEMENT_R?MAIN
  +--> ?PR?_TRAITEMENT_C?MAIN

?PR?_TRAITEMENT_A?MAIN                           -----    -----      -----    -----      00B7H    0029H
  +--> ?PR?_CONVERSIONANGLE_POSITIF?MAIN
  +--> ?CO?MAIN

?PR?_CONVERSIONANGLE_POSITIF?MAIN                -----    -----      -----    -----      00F2H    0002H

?PR?_TRAITEMENT_T?MAIN                           -----    -----      -----    -----      00B7H    0027H
  +--> ?PR?_CONVERSIONANGLE_POSITIF?MAIN
  +--> ?CO?MAIN

?PR?_TRAITEMENT_D?MAIN                           -----    -----      -----    -----      00B7H    0024H
  +--> ?CO?MAIN

?PR?TRAITEMENT_E?MAIN                            -----    -----      -----    -----      00B7H    0021H

?PR?TRAITEMENT_Q?MAIN                            -----    -----      -----    -----      00B7H    0021H

?PR?_TRAITEMENT_M?MAIN                           -----    -----      -----    -----      00B7H    0029H
  +--> ?PR?_CONVERSIONCOORD?MAIN

?PR?_TRAITEMENT_I?MAIN                           -----    -----      -----    -----      00B7H    0024H

?PR?_TRAITEMENT_P?MAIN                           -----    -----      -----    -----      00B7H    0024H

?PR?_TRAITEMENT_B?MAIN                           -----    -----      -----    -----      00B7H    0027H
  +--> ?PR?_CONVERSIONANGLE_POSITIF?MAIN

?PR?_TRAITEMENT_S?MAIN                           -----    -----      -----    -----      00B7H    0028H
  +--> ?PR?_CONVERSIONCOORD?MAIN

?PR?_TRAITEMENT_G?MAIN                           -----    -----      -----    -----      00B7H    003BH
  +--> ?PR?_CONVERSIONCOORD?MAIN
  +--> ?PR?_CONVERSIONANGLE_POSITIF?MAIN

?PR?_TRAITEMENT_R?MAIN                           -----    -----      -----    -----      00B7H    002BH
  +--> ?PR?_CONVERSIONANGLE_POSITIF?MAIN

?PR?_TRAITEMENT_C?MAIN                           -----    -----      -----    -----      00B7H    002BH
  +--> ?PR?_CONVERSIONANGLE_POSITIF?MAIN

?PR?FONCTIONROUTAGE?LIEN_STRUCTURE_CO...         -----    -----      -----    -----      0093H    017CH
  +--> ?CO?LIEN_STRUCTURE_COMMANDE
BL51 BANKED LINKER/LOCATER V6.22                                                      05/15/2018  17:36:14  PAGE 6


  +--> ?PR?ROUTAGE?LIEN_STRUCTURE_COMMANDE
  +--> ?PR?_CDE_SERVO_H?SERVOMOTEUR_HORIZONTAL
  +--> ?PR?_SEROUTSTRING?UART0_RINGBUFFER_LIB
  +--> ?PR?_STRLEN?STRLEN
  +--> ?PR?_STRCAT?STRCAT
  +--> ?PR?_ECHANGE_TRAME?TRANSMISSION_SPI
  +--> ?PR?TEMPO_EMISS?LIEN_STRUCTURE_COMMANDE
  +--> ?PR?TRAME_RECUE?TRANSMISSION_SPI
  +--> ?PR?PRINTF?PRINTF
  +--> ?PR?TRANSCODE_COMMANDE_TO_SERIALIZER?...
  +--> ?PR?FORMATE_SERIALIZER?FONCTIONS_COTE...
  +--> ?PR?_SEROUTSTRING1?UART1
  +--> ?PR?SERINCHAR1?UART1
  +--> ?PR?ENCODE_SON?ENCODAGE_SON
  +--> ?PR?COURANT_ADC?ADC
  +--> ?PR?SON_SONORE?SON_SONORE

?PR?ROUTAGE?LIEN_STRUCTURE_COMMANDE              -----    -----      -----    -----      020FH    0024H

?PR?_CDE_SERVO_H?SERVOMOTEUR_HORIZONTAL          -----    -----      -----    -----      02B9H    0007H
  +--> ?PR?_CEIL?CEIL

?PR?_STRCAT?STRCAT                               -----    -----      -----    -----      02B9H    0009H

?PR?_ECHANGE_TRAME?TRANSMISSION_SPI              -----    -----      -----    -----      0236H    000BH
  +--> ?PR?_DEBUT_TRAME?TRANSMISSION_SPI
  +--> ?PR?_ECHANGE_OCTET?TRANSMISSION_SPI
  +--> ?PR?FIN_TRAME?TRANSMISSION_SPI

?PR?_DEBUT_TRAME?TRANSMISSION_SPI                -----    -----      -----    -----      0241H    0001H
  +--> ?PR?_TRAME_EMISE?TRANSMISSION_SPI

?PR?_TRAME_EMISE?TRANSMISSION_SPI                -----    -----      -----    -----      0242H    0003H

?PR?_ECHANGE_OCTET?TRANSMISSION_SPI              -----    -----      -----    -----      -----    -----
  +--> ?PR?_TRAME_EMISE?TRANSMISSION_SPI
  +--> ?PR?TRAME_RECUE?TRANSMISSION_SPI

?PR?TRAME_RECUE?TRANSMISSION_SPI                 -----    -----      -----    -----      0241H    0001H
  +--> ?PR?_TRAME_EMISE?TRANSMISSION_SPI

?PR?FIN_TRAME?TRANSMISSION_SPI                   -----    -----      -----    -----      -----    -----
  +--> ?PR?_TRAME_EMISE?TRANSMISSION_SPI

?PR?TEMPO_EMISS?LIEN_STRUCTURE_COMMANDE          -----    -----      -----    -----      0236H    0002H

?PR?PRINTF?PRINTF                                0020H.0  0001H.1    0008H    0005H      02B9H    0030H
  +--> ?PR?PUTCHAR?PUTCHAR

?PR?TRANSCODE_COMMANDE_TO_SERIALIZER?...         -----    -----      -----    -----      020FH    0031H
  +--> ?PR?_CONV_ANGLE_TICKS?FONCTIONS_COTE_...

?PR?_CONV_ANGLE_TICKS?FONCTIONS_COTE_...         -----    -----      -----    -----      0240H    0004H
  +--> ?PR?_CEIL?CEIL

?PR?FORMATE_SERIALIZER?FONCTIONS_COTE...         -----    -----      -----    -----      020FH    001BH
  +--> ?CO?FONCTIONS_COTE_SERIALIZER
BL51 BANKED LINKER/LOCATER V6.22                                                      05/15/2018  17:36:14  PAGE 7


  +--> ?PR?_TRUE_VIT?FONCTIONS_COTE_SERIALIZER
  +--> ?PR?PRINTF?PRINTF
  +--> ?PR?_STRCAT?STRCAT
  +--> ?PR?_TRUE_TICKS?FONCTIONS_COTE_SERIAL...

?PR?_TRUE_TICKS?FONCTIONS_COTE_SERIAL...         -----    -----      -----    -----      022AH    000BH
  +--> ?CO?FONCTIONS_COTE_SERIALIZER
  +--> ?PR?PRINTF?PRINTF
  +--> ?PR?_STRCAT?STRCAT
  +--> ?PR?_STRLEN?STRLEN

?PR?_SEROUTSTRING1?UART1                         -----    -----      -----    -----      020FH    0005H
  +--> ?PR?_STRLEN?STRLEN
  +--> ?PR?_SEROUTCHAR1?UART1

?PR?ENCODE_SON?ENCODAGE_SON                      -----    -----      -----    -----      020FH    00AAH
  +--> ?CO?ENCODAGE_SON
  +--> ?PR?MES_DIST_AV?ULTRASON
  +--> ?PR?PRINTF?PRINTF
  +--> ?PR?_STRCAT?STRCAT
  +--> ?PR?MES_DIST_AR?ULTRASON
  +--> ?PR?_CDE_SERVO_H?SERVOMOTEUR_HORIZONTAL

?PR?MES_DIST_AV?ULTRASON                         -----    -----      -----    -----      02B9H    0012H
  +--> ?PR?INITIALISATION_TIMER0?TIMERS

?PR?MES_DIST_AR?ULTRASON                         -----    -----      -----    -----      02B9H    0012H
  +--> ?PR?INITIALISATION_TIMER0?TIMERS

?PR?COURANT_ADC?ADC                              -----    -----      -----    -----      02E9H    000AH
  +--> ?PR?ACQ_ADC?ADC

?PR?SON_SONORE?SON_SONORE                        -----    -----      -----    -----      020FH    0027H
  +--> ?CO?SON_SONORE
  +--> ?PR?_ECHANGE_OCTET?TRANSMISSION_SPI
  +--> ?PR?_ECHANGE_TRAME?TRANSMISSION_SPI
  +--> ?PR?TEMPO_EMISS?LIEN_STRUCTURE_COMMANDE

*** NEW ROOT ***************************************************

?PR?ISR_TIMER3?MAIN                              -----    -----      -----    -----      -----    -----
  +--> ?PR?COURANT_ADC?ADC



SYMBOL TABLE OF MODULE:  master_final (?C_STARTUP)

  VALUE           TYPE          NAME
  ----------------------------------

  -------         MODULE        ?C_STARTUP
  C:44BFH         SEGMENT       ?C_C51STARTUP
  I:0022H         SEGMENT       ?STACK
  C:0000H         PUBLIC        ?C_STARTUP
  D:00E0H         SYMBOL        ACC
  D:00F0H         SYMBOL        B
  D:0083H         SYMBOL        DPH
BL51 BANKED LINKER/LOCATER V6.22                                                      05/15/2018  17:36:14  PAGE 8


  D:0082H         SYMBOL        DPL
  N:0000H         SYMBOL        IBPSTACK
  N:0100H         SYMBOL        IBPSTACKTOP
  N:0080H         SYMBOL        IDATALEN
  C:44C2H         SYMBOL        IDATALOOP
  N:0000H         SYMBOL        PBPSTACK
  N:0100H         SYMBOL        PBPSTACKTOP
  N:0000H         SYMBOL        PDATALEN
  N:0000H         SYMBOL        PDATASTART
  N:0000H         SYMBOL        PPAGE
  N:0000H         SYMBOL        PPAGEENABLE
  D:00A0H         SYMBOL        PPAGE_SFR
  D:0081H         SYMBOL        SP
  C:44BFH         SYMBOL        STARTUP1
  N:0000H         SYMBOL        XBPSTACK
  N:0000H         SYMBOL        XBPSTACKTOP
  N:0000H         SYMBOL        XDATALEN
  N:0000H         SYMBOL        XDATASTART
  C:0000H         LINE#         126
  C:44BFH         LINE#         133
  C:44C1H         LINE#         134
  C:44C2H         LINE#         135
  C:44C3H         LINE#         136
  C:44C5H         LINE#         185
  C:44C8H         LINE#         196
  -------         ENDMOD        ?C_STARTUP

  -------         MODULE        ADC
  C:0000H         SYMBOL        _ICE_DUMMY_
  C:4F95H         PUBLIC        ACQ_ADC
  D:00BCH         PUBLIC        ADC0CF
  C:4391H         PUBLIC        Courant_ADC
  D:00E8H         PUBLIC        ADC0CN
  D:00A8H         PUBLIC        IE
  D:00D8H         PUBLIC        PCA0CN
  D:00B8H         PUBLIC        IP
  D:00D1H         PUBLIC        REF0CN
  D:00BAH         PUBLIC        AMX0CF
  B:00E8H.5       PUBLIC        AD0INT
  D:00C0H         PUBLIC        SMB0CN
  C:4ED6H         PUBLIC        CFG_ADC0
  D:00F8H         PUBLIC        SPI0CN
  D:0088H         PUBLIC        TCON
  D:00BBH         PUBLIC        AMX0SL
  D:00BFH         PUBLIC        ADC0H
  B:00E8H.7       PUBLIC        AD0EN
  D:0098H         PUBLIC        SCON0
  C:4FC1H         PUBLIC        CFG_VREF
  D:00C8H         PUBLIC        T2CON
  B:00E8H.0       PUBLIC        AD0LJST
  B:00E8H.2       PUBLIC        AD0CM0
  B:00E8H.3       PUBLIC        AD0CM1
  B:00E8H.4       PUBLIC        AD0BUSY
  D:00D0H         PUBLIC        PSW
  -------         PROC          CFG_VREF
  C:4FC1H         LINE#         9
  C:4FC1H         LINE#         10
BL51 BANKED LINKER/LOCATER V6.22                                                      05/15/2018  17:36:14  PAGE 9


  C:4FC4H         LINE#         11
  -------         ENDPROC       CFG_VREF
  -------         PROC          CFG_ADC0
  C:4ED6H         LINE#         13
  C:4ED6H         LINE#         15
  C:4ED8H         LINE#         17
  C:4EDBH         LINE#         18
  C:4EDBH         LINE#         19
  C:4EDEH         LINE#         20
  C:4EDEH         LINE#         22
  C:4EE0H         LINE#         25
  C:4EE2H         LINE#         26
  C:4EE4H         LINE#         28
  C:4EE6H         LINE#         30
  C:4EE8H         LINE#         31
  -------         ENDPROC       CFG_ADC0
  -------         PROC          ACQ_ADC
  C:4F95H         LINE#         34
  C:4F95H         LINE#         35
  C:4F97H         LINE#         36
  C:4F99H         LINE#         37
  C:4F9CH         LINE#         38
  C:4F9EH         LINE#         39
  -------         ENDPROC       ACQ_ADC
  -------         PROC          COURANT_ADC
  -------         DO            
  X:02E9H         SYMBOL        tension_AO
  D:0006H         SYMBOL        courant
  X:02EDH         SYMBOL        gain_AO
  X:02EFH         SYMBOL        R_SHUNT
  -------         ENDDO         
  C:4391H         LINE#         41
  C:4391H         LINE#         46
  C:439AH         LINE#         47
  C:43A2H         LINE#         49
  C:43C6H         LINE#         50
  C:4427H         LINE#         52
  C:4427H         LINE#         53
  -------         ENDPROC       COURANT_ADC
  -------         ENDMOD        ADC

  -------         MODULE        CONFIG_GLOBALE
  C:0000H         SYMBOL        _ICE_DUMMY_
  D:0080H         PUBLIC        P0
  D:00FFH         PUBLIC        WDTCN
  D:00A0H         PUBLIC        P2
  C:4FB3H         PUBLIC        Disable_WDT
  D:00E8H         PUBLIC        ADC0CN
  D:00A4H         PUBLIC        P0MDOUT
  D:00A8H         PUBLIC        IE
  D:00A6H         PUBLIC        P2MDOUT
  D:00D8H         PUBLIC        PCA0CN
  D:00B8H         PUBLIC        IP
  C:4E5FH         PUBLIC        Oscillator_Init
  D:00E1H         PUBLIC        XBR0
  D:00E3H         PUBLIC        XBR2
  D:00C0H         PUBLIC        SMB0CN
BL51 BANKED LINKER/LOCATER V6.22                                                      05/15/2018  17:36:14  PAGE 10


  D:00F8H         PUBLIC        SPI0CN
  C:4FC5H         PUBLIC        Reset_src
  D:0088H         PUBLIC        TCON
  D:00B2H         PUBLIC        OSCICN
  C:4F7EH         PUBLIC        Init_Device
  D:00B1H         PUBLIC        OSCXCN
  D:00EFH         PUBLIC        RSTSRC
  D:0098H         PUBLIC        SCON0
  D:00C8H         PUBLIC        T2CON
  C:4E93H         PUBLIC        GPIO_Config
  D:00D0H         PUBLIC        PSW
  -------         PROC          INIT_DEVICE
  C:4F7EH         LINE#         7
  C:4F7EH         LINE#         8
  C:4F81H         LINE#         9
  C:4F84H         LINE#         10
  C:4F87H         LINE#         11
  -------         ENDPROC       INIT_DEVICE
  -------         PROC          OSCILLATOR_INIT
  -------         DO            
  D:0006H         SYMBOL        i
  -------         ENDDO         
  C:4E5FH         LINE#         14
  C:4E5FH         LINE#         18
  C:4E62H         LINE#         19
  C:4E70H         LINE#         20
  C:4E75H         LINE#         21
  C:4E78H         LINE#         22
  -------         ENDPROC       OSCILLATOR_INIT
  -------         PROC          RESET_SRC
  C:4FC5H         LINE#         24
  C:4FC5H         LINE#         26
  C:4FC8H         LINE#         27
  -------         ENDPROC       RESET_SRC
  -------         PROC          DISABLE_WDT
  C:4FB3H         LINE#         29
  C:4FB3H         LINE#         31
  C:4FB6H         LINE#         32
  C:4FB9H         LINE#         33
  -------         ENDPROC       DISABLE_WDT
  -------         PROC          GPIO_CONFIG
  C:4E93H         LINE#         36
  C:4E93H         LINE#         39
  C:4E96H         LINE#         40
  C:4E99H         LINE#         43
  C:4E9CH         LINE#         44
  C:4E9FH         LINE#         51
  C:4EA2H         LINE#         52
  C:4EA5H         LINE#         54
  C:4EA8H         LINE#         55
  C:4EABH         LINE#         59
  -------         ENDPROC       GPIO_CONFIG
  -------         ENDMOD        CONFIG_GLOBALE

  -------         MODULE        CONFIG_SPI
  C:0000H         SYMBOL        _ICE_DUMMY_
  D:009DH         PUBLIC        SPI0CKR
BL51 BANKED LINKER/LOCATER V6.22                                                      05/15/2018  17:36:14  PAGE 11


  D:0080H         PUBLIC        P0
  B:00F8H.0       PUBLIC        SPIEN
  D:0090H         PUBLIC        P1
  D:00A0H         PUBLIC        P2
  D:00B0H         PUBLIC        P3
  B:00F8H.1       PUBLIC        MSTEN
  D:00E8H         PUBLIC        ADC0CN
  D:00A8H         PUBLIC        IE
  D:00D8H         PUBLIC        PCA0CN
  D:00B8H         PUBLIC        IP
  D:00C0H         PUBLIC        SMB0CN
  B:00F8H.5       PUBLIC        MODF
  D:00F8H         PUBLIC        SPI0CN
  B:00F8H.7       PUBLIC        SPIF
  D:0088H         PUBLIC        TCON
  B:00F8H.6       PUBLIC        WCOL
  C:4EACH         PUBLIC        Config_SPI_MASTER
  D:0098H         PUBLIC        SCON0
  D:00C8H         PUBLIC        T2CON
  D:009AH         PUBLIC        SPI0CFG
  B:00F8H.4       PUBLIC        RXOVRN
  D:00D0H         PUBLIC        PSW
  -------         PROC          CONFIG_SPI_MASTER
  C:4EACH         LINE#         10
  C:4EACH         LINE#         12
  C:4EAEH         LINE#         13
  C:4EB0H         LINE#         14
  C:4EB2H         LINE#         15
  C:4EB4H         LINE#         16
  C:4EB6H         LINE#         17
  C:4EB8H         LINE#         20
  C:4EBBH         LINE#         22
  C:4EBEH         LINE#         24
  C:4EC0H         LINE#         25
  -------         ENDPROC       CONFIG_SPI_MASTER
  -------         ENDMOD        CONFIG_SPI

  -------         MODULE        FONCTIONS_COTE_SERIALIZER
  C:0000H         SYMBOL        _ICE_DUMMY_
  D:00E8H         PUBLIC        ADC0CN
  D:00A8H         PUBLIC        IE
  C:160BH         PUBLIC        formate_serializer
  D:00D8H         PUBLIC        PCA0CN
  D:00B8H         PUBLIC        IP
  C:4D97H         PUBLIC        _conv_angle_ticks
  D:00C0H         PUBLIC        SMB0CN
  D:00F8H         PUBLIC        SPI0CN
  D:0088H         PUBLIC        TCON
  C:3A24H         PUBLIC        _itos
  C:4D1FH         SYMBOL        _?ix1000
  C:3B71H         PUBLIC        _true_ticks
  C:2A66H         PUBLIC        transcode_commande_to_serializer
  D:0098H         PUBLIC        SCON0
  D:00C8H         PUBLIC        T2CON
  C:4E79H         PUBLIC        _conv_distance_ticks
  C:0003H         PUBLIC        _true_vit
  D:00D0H         PUBLIC        PSW
BL51 BANKED LINKER/LOCATER V6.22                                                      05/15/2018  17:36:14  PAGE 12


  -------         PROC          _CONV_DISTANCE_TICKS
  D:0006H         SYMBOL        d
  -------         DO            
  D:0006H         SYMBOL        ret
  -------         ENDDO         
  C:4E79H         LINE#         40
  C:4E79H         LINE#         41
  C:4E92H         LINE#         42
  C:4E92H         LINE#         43
  -------         ENDPROC       _CONV_DISTANCE_TICKS
  C:4D87H         SYMBOL        L?0092
  C:4D90H         SYMBOL        L?0093
  -------         PROC          L?0091
  -------         ENDPROC       L?0091
  C:4D87H         SYMBOL        L?0092
  C:4D90H         SYMBOL        L?0093
  -------         PROC          _CONV_ANGLE_TICKS
  D:0006H         SYMBOL        angle
  -------         DO            
  D:0006H         SYMBOL        ret
  X:0240H         SYMBOL        a
  -------         ENDDO         
  C:4D97H         LINE#         45
  C:4D97H         LINE#         47
  C:4DAFH         LINE#         48
  C:4DCEH         LINE#         49
  C:4DCEH         LINE#         50
  -------         ENDPROC       _CONV_ANGLE_TICKS
  -------         PROC          _ITOS
  X:0451H         SYMBOL        i
  X:0453H         SYMBOL        ret
  -------         DO            
  X:0456H         SYMBOL        nbr3
  X:0459H         SYMBOL        nbr2
  X:045BH         SYMBOL        nbr1
  X:045CH         SYMBOL        c
  X:045EH         SYMBOL        d
  X:0460H         SYMBOL        u
  -------         ENDDO         
  C:3A24H         LINE#         52
  C:3A35H         LINE#         56
  C:3A4CH         LINE#         57
  C:3A79H         LINE#         58
  C:3AA0H         LINE#         60
  C:3AB1H         LINE#         61
  C:3ABCH         LINE#         62
  C:3AC7H         LINE#         63
  C:3AD2H         LINE#         64
  C:3AE7H         LINE#         65
  C:3AE9H         LINE#         66
  C:3AFAH         LINE#         67
  C:3B05H         LINE#         68
  C:3B10H         LINE#         69
  C:3B25H         LINE#         70
  C:3B27H         LINE#         71
  C:3B27H         LINE#         72
  C:3B32H         LINE#         73
BL51 BANKED LINKER/LOCATER V6.22                                                      05/15/2018  17:36:14  PAGE 13


  C:3B4AH         LINE#         74
  C:3B4AH         LINE#         75
  -------         ENDPROC       _ITOS
  -------         PROC          _TRUE_VIT
  D:0007H         SYMBOL        vit
  -------         DO            
  D:0004H         SYMBOL        ret
  -------         ENDDO         
  C:0003H         LINE#         77
  C:0003H         LINE#         78
  C:0007H         LINE#         80
  C:000CH         LINE#         81
  C:001BH         LINE#         82
  C:001BH         LINE#         83
  C:001FH         LINE#         84
  -------         ENDPROC       _TRUE_VIT
  C:3B66H         SYMBOL        L?0095
  -------         PROC          L?0094
  -------         ENDPROC       L?0094
  C:3B66H         SYMBOL        L?0095
  -------         PROC          _TRUE_TICKS
  X:022AH         SYMBOL        ticks
  X:022CH         SYMBOL        ret
  -------         DO            
  X:022FH         SYMBOL        str
  X:0233H         SYMBOL        l
  -------         ENDDO         
  C:3B71H         LINE#         86
  C:3B82H         LINE#         87
  C:3B95H         LINE#         88
  C:3B9CH         LINE#         90
  C:3BACH         LINE#         91
  C:3BCEH         LINE#         92
  C:3BCEH         LINE#         93
  C:3BCEH         LINE#         94
  C:3BE5H         LINE#         95
  C:3BFBH         LINE#         96
  C:3C21H         LINE#         97
  C:3C3DH         LINE#         98
  C:3C53H         LINE#         99
  C:3C6DH         LINE#         100
  C:3C6DH         LINE#         101
  -------         ENDPROC       _TRUE_TICKS
  -------         PROC          FORMATE_SERIALIZER
  X:020FH         SYMBOL        com
  X:021EH         SYMBOL        ret
  -------         DO            
  X:0221H         SYMBOL        nbr
  -------         ENDDO         
  C:160BH         LINE#         113
  C:160BH         LINE#         116
  C:1668H         LINE#         117
  C:1668H         LINE#         118
  C:167DH         LINE#         119
  C:1680H         LINE#         120
  C:1680H         LINE#         121
  C:1680H         LINE#         122
BL51 BANKED LINKER/LOCATER V6.22                                                      05/15/2018  17:36:14  PAGE 14


  C:1680H         LINE#         123
  C:1680H         LINE#         124
  C:1680H         LINE#         125
  C:1680H         LINE#         126
  C:1680H         LINE#         127
  C:1680H         LINE#         128
  C:1680H         LINE#         129
  C:1680H         LINE#         130
  C:1680H         LINE#         131
  C:1680H         LINE#         132
  C:1680H         LINE#         133
  C:1680H         LINE#         134
  C:1680H         LINE#         135
  C:1680H         LINE#         136
  C:1680H         LINE#         137
  C:1680H         LINE#         138
  C:1680H         LINE#         139
  C:1680H         LINE#         140
  C:1698H         LINE#         141
  C:1698H         LINE#         142
  C:1698H         LINE#         143
  C:169BH         LINE#         144
  C:169BH         LINE#         145
  C:169BH         LINE#         146
  C:16B3H         LINE#         147
  C:16B3H         LINE#         148
  C:16B3H         LINE#         149
  C:16B6H         LINE#         150
  C:16B6H         LINE#         151
  C:16B6H         LINE#         152
  C:16CEH         LINE#         153
  C:16F5H         LINE#         154
  C:1711H         LINE#         155
  C:172DH         LINE#         156
  C:172DH         LINE#         157
  C:172DH         LINE#         158
  C:1730H         LINE#         159
  C:1730H         LINE#         160
  C:1730H         LINE#         161
  C:1745H         LINE#         162
  C:1745H         LINE#         163
  C:1745H         LINE#         164
  C:1745H         LINE#         165
  C:1745H         LINE#         166
  C:1745H         LINE#         167
  C:1745H         LINE#         168
  C:1745H         LINE#         169
  C:1745H         LINE#         170
  C:1745H         LINE#         171
  C:1745H         LINE#         172
  C:1745H         LINE#         173
  C:1745H         LINE#         174
  C:1748H         LINE#         175
  C:1748H         LINE#         176
  C:1748H         LINE#         177
  C:175DH         LINE#         178
  C:1760H         LINE#         179
BL51 BANKED LINKER/LOCATER V6.22                                                      05/15/2018  17:36:14  PAGE 15


  C:1760H         LINE#         180
  C:1760H         LINE#         181
  C:1760H         LINE#         182
  C:1763H         LINE#         183
  C:177FH         LINE#         184
  C:179BH         LINE#         185
  C:179EH         LINE#         186
  C:179EH         LINE#         187
  C:17A1H         LINE#         188
  C:17A1H         LINE#         189
  C:17A1H         LINE#         190
  C:17B9H         LINE#         191
  C:17E0H         LINE#         192
  C:17FCH         LINE#         193
  C:1818H         LINE#         194
  C:181EH         LINE#         195
  C:181EH         LINE#         196
  C:1821H         LINE#         197
  C:1821H         LINE#         198
  C:1821H         LINE#         199
  C:1821H         LINE#         200
  C:1824H         LINE#         201
  C:1840H         LINE#         202
  C:185CH         LINE#         203
  C:1883H         LINE#         204
  C:189FH         LINE#         205
  C:18BBH         LINE#         206
  C:18C1H         LINE#         207
  C:18DDH         LINE#         208
  C:18F9H         LINE#         209
  C:1920H         LINE#         210
  C:192DH         LINE#         211
  C:1930H         LINE#         212
  C:1930H         LINE#         213
  C:1930H         LINE#         214
  C:1948H         LINE#         215
  C:196EH         LINE#         216
  C:198AH         LINE#         217
  C:19A6H         LINE#         218
  C:19CCH         LINE#         219
  C:19E8H         LINE#         220
  C:1A04H         LINE#         221
  C:1A2AH         LINE#         222
  C:1A46H         LINE#         223
  C:1A62H         LINE#         224
  C:1A88H         LINE#         225
  C:1AA4H         LINE#         226
  C:1AC0H         LINE#         227
  C:1AC2H         LINE#         228
  C:1AC2H         LINE#         229
  C:1AC2H         LINE#         230
  C:1AD7H         LINE#         231
  C:1AD9H         LINE#         232
  C:1AD9H         LINE#         233
  C:1AD9H         LINE#         234
  C:1AD9H         LINE#         235
  C:1AD9H         LINE#         236
BL51 BANKED LINKER/LOCATER V6.22                                                      05/15/2018  17:36:14  PAGE 16


  C:1AD9H         LINE#         237
  C:1AD9H         LINE#         238
  C:1AD9H         LINE#         239
  C:1AD9H         LINE#         240
  C:1AEEH         LINE#         241
  C:1AF0H         LINE#         242
  C:1AF0H         LINE#         243
  C:1AF0H         LINE#         244
  C:1B05H         LINE#         245
  C:1B07H         LINE#         246
  C:1B07H         LINE#         247
  C:1B07H         LINE#         248
  C:1B1FH         LINE#         249
  C:1B1FH         LINE#         250
  C:1B1FH         LINE#         251
  C:1B1FH         LINE#         252
  C:1B1FH         LINE#         253
  C:1B1FH         LINE#         254
  -------         ENDPROC       FORMATE_SERIALIZER
  -------         PROC          TRANSCODE_COMMANDE_TO_SERIALIZER
  X:020FH         SYMBOL        com
  -------         DO            
  X:0230H         SYMBOL        ret
  X:023FH         SYMBOL        v_angl
  D:0007H         SYMBOL        v_line
  -------         ENDDO         
  C:2A66H         LINE#         262
  C:2A66H         LINE#         264
  C:2A6CH         LINE#         265
  C:2A6EH         LINE#         267
  C:2A76H         LINE#         268
  C:2A76H         LINE#         269
  C:2A7CH         LINE#         270
  C:2A7CH         LINE#         271
  C:2A7CH         LINE#         272
  C:2A7CH         LINE#         273
  C:2A7CH         LINE#         274
  C:2A7CH         LINE#         276
  C:2AB5H         LINE#         278
  C:2AB5H         LINE#         279
  C:2ABBH         LINE#         280
  C:2AC2H         LINE#         281
  C:2AC4H         LINE#         282
  C:2AC4H         LINE#         283
  C:2AC8H         LINE#         284
  C:2AC8H         LINE#         285
  C:2ACAH         LINE#         286
  C:2ACAH         LINE#         288
  C:2ACAH         LINE#         289
  C:2AD0H         LINE#         290
  C:2AD7H         LINE#         291
  C:2AD9H         LINE#         292
  C:2AD9H         LINE#         293
  C:2AE3H         LINE#         294
  C:2AE7H         LINE#         295
  C:2AEAH         LINE#         296
  C:2AEAH         LINE#         298
BL51 BANKED LINKER/LOCATER V6.22                                                      05/15/2018  17:36:14  PAGE 17


  C:2AEAH         LINE#         299
  C:2AF0H         LINE#         300
  C:2AF3H         LINE#         301
  C:2AF3H         LINE#         303
  C:2AF3H         LINE#         304
  C:2AFAH         LINE#         305
  C:2B02H         LINE#         306
  C:2B02H         LINE#         307
  C:2B08H         LINE#         308
  C:2B10H         LINE#         309
  C:2B24H         LINE#         310
  C:2B2CH         LINE#         311
  C:2B2EH         LINE#         312
  C:2B30H         LINE#         313
  C:2B30H         LINE#         315
  C:2B30H         LINE#         316
  C:2B37H         LINE#         317
  C:2B3FH         LINE#         318
  C:2B3FH         LINE#         319
  C:2B45H         LINE#         320
  C:2B4DH         LINE#         321
  C:2B5CH         LINE#         322
  C:2B64H         LINE#         323
  C:2B66H         LINE#         324
  C:2B68H         LINE#         325
  C:2B68H         LINE#         327
  C:2B68H         LINE#         328
  C:2B6FH         LINE#         329
  C:2B77H         LINE#         330
  C:2B77H         LINE#         331
  C:2B7DH         LINE#         332
  C:2B85H         LINE#         333
  C:2B99H         LINE#         334
  C:2BA1H         LINE#         335
  C:2BA5H         LINE#         336
  C:2BA8H         LINE#         337
  C:2BA8H         LINE#         339
  C:2BA8H         LINE#         340
  C:2BAFH         LINE#         341
  C:2BB7H         LINE#         342
  C:2BB7H         LINE#         343
  C:2BBDH         LINE#         344
  C:2BC5H         LINE#         345
  C:2BD4H         LINE#         346
  C:2BDCH         LINE#         347
  C:2BE0H         LINE#         348
  C:2BE3H         LINE#         349
  C:2BE3H         LINE#         352
  C:2BE3H         LINE#         353
  C:2BEAH         LINE#         354
  C:2BF2H         LINE#         355
  C:2BF2H         LINE#         356
  C:2BF2H         LINE#         357
  C:2BF2H         LINE#         358
  C:2C02H         LINE#         359
  C:2C0AH         LINE#         360
  C:2C20H         LINE#         361
BL51 BANKED LINKER/LOCATER V6.22                                                      05/15/2018  17:36:14  PAGE 18


  C:2C23H         LINE#         362
  C:2C23H         LINE#         364
  C:2C23H         LINE#         365
  C:2C2AH         LINE#         366
  C:2C32H         LINE#         367
  C:2C32H         LINE#         368
  C:2C32H         LINE#         369
  C:2C32H         LINE#         370
  C:2C3DH         LINE#         371
  C:2C45H         LINE#         372
  C:2C60H         LINE#         373
  C:2C63H         LINE#         374
  C:2C63H         LINE#         376
  C:2C63H         LINE#         377
  C:2C6AH         LINE#         378
  C:2C72H         LINE#         379
  C:2C72H         LINE#         380
  C:2C82H         LINE#         381
  C:2C88H         LINE#         382
  C:2C90H         LINE#         383
  C:2C9BH         LINE#         384
  C:2CA4H         LINE#         385
  C:2CB0H         LINE#         386
  C:2CB2H         LINE#         387
  C:2CB2H         LINE#         388
  C:2CCAH         LINE#         389
  C:2CD0H         LINE#         390
  C:2CDAH         LINE#         391
  C:2CF3H         LINE#         392
  C:2CFAH         LINE#         393
  C:2D05H         LINE#         394
  C:2D05H         LINE#         395
  C:2D05H         LINE#         396
  C:2D05H         LINE#         397
  C:2D05H         LINE#         398
  C:2D05H         LINE#         399
  C:2D05H         LINE#         401
  C:2D0BH         LINE#         402
  -------         ENDPROC       TRANSCODE_COMMANDE_TO_SERIALIZER
  -------         ENDMOD        FONCTIONS_COTE_SERIALIZER

  -------         MODULE        SERVOMOTEUR_HORIZONTAL
  C:0000H         SYMBOL        _ICE_DUMMY_
  D:00E8H         PUBLIC        ADC0CN
  D:00A8H         PUBLIC        IE
  D:00D8H         PUBLIC        PCA0CN
  D:00B8H         PUBLIC        IP
  D:00CBH         PUBLIC        RCAP2H
  D:00C0H         PUBLIC        SMB0CN
  D:00CAH         PUBLIC        RCAP2L
  D:00F8H         PUBLIC        SPI0CN
  D:0088H         PUBLIC        TCON
  B:00C8H.7       PUBLIC        TF2
  B:00C8H.2       PUBLIC        TR2
  D:0098H         PUBLIC        SCON0
  C:42F6H         PUBLIC        _CDE_Servo_H
  D:00C8H         PUBLIC        T2CON
BL51 BANKED LINKER/LOCATER V6.22                                                      05/15/2018  17:36:14  PAGE 19


  D:00D0H         PUBLIC        PSW
  -------         PROC          _CDE_SERVO_H
  X:02B9H         SYMBOL        Angle
  -------         DO            
  D:0006H         SYMBOL        rech_int
  X:02BAH         SYMBOL        i
  X:02BCH         SYMBOL        temps_imp
  -------         ENDDO         
  C:42F6H         LINE#         11
  C:42FBH         LINE#         13
  C:4300H         LINE#         16
  C:4321H         LINE#         17
  C:435DH         LINE#         18
  C:435FH         LINE#         21
  C:4361H         LINE#         22
  C:4365H         LINE#         24
  C:4367H         LINE#         25
  C:4378H         LINE#         26
  C:437BH         LINE#         27
  C:4387H         LINE#         28
  C:4387H         LINE#         29
  C:4389H         LINE#         30
  C:438BH         LINE#         32
  C:4390H         LINE#         33
  -------         ENDPROC       _CDE_SERVO_H
  -------         ENDMOD        SERVOMOTEUR_HORIZONTAL

  -------         MODULE        TIMERS
  C:0000H         SYMBOL        _ICE_DUMMY_
  C:4F9FH         PUBLIC        initialisation_Timer0
  D:00E8H         PUBLIC        ADC0CN
  D:00A8H         PUBLIC        IE
  C:4F8AH         PUBLIC        Config_timer0
  D:0093H         PUBLIC        TMR3RLH
  D:0092H         PUBLIC        TMR3RLL
  B:00C8H.6       PUBLIC        EXF2
  D:00D8H         PUBLIC        PCA0CN
  D:00B8H         PUBLIC        IP
  D:00CBH         PUBLIC        RCAP2H
  D:00C0H         PUBLIC        SMB0CN
  D:00CAH         PUBLIC        RCAP2L
  D:00F8H         PUBLIC        SPI0CN
  D:0089H         PUBLIC        TMOD
  D:0088H         PUBLIC        TCON
  D:0091H         PUBLIC        TMR3CN
  B:0088H.5       PUBLIC        TF0
  B:00A8H.5       PUBLIC        ET2
  B:00C8H.7       PUBLIC        TF2
  D:008CH         PUBLIC        TH0
  D:00CDH         PUBLIC        TH2
  D:008AH         PUBLIC        TL0
  D:00CCH         PUBLIC        TL2
  B:00B8H.5       PUBLIC        PT2
  B:0088H.4       PUBLIC        TR0
  B:00C8H.2       PUBLIC        TR2
  B:00C8H.5       PUBLIC        RCLK0
  B:00C8H.4       PUBLIC        TCLK0
BL51 BANKED LINKER/LOCATER V6.22                                                      05/15/2018  17:36:14  PAGE 20


  B:00C8H.3       PUBLIC        EXEN2
  D:0098H         PUBLIC        SCON0
  D:00C8H         PUBLIC        T2CON
  D:0095H         PUBLIC        TMR3H
  D:008EH         PUBLIC        CKCON
  C:4DF6H         PUBLIC        Config_Timer2
  C:4E3EH         PUBLIC        Config_Timer3
  D:0094H         PUBLIC        TMR3L
  D:00D0H         PUBLIC        PSW
  -------         PROC          CONFIG_TIMER2
  C:4DF6H         LINE#         10
  C:4DF6H         LINE#         11
  C:4DF8H         LINE#         13
  C:4DFBH         LINE#         15
  C:4DFDH         LINE#         16
  C:4DFFH         LINE#         18
  C:4E01H         LINE#         19
  C:4E03H         LINE#         21
  C:4E06H         LINE#         23
  C:4E08H         LINE#         26
  C:4E0BH         LINE#         27
  C:4E0DH         LINE#         30
  C:4E10H         LINE#         31
  C:4E13H         LINE#         34
  C:4E15H         LINE#         37
  C:4E17H         LINE#         39
  C:4E19H         LINE#         40
  -------         ENDPROC       CONFIG_TIMER2
  -------         PROC          CONFIG_TIMER0
  C:4F8AH         LINE#         42
  C:4F8AH         LINE#         43
  C:4F8DH         LINE#         44
  C:4F8FH         LINE#         45
  C:4F91H         LINE#         46
  C:4F94H         LINE#         47
  -------         ENDPROC       CONFIG_TIMER0
  -------         PROC          INITIALISATION_TIMER0
  C:4F9FH         LINE#         49
  C:4F9FH         LINE#         51
  C:4FA1H         LINE#         52
  C:4FA3H         LINE#         53
  C:4FA6H         LINE#         54
  C:4FA8H         LINE#         55
  -------         ENDPROC       INITIALISATION_TIMER0
  -------         PROC          CONFIG_TIMER3
  -------         DO            
  D:0006H         SYMBOL        recharge
  -------         ENDDO         
  C:4E3EH         LINE#         57
  C:4E3EH         LINE#         60
  C:4E41H         LINE#         62
  C:4E4FH         LINE#         63
  C:4E51H         LINE#         64
  C:4E55H         LINE#         66
  C:4E58H         LINE#         67
  C:4E5BH         LINE#         69
  C:4E5EH         LINE#         71
BL51 BANKED LINKER/LOCATER V6.22                                                      05/15/2018  17:36:14  PAGE 21


  -------         ENDPROC       CONFIG_TIMER3
  -------         ENDMOD        TIMERS

  -------         MODULE        TRANSMISSION_SPI
  C:0000H         SYMBOL        _ICE_DUMMY_
  D:0080H         PUBLIC        P0
  D:0090H         PUBLIC        P1
  D:00A0H         PUBLIC        P2
  D:00B0H         PUBLIC        P3
  D:00E8H         PUBLIC        ADC0CN
  D:00A8H         PUBLIC        IE
  C:002EH         PUBLIC        _trame_emise
  C:4F44H         PUBLIC        _debut_trame
  C:4F64H         PUBLIC        trame_recue
  D:00D8H         PUBLIC        PCA0CN
  D:00B8H         PUBLIC        IP
  D:00C0H         PUBLIC        SMB0CN
  D:00F8H         PUBLIC        SPI0CN
  B:00F8H.7       PUBLIC        SPIF
  D:0088H         PUBLIC        TCON
  C:4FA9H         PUBLIC        fin_trame
  C:4867H         PUBLIC        _echange_trame
  C:4FBAH         PUBLIC        _echange_octet
  D:0098H         PUBLIC        SCON0
  D:00C8H         PUBLIC        T2CON
  B:00A0H.5       PUBLIC        NSS_slave
  D:009BH         PUBLIC        SPI0DAT
  D:00D0H         PUBLIC        PSW
  -------         PROC          _TRAME_EMISE
  X:0242H         SYMBOL        trame
  -------         DO            
  X:0243H         SYMBOL        i
  -------         ENDDO         
  C:002EH         LINE#         11
  C:0033H         LINE#         13
  C:005FH         LINE#         15
  C:0061H         LINE#         16
  C:0063H         LINE#         17
  C:0069H         LINE#         19
  C:006CH         LINE#         21
  C:006EH         LINE#         22
  C:0070H         LINE#         23
  -------         ENDPROC       _TRAME_EMISE
  -------         PROC          TRAME_RECUE
  -------         DO            
  X:0241H         SYMBOL        ret
  -------         ENDDO         
  C:4F64H         LINE#         26
  C:4F64H         LINE#         28
  C:4F69H         LINE#         29
  C:4F70H         LINE#         30
  -------         ENDPROC       TRAME_RECUE
  -------         PROC          _DEBUT_TRAME
  X:0241H         SYMBOL        com
  C:4F44H         LINE#         32
  C:4F49H         LINE#         35
  C:4F4CH         LINE#         36
BL51 BANKED LINKER/LOCATER V6.22                                                      05/15/2018  17:36:14  PAGE 22


  -------         ENDPROC       _DEBUT_TRAME
  -------         PROC          _ECHANGE_OCTET
  D:0007H         SYMBOL        octet
  -------         DO            
  D:0007H         SYMBOL        ret
  -------         ENDDO         
  C:4FBAH         LINE#         40
  C:4FBAH         LINE#         42
  C:4FBDH         LINE#         43
  C:4FC0H         LINE#         45
  C:4FC0H         LINE#         46
  -------         ENDPROC       _ECHANGE_OCTET
  -------         PROC          FIN_TRAME
  C:4FA9H         LINE#         48
  C:4FA9H         LINE#         49
  C:4FAEH         LINE#         50
  -------         ENDPROC       FIN_TRAME
  -------         PROC          _ECHANGE_TRAME
  X:0236H         SYMBOL        msg
  D:0005H         SYMBOL        taille
  X:023AH         SYMBOL        com
  -------         DO            
  X:023BH         SYMBOL        rep
  X:023CH         SYMBOL        p
  X:023FH         SYMBOL        i
  -------         ENDDO         
  C:4867H         LINE#         53
  C:4872H         LINE#         56
  C:487CH         LINE#         58
  C:4884H         LINE#         60
  C:48AAH         LINE#         61
  C:48C1H         LINE#         62
  C:48DBH         LINE#         64
  C:48DEH         LINE#         65
  C:48E0H         LINE#         66
  -------         ENDPROC       _ECHANGE_TRAME
  -------         ENDMOD        TRANSMISSION_SPI

  -------         MODULE        UART0_RINGBUFFER_LIB
  C:0000H         SYMBOL        _ICE_DUMMY_
  D:00E8H         PUBLIC        ADC0CN
  D:00A8H         PUBLIC        IE
  X:0378H         SYMBOL        inbuf
  D:00D8H         PUBLIC        PCA0CN
  X:0398H         SYMBOL        outbuf
  D:00B8H         PUBLIC        IP
  C:476DH         PUBLIC        serInchar_Bin
  C:4B58H         PUBLIC        _serOutstring
  C:4A2DH         PUBLIC        serInchar
  D:00C0H         PUBLIC        SMB0CN
  C:4661H         PUBLIC        _serOutchar
  B:0021H.1       SYMBOL        TXactive
  D:00F8H         PUBLIC        SPI0CN
  D:0087H         PUBLIC        PCON
  D:0089H         PUBLIC        TMOD
  D:0088H         PUBLIC        TCON
  C:4EFCH         PUBLIC        cfg_UART0_mode1
BL51 BANKED LINKER/LOCATER V6.22                                                      05/15/2018  17:36:14  PAGE 23


  C:4C14H         PUBLIC        init_Serial_Buffer
  C:3F92H         PUBLIC        UART0_ISR
  C:4EE9H         PUBLIC        CFG_Clock_UART
  B:00A8H.4       PUBLIC        ES0
  B:00A8H.3       PUBLIC        ET1
  B:0098H.0       PUBLIC        RI0
  B:0088H.7       PUBLIC        TF1
  B:0098H.1       PUBLIC        TI0
  D:008DH         PUBLIC        TH1
  X:03B8H         SYMBOL        in
  B:0088H.6       PUBLIC        TR1
  X:03C0H         SYMBOL        out
  B:00C8H.5       PUBLIC        RCLK0
  B:00C8H.4       PUBLIC        TCLK0
  D:0099H         PUBLIC        SBUF0
  D:0098H         PUBLIC        SCON0
  D:00C8H         PUBLIC        T2CON
  D:008EH         PUBLIC        CKCON
  D:00D0H         PUBLIC        PSW
  -------         PROC          UART0_ISR
  C:3F92H         LINE#         134
  C:3FA5H         LINE#         138
  C:3FA8H         LINE#         139
  C:3FA8H         LINE#         140
  C:3FC4H         LINE#         141
  C:3FD3H         LINE#         142
  C:3FFCH         LINE#         144
  C:3FFEH         LINE#         145
  C:4000H         LINE#         146
  C:4002H         LINE#         147
  C:4004H         LINE#         149
  C:4004H         LINE#         150
  C:403FH         LINE#         151
  C:404EH         LINE#         152
  C:4077H         LINE#         154
  C:4077H         LINE#         155
  C:4079H         LINE#         156
  C:4079H         LINE#         157
  -------         ENDPROC       UART0_ISR
  -------         PROC          INIT_SERIAL_BUFFER
  C:4C14H         LINE#         162
  C:4C14H         LINE#         163
  C:4C41H         LINE#         164
  C:4C6EH         LINE#         165
  -------         ENDPROC       INIT_SERIAL_BUFFER
  -------         PROC          _SEROUTCHAR
  D:0007H         SYMBOL        c
  C:4661H         LINE#         169
  C:4661H         LINE#         170
  C:46A7H         LINE#         171
  C:46A7H         LINE#         172
  C:46B5H         LINE#         173
  C:46DEH         LINE#         175
  C:46E1H         LINE#         176
  C:46E3H         LINE#         177
  C:46E5H         LINE#         178
  C:46E5H         LINE#         179
BL51 BANKED LINKER/LOCATER V6.22                                                      05/15/2018  17:36:14  PAGE 24


  C:46E8H         LINE#         180
  C:46E8H         LINE#         181
  C:46EAH         LINE#         182
  -------         ENDPROC       _SEROUTCHAR
  -------         PROC          SERINCHAR
  -------         DO            
  D:0005H         SYMBOL        c
  -------         ENDDO         
  C:4A2DH         LINE#         188
  C:4A2DH         LINE#         191
  C:4A49H         LINE#         192
  C:4A49H         LINE#         194
  C:4A57H         LINE#         195
  C:4A8BH         LINE#         196
  C:4A8EH         LINE#         197
  C:4A8EH         LINE#         198
  C:4A90H         LINE#         199
  -------         ENDPROC       SERINCHAR
  -------         PROC          SERINCHAR_BIN
  -------         DO            
  D:0005H         SYMBOL        c
  X:0462H         SYMBOL        return_code
  -------         ENDDO         
  C:476DH         LINE#         207
  C:476DH         LINE#         209
  C:4774H         LINE#         211
  C:4790H         LINE#         212
  C:4790H         LINE#         214
  C:479EH         LINE#         215
  C:47D2H         LINE#         216
  C:47E1H         LINE#         217
  C:47E1H         LINE#         219
  C:47E9H         LINE#         220
  -------         ENDPROC       SERINCHAR_BIN
  -------         PROC          _SEROUTSTRING
  X:020FH         SYMBOL        buf
  -------         DO            
  X:0212H         SYMBOL        len
  X:0213H         SYMBOL        code_err
  -------         ENDDO         
  C:4B58H         LINE#         224
  C:4B63H         LINE#         225
  C:4B68H         LINE#         227
  C:4B89H         LINE#         228
  C:4BB0H         LINE#         229
  C:4BB5H         LINE#         230
  -------         ENDPROC       _SEROUTSTRING
  -------         PROC          CFG_CLOCK_UART
  C:4EE9H         LINE#         244
  C:4EE9H         LINE#         245
  C:4EECH         LINE#         246
  C:4EEFH         LINE#         247
  C:4EF2H         LINE#         248
  C:4EF4H         LINE#         250
  C:4EF7H         LINE#         251
  C:4EF9H         LINE#         252
  C:4EFBH         LINE#         253
BL51 BANKED LINKER/LOCATER V6.22                                                      05/15/2018  17:36:14  PAGE 25


  -------         ENDPROC       CFG_CLOCK_UART
  -------         PROC          CFG_UART0_MODE1
  C:4EFCH         LINE#         259
  C:4EFCH         LINE#         260
  C:4EFEH         LINE#         261
  C:4F00H         LINE#         262
  C:4F03H         LINE#         263
  C:4F06H         LINE#         264
  C:4F09H         LINE#         265
  C:4F0BH         LINE#         267
  C:4F0DH         LINE#         268
  -------         ENDPROC       CFG_UART0_MODE1
  -------         ENDMOD        UART0_RINGBUFFER_LIB

  -------         MODULE        UART1
  C:0000H         SYMBOL        _ICE_DUMMY_
  D:00E7H         PUBLIC        EIE2
  D:00E8H         PUBLIC        ADC0CN
  D:00A8H         PUBLIC        IE
  X:03C8H         SYMBOL        inbuf
  D:00D8H         PUBLIC        PCA0CN
  X:03E8H         SYMBOL        outbuf
  D:00B8H         PUBLIC        IP
  C:4F54H         PUBLIC        CFG_UART1
  D:00C0H         PUBLIC        SMB0CN
  B:0021H.2       SYMBOL        TXactive
  D:00F8H         PUBLIC        SPI0CN
  D:0087H         PUBLIC        PCON
  D:0088H         PUBLIC        TCON
  C:3E96H         PUBLIC        UART1_ISR
  C:47EAH         PUBLIC        serInchar_Bin1
  C:4BB6H         PUBLIC        _serOutstring1
  C:4A91H         PUBLIC        serInchar1
  X:0408H         SYMBOL        in
  C:454BH         PUBLIC        _serOutchar1
  X:0410H         SYMBOL        out
  D:00F2H         PUBLIC        SBUF1
  D:0098H         PUBLIC        SCON0
  D:00F1H         PUBLIC        SCON1
  D:00C8H         PUBLIC        T2CON
  D:00C9H         PUBLIC        T4CON
  C:4C6FH         PUBLIC        init_Serial_Buffer1
  D:00D0H         PUBLIC        PSW
  -------         PROC          UART1_ISR
  C:3E96H         LINE#         86
  C:3EA9H         LINE#         95
  C:3EAEH         LINE#         96
  C:3EAEH         LINE#         97
  C:3ECAH         LINE#         98
  C:3ED9H         LINE#         99
  C:3F02H         LINE#         101
  C:3F04H         LINE#         102
  C:3F06H         LINE#         103
  C:3F09H         LINE#         105
  C:3F0BH         LINE#         107
  C:3F0BH         LINE#         108
  C:3F46H         LINE#         109
BL51 BANKED LINKER/LOCATER V6.22                                                      05/15/2018  17:36:14  PAGE 26


  C:3F55H         LINE#         110
  C:3F7EH         LINE#         112
  C:3F7EH         LINE#         113
  C:3F81H         LINE#         114
  C:3F81H         LINE#         115
  -------         ENDPROC       UART1_ISR
  -------         PROC          INIT_SERIAL_BUFFER1
  C:4C6FH         LINE#         120
  C:4C6FH         LINE#         121
  C:4C9CH         LINE#         122
  C:4CC9H         LINE#         123
  -------         ENDPROC       INIT_SERIAL_BUFFER1
  -------         PROC          _SEROUTCHAR1
  D:0007H         SYMBOL        c
  C:454BH         LINE#         127
  C:454BH         LINE#         129
  C:4591H         LINE#         130
  C:4591H         LINE#         131
  C:459FH         LINE#         132
  C:45C8H         LINE#         134
  C:45CBH         LINE#         135
  C:45CDH         LINE#         136
  C:45D0H         LINE#         138
  C:45D0H         LINE#         139
  C:45D3H         LINE#         140
  C:45D3H         LINE#         142
  C:45D5H         LINE#         143
  -------         ENDPROC       _SEROUTCHAR1
  -------         PROC          SERINCHAR1
  -------         DO            
  D:0005H         SYMBOL        c
  -------         ENDDO         
  C:4A91H         LINE#         149
  C:4A91H         LINE#         152
  C:4AADH         LINE#         153
  C:4AADH         LINE#         154
  C:4ABBH         LINE#         155
  C:4AEFH         LINE#         156
  C:4AF2H         LINE#         157
  C:4AF2H         LINE#         159
  C:4AF4H         LINE#         160
  -------         ENDPROC       SERINCHAR1
  -------         PROC          SERINCHAR_BIN1
  -------         DO            
  D:0005H         SYMBOL        c
  X:0464H         SYMBOL        return_code
  -------         ENDDO         
  C:47EAH         LINE#         168
  C:47EAH         LINE#         170
  C:47F1H         LINE#         172
  C:480DH         LINE#         174
  C:481BH         LINE#         175
  C:484FH         LINE#         176
  C:485EH         LINE#         177
  C:485EH         LINE#         180
  C:4866H         LINE#         181
  -------         ENDPROC       SERINCHAR_BIN1
BL51 BANKED LINKER/LOCATER V6.22                                                      05/15/2018  17:36:14  PAGE 27


  -------         PROC          _SEROUTSTRING1
  X:020FH         SYMBOL        buf
  -------         DO            
  X:0212H         SYMBOL        len
  X:0213H         SYMBOL        code_err
  -------         ENDDO         
  C:4BB6H         LINE#         185
  C:4BC1H         LINE#         186
  C:4BC6H         LINE#         188
  C:4BE7H         LINE#         189
  C:4C0EH         LINE#         190
  C:4C13H         LINE#         191
  -------         ENDPROC       _SEROUTSTRING1
  -------         PROC          CFG_UART1
  C:4F54H         LINE#         225
  C:4F54H         LINE#         226
  C:4F57H         LINE#         227
  C:4F5AH         LINE#         228
  C:4F5DH         LINE#         229
  C:4F60H         LINE#         231
  C:4F63H         LINE#         232
  -------         ENDPROC       CFG_UART1
  -------         ENDMOD        UART1

  -------         MODULE        ULTRASON
  C:0000H         SYMBOL        _ICE_DUMMY_
  D:0080H         PUBLIC        P0
  D:0090H         PUBLIC        P1
  D:00A0H         PUBLIC        P2
  D:00B0H         PUBLIC        P3
  D:00E8H         PUBLIC        ADC0CN
  D:00A8H         PUBLIC        IE
  B:00A0H.4       PUBLIC        Echo_ultrason_ar
  D:00D8H         PUBLIC        PCA0CN
  B:00A0H.2       PUBLIC        Echo_ultrason_av
  D:00B8H         PUBLIC        IP
  D:00C0H         PUBLIC        SMB0CN
  B:00A0H.3       PUBLIC        Trig_ultrason_ar
  B:00A0H.1       PUBLIC        Trig_ultrason_av
  D:00F8H         PUBLIC        SPI0CN
  D:0088H         PUBLIC        TCON
  B:0088H.5       PUBLIC        TF0
  D:008CH         PUBLIC        TH0
  C:3D82H         PUBLIC        MES_Dist_AR
  D:008AH         PUBLIC        TL0
  C:3C6EH         PUBLIC        MES_Dist_AV
  B:0088H.4       PUBLIC        TR0
  D:0098H         PUBLIC        SCON0
  D:00C8H         PUBLIC        T2CON
  D:00D0H         PUBLIC        PSW
  -------         PROC          MES_DIST_AV
  -------         DO            
  D:0004H         SYMBOL        Delta
  X:02B9H         SYMBOL        TL0_tmp
  X:02BDH         SYMBOL        TH0_tmp
  D:0004H         SYMBOL        Duree
  X:02C1H         SYMBOL        Dist
BL51 BANKED LINKER/LOCATER V6.22                                                      05/15/2018  17:36:14  PAGE 28


  D:0004H         SYMBOL        Duree2
  X:02C5H         SYMBOL        i
  X:02C7H         SYMBOL        RegistreTemp
  -------         ENDDO         
  C:3C6EH         LINE#         12
  C:3C6EH         LINE#         19
  C:3C75H         LINE#         22
  C:3C78H         LINE#         23
  C:3C7AH         LINE#         24
  C:3C84H         LINE#         25
  C:3C8EH         LINE#         27
  C:3C9FH         LINE#         28
  C:3CA0H         LINE#         29
  C:3CACH         LINE#         30
  C:3CAEH         LINE#         32
  C:3CB0H         LINE#         33
  C:3CB2H         LINE#         35
  C:3CB8H         LINE#         37
  C:3CBBH         LINE#         38
  C:3CC5H         LINE#         39
  C:3CC8H         LINE#         41
  C:3CC8H         LINE#         42
  C:3CD4H         LINE#         43
  C:3CE0H         LINE#         44
  C:3CE3H         LINE#         45
  C:3CE5H         LINE#         46
  C:3D14H         LINE#         47
  C:3D45H         LINE#         49
  C:3D56H         LINE#         50
  C:3D61H         LINE#         51
  C:3D71H         LINE#         52
  C:3D73H         LINE#         53
  C:3D73H         LINE#         55
  C:3D81H         LINE#         56
  -------         ENDPROC       MES_DIST_AV
  -------         PROC          MES_DIST_AR
  -------         DO            
  D:0004H         SYMBOL        Delta
  X:02B9H         SYMBOL        TL0_tmp
  X:02BDH         SYMBOL        TH0_tmp
  D:0004H         SYMBOL        Duree
  X:02C1H         SYMBOL        Dist
  D:0004H         SYMBOL        Duree2
  X:02C5H         SYMBOL        i
  X:02C7H         SYMBOL        RegistreTemp
  -------         ENDDO         
  C:3D82H         LINE#         58
  C:3D82H         LINE#         59
  C:3D82H         LINE#         66
  C:3D89H         LINE#         69
  C:3D8CH         LINE#         70
  C:3D8EH         LINE#         71
  C:3D98H         LINE#         72
  C:3DA2H         LINE#         74
  C:3DB3H         LINE#         75
  C:3DB4H         LINE#         76
  C:3DC0H         LINE#         77
BL51 BANKED LINKER/LOCATER V6.22                                                      05/15/2018  17:36:14  PAGE 29


  C:3DC2H         LINE#         79
  C:3DC4H         LINE#         80
  C:3DC6H         LINE#         82
  C:3DCCH         LINE#         84
  C:3DCFH         LINE#         85
  C:3DD9H         LINE#         86
  C:3DDCH         LINE#         88
  C:3DDCH         LINE#         89
  C:3DE8H         LINE#         90
  C:3DF4H         LINE#         91
  C:3DF7H         LINE#         92
  C:3DF9H         LINE#         93
  C:3E28H         LINE#         94
  C:3E59H         LINE#         96
  C:3E6AH         LINE#         97
  C:3E75H         LINE#         98
  C:3E85H         LINE#         99
  C:3E87H         LINE#         100
  C:3E87H         LINE#         102
  C:3E95H         LINE#         103
  -------         ENDPROC       MES_DIST_AR
  -------         ENDMOD        ULTRASON

  -------         MODULE        MAIN
  C:0000H         SYMBOL        _ICE_DUMMY_
  X:0418H         PUBLIC        message_PC_com
  D:0080H         PUBLIC        P0
  D:0090H         PUBLIC        P1
  D:00A0H         PUBLIC        P2
  D:00B0H         PUBLIC        P3
  C:0026H         PUBLIC        ISR_Timer2
  B:00A8H.7       PUBLIC        EA
  C:4AF5H         PUBLIC        ISR_Timer3
  B:00A0H.0       PUBLIC        PWM_servo
  X:044AH         PUBLIC        vitesse_par_defaut
  D:00E8H         PUBLIC        ADC0CN
  D:00A8H         PUBLIC        IE
  D:00D8H         PUBLIC        PCA0CN
  D:00B8H         PUBLIC        IP
  X:044CH         PUBLIC        commande_correct
  D:00C0H         PUBLIC        SMB0CN
  C:332BH         PUBLIC        main
  D:00F8H         PUBLIC        SPI0CN
  D:0088H         PUBLIC        TCON
  D:0091H         PUBLIC        TMR3CN
  C:4D29H         PUBLIC        _conversionangle_positif
  C:35E1H         SYMBOL        _?ix1000
  C:3613H         SYMBOL        _?ix1001
  C:3619H         SYMBOL        _?ix1002
  X:044EH         PUBLIC        epreuve_en_cours
  C:361CH         SYMBOL        _?ix1003
  C:2D0CH         PUBLIC        _Message
  B:00C8H.7       PUBLIC        TF2
  B:00C8H.2       PUBLIC        TR2
  X:044FH         PUBLIC        energie
  D:0098H         PUBLIC        SCON0
  C:37A7H         PUBLIC        _traitement_A
BL51 BANKED LINKER/LOCATER V6.22                                                      05/15/2018  17:36:14  PAGE 30


  C:45D6H         PUBLIC        _traitement_B
  C:317FH         PUBLIC        _traitement_C
  D:00C8H         PUBLIC        T2CON
  C:38FAH         PUBLIC        _traitement_D
  C:4E20H         PUBLIC        _conversioncoord
  C:4F0EH         PUBLIC        traitement_E
  C:1FBEH         PUBLIC        _traitement_G
  C:4F20H         PUBLIC        _traitement_I
  C:243AH         PUBLIC        _traitement_M
  B:00A0H.5       PUBLIC        NSS_slave
  C:4F32H         PUBLIC        _traitement_P
  C:4F71H         PUBLIC        traitement_Q
  C:364EH         PUBLIC        _traitement_R
  C:2F4CH         PUBLIC        _traitement_S
  C:46EBH         PUBLIC        _traitement_T
  D:00D0H         PUBLIC        PSW
  C:4E1AH         SYMBOL        L?0316
  -------         PROC          L?0315
  -------         ENDPROC       L?0315
  C:4E1AH         SYMBOL        L?0316
  -------         PROC          _CONVERSIONCOORD
  D:0001H         SYMBOL        tableau
  -------         DO            
  D:0006H         SYMBOL        dizaine
  D:0004H         SYMBOL        unite
  D:0007H         SYMBOL        valeur
  -------         ENDDO         
  C:4E20H         LINE#         36
  C:4E20H         LINE#         37
  C:4E21H         LINE#         38
  C:4E22H         LINE#         41
  C:4E31H         LINE#         42
  C:4E3AH         LINE#         44
  C:4E3DH         LINE#         45
  C:4E3DH         LINE#         46
  -------         ENDPROC       _CONVERSIONCOORD
  -------         PROC          L?0317
  -------         ENDPROC       L?0317
  -------         PROC          _CONVERSIONANGLE_POSITIF
  D:0001H         SYMBOL        tableau
  -------         DO            
  X:00F2H         SYMBOL        centaine
  D:0006H         SYMBOL        dizaine
  D:0004H         SYMBOL        unite
  D:0006H         SYMBOL        valeur
  -------         ENDDO         
  C:4D29H         LINE#         62
  C:4D29H         LINE#         63
  C:4D30H         LINE#         64
  C:4D30H         LINE#         65
  C:4D31H         LINE#         68
  C:4D48H         LINE#         69
  C:4D5AH         LINE#         70
  C:4D67H         LINE#         72
  C:4D79H         LINE#         73
  C:4D79H         LINE#         74
  -------         ENDPROC       _CONVERSIONANGLE_POSITIF
BL51 BANKED LINKER/LOCATER V6.22                                                      05/15/2018  17:36:14  PAGE 31


  -------         PROC          _TRAITEMENT_A
  X:00B7H         SYMBOL        com
  X:00BAH         SYMBOL        commande
  -------         DO            
  D:0007H         SYMBOL        vitesse
  X:00DBH         SYMBOL        tab
  X:00DEH         SYMBOL        j
  D:0007H         SYMBOL        duree
  -------         ENDDO         
  C:37A7H         LINE#         76
  C:37B2H         LINE#         82
  C:37C3H         LINE#         83
  C:37C3H         LINE#         84
  C:37C3H         LINE#         85
  C:37C3H         LINE#         86
  C:37CAH         LINE#         87
  C:37D2H         LINE#         88
  C:37D2H         LINE#         89
  C:37F9H         LINE#         90
  C:3813H         LINE#         91
  C:3816H         LINE#         92
  C:3826H         LINE#         93
  C:3826H         LINE#         94
  C:3826H         LINE#         95
  C:3829H         LINE#         96
  C:382EH         LINE#         97
  C:3831H         LINE#         98
  C:3831H         LINE#         99
  C:3831H         LINE#         100
  C:3831H         LINE#         101
  C:383CH         LINE#         102
  C:3841H         LINE#         104
  C:3859H         LINE#         105
  C:3859H         LINE#         106
  C:3862H         LINE#         107
  C:3862H         LINE#         108
  C:3889H         LINE#         109
  C:38A3H         LINE#         110
  C:38A6H         LINE#         111
  C:38B5H         LINE#         112
  C:38B5H         LINE#         113
  C:38BCH         LINE#         114
  C:38BEH         LINE#         116
  C:38BEH         LINE#         117
  C:38C2H         LINE#         118
  C:38C2H         LINE#         120
  C:38C4H         LINE#         128
  C:38C4H         LINE#         129
  C:38C4H         LINE#         130
  C:38C4H         LINE#         131
  C:38CBH         LINE#         132
  C:38D1H         LINE#         133
  C:38DBH         LINE#         134
  C:38DBH         LINE#         135
  C:38E4H         LINE#         136
  C:38F3H         LINE#         137
  C:38F3H         LINE#         138
BL51 BANKED LINKER/LOCATER V6.22                                                      05/15/2018  17:36:14  PAGE 32


  C:38F3H         LINE#         139
  C:38F9H         LINE#         140
  -------         ENDPROC       _TRAITEMENT_A
  -------         PROC          _TRAITEMENT_B
  X:00B7H         SYMBOL        com
  X:00BAH         SYMBOL        commande
  -------         DO            
  D:0007H         SYMBOL        vitesse
  X:00DBH         SYMBOL        tab
  D:0006H         SYMBOL        j
  -------         ENDDO         
  C:45D6H         LINE#         141
  C:45E1H         LINE#         142
  C:45E1H         LINE#         146
  C:45E7H         LINE#         147
  C:45FCH         LINE#         148
  C:45FCH         LINE#         149
  C:45FFH         LINE#         150
  C:45FFH         LINE#         151
  C:461EH         LINE#         152
  C:4629H         LINE#         153
  C:4632H         LINE#         154
  C:4642H         LINE#         155
  C:4642H         LINE#         156
  C:4649H         LINE#         157
  C:464BH         LINE#         159
  C:464BH         LINE#         160
  C:4650H         LINE#         161
  C:4650H         LINE#         162
  C:4650H         LINE#         163
  C:4652H         LINE#         165
  C:4652H         LINE#         166
  C:465AH         LINE#         167
  C:465AH         LINE#         169
  C:4660H         LINE#         170
  -------         ENDPROC       _TRAITEMENT_B
  -------         PROC          _TRAITEMENT_C
  X:00B7H         SYMBOL        com
  X:00BAH         SYMBOL        commande
  -------         DO            
  X:00DBH         SYMBOL        angle
  X:00DDH         SYMBOL        tab
  X:00E0H         SYMBOL        j
  -------         ENDDO         
  C:317FH         LINE#         171
  C:318AH         LINE#         172
  C:318AH         LINE#         175
  C:3191H         LINE#         176
  C:31B0H         LINE#         177
  C:31B0H         LINE#         178
  C:31B0H         LINE#         179
  C:31B0H         LINE#         180
  C:31B6H         LINE#         181
  C:31C3H         LINE#         182
  C:31C3H         LINE#         183
  C:31CBH         LINE#         184
  C:31CBH         LINE#         185
BL51 BANKED LINKER/LOCATER V6.22                                                      05/15/2018  17:36:14  PAGE 33


  C:31F2H         LINE#         186
  C:320CH         LINE#         187
  C:321DH         LINE#         188
  C:3239H         LINE#         189
  C:3239H         LINE#         190
  C:323DH         LINE#         191
  C:323FH         LINE#         193
  C:323FH         LINE#         194
  C:3244H         LINE#         195
  C:324CH         LINE#         196
  C:324CH         LINE#         197
  C:324FH         LINE#         199
  C:324FH         LINE#         200
  C:3256H         LINE#         201
  C:3256H         LINE#         202
  C:3256H         LINE#         203
  C:3259H         LINE#         204
  C:3259H         LINE#         205
  C:3259H         LINE#         206
  C:3259H         LINE#         207
  C:325FH         LINE#         208
  C:3277H         LINE#         209
  C:3277H         LINE#         210
  C:327FH         LINE#         211
  C:327FH         LINE#         212
[...]
  -------         ENDDO         
BL51 BANKED LINKER/LOCATER V6.22                                                      05/15/2018  17:36:14  PAGE 48


  C:275BH         LINE#         69
  C:275BH         LINE#         70
  C:2760H         LINE#         71
  C:2762H         LINE#         72
  C:2774H         LINE#         73
  C:277AH         LINE#         75
  C:278CH         LINE#         80
  C:27B0H         LINE#         82
  C:27E0H         LINE#         83
  C:27E0H         LINE#         84
  C:27E9H         LINE#         85
  C:27F1H         LINE#         86
  C:27FAH         LINE#         88
  C:280EH         LINE#         89
  C:281DH         LINE#         90
  C:2834H         LINE#         91
  C:2834H         LINE#         92
  C:2837H         LINE#         94
  C:2837H         LINE#         95
  C:283DH         LINE#         96
  C:2845H         LINE#         97
  C:2849H         LINE#         98
  C:2859H         LINE#         99
  C:285CH         LINE#         100
  C:2864H         LINE#         101
  C:2867H         LINE#         103
  C:2886H         LINE#         104
  C:288FH         LINE#         105
  C:2895H         LINE#         106
  C:2898H         LINE#         108
  C:2898H         LINE#         109
  C:28BBH         LINE#         110
  C:28DFH         LINE#         111
  C:28E8H         LINE#         112
  C:28F1H         LINE#         114
  C:28F6H         LINE#         115
  C:28FAH         LINE#         116
  C:28FAH         LINE#         117
  C:2902H         LINE#         118
  C:2904H         LINE#         119
  C:291BH         LINE#         120
  C:2921H         LINE#         121
  C:2921H         LINE#         122
  C:2928H         LINE#         124
  C:293DH         LINE#         125
  C:2943H         LINE#         126
  C:2946H         LINE#         128
  C:2946H         LINE#         129
  C:295AH         LINE#         130
  C:297DH         LINE#         131
  C:298CH         LINE#         132
  C:2995H         LINE#         133
  C:29A3H         LINE#         134
  C:29ACH         LINE#         135
  C:29C0H         LINE#         136
  C:29C0H         LINE#         138
  C:29C0H         LINE#         139
BL51 BANKED LINKER/LOCATER V6.22                                                      05/15/2018  17:36:14  PAGE 49


  C:29CBH         LINE#         140
  C:29E8H         LINE#         141
  C:29F1H         LINE#         142
  C:29F7H         LINE#         143
  C:29F9H         LINE#         145
  C:29F9H         LINE#         146
  C:2A09H         LINE#         147
  C:2A26H         LINE#         148
  C:2A2FH         LINE#         149
  C:2A35H         LINE#         150
  C:2A37H         LINE#         152
  C:2A37H         LINE#         153
  C:2A4DH         LINE#         154
  C:2A4DH         LINE#         156
  C:2A4DH         LINE#         157
  C:2A5CH         LINE#         158
  C:2A65H         LINE#         159
  C:2A65H         LINE#         161
  C:2A65H         LINE#         162
  -------         ENDPROC       FONCTIONROUTAGE
  -------         PROC          TEMPO_EMISS
  -------         DO            
  X:0236H         SYMBOL        x
  -------         ENDDO         
  C:4179H         LINE#         164
  C:4179H         LINE#         165
  C:4180H         LINE#         167
  C:41ADH         LINE#         168
  C:41DBH         LINE#         169
  C:4209H         LINE#         170
  C:4237H         LINE#         171
  -------         ENDPROC       TEMPO_EMISS
  -------         ENDMOD        LIEN_STRUCTURE_COMMANDE

  -------         MODULE        ENCODAGE_SON
  C:0000H         SYMBOL        _ICE_DUMMY_
  D:00E8H         PUBLIC        ADC0CN
  D:00A8H         PUBLIC        IE
  D:00D8H         PUBLIC        PCA0CN
  D:00B8H         PUBLIC        IP
  C:00A6H         PUBLIC        encode_son
  D:00C0H         PUBLIC        SMB0CN
  D:00F8H         PUBLIC        SPI0CN
  D:0088H         PUBLIC        TCON
  D:0098H         PUBLIC        SCON0
  D:00C8H         PUBLIC        T2CON
  D:00D0H         PUBLIC        PSW
  -------         PROC          ENCODE_SON
  X:020FH         SYMBOL        com
  -------         DO            
  X:0230H         SYMBOL        information
  X:024AH         SYMBOL        detection_avant
  X:024EH         SYMBOL        detection_arriere
  X:0252H         SYMBOL        obstacle_avant
  X:0261H         SYMBOL        obstacle_arriere
  X:0270H         SYMBOL        tab
  X:02A2H         SYMBOL        debut_donnee
BL51 BANKED LINKER/LOCATER V6.22                                                      05/15/2018  17:36:14  PAGE 50


  X:02A5H         SYMBOL        n
  X:02A7H         SYMBOL        i
  X:02A9H         SYMBOL        angle
  X:02ADH         SYMBOL        angle1
  X:02B1H         SYMBOL        angle2
  X:02B5H         SYMBOL        val
  X:02B6H         SYMBOL        val1
  X:02B7H         SYMBOL        val2
  X:02B8H         SYMBOL        val_proche
  -------         ENDDO         
  C:00A6H         LINE#         12
  C:00A6H         LINE#         14
  C:00B0H         LINE#         15
  C:00BAH         LINE#         19
  C:00C8H         LINE#         31
  C:00D6H         LINE#         32
  C:00D9H         LINE#         33
  C:00F1H         LINE#         34
  C:00F1H         LINE#         35
  C:00FAH         LINE#         38
  C:0103H         LINE#         39
  C:011BH         LINE#         40
  C:0146H         LINE#         41
  C:015AH         LINE#         42
  C:0171H         LINE#         43
  C:0188H         LINE#         44
  C:018EH         LINE#         45
  C:0191H         LINE#         46
  C:0191H         LINE#         47
  C:01A0H         LINE#         48
  C:01A0H         LINE#         49
  C:01A3H         LINE#         50
  C:01A3H         LINE#         52
  C:01ACH         LINE#         53
  C:01B5H         LINE#         54
  C:01CDH         LINE#         55
  C:01F8H         LINE#         56
  C:020CH         LINE#         57
  C:0223H         LINE#         58
  C:0229H         LINE#         59
  C:0229H         LINE#         60
  C:0244H         LINE#         61
  C:026FH         LINE#         62
  C:0275H         LINE#         63
  C:0293H         LINE#         64
  C:0293H         LINE#         65
  C:0295H         LINE#         66
  C:0295H         LINE#         67
  C:02A9H         LINE#         68
  C:02C0H         LINE#         69
  C:02C0H         LINE#         70
  C:02C6H         LINE#         71
  C:02C6H         LINE#         72
  C:02C6H         LINE#         73
  C:02C9H         LINE#         74
  C:02C9H         LINE#         76
  C:02D4H         LINE#         78
BL51 BANKED LINKER/LOCATER V6.22                                                      05/15/2018  17:36:14  PAGE 51


  C:02E7H         LINE#         79
  C:02ECH         LINE#         80
  C:02F5H         LINE#         81
  C:0304H         LINE#         82
  C:031CH         LINE#         83
  C:0347H         LINE#         84
  C:035EH         LINE#         85
  C:0375H         LINE#         86
  C:037BH         LINE#         87
  C:037BH         LINE#         89
  C:03A0H         LINE#         90
  C:03AFH         LINE#         91
  C:03CEH         LINE#         92
  C:03D4H         LINE#         93
  C:03DCH         LINE#         94
  C:03E5H         LINE#         95
  C:03FDH         LINE#         96
  C:0428H         LINE#         97
  C:043FH         LINE#         98
  C:0456H         LINE#         99
  C:045CH         LINE#         100
  C:045CH         LINE#         101
  C:046DH         LINE#         102
  C:046DH         LINE#         104
  C:046DH         LINE#         106
  C:0483H         LINE#         107
  C:0488H         LINE#         108
  C:0497H         LINE#         109
  C:04A0H         LINE#         110
  C:04B8H         LINE#         111
  C:04E3H         LINE#         112
  C:04FAH         LINE#         113
  C:0511H         LINE#         114
  C:0517H         LINE#         115
  C:0517H         LINE#         116
  C:0520H         LINE#         117
  C:0538H         LINE#         118
  C:0563H         LINE#         119
  C:057AH         LINE#         120
  C:0591H         LINE#         121
  C:0597H         LINE#         122
  C:0597H         LINE#         124
  C:05BBH         LINE#         126
  C:05CCH         LINE#         127
  C:05D3H         LINE#         128
  C:05D8H         LINE#         129
  C:05DAH         LINE#         130
  C:05DAH         LINE#         131
  C:05EFH         LINE#         132
  C:05EFH         LINE#         133
  C:05F4H         LINE#         134
  C:05FDH         LINE#         135
  C:0618H         LINE#         136
  C:0637H         LINE#         137
  C:063DH         LINE#         138
  C:0668H         LINE#         139
  C:067FH         LINE#         140
BL51 BANKED LINKER/LOCATER V6.22                                                      05/15/2018  17:36:14  PAGE 52


  C:0696H         LINE#         141
  C:069CH         LINE#         142
  C:069CH         LINE#         143
  C:06A5H         LINE#         144
  C:06C0H         LINE#         145
  C:06DFH         LINE#         146
  C:06E5H         LINE#         147
  C:0710H         LINE#         148
  C:0727H         LINE#         149
  C:073EH         LINE#         150
  C:0744H         LINE#         151
  C:0744H         LINE#         152
  C:0755H         LINE#         153
  C:0755H         LINE#         154
  C:0755H         LINE#         155
  C:0755H         LINE#         157
  C:0760H         LINE#         159
  C:0773H         LINE#         160
  C:0778H         LINE#         161
  C:0781H         LINE#         162
  C:0799H         LINE#         163
  C:07AFH         LINE#         164
  C:07DAH         LINE#         165
  C:07E9H         LINE#         166
  C:0800H         LINE#         167
  C:0800H         LINE#         168
  C:0825H         LINE#         169
  C:0834H         LINE#         170
  C:0853H         LINE#         171
  C:0859H         LINE#         172
  C:0861H         LINE#         173
  C:086AH         LINE#         174
  C:08A0H         LINE#         175
  C:08CBH         LINE#         176
  C:08DAH         LINE#         177
  C:08F1H         LINE#         178
  C:0907H         LINE#         179
  C:0907H         LINE#         180
  C:0918H         LINE#         181
  C:0918H         LINE#         183
  C:0918H         LINE#         185
  C:092EH         LINE#         186
  C:0933H         LINE#         187
  C:093CH         LINE#         188
  C:0945H         LINE#         189
  C:097CH         LINE#         190
  C:09A7H         LINE#         191
  C:09B6H         LINE#         192
  C:09CDH         LINE#         193
  C:09D0H         LINE#         194
  C:09D2H         LINE#         195
  C:09EAH         LINE#         196
  C:0A15H         LINE#         197
  C:0A24H         LINE#         198
  C:0A3BH         LINE#         199
  C:0A51H         LINE#         200
  C:0A51H         LINE#         201
BL51 BANKED LINKER/LOCATER V6.22                                                      05/15/2018  17:36:14  PAGE 53


  C:0A77H         LINE#         203
  C:0A8BH         LINE#         204
  C:0A90H         LINE#         206
  C:0A93H         LINE#         207
  C:0A9CH         LINE#         208
  C:0AA5H         LINE#         209
  C:0AE4H         LINE#         210
  C:0B02H         LINE#         211
  C:0B21H         LINE#         212
  C:0B27H         LINE#         213
  C:0B52H         LINE#         214
  C:0B61H         LINE#         215
  C:0B78H         LINE#         216
  C:0B7BH         LINE#         217
  C:0B7BH         LINE#         218
  C:0B7EH         LINE#         219
  C:0B99H         LINE#         220
  C:0BB7H         LINE#         221
  C:0BD6H         LINE#         222
  C:0BDCH         LINE#         223
  C:0C07H         LINE#         224
  C:0C16H         LINE#         225
  C:0C2DH         LINE#         226
  C:0C43H         LINE#         227
  C:0C43H         LINE#         228
  C:0C43H         LINE#         229
  C:0C54H         LINE#         231
  C:0C54H         LINE#         232
  C:0C54H         LINE#         233
  C:0C54H         LINE#         234
  C:0C5AH         LINE#         235
  -------         ENDPROC       ENCODE_SON
  -------         ENDMOD        ENCODAGE_SON

  -------         MODULE        SON_SONORE
  C:0000H         SYMBOL        _ICE_DUMMY_
  D:00E8H         PUBLIC        ADC0CN
  D:00A8H         PUBLIC        IE
  D:00D8H         PUBLIC        PCA0CN
  D:00B8H         PUBLIC        IP
  D:00C0H         PUBLIC        SMB0CN
  D:00F8H         PUBLIC        SPI0CN
  D:0088H         PUBLIC        TCON
  C:4FC9H         SYMBOL        _?ix1000
  C:4953H         PUBLIC        son_sonore
  D:0098H         PUBLIC        SCON0
  D:00C8H         PUBLIC        T2CON
  D:00D0H         PUBLIC        PSW
  -------         PROC          SON_SONORE
  X:020FH         SYMBOL        com
  -------         DO            
  X:0230H         SYMBOL        rep
  X:0234H         SYMBOL        commande_SPI
  X:0235H         SYMBOL        taille_trame
  -------         ENDDO         
  C:4953H         LINE#         10
  C:4953H         LINE#         11
BL51 BANKED LINKER/LOCATER V6.22                                                      05/15/2018  17:36:14  PAGE 54


  C:4966H         LINE#         12
  C:496BH         LINE#         13
  C:496FH         LINE#         15
  C:4975H         LINE#         16
  C:4982H         LINE#         17
  C:498FH         LINE#         18
  C:499CH         LINE#         19
  C:49A9H         LINE#         21
  C:49BFH         LINE#         22
  -------         ENDPROC       SON_SONORE
  -------         ENDMOD        SON_SONORE

  -------         MODULE        ?C?FPADD
  C:0C62H         PUBLIC        ?C?FPADD
  C:0C5EH         PUBLIC        ?C?FPSUB
  -------         ENDMOD        ?C?FPADD

  -------         MODULE        ?C?FPMUL
  C:0D53H         PUBLIC        ?C?FPMUL
  -------         ENDMOD        ?C?FPMUL

  -------         MODULE        ?C?FPDIV
  C:0E5CH         PUBLIC        ?C?FPDIV
  -------         ENDMOD        ?C?FPDIV

  -------         MODULE        ?C?FPCMP
  C:0EFBH         PUBLIC        ?C?FPCMP
  C:0EF9H         PUBLIC        ?C?FPCMP3
  -------         ENDMOD        ?C?FPCMP

  -------         MODULE        ?C?FCAST
  C:0F7CH         PUBLIC        ?C?FCASTC
  C:0F77H         PUBLIC        ?C?FCASTI
  C:0F72H         PUBLIC        ?C?FCASTL
  -------         ENDMOD        ?C?FCAST

  -------         MODULE        ?C?CASTF
  C:0FB0H         PUBLIC        ?C?CASTF
  -------         ENDMOD        ?C?CASTF

  -------         MODULE        PRINTF
  X:02B9H         PUBLIC        ?_PRINTF?BYTE
  X:02B9H         PUBLIC        ?_SPRINTF?BYTE
  C:1BA6H         PUBLIC        _PRINTF
  C:1BA0H         PUBLIC        _SPRINTF
  -------         ENDMOD        PRINTF

  -------         MODULE        CEIL
  C:408AH         PUBLIC        _ceil
  -------         ENDMOD        CEIL

  -------         MODULE        ?C?FPROUND
  C:1031H         PUBLIC        ?C?FPROUND
  -------         ENDMOD        ?C?FPROUND

  -------         MODULE        ?C?FPCONVERT
  C:106EH         PUBLIC        ?C?FPCONVERT
BL51 BANKED LINKER/LOCATER V6.22                                                      05/15/2018  17:36:14  PAGE 55


  -------         ENDMOD        ?C?FPCONVERT

  -------         MODULE        ?C?FTNPWR
  C:11A3H         PUBLIC        ?C?FTNPWR
  -------         ENDMOD        ?C?FTNPWR

  -------         MODULE        ?C?COPY
  C:12B3H         PUBLIC        ?C?COPY
  -------         ENDMOD        ?C?COPY

  -------         MODULE        ?C?SCDIV
  C:12D9H         PUBLIC        ?C?SCDIV
  -------         ENDMOD        ?C?SCDIV

  -------         MODULE        ?C?CLDPTR
  C:12FBH         PUBLIC        ?C?CLDPTR
  -------         ENDMOD        ?C?CLDPTR

  -------         MODULE        ?C?CLDOPTR
  C:1314H         PUBLIC        ?C?CLDOPTR
  -------         ENDMOD        ?C?CLDOPTR

  -------         MODULE        ?C?CSTPTR
  C:1341H         PUBLIC        ?C?CSTPTR
  -------         ENDMOD        ?C?CSTPTR

  -------         MODULE        ?C?CSTOPTR
  C:1353H         PUBLIC        ?C?CSTOPTR
  -------         ENDMOD        ?C?CSTOPTR

  -------         MODULE        ?C?IMUL
  C:1375H         PUBLIC        ?C?IMUL
  -------         ENDMOD        ?C?IMUL

  -------         MODULE        ?C?UIDIV
  C:1387H         PUBLIC        ?C?UIDIV
  -------         ENDMOD        ?C?UIDIV

  -------         MODULE        ?C?SIDIV
  C:13DCH         PUBLIC        ?C?SIDIV
  -------         ENDMOD        ?C?SIDIV

  -------         MODULE        ?C?IILDX
  C:1412H         PUBLIC        ?C?IILDX
  -------         ENDMOD        ?C?IILDX

  -------         MODULE        ?C?LNEG
  C:1428H         PUBLIC        ?C?LNEG
  -------         ENDMOD        ?C?LNEG

  -------         MODULE        ?C?SLCMP
  C:1436H         PUBLIC        ?C?SLCMP
  -------         ENDMOD        ?C?SLCMP

  -------         MODULE        ?C?ULCMP
  C:144CH         PUBLIC        ?C?ULCMP
  -------         ENDMOD        ?C?ULCMP
BL51 BANKED LINKER/LOCATER V6.22                                                      05/15/2018  17:36:14  PAGE 56



  -------         MODULE        ?C?LSTXDATA
  C:145DH         PUBLIC        ?C?LSTXDATA
  -------         ENDMOD        ?C?LSTXDATA

  -------         MODULE        ?C?LSTKXDATA
  C:1469H         PUBLIC        ?C?LSTKXDATA
  -------         ENDMOD        ?C?LSTKXDATA

  -------         MODULE        ?C?PLDIXDATA
  C:149AH         PUBLIC        ?C?PLDIXDATA
  -------         ENDMOD        ?C?PLDIXDATA

  -------         MODULE        ?C?PSTXDATA
  C:14B1H         PUBLIC        ?C?PSTXDATA
  -------         ENDMOD        ?C?PSTXDATA

  -------         MODULE        ?C?CCASE
  C:14BAH         PUBLIC        ?C?CCASE
  -------         ENDMOD        ?C?CCASE

  -------         MODULE        PUTCHAR
  C:4DCFH         PUBLIC        _PUTCHAR
  -------         ENDMOD        PUTCHAR

  -------         MODULE        STRCAT
  X:02B9H         PUBLIC        ?_strcat?BYTE
  C:49C2H         PUBLIC        _strcat
  -------         ENDMOD        STRCAT

  -------         MODULE        ?C?STRCPY
  C:15ACH         PUBLIC        ?C?STRCPY
  -------         ENDMOD        ?C?STRCPY

  -------         MODULE        STRLEN
  C:4EC1H         PUBLIC        _STRLEN
  -------         ENDMOD        STRLEN

  -------         MODULE        ?C?MEMSET
  C:15C9H         PUBLIC        ?C?MEMSET
  -------         ENDMOD        ?C?MEMSET

  -------         MODULE        ?C?ILDIX
  C:15F5H         PUBLIC        ?C?ILDIX
  -------         ENDMOD        ?C?ILDIX

*** WARNING L16: UNCALLED SEGMENT, IGNORED FOR OVERLAY PROCESS
    SEGMENT: ?PR?_CONV_DISTANCE_TICKS?FONCTIONS_COTE_SERIALIZER

*** WARNING L16: UNCALLED SEGMENT, IGNORED FOR OVERLAY PROCESS
    SEGMENT: ?PR?_ITOS?FONCTIONS_COTE_SERIALIZER

*** WARNING L16: UNCALLED SEGMENT, IGNORED FOR OVERLAY PROCESS
    SEGMENT: ?PR?SERINCHAR_BIN?UART0_RINGBUFFER_LIB

*** WARNING L16: UNCALLED SEGMENT, IGNORED FOR OVERLAY PROCESS
    SEGMENT: ?PR?SERINCHAR_BIN1?UART1
BL51 BANKED LINKER/LOCATER V6.22                                                      05/15/2018  17:36:14  PAGE 57



*** WARNING L15: MULTIPLE CALL TO SEGMENT
    SEGMENT: ?PR?COURANT_ADC?ADC
    CALLER1: ?C_C51STARTUP
    CALLER2: ?PR?ISR_TIMER3?MAIN

Program Size: data=15.3 xdata=1126 code=20421
LINK/LOCATE RUN COMPLETE.  5 WARNING(S),  0 ERROR(S)
