BL51 BANKED LINKER/LOCATER V6.22                                                        05/23/2018  18:49:23  PAGE 1


BL51 BANKED LINKER/LOCATER V6.22, INVOKED BY:
C:\KEIL\C51\BIN\BL51.EXE STARTUP.obj, Config_ADC.obj, Config_Globale.obj, Config_SPI.obj, Detect_Obst.obj, Fonctions_cot
>> e_serializer.obj, Generation_son.obj, Gpio.obj, Lien_Structure_commande.obj, main.obj, Mesure_courant.obj, Servomoteu
>> r_Horizontal.obj, Timers.obj, Transmission_SPI.obj, UART0_RingBuffer_lib.obj, UART1.obj, ultrason.obj, Encodage_Point
>> eur_lum.obj TO Master RAMSIZE (256)


MEMORY MODEL: LARGE WITH FLOATING POINT ARITHMETIC


INPUT MODULES INCLUDED:
  STARTUP.obj (?C_STARTUP)
  Config_ADC.obj (CONFIG_ADC)
  Config_Globale.obj (CONFIG_GLOBALE)
  Config_SPI.obj (CONFIG_SPI)
  Detect_Obst.obj (DETECT_OBST)
  Fonctions_cote_serializer.obj (FONCTIONS_COTE_SERIALIZER)
  Generation_son.obj (GENERATION_SON)
  Gpio.obj (GPIO)
  Lien_Structure_commande.obj (LIEN_STRUCTURE_COMMANDE)
  main.obj (MAIN)
  Mesure_courant.obj (MESURE_COURANT)
  Servomoteur_Horizontal.obj (SERVOMOTEUR_HORIZONTAL)
  Timers.obj (TIMERS)
  Transmission_SPI.obj (TRANSMISSION_SPI)
  UART0_RingBuffer_lib.obj (UART0_RINGBUFFER_LIB)
  UART1.obj (UART1)
  ultrason.obj (ULTRASON)
  Encodage_Pointeur_lum.obj (ENCODAGE_POINTEUR_LUM)
  C:\KEIL\C51\LIB\C51FPL.LIB (?C?FPADD)
  C:\KEIL\C51\LIB\C51FPL.LIB (?C?FPMUL)
  C:\KEIL\C51\LIB\C51FPL.LIB (?C?FPDIV)
  C:\KEIL\C51\LIB\C51FPL.LIB (?C?FPCMP)
  C:\KEIL\C51\LIB\C51FPL.LIB (?C?FCAST)
  C:\KEIL\C51\LIB\C51FPL.LIB (?C?CASTF)
  C:\KEIL\C51\LIB\C51FPL.LIB (PRINTF)
  C:\KEIL\C51\LIB\C51FPL.LIB (ATAN)
  C:\KEIL\C51\LIB\C51FPL.LIB (CEIL)
  C:\KEIL\C51\LIB\C51FPL.LIB (POW)
  C:\KEIL\C51\LIB\C51FPL.LIB (?C?FPGETOPN)
  C:\KEIL\C51\LIB\C51FPL.LIB (?C?CHKFLOAT)
  C:\KEIL\C51\LIB\C51FPL.LIB (?C?FPNEG)
  C:\KEIL\C51\LIB\C51FPL.LIB (?C?FPROUND)
  C:\KEIL\C51\LIB\C51FPL.LIB (?C?FPCONVERT)
  C:\KEIL\C51\LIB\C51FPL.LIB (?C?FPSERIES)
  C:\KEIL\C51\LIB\C51FPL.LIB (EXP)
  C:\KEIL\C51\LIB\C51FPL.LIB (LOG)
  C:\KEIL\C51\LIB\C51FPL.LIB (?C?FTNPWR)
  C:\KEIL\C51\LIB\C51L.LIB (?C_INIT)
  C:\KEIL\C51\LIB\C51L.LIB (?C?COPY)
  C:\KEIL\C51\LIB\C51L.LIB (?C?SCDIV)
  C:\KEIL\C51\LIB\C51L.LIB (?C?CLDPTR)
  C:\KEIL\C51\LIB\C51L.LIB (?C?CLDOPTR)
  C:\KEIL\C51\LIB\C51L.LIB (?C?CSTPTR)
  C:\KEIL\C51\LIB\C51L.LIB (?C?CSTOPTR)
  C:\KEIL\C51\LIB\C51L.LIB (?C?IMUL)
  C:\KEIL\C51\LIB\C51L.LIB (?C?SIDIV)
  C:\KEIL\C51\LIB\C51L.LIB (?C?IILDX)
BL51 BANKED LINKER/LOCATER V6.22                                                      05/23/2018  18:49:23  PAGE 2


  C:\KEIL\C51\LIB\C51L.LIB (?C?LNEG)
  C:\KEIL\C51\LIB\C51L.LIB (?C?SLCMP)
  C:\KEIL\C51\LIB\C51L.LIB (?C?ULCMP)
  C:\KEIL\C51\LIB\C51L.LIB (?C?LLDCODE)
  C:\KEIL\C51\LIB\C51L.LIB (?C?LLDXDATA0)
  C:\KEIL\C51\LIB\C51L.LIB (?C?LLDCODE0)
  C:\KEIL\C51\LIB\C51L.LIB (?C?LSTXDATA)
  C:\KEIL\C51\LIB\C51L.LIB (?C?LSTKXDATA)
  C:\KEIL\C51\LIB\C51L.LIB (?C?PLDIXDATA)
  C:\KEIL\C51\LIB\C51L.LIB (?C?PSTXDATA)
  C:\KEIL\C51\LIB\C51L.LIB (?C?CCASE)
  C:\KEIL\C51\LIB\C51L.LIB (PUTCHAR)
  C:\KEIL\C51\LIB\C51L.LIB (STRCAT)
  C:\KEIL\C51\LIB\C51L.LIB (?C?STRCPY)
  C:\KEIL\C51\LIB\C51L.LIB (STRLEN)
  C:\KEIL\C51\LIB\C51L.LIB (?C?MEMSET)
  C:\KEIL\C51\LIB\C51L.LIB (?C?UIDIV)
  C:\KEIL\C51\LIB\C51L.LIB (?C?ILDIX)


LINK MAP OF MODULE:  Master (?C_STARTUP)


            TYPE    BASE      LENGTH    RELOCATION   SEGMENT NAME
            -----------------------------------------------------

            * * * * * * *   D A T A   M E M O R Y   * * * * * * *
            REG     0000H     0008H     ABSOLUTE     "REG BANK 0"
            DATA    0008H     0005H     UNIT         _DATA_GROUP_
                    000DH     0013H                  *** GAP ***
            BIT     0020H.0   0001H.1   UNIT         _BIT_GROUP_
            BIT     0021H.1   0000H.1   UNIT         ?BI?UART0_RINGBUFFER_LIB
            BIT     0021H.2   0000H.1   UNIT         ?BI?UART1
                    0021H.3   0000H.5                *** GAP ***
            IDATA   0022H     0001H     UNIT         ?STACK

            * * * * * * *  X D A T A   M E M O R Y  * * * * * * *
            XDATA   0000H     072CH     UNIT         _XDATA_GROUP_
            XDATA   072CH     0369H     UNIT         ?XD?DETECT_OBST
            XDATA   0A95H     0086H     UNIT         ?XD?LIEN_STRUCTURE_COMMANDE
            XDATA   0B1BH     0050H     UNIT         ?XD?UART0_RINGBUFFER_LIB
            XDATA   0B6BH     0050H     UNIT         ?XD?UART1
            XDATA   0BBBH     003DH     UNIT         ?XD?MAIN
            XDATA   0BF8H     0011H     UNIT         ?XD?_ITOS?FONCTIONS_COTE_SERIALIZER
            XDATA   0C09H     0002H     UNIT         ?XD?SERINCHAR_BIN?UART0_RINGBUFFER_LIB
            XDATA   0C0BH     0002H     UNIT         ?XD?SERINCHAR_BIN1?UART1

            * * * * * * *   C O D E   M E M O R Y   * * * * * * *
            CODE    0000H     0003H     ABSOLUTE     
            CODE    0003H     001DH     UNIT         ?PR?_TRUE_VIT?FONCTIONS_COTE_SERIALIZER
                    0020H     0003H                  *** GAP ***
            CODE    0023H     0003H     ABSOLUTE     
            CODE    0026H     0005H     UNIT         ?PR?ISR_TIMER2?MAIN
            CODE    002BH     0003H     ABSOLUTE     
            CODE    002EH     0043H     UNIT         ?PR?_TRAME_EMISE?TRANSMISSION_SPI
                    0071H     0002H                  *** GAP ***
            CODE    0073H     0003H     ABSOLUTE     
BL51 BANKED LINKER/LOCATER V6.22                                                      05/23/2018  18:49:23  PAGE 3


            CODE    0076H     0027H     UNIT         ?PR?PUTCHAR?PUTCHAR
            CODE    009DH     0004H     UNIT         ?PR?CFG_VREF?CONFIG_ADC
                    00A1H     0002H                  *** GAP ***
            CODE    00A3H     0003H     ABSOLUTE     
            CODE    00A6H     0A54H     UNIT         ?C?LIB_CODE
            CODE    0AFAH     07ADH     UNIT         ?PR?FONCTIONROUTAGE?LIEN_STRUCTURE_COMMANDE
            CODE    12A7H     05FBH     UNIT         ?PR?DETECT_OBST?DETECT_OBST
            CODE    18A2H     0530H     UNIT         ?PR?FORMATE_SERIALIZER?FONCTIONS_COTE_SERIALIZER
            CODE    1DD2H     04EEH     UNIT         ?CO?LIEN_STRUCTURE_COMMANDE
            CODE    22C0H     0483H     UNIT         ?PR?PRINTF?PRINTF
            CODE    2743H     0320H     UNIT         ?PR?_TRAITEMENT_M?MAIN
            CODE    2A63H     025BH     UNIT         ?PR?_TRAITEMENT_S?MAIN
            CODE    2CBEH     023FH     UNIT         ?PR?_TRAITEMENT_L?MAIN
            CODE    2EFDH     0238H     UNIT         ?PR?TRANSCODE_COMMANDE_TO_SERIALIZER?FONCTIONS_COTE_SERIALIZER
            CODE    3135H     0223H     UNIT         ?PR?_MESSAGE?MAIN
            CODE    3358H     021EH     UNIT         ?PR?_CONV?MAIN
            CODE    3576H     01E8H     UNIT         ?C_INITSEG
            CODE    375EH     01BDH     UNIT         ?PR?_TRAITEMENT_C?MAIN
            CODE    391BH     01B3H     UNIT         ?PR?_TRAITEMENT_G?MAIN
            CODE    3ACEH     017EH     UNIT         ?PR?MAIN?MAIN
            CODE    3C4CH     0179H     UNIT         ?CO?MAIN
            CODE    3DC5H     0166H     UNIT         ?PR?_POW?POW
            CODE    3F2BH     0159H     UNIT         ?PR?_TRAITEMENT_R?MAIN
            CODE    4084H     0153H     UNIT         ?PR?_TRAITEMENT_A?MAIN
            CODE    41D7H     012AH     UNIT         ?PR?_TRAITEMENT_D?MAIN
            CODE    4301H     0129H     UNIT         ?PR?LOG?LOG
            CODE    442AH     0127H     UNIT         ?PR?_ITOS?FONCTIONS_COTE_SERIALIZER
            CODE    4551H     0123H     UNIT         ?PR?_TRUE_TICKS?FONCTIONS_COTE_SERIALIZER
            CODE    4674H     0122H     UNIT         ?PR?ATAN?ATAN
            CODE    4796H     011DH     UNIT         ?PR?DETECTION_AV_AR?DETECT_OBST
            CODE    48B3H     0114H     UNIT         ?PR?MES_DIST_AV?ULTRASON
            CODE    49C7H     0114H     UNIT         ?PR?MES_DIST_AR?ULTRASON
            CODE    4ADBH     00FCH     UNIT         ?PR?UART1_ISR?UART1
            CODE    4BD7H     00F8H     UNIT         ?PR?UART0_ISR?UART0_RINGBUFFER_LIB
            CODE    4CCFH     00EFH     UNIT         ?PR?_CEIL?CEIL
            CODE    4DBEH     00D2H     UNIT         ?PR?_CONVERSIONANGLE_POSITIF?MAIN
            CODE    4E90H     00BFH     UNIT         ?PR?TEMPO_EMISS?LIEN_STRUCTURE_COMMANDE
            CODE    4F4FH     00BCH     UNIT         ?PR?DETECTION_AV?DETECT_OBST
            CODE    500BH     00ACH     UNIT         ?PR?ROUTAGE?LIEN_STRUCTURE_COMMANDE
            CODE    50B7H     00AAH     UNIT         ?PR?_AFFICHAGE_AV_AR?DETECT_OBST
            CODE    5161H     00A3H     UNIT         ?PR?_CDE_SERVO_H?SERVOMOTEUR_HORIZONTAL
            CODE    5204H     009AH     UNIT         ?PR?EXP?EXP
            CODE    529EH     0097H     UNIT         ?PR?COURANT_ADC?MESURE_COURANT
            CODE    5335H     008CH     UNIT         ?C_C51STARTUP
            CODE    53C1H     008BH     UNIT         ?PR?_TRAITEMENT_B?MAIN
            CODE    544CH     008BH     UNIT         ?PR?_SEROUTCHAR1?UART1
            CODE    54D7H     008AH     UNIT         ?PR?_SEROUTCHAR?UART0_RINGBUFFER_LIB
            CODE    5561H     0084H     UNIT         ?PR?ISR_TIMER3?MAIN
            CODE    55E5H     0082H     UNIT         ?PR?_TRAITEMENT_T?MAIN
            CODE    5667H     007DH     UNIT         ?PR?SERINCHAR_BIN?UART0_RINGBUFFER_LIB
            CODE    56E4H     007DH     UNIT         ?PR?SERINCHAR_BIN1?UART1
            CODE    5761H     007AH     UNIT         ?PR?_ECHANGE_TRAME?TRANSMISSION_SPI
            CODE    57DBH     0073H     UNIT         ?PR?_AFFICHAGE_AV?DETECT_OBST
            CODE    584EH     006BH     UNIT         ?PR?_STRCAT?STRCAT
            CODE    58B9H     0064H     UNIT         ?PR?SERINCHAR?UART0_RINGBUFFER_LIB
            CODE    591DH     0064H     UNIT         ?PR?SERINCHAR1?UART1
            CODE    5981H     005EH     UNIT         ?PR?_SEROUTSTRING?UART0_RINGBUFFER_LIB
BL51 BANKED LINKER/LOCATER V6.22                                                      05/23/2018  18:49:23  PAGE 4


            CODE    59DFH     005EH     UNIT         ?PR?_SEROUTSTRING1?UART1
            CODE    5A3DH     005BH     UNIT         ?PR?INIT_SERIAL_BUFFER?UART0_RINGBUFFER_LIB
            CODE    5A98H     005BH     UNIT         ?PR?INIT_SERIAL_BUFFER1?UART1
            CODE    5AF3H     0059H     UNIT         ?CO?FONCTIONS_COTE_SERIALIZER
            CODE    5B4CH     0055H     UNIT         ?PR?_CONV_ANGLE_TICKS?FONCTIONS_COTE_SERIALIZER
            CODE    5BA1H     004BH     UNIT         ?PR?SON_SONORE?GENERATION_SON
            CODE    5BECH     004AH     UNIT         ?PR?POINTEUR_LUM?ENCODAGE_POINTEUR_LUM
            CODE    5C36H     0049H     UNIT         ?PR?_CONVERSIONCOORD_2?MAIN
            CODE    5C7FH     0024H     UNIT         ?PR?_CONVERSIONCOORD?MAIN
            CODE    5CA3H     0024H     UNIT         ?PR?CONFIG_TIMER2?TIMERS
            CODE    5CC7H     0024H     UNIT         ?PR?CONFIG_TIMER3?TIMERS
            CODE    5CEBH     0023H     UNIT         ?PR?_CONV_DISTANCE_TICKS?FONCTIONS_COTE_SERIALIZER
            CODE    5D0EH     001AH     UNIT         ?PR?OSCILLATOR_INIT?CONFIG_GLOBALE
            CODE    5D28H     0019H     UNIT         ?PR?GPIO_CONFIG?CONFIG_GLOBALE
            CODE    5D41H     0015H     UNIT         ?PR?CONFIG_SPI_MASTER?CONFIG_SPI
            CODE    5D56H     0015H     UNIT         ?PR?_STRLEN?STRLEN
            CODE    5D6BH     0013H     UNIT         ?PR?CFG_ADC0?CONFIG_ADC
            CODE    5D7EH     0013H     UNIT         ?PR?CFG_CLOCK_UART?UART0_RINGBUFFER_LIB
            CODE    5D91H     0012H     UNIT         ?PR?TRAITEMENT_E?MAIN
            CODE    5DA3H     0012H     UNIT         ?PR?CFG_UART0_MODE1?UART0_RINGBUFFER_LIB
            CODE    5DB5H     0011H     UNIT         ?CO?DETECT_OBST
            CODE    5DC6H     0010H     UNIT         ?PR?_DEBUT_TRAME?TRANSMISSION_SPI
            CODE    5DD6H     0010H     UNIT         ?PR?CFG_UART1?UART1
            CODE    5DE6H     000DH     UNIT         ?PR?TRAITEMENT_Q?MAIN
            CODE    5DF3H     000DH     UNIT         ?PR?TRAME_RECUE?TRANSMISSION_SPI
            CODE    5E00H     000CH     UNIT         ?PR?INIT_DEVICE?CONFIG_GLOBALE
            CODE    5E0CH     000BH     UNIT         ?PR?CONFIG_TIMER0?TIMERS
            CODE    5E17H     000AH     UNIT         ?PR?ACQ_ADC?CONFIG_ADC
            CODE    5E21H     000AH     UNIT         ?PR?INITIALISATION_TIMER0?TIMERS
            CODE    5E2BH     000AH     UNIT         ?PR?FIN_TRAME?TRANSMISSION_SPI
            CODE    5E35H     0007H     UNIT         ?PR?DISABLE_WDT?CONFIG_GLOBALE
            CODE    5E3CH     0007H     UNIT         ?PR?_ECHANGE_OCTET?TRANSMISSION_SPI
            CODE    5E43H     0004H     UNIT         ?PR?RESET_SRC?CONFIG_GLOBALE
            CODE    5E47H     0004H     UNIT         ?CO?GENERATION_SON
            CODE    5E4BH     0004H     UNIT         ?CO?ENCODAGE_POINTEUR_LUM



OVERLAY MAP OF MODULE:   Master (?C_STARTUP)


SEGMENT                                             BIT_GROUP          DATA_GROUP          XDATA_GROUP
  +--> CALLED SEGMENT                            START    LENGTH     START    LENGTH     START    LENGTH
--------------------------------------------------------------------------------------------------------
?C_C51STARTUP                                    -----    -----      -----    -----      -----    -----
  +--> ?PR?MAIN?MAIN
  +--> ?C_INITSEG

?PR?MAIN?MAIN                                    -----    -----      -----    -----      0000H    009CH
  +--> ?CO?MAIN
  +--> ?PR?INIT_DEVICE?CONFIG_GLOBALE
  +--> ?PR?CONFIG_TIMER2?TIMERS
  +--> ?PR?CONFIG_TIMER0?TIMERS
  +--> ?PR?CONFIG_TIMER3?TIMERS
  +--> ?PR?CONFIG_SPI_MASTER?CONFIG_SPI
  +--> ?PR?CFG_VREF?CONFIG_ADC
  +--> ?PR?CFG_ADC0?CONFIG_ADC
BL51 BANKED LINKER/LOCATER V6.22                                                      05/23/2018  18:49:23  PAGE 5


  +--> ?PR?CFG_CLOCK_UART?UART0_RINGBUFFER_LIB
  +--> ?PR?CFG_UART0_MODE1?UART0_RINGBUFFER_LIB
  +--> ?PR?INIT_SERIAL_BUFFER?UART0_RINGBUFF...
  +--> ?PR?INIT_SERIAL_BUFFER1?UART1
  +--> ?PR?CFG_UART1?UART1
  +--> ?PR?_SEROUTSTRING?UART0_RINGBUFFER_LIB
  +--> ?PR?_STRLEN?STRLEN
  +--> ?PR?_MESSAGE?MAIN
  +--> ?PR?FONCTIONROUTAGE?LIEN_STRUCTURE_CO...

?PR?INIT_DEVICE?CONFIG_GLOBALE                   -----    -----      -----    -----      -----    -----
  +--> ?PR?RESET_SRC?CONFIG_GLOBALE
  +--> ?PR?DISABLE_WDT?CONFIG_GLOBALE
  +--> ?PR?OSCILLATOR_INIT?CONFIG_GLOBALE
  +--> ?PR?GPIO_CONFIG?CONFIG_GLOBALE

?PR?CONFIG_TIMER3?TIMERS                         -----    -----      -----    -----      -----    -----
  +--> ?PR?_CEIL?CEIL

?PR?_CEIL?CEIL                                   -----    -----      -----    -----      06E0H    0008H

?PR?_SEROUTSTRING?UART0_RINGBUFFER_LIB           -----    -----      -----    -----      06A6H    0005H
  +--> ?PR?_STRLEN?STRLEN
  +--> ?PR?_SEROUTCHAR?UART0_RINGBUFFER_LIB

?PR?_MESSAGE?MAIN                                -----    -----      -----    -----      009CH    0029H
  +--> ?PR?_TRAITEMENT_A?MAIN
  +--> ?PR?_TRAITEMENT_T?MAIN
  +--> ?PR?_TRAITEMENT_D?MAIN
  +--> ?PR?TRAITEMENT_E?MAIN
  +--> ?PR?TRAITEMENT_Q?MAIN
  +--> ?PR?_TRAITEMENT_L?MAIN
  +--> ?PR?_TRAITEMENT_M?MAIN
  +--> ?PR?_TRAITEMENT_B?MAIN
  +--> ?PR?_TRAITEMENT_S?MAIN
  +--> ?PR?_TRAITEMENT_G?MAIN
  +--> ?PR?_TRAITEMENT_R?MAIN
  +--> ?PR?_TRAITEMENT_C?MAIN

?PR?_TRAITEMENT_A?MAIN                           -----    -----      -----    -----      00C5H    002EH
  +--> ?PR?_CONVERSIONANGLE_POSITIF?MAIN
  +--> ?CO?MAIN

?PR?_CONVERSIONANGLE_POSITIF?MAIN                -----    -----      -----    -----      00F5H    0008H

?PR?_TRAITEMENT_T?MAIN                           -----    -----      -----    -----      00C5H    002CH
  +--> ?PR?_CONVERSIONANGLE_POSITIF?MAIN
  +--> ?CO?MAIN

?PR?_TRAITEMENT_D?MAIN                           -----    -----      -----    -----      00C5H    0029H
  +--> ?CO?MAIN

?PR?TRAITEMENT_E?MAIN                            -----    -----      -----    -----      00C5H    0026H

?PR?TRAITEMENT_Q?MAIN                            -----    -----      -----    -----      00C5H    0026H

?PR?_TRAITEMENT_L?MAIN                           -----    -----      -----    -----      00C5H    002FH
BL51 BANKED LINKER/LOCATER V6.22                                                      05/23/2018  18:49:23  PAGE 6


  +--> ?PR?_CONVERSIONCOORD_2?MAIN

?PR?_CONVERSIONCOORD_2?MAIN                      -----    -----      -----    -----      00F4H    0002H

?PR?_TRAITEMENT_M?MAIN                           -----    -----      -----    -----      00C5H    002EH
  +--> ?PR?_CONVERSIONCOORD?MAIN

?PR?_TRAITEMENT_B?MAIN                           -----    -----      -----    -----      00C5H    002CH
  +--> ?PR?_CONVERSIONANGLE_POSITIF?MAIN

?PR?_TRAITEMENT_S?MAIN                           -----    -----      -----    -----      00C5H    0031H
  +--> ?PR?_CONVERSIONCOORD?MAIN

?PR?_TRAITEMENT_G?MAIN                           -----    -----      -----    -----      00C5H    0035H
  +--> ?PR?_STRLEN?STRLEN
  +--> ?PR?_CONV?MAIN

?PR?_CONV?MAIN                                   -----    -----      -----    -----      00FAH    000FH
  +--> ?PR?_POW?POW
  +--> ?PR?_CEIL?CEIL

?PR?_POW?POW                                     -----    -----      -----    -----      06A6H    000AH
  +--> ?PR?LOG?LOG
  +--> ?PR?EXP?EXP

?PR?LOG?LOG                                      0020H.0  0000H.1    -----    -----      06B0H    0004H

?PR?_TRAITEMENT_R?MAIN                           -----    -----      -----    -----      00C5H    0030H
  +--> ?PR?_CONVERSIONANGLE_POSITIF?MAIN

?PR?_TRAITEMENT_C?MAIN                           -----    -----      -----    -----      00C5H    0030H
  +--> ?PR?_CONVERSIONANGLE_POSITIF?MAIN

?PR?FONCTIONROUTAGE?LIEN_STRUCTURE_CO...         -----    -----      -----    -----      009CH    060AH
  +--> ?CO?LIEN_STRUCTURE_COMMANDE
  +--> ?PR?ROUTAGE?LIEN_STRUCTURE_COMMANDE
  +--> ?PR?_CDE_SERVO_H?SERVOMOTEUR_HORIZONTAL
  +--> ?PR?_SEROUTSTRING?UART0_RINGBUFFER_LIB
  +--> ?PR?_STRLEN?STRLEN
  +--> ?PR?_STRCAT?STRCAT
  +--> ?PR?_ECHANGE_TRAME?TRANSMISSION_SPI
  +--> ?PR?TEMPO_EMISS?LIEN_STRUCTURE_COMMANDE
  +--> ?PR?TRAME_RECUE?TRANSMISSION_SPI
  +--> ?PR?PRINTF?PRINTF
  +--> ?PR?ATAN?ATAN
  +--> ?PR?_POW?POW
  +--> ?PR?_CEIL?CEIL
  +--> ?PR?TRANSCODE_COMMANDE_TO_SERIALIZER?...
  +--> ?PR?FORMATE_SERIALIZER?FONCTIONS_COTE...
  +--> ?PR?_SEROUTSTRING1?UART1
  +--> ?PR?SERINCHAR1?UART1
  +--> ?PR?DETECT_OBST?DETECT_OBST
  +--> ?PR?SON_SONORE?GENERATION_SON
  +--> ?PR?POINTEUR_LUM?ENCODAGE_POINTEUR_LUM

?PR?ROUTAGE?LIEN_STRUCTURE_COMMANDE              -----    -----      -----    -----      06A6H    0029H

BL51 BANKED LINKER/LOCATER V6.22                                                      05/23/2018  18:49:23  PAGE 7


?PR?_CDE_SERVO_H?SERVOMOTEUR_HORIZONTAL          -----    -----      -----    -----      06CCH    0008H
  +--> ?PR?_CEIL?CEIL

?PR?_STRCAT?STRCAT                               -----    -----      -----    -----      06FBH    0009H

?PR?_ECHANGE_TRAME?TRANSMISSION_SPI              -----    -----      -----    -----      06D0H    000BH
  +--> ?PR?_DEBUT_TRAME?TRANSMISSION_SPI
  +--> ?PR?_ECHANGE_OCTET?TRANSMISSION_SPI
  +--> ?PR?FIN_TRAME?TRANSMISSION_SPI

?PR?_DEBUT_TRAME?TRANSMISSION_SPI                -----    -----      -----    -----      06DBH    0001H
  +--> ?PR?_TRAME_EMISE?TRANSMISSION_SPI

?PR?_TRAME_EMISE?TRANSMISSION_SPI                -----    -----      -----    -----      06DCH    0003H

?PR?_ECHANGE_OCTET?TRANSMISSION_SPI              -----    -----      -----    -----      -----    -----
  +--> ?PR?_TRAME_EMISE?TRANSMISSION_SPI
  +--> ?PR?TRAME_RECUE?TRANSMISSION_SPI

?PR?TRAME_RECUE?TRANSMISSION_SPI                 -----    -----      -----    -----      06DBH    0001H
  +--> ?PR?_TRAME_EMISE?TRANSMISSION_SPI

?PR?FIN_TRAME?TRANSMISSION_SPI                   -----    -----      -----    -----      -----    -----
  +--> ?PR?_TRAME_EMISE?TRANSMISSION_SPI

?PR?TEMPO_EMISS?LIEN_STRUCTURE_COMMANDE          -----    -----      -----    -----      06D0H    0002H

?PR?PRINTF?PRINTF                                0020H.0  0001H.1    0008H    0005H      06F2H    0030H
  +--> ?PR?PUTCHAR?PUTCHAR

?PR?ATAN?ATAN                                    0020H.0  0000H.2    -----    -----      06A6H    0004H

?PR?TRANSCODE_COMMANDE_TO_SERIALIZER?...         -----    -----      -----    -----      06A6H    0036H
  +--> ?PR?_CONV_ANGLE_TICKS?FONCTIONS_COTE_...
  +--> ?PR?_CONV_DISTANCE_TICKS?FONCTIONS_CO...

?PR?_CONV_ANGLE_TICKS?FONCTIONS_COTE_...         -----    -----      -----    -----      06DCH    0004H
  +--> ?PR?_CEIL?CEIL

?PR?_CONV_DISTANCE_TICKS?FONCTIONS_CO...         -----    -----      -----    -----      -----    -----
  +--> ?PR?_CEIL?CEIL

?PR?FORMATE_SERIALIZER?FONCTIONS_COTE...         -----    -----      -----    -----      06A6H    001BH
  +--> ?CO?FONCTIONS_COTE_SERIALIZER
  +--> ?PR?_TRUE_VIT?FONCTIONS_COTE_SERIALIZER
  +--> ?PR?PRINTF?PRINTF
  +--> ?PR?_STRCAT?STRCAT
  +--> ?PR?_TRUE_TICKS?FONCTIONS_COTE_SERIAL...

?PR?_TRUE_TICKS?FONCTIONS_COTE_SERIAL...         -----    -----      -----    -----      06C1H    000BH
  +--> ?CO?FONCTIONS_COTE_SERIALIZER
  +--> ?PR?PRINTF?PRINTF
  +--> ?PR?_STRCAT?STRCAT
  +--> ?PR?_STRLEN?STRLEN

?PR?_SEROUTSTRING1?UART1                         -----    -----      -----    -----      06A6H    0005H
  +--> ?PR?_STRLEN?STRLEN
BL51 BANKED LINKER/LOCATER V6.22                                                      05/23/2018  18:49:23  PAGE 8


  +--> ?PR?_SEROUTCHAR1?UART1

?PR?DETECT_OBST?DETECT_OBST                      -----    -----      -----    -----      06A6H    0026H
  +--> ?PR?DETECTION_AV?DETECT_OBST
  +--> ?PR?DETECTION_AV_AR?DETECT_OBST
  +--> ?PR?_CDE_SERVO_H?SERVOMOTEUR_HORIZONTAL
  +--> ?CO?DETECT_OBST
  +--> ?PR?PRINTF?PRINTF
  +--> ?PR?_AFFICHAGE_AV?DETECT_OBST

?PR?DETECTION_AV?DETECT_OBST                     -----    -----      -----    -----      06CCH    0026H
  +--> ?PR?MES_DIST_AV?ULTRASON
  +--> ?CO?DETECT_OBST
  +--> ?PR?PRINTF?PRINTF
  +--> ?PR?_AFFICHAGE_AV?DETECT_OBST

?PR?MES_DIST_AV?ULTRASON                         -----    -----      -----    -----      06F2H    0012H
  +--> ?PR?INITIALISATION_TIMER0?TIMERS

?PR?_AFFICHAGE_AV?DETECT_OBST                    -----    -----      -----    -----      06F2H    0006H
  +--> ?PR?_STRCAT?STRCAT
  +--> ?CO?DETECT_OBST

?PR?DETECTION_AV_AR?DETECT_OBST                  -----    -----      -----    -----      06CCH    0026H
  +--> ?PR?MES_DIST_AV?ULTRASON
  +--> ?PR?MES_DIST_AR?ULTRASON
  +--> ?CO?DETECT_OBST
  +--> ?PR?PRINTF?PRINTF
  +--> ?PR?_AFFICHAGE_AV_AR?DETECT_OBST

?PR?MES_DIST_AR?ULTRASON                         -----    -----      -----    -----      06F2H    0012H
  +--> ?PR?INITIALISATION_TIMER0?TIMERS

?PR?_AFFICHAGE_AV_AR?DETECT_OBST                 -----    -----      -----    -----      06F2H    0009H
  +--> ?PR?_STRCAT?STRCAT
  +--> ?CO?DETECT_OBST

?PR?SON_SONORE?GENERATION_SON                    -----    -----      -----    -----      06A6H    002AH
  +--> ?CO?GENERATION_SON
  +--> ?PR?_ECHANGE_TRAME?TRANSMISSION_SPI
  +--> ?PR?TEMPO_EMISS?LIEN_STRUCTURE_COMMANDE

?PR?POINTEUR_LUM?ENCODAGE_POINTEUR_LUM           -----    -----      -----    -----      06A6H    002AH
  +--> ?CO?ENCODAGE_POINTEUR_LUM
  +--> ?PR?_ECHANGE_TRAME?TRANSMISSION_SPI
  +--> ?PR?TEMPO_EMISS?LIEN_STRUCTURE_COMMANDE

*** NEW ROOT ***************************************************

?PR?ISR_TIMER3?MAIN                              -----    -----      -----    -----      -----    -----
  +--> ?PR?COURANT_ADC?MESURE_COURANT

?PR?COURANT_ADC?MESURE_COURANT                   -----    -----      -----    -----      0722H    000AH
  +--> ?PR?ACQ_ADC?CONFIG_ADC



BL51 BANKED LINKER/LOCATER V6.22                                                      05/23/2018  18:49:23  PAGE 9


SYMBOL TABLE OF MODULE:  Master (?C_STARTUP)

  VALUE           TYPE          NAME
  ----------------------------------

  -------         MODULE        ?C_STARTUP
  C:5335H         SEGMENT       ?C_C51STARTUP
  I:0022H         SEGMENT       ?STACK
  C:0000H         PUBLIC        ?C_STARTUP
  D:00E0H         SYMBOL        ACC
  D:00F0H         SYMBOL        B
  D:0083H         SYMBOL        DPH
  D:0082H         SYMBOL        DPL
  N:0000H         SYMBOL        IBPSTACK
  N:0100H         SYMBOL        IBPSTACKTOP
  N:0080H         SYMBOL        IDATALEN
  C:5338H         SYMBOL        IDATALOOP
  N:0000H         SYMBOL        PBPSTACK
  N:0100H         SYMBOL        PBPSTACKTOP
  N:0000H         SYMBOL        PDATALEN
  N:0000H         SYMBOL        PDATASTART
  N:0000H         SYMBOL        PPAGE
  N:0000H         SYMBOL        PPAGEENABLE
  D:00A0H         SYMBOL        PPAGE_SFR
  D:0081H         SYMBOL        SP
  C:5335H         SYMBOL        STARTUP1
  N:0000H         SYMBOL        XBPSTACK
  N:0000H         SYMBOL        XBPSTACKTOP
  N:0000H         SYMBOL        XDATALEN
  N:0000H         SYMBOL        XDATASTART
  C:0000H         LINE#         126
  C:5335H         LINE#         133
  C:5337H         LINE#         134
  C:5338H         LINE#         135
  C:5339H         LINE#         136
  C:533BH         LINE#         185
  C:533EH         LINE#         196
  -------         ENDMOD        ?C_STARTUP

  -------         MODULE        CONFIG_ADC
  C:0000H         SYMBOL        _ICE_DUMMY_
  C:5E17H         PUBLIC        ACQ_ADC
  D:00BCH         PUBLIC        ADC0CF
  D:00E8H         PUBLIC        ADC0CN
  D:00A8H         PUBLIC        IE
  D:00D8H         PUBLIC        PCA0CN
  D:00B8H         PUBLIC        IP
  D:00D1H         PUBLIC        REF0CN
  D:00BAH         PUBLIC        AMX0CF
  B:00E8H.5       PUBLIC        AD0INT
  D:00C0H         PUBLIC        SMB0CN
  C:5D6BH         PUBLIC        CFG_ADC0
  D:00F8H         PUBLIC        SPI0CN
  D:0088H         PUBLIC        TCON
  D:00BBH         PUBLIC        AMX0SL
  D:00BFH         PUBLIC        ADC0H
  B:00E8H.7       PUBLIC        AD0EN
BL51 BANKED LINKER/LOCATER V6.22                                                      05/23/2018  18:49:23  PAGE 10


  D:0098H         PUBLIC        SCON0
  C:009DH         PUBLIC        CFG_VREF
  D:00C8H         PUBLIC        T2CON
  B:00E8H.0       PUBLIC        AD0LJST
  B:00E8H.2       PUBLIC        AD0CM0
  B:00E8H.3       PUBLIC        AD0CM1
  B:00E8H.4       PUBLIC        AD0BUSY
  D:00D0H         PUBLIC        PSW
  -------         PROC          CFG_VREF
  C:009DH         LINE#         9
  C:009DH         LINE#         10
  C:00A0H         LINE#         11
  -------         ENDPROC       CFG_VREF
  -------         PROC          CFG_ADC0
  C:5D6BH         LINE#         13
  C:5D6BH         LINE#         15
  C:5D6DH         LINE#         17
  C:5D70H         LINE#         18
  C:5D70H         LINE#         19
  C:5D73H         LINE#         20
  C:5D73H         LINE#         22
  C:5D75H         LINE#         25
  C:5D77H         LINE#         26
  C:5D79H         LINE#         28
  C:5D7BH         LINE#         30
  C:5D7DH         LINE#         31
  -------         ENDPROC       CFG_ADC0
  -------         PROC          ACQ_ADC
  C:5E17H         LINE#         34
  C:5E17H         LINE#         35
  C:5E19H         LINE#         36
  C:5E1BH         LINE#         37
  C:5E1EH         LINE#         38
  C:5E20H         LINE#         39
  -------         ENDPROC       ACQ_ADC
  -------         ENDMOD        CONFIG_ADC

  -------         MODULE        CONFIG_GLOBALE
  C:0000H         SYMBOL        _ICE_DUMMY_
  D:0080H         PUBLIC        P0
  D:00FFH         PUBLIC        WDTCN
  D:00A0H         PUBLIC        P2
  C:5E35H         PUBLIC        Disable_WDT
  D:00E8H         PUBLIC        ADC0CN
  D:00A4H         PUBLIC        P0MDOUT
  D:00A8H         PUBLIC        IE
  D:00A6H         PUBLIC        P2MDOUT
  D:00D8H         PUBLIC        PCA0CN
  D:00B8H         PUBLIC        IP
  C:5D0EH         PUBLIC        Oscillator_Init
  D:00E1H         PUBLIC        XBR0
  D:00E3H         PUBLIC        XBR2
  D:00C0H         PUBLIC        SMB0CN
  D:00F8H         PUBLIC        SPI0CN
  C:5E43H         PUBLIC        Reset_src
  D:0088H         PUBLIC        TCON
  D:00B2H         PUBLIC        OSCICN
BL51 BANKED LINKER/LOCATER V6.22                                                      05/23/2018  18:49:23  PAGE 11


  C:5E00H         PUBLIC        Init_Device
  D:00B1H         PUBLIC        OSCXCN
  D:00EFH         PUBLIC        RSTSRC
  D:0098H         PUBLIC        SCON0
  D:00C8H         PUBLIC        T2CON
  C:5D28H         PUBLIC        GPIO_Config
  D:00D0H         PUBLIC        PSW
  -------         PROC          INIT_DEVICE
  C:5E00H         LINE#         7
  C:5E00H         LINE#         8
  C:5E03H         LINE#         9
  C:5E06H         LINE#         10
  C:5E09H         LINE#         11
  -------         ENDPROC       INIT_DEVICE
  -------         PROC          OSCILLATOR_INIT
  -------         DO            
  D:0006H         SYMBOL        i
  -------         ENDDO         
  C:5D0EH         LINE#         14
  C:5D0EH         LINE#         18
  C:5D11H         LINE#         19
  C:5D1FH         LINE#         20
  C:5D24H         LINE#         21
  C:5D27H         LINE#         22
  -------         ENDPROC       OSCILLATOR_INIT
  -------         PROC          RESET_SRC
  C:5E43H         LINE#         24
  C:5E43H         LINE#         26
  C:5E46H         LINE#         27
  -------         ENDPROC       RESET_SRC
  -------         PROC          DISABLE_WDT
  C:5E35H         LINE#         29
  C:5E35H         LINE#         31
  C:5E38H         LINE#         32
  C:5E3BH         LINE#         33
  -------         ENDPROC       DISABLE_WDT
  -------         PROC          GPIO_CONFIG
  C:5D28H         LINE#         36
  C:5D28H         LINE#         39
  C:5D2BH         LINE#         40
  C:5D2EH         LINE#         43
  C:5D31H         LINE#         44
  C:5D34H         LINE#         51
  C:5D37H         LINE#         52
  C:5D3AH         LINE#         54
  C:5D3DH         LINE#         55
  C:5D40H         LINE#         59
  -------         ENDPROC       GPIO_CONFIG
  -------         ENDMOD        CONFIG_GLOBALE

  -------         MODULE        CONFIG_SPI
  C:0000H         SYMBOL        _ICE_DUMMY_
  D:009DH         PUBLIC        SPI0CKR
  D:0080H         PUBLIC        P0
  B:00F8H.0       PUBLIC        SPIEN
  D:0090H         PUBLIC        P1
  D:00A0H         PUBLIC        P2
BL51 BANKED LINKER/LOCATER V6.22                                                      05/23/2018  18:49:23  PAGE 12


  D:00B0H         PUBLIC        P3
  B:00F8H.1       PUBLIC        MSTEN
  D:00E8H         PUBLIC        ADC0CN
  D:00A8H         PUBLIC        IE
  D:00D8H         PUBLIC        PCA0CN
  D:00B8H         PUBLIC        IP
  D:00C0H         PUBLIC        SMB0CN
  B:00F8H.5       PUBLIC        MODF
  D:00F8H         PUBLIC        SPI0CN
  B:00F8H.7       PUBLIC        SPIF
  D:0088H         PUBLIC        TCON
  B:00F8H.6       PUBLIC        WCOL
  C:5D41H         PUBLIC        Config_SPI_MASTER
  D:0098H         PUBLIC        SCON0
  D:00C8H         PUBLIC        T2CON
  D:009AH         PUBLIC        SPI0CFG
  B:00F8H.4       PUBLIC        RXOVRN
  D:00D0H         PUBLIC        PSW
  -------         PROC          CONFIG_SPI_MASTER
  C:5D41H         LINE#         10
  C:5D41H         LINE#         12
  C:5D43H         LINE#         13
  C:5D45H         LINE#         14
  C:5D47H         LINE#         15
  C:5D49H         LINE#         16
  C:5D4BH         LINE#         17
  C:5D4DH         LINE#         20
  C:5D50H         LINE#         22
  C:5D53H         LINE#         24
  C:5D55H         LINE#         25
  -------         ENDPROC       CONFIG_SPI_MASTER
  -------         ENDMOD        CONFIG_SPI

  -------         MODULE        DETECT_OBST
  C:0000H         SYMBOL        _ICE_DUMMY_
  D:00E8H         PUBLIC        ADC0CN
  D:00A8H         PUBLIC        IE
  X:072CH         PUBLIC        affichage
  X:082CH         PUBLIC        detection_arriere
  X:0830H         PUBLIC        tab_angles
  D:00D8H         PUBLIC        PCA0CN
  D:00B8H         PUBLIC        IP
  X:0894H         PUBLIC        obstacle_arriere
  D:00C0H         PUBLIC        SMB0CN
  X:0899H         PUBLIC        information
  D:00F8H         PUBLIC        SPI0CN
  X:08B3H         PUBLIC        angle_min
  C:47A9H         PUBLIC        detection_AV_AR
  D:0088H         PUBLIC        TCON
  X:08B5H         PUBLIC        min_AR
  X:08B7H         PUBLIC        min_AV
  C:4F62H         PUBLIC        detection_AV
  X:08B9H         PUBLIC        tab_dist_AR
  X:0981H         PUBLIC        detection_avant
  X:0985H         PUBLIC        min
  X:0987H         PUBLIC        tab_dist_AV
  X:0A4FH         PUBLIC        dist_min_ascii
BL51 BANKED LINKER/LOCATER V6.22                                                      05/23/2018  18:49:23  PAGE 13


  X:0A54H         PUBLIC        dist_min_AR
  X:0A68H         PUBLIC        obstacle_avant
  X:0A6DH         PUBLIC        dist_min_AV
  C:12A7H         PUBLIC        Detect_Obst
  X:0A81H         PUBLIC        dist_min
  C:50B7H         PUBLIC        _Affichage_AV_AR
  X:0A85H         PUBLIC        c
  D:0098H         PUBLIC        SCON0
  D:00C8H         PUBLIC        T2CON
  X:0A87H         PUBLIC        j
  X:0A89H         PUBLIC        k
  C:57DBH         PUBLIC        _Affichage_AV
  X:0A8BH         PUBLIC        angle_ascii
  X:0A90H         PUBLIC        z
  D:00D0H         PUBLIC        PSW
  X:0A92H         PUBLIC        Angle_servo
  -------         PROC          _AFFICHAGE_AV
  X:06F2H         SYMBOL        obst_AV
  X:06F5H         SYMBOL        Serv
  C:57DBH         LINE#         39
  C:57E6H         LINE#         41
  C:5802H         LINE#         42
  C:5819H         LINE#         43
  C:5837H         LINE#         44
  -------         ENDPROC       _AFFICHAGE_AV
  -------         PROC          _AFFICHAGE_AV_AR
  X:06F2H         SYMBOL        obst_AV
  X:06F5H         SYMBOL        obst_AR
  X:06F8H         SYMBOL        Serv
  C:50B7H         LINE#         48
  C:50C2H         LINE#         50
  C:50E0H         LINE#         51
  C:50F7H         LINE#         52
  C:5115H         LINE#         53
  C:512CH         LINE#         54
  C:514AH         LINE#         55
  -------         ENDPROC       _AFFICHAGE_AV_AR
  C:4F51H         SYMBOL        L?0091
  -------         PROC          L?0090
  -------         ENDPROC       L?0090
  C:4F51H         SYMBOL        L?0091
  -------         PROC          DETECTION_AV
  X:06CCH         SYMBOL        com
  C:4F62H         LINE#         64
  C:4F62H         LINE#         66
  C:4F6BH         LINE#         67
  C:4F83H         LINE#         68
  C:4F89H         LINE#         69
  C:4F89H         LINE#         70
  C:4F91H         LINE#         71
  C:4FBCH         LINE#         72
  C:4FE2H         LINE#         74
  C:4FF9H         LINE#         75
  C:4FF9H         LINE#         76
  C:500AH         LINE#         77
  -------         ENDPROC       DETECTION_AV
  C:4796H         SYMBOL        L?0089
BL51 BANKED LINKER/LOCATER V6.22                                                      05/23/2018  18:49:23  PAGE 14


  -------         PROC          L?0088
  -------         ENDPROC       L?0088
  C:4796H         SYMBOL        L?0089
  -------         PROC          DETECTION_AV_AR
  X:06CCH         SYMBOL        com
  C:47A9H         LINE#         80
  C:47A9H         LINE#         81
  C:47B2H         LINE#         82
  C:47BBH         LINE#         83
  C:47D3H         LINE#         84
  C:47D9H         LINE#         85
  C:47D9H         LINE#         86
  C:47F1H         LINE#         87
  C:47F7H         LINE#         88
  C:47F7H         LINE#         89
  C:4802H         LINE#         90
  C:482DH         LINE#         91
  C:4858H         LINE#         92
  C:487EH         LINE#         94
  C:48A1H         LINE#         95
  C:48A1H         LINE#         97
  C:48B2H         LINE#         98
  -------         ENDPROC       DETECTION_AV_AR
  -------         PROC          DETECT_OBST
  X:06A6H         SYMBOL        com
  C:12A7H         LINE#         102
  C:12A7H         LINE#         105
  C:12BCH         LINE#         106
  C:12BCH         LINE#         107
  C:12C2H         LINE#         108
  C:12C6H         LINE#         109
  C:12C9H         LINE#         110
  C:12C9H         LINE#         111
  C:12CCH         LINE#         112
  C:12CCH         LINE#         113
  C:12CFH         LINE#         115
  C:12CFH         LINE#         116
  C:12D7H         LINE#         117
  C:12F6H         LINE#         118
  C:1301H         LINE#         119
  C:1322H         LINE#         120
  C:1325H         LINE#         121
  C:133BH         LINE#         122
  C:133BH         LINE#         123
  C:133BH         LINE#         124
  C:135AH         LINE#         125
  C:1365H         LINE#         126
  C:1386H         LINE#         127
  C:1389H         LINE#         128
  C:139FH         LINE#         129
  C:139FH         LINE#         130
  C:139FH         LINE#         135
  C:139FH         LINE#         136
  C:13AAH         LINE#         137
  C:13C9H         LINE#         138
  C:13ECH         LINE#         139
  C:140DH         LINE#         140
BL51 BANKED LINKER/LOCATER V6.22                                                      05/23/2018  18:49:23  PAGE 15


  C:1442H         LINE#         141
  C:1450H         LINE#         142
  C:1467H         LINE#         143
  C:1493H         LINE#         144
  C:14F0H         LINE#         145
  C:14FFH         LINE#         146
  C:14FFH         LINE#         147
  C:1510H         LINE#         148
  C:153DH         LINE#         149
  C:155AH         LINE#         153
  C:155AH         LINE#         154
  C:155AH         LINE#         156
  C:155AH         LINE#         158
  C:155DH         LINE#         159
  C:155DH         LINE#         160
  C:157CH         LINE#         161
  C:159FH         LINE#         162
  C:15C0H         LINE#         163
  C:15F5H         LINE#         164
  C:1603H         LINE#         165
  C:161AH         LINE#         166
  C:1646H         LINE#         167
  C:16A3H         LINE#         168
  C:16B2H         LINE#         169
  C:16B2H         LINE#         170
  C:16C3H         LINE#         171
  C:16EDH         LINE#         172
  C:1719H         LINE#         173
  C:1776H         LINE#         174
  C:1785H         LINE#         175
  C:1785H         LINE#         176
  C:1796H         LINE#         177
  C:17C0H         LINE#         179
  C:17CEH         LINE#         180
  C:17E7H         LINE#         181
  C:17E7H         LINE#         182
  C:17E9H         LINE#         183
  C:17E9H         LINE#         184
  C:1816H         LINE#         185
  C:1833H         LINE#         186
  C:1833H         LINE#         188
  C:185EH         LINE#         189
  C:1884H         LINE#         191
  C:189BH         LINE#         192
  C:189BH         LINE#         193
  C:189BH         LINE#         194
  C:189BH         LINE#         196
  C:18A1H         LINE#         197
  -------         ENDPROC       DETECT_OBST
  -------         ENDMOD        DETECT_OBST

  -------         MODULE        FONCTIONS_COTE_SERIALIZER
  C:0000H         SYMBOL        _ICE_DUMMY_
  D:00E8H         PUBLIC        ADC0CN
  D:00A8H         PUBLIC        IE
  C:18A2H         PUBLIC        formate_serializer
  D:00D8H         PUBLIC        PCA0CN
BL51 BANKED LINKER/LOCATER V6.22                                                      05/23/2018  18:49:23  PAGE 16


  D:00B8H         PUBLIC        IP
  C:5B69H         PUBLIC        _conv_angle_ticks
  D:00C0H         PUBLIC        SMB0CN
  D:00F8H         PUBLIC        SPI0CN
  D:0088H         PUBLIC        TCON
  C:442AH         PUBLIC        _itos
  C:5B48H         SYMBOL        _?ix1000
  C:4577H         PUBLIC        _true_ticks
  C:2EFDH         PUBLIC        transcode_commande_to_serializer
  D:0098H         PUBLIC        SCON0
  D:00C8H         PUBLIC        T2CON
  C:5CF4H         PUBLIC        _conv_distance_ticks
  C:0003H         PUBLIC        _true_vit
  D:00D0H         PUBLIC        PSW
  -------         PROC          L?0091
  -------         ENDPROC       L?0091
  -------         PROC          _CONV_DISTANCE_TICKS
  D:0006H         SYMBOL        d
  -------         DO            
  D:0006H         SYMBOL        ret
  -------         ENDDO         
  C:5CF4H         LINE#         40
  C:5CF4H         LINE#         41
  C:5D0DH         LINE#         42
  C:5D0DH         LINE#         43
  -------         ENDPROC       _CONV_DISTANCE_TICKS
  -------         PROC          L?0090
  -------         ENDPROC       L?0090
  -------         PROC          _CONV_ANGLE_TICKS
  D:0006H         SYMBOL        angle
  -------         DO            
  D:0006H         SYMBOL        ret
  X:06DCH         SYMBOL        a
  -------         ENDDO         
  C:5B69H         LINE#         45
  C:5B69H         LINE#         47
  C:5B81H         LINE#         48
  C:5BA0H         LINE#         49
  C:5BA0H         LINE#         50
  -------         ENDPROC       _CONV_ANGLE_TICKS
  -------         PROC          _ITOS
  X:0BF8H         SYMBOL        i
  X:0BFAH         SYMBOL        ret
  -------         DO            
  X:0BFDH         SYMBOL        nbr3
  X:0C00H         SYMBOL        nbr2
  X:0C02H         SYMBOL        nbr1
  X:0C03H         SYMBOL        c
  X:0C05H         SYMBOL        d
  X:0C07H         SYMBOL        u
  -------         ENDDO         
  C:442AH         LINE#         52
  C:443BH         LINE#         56
  C:4452H         LINE#         57
  C:447FH         LINE#         58
  C:44A6H         LINE#         60
  C:44B7H         LINE#         61
BL51 BANKED LINKER/LOCATER V6.22                                                      05/23/2018  18:49:23  PAGE 17


  C:44C2H         LINE#         62
  C:44CDH         LINE#         63
  C:44D8H         LINE#         64
  C:44EDH         LINE#         65
  C:44EFH         LINE#         66
  C:4500H         LINE#         67
  C:450BH         LINE#         68
  C:4516H         LINE#         69
  C:452BH         LINE#         70
  C:452DH         LINE#         71
  C:452DH         LINE#         72
  C:4538H         LINE#         73
  C:4550H         LINE#         74
  C:4550H         LINE#         75
  -------         ENDPROC       _ITOS
  -------         PROC          _TRUE_VIT
  D:0007H         SYMBOL        vit
  -------         DO            
  D:0004H         SYMBOL        ret
  -------         ENDDO         
  C:0003H         LINE#         77
  C:0003H         LINE#         78
  C:0007H         LINE#         80
  C:000CH         LINE#         81
  C:001BH         LINE#         82
  C:001BH         LINE#         83
  C:001FH         LINE#         84
  -------         ENDPROC       _TRUE_VIT
  C:456CH         SYMBOL        L?0089
  -------         PROC          L?0088
  -------         ENDPROC       L?0088
  C:456CH         SYMBOL        L?0089
  -------         PROC          _TRUE_TICKS
  X:06C1H         SYMBOL        ticks
  X:06C3H         SYMBOL        ret
  -------         DO            
  X:06C6H         SYMBOL        str
  X:06CAH         SYMBOL        l
  -------         ENDDO         
  C:4577H         LINE#         86
  C:4588H         LINE#         87
  C:459BH         LINE#         88
  C:45A2H         LINE#         90
  C:45B2H         LINE#         91
  C:45D4H         LINE#         92
  C:45D4H         LINE#         93
  C:45D4H         LINE#         94
  C:45EBH         LINE#         95
  C:4601H         LINE#         96
  C:4627H         LINE#         97
  C:4643H         LINE#         98
  C:4659H         LINE#         99
  C:4673H         LINE#         100
  C:4673H         LINE#         101
  -------         ENDPROC       _TRUE_TICKS
  -------         PROC          FORMATE_SERIALIZER
  X:06A6H         SYMBOL        com
BL51 BANKED LINKER/LOCATER V6.22                                                      05/23/2018  18:49:23  PAGE 18


  X:06B5H         SYMBOL        ret
  -------         DO            
  X:06B8H         SYMBOL        nbr
  -------         ENDDO         
  C:18A2H         LINE#         110
  C:18A2H         LINE#         113
  C:18FFH         LINE#         114
  C:18FFH         LINE#         115
  C:1914H         LINE#         116
  C:1917H         LINE#         117
  C:1917H         LINE#         118
  C:1917H         LINE#         119
  C:1917H         LINE#         120
  C:1917H         LINE#         121
  C:1917H         LINE#         122
  C:1917H         LINE#         123
  C:1917H         LINE#         124
  C:1917H         LINE#         125
  C:1917H         LINE#         126
  C:1917H         LINE#         127
  C:1917H         LINE#         128
  C:1917H         LINE#         129
  C:1917H         LINE#         130
  C:1917H         LINE#         131
  C:1917H         LINE#         132
  C:1917H         LINE#         133
  C:1917H         LINE#         134
  C:1917H         LINE#         135
  C:1917H         LINE#         136
  C:1917H         LINE#         137
  C:192FH         LINE#         138
  C:192FH         LINE#         139
  C:192FH         LINE#         140
  C:1932H         LINE#         141
  C:1932H         LINE#         142
  C:1932H         LINE#         143
  C:194AH         LINE#         144
  C:194AH         LINE#         145
  C:194AH         LINE#         146
  C:194DH         LINE#         147
  C:194DH         LINE#         148
  C:194DH         LINE#         149
  C:1965H         LINE#         150
  C:198CH         LINE#         151
  C:19A8H         LINE#         152
  C:19C4H         LINE#         153
  C:19C4H         LINE#         154
  C:19C4H         LINE#         155
  C:19C7H         LINE#         156
  C:19C7H         LINE#         157
  C:19C7H         LINE#         158
  C:19DCH         LINE#         159
  C:19DCH         LINE#         160
  C:19DCH         LINE#         161
  C:19DCH         LINE#         162
  C:19DCH         LINE#         163
  C:19DCH         LINE#         164
BL51 BANKED LINKER/LOCATER V6.22                                                      05/23/2018  18:49:23  PAGE 19


  C:19DCH         LINE#         165
  C:19DCH         LINE#         166
  C:19DCH         LINE#         167
  C:19DCH         LINE#         168
  C:19DCH         LINE#         169
  C:19DCH         LINE#         170
  C:19DCH         LINE#         171
  C:19DFH         LINE#         172
  C:19DFH         LINE#         173
  C:19DFH         LINE#         174
  C:19F4H         LINE#         175
  C:19F7H         LINE#         176
  C:19F7H         LINE#         177
  C:19F7H         LINE#         178
  C:19F7H         LINE#         179
  C:19FAH         LINE#         180
  C:1A16H         LINE#         181
  C:1A32H         LINE#         182
  C:1A35H         LINE#         183
  C:1A35H         LINE#         184
  C:1A38H         LINE#         185
  C:1A38H         LINE#         186
  C:1A38H         LINE#         187
  C:1A50H         LINE#         188
  C:1A77H         LINE#         189
  C:1A93H         LINE#         190
  C:1AAFH         LINE#         191
  C:1AB5H         LINE#         192
  C:1AB5H         LINE#         193
  C:1AB8H         LINE#         194
  C:1AB8H         LINE#         195
  C:1AB8H         LINE#         196
  C:1AB8H         LINE#         197
  C:1ABBH         LINE#         198
  C:1AD7H         LINE#         199
  C:1AF3H         LINE#         200
  C:1B1AH         LINE#         201
  C:1B36H         LINE#         202
  C:1B52H         LINE#         203
  C:1B58H         LINE#         204
  C:1B74H         LINE#         205
  C:1B90H         LINE#         206
  C:1BB7H         LINE#         207
  C:1BC4H         LINE#         208
  C:1BC7H         LINE#         209
  C:1BC7H         LINE#         210
  C:1BC7H         LINE#         211
  C:1BDFH         LINE#         212
  C:1C05H         LINE#         213
  C:1C21H         LINE#         214
  C:1C3DH         LINE#         215
  C:1C63H         LINE#         216
  C:1C7FH         LINE#         217
  C:1C9BH         LINE#         218
  C:1CC1H         LINE#         219
  C:1CDDH         LINE#         220
  C:1CF9H         LINE#         221
BL51 BANKED LINKER/LOCATER V6.22                                                      05/23/2018  18:49:23  PAGE 20


  C:1D1FH         LINE#         222
  C:1D3BH         LINE#         223
  C:1D57H         LINE#         224
  C:1D59H         LINE#         225
  C:1D59H         LINE#         226
  C:1D59H         LINE#         227
  C:1D6EH         LINE#         228
  C:1D70H         LINE#         229
  C:1D70H         LINE#         230
  C:1D70H         LINE#         231
  C:1D70H         LINE#         232
  C:1D70H         LINE#         233
  C:1D70H         LINE#         234
  C:1D70H         LINE#         235
  C:1D70H         LINE#         236
  C:1D70H         LINE#         237
  C:1D85H         LINE#         238
  C:1D87H         LINE#         239
  C:1D87H         LINE#         240
  C:1D87H         LINE#         241
  C:1D9CH         LINE#         242
  C:1D9EH         LINE#         243
  C:1D9EH         LINE#         244
  C:1D9EH         LINE#         245
  C:1DB6H         LINE#         246
  C:1DB6H         LINE#         247
  C:1DB6H         LINE#         248
  C:1DB6H         LINE#         249
  C:1DB6H         LINE#         250
  C:1DB6H         LINE#         251
  -------         ENDPROC       FORMATE_SERIALIZER
  -------         PROC          TRANSCODE_COMMANDE_TO_SERIALIZER
  X:06A6H         SYMBOL        com
  -------         DO            
  X:06CCH         SYMBOL        ret
  X:06DBH         SYMBOL        v_angl
  D:0007H         SYMBOL        v_line
  -------         ENDDO         
  C:2EFDH         LINE#         259
  C:2EFDH         LINE#         261
  C:2F03H         LINE#         262
  C:2F05H         LINE#         264
  C:2F0DH         LINE#         265
  C:2F0DH         LINE#         266
  C:2F13H         LINE#         267
  C:2F13H         LINE#         268
  C:2F13H         LINE#         269
  C:2F13H         LINE#         270
  C:2F13H         LINE#         271
  C:2F13H         LINE#         273
  C:2F4CH         LINE#         275
  C:2F4CH         LINE#         276
  C:2F52H         LINE#         277
  C:2F59H         LINE#         278
  C:2F5BH         LINE#         279
  C:2F5BH         LINE#         280
  C:2F5FH         LINE#         281
BL51 BANKED LINKER/LOCATER V6.22                                                      05/23/2018  18:49:23  PAGE 21


  C:2F5FH         LINE#         282
  C:2F61H         LINE#         283
  C:2F61H         LINE#         285
  C:2F61H         LINE#         286
  C:2F67H         LINE#         287
  C:2F6EH         LINE#         288
  C:2F70H         LINE#         289
  C:2F70H         LINE#         290
  C:2F7AH         LINE#         291
  C:2F7EH         LINE#         292
  C:2F81H         LINE#         293
  C:2F81H         LINE#         295
  C:2F81H         LINE#         296
  C:2F87H         LINE#         297
  C:2F8AH         LINE#         298
  C:2F8AH         LINE#         300
  C:2F8AH         LINE#         301
  C:2F91H         LINE#         302
  C:2F99H         LINE#         303
  C:2F99H         LINE#         304
  C:2F9FH         LINE#         305
  C:2FA7H         LINE#         306
  C:2FBBH         LINE#         307
  C:2FC3H         LINE#         308
  C:2FC5H         LINE#         309
  C:2FC7H         LINE#         310
  C:2FC7H         LINE#         312
  C:2FC7H         LINE#         313
  C:2FCEH         LINE#         314
  C:2FD6H         LINE#         315
  C:2FD6H         LINE#         316
  C:2FDCH         LINE#         317
  C:2FE4H         LINE#         318
  C:2FF3H         LINE#         319
  C:2FFBH         LINE#         320
  C:2FFDH         LINE#         321
  C:2FFFH         LINE#         322
  C:2FFFH         LINE#         324
  C:2FFFH         LINE#         325
  C:3006H         LINE#         326
  C:300EH         LINE#         327
  C:300EH         LINE#         328
  C:3014H         LINE#         329
  C:301CH         LINE#         330
  C:3030H         LINE#         331
  C:3038H         LINE#         332
  C:303CH         LINE#         333
  C:303FH         LINE#         334
  C:303FH         LINE#         336
  C:303FH         LINE#         337
  C:3046H         LINE#         338
  C:304EH         LINE#         339
  C:304EH         LINE#         340
  C:3054H         LINE#         341
  C:305CH         LINE#         342
  C:306BH         LINE#         343
  C:3073H         LINE#         344
BL51 BANKED LINKER/LOCATER V6.22                                                      05/23/2018  18:49:23  PAGE 22


  C:3077H         LINE#         345
  C:307AH         LINE#         346
  C:307AH         LINE#         349
  C:307AH         LINE#         350
  C:3081H         LINE#         351
  C:3089H         LINE#         352
  C:3089H         LINE#         353
  C:3089H         LINE#         354
  C:3089H         LINE#         355
  C:3099H         LINE#         356
  C:30A1H         LINE#         357
  C:30B3H         LINE#         358
  C:30B6H         LINE#         359
  C:30B6H         LINE#         361
  C:30B6H         LINE#         362
  C:30BDH         LINE#         363
  C:30C5H         LINE#         364
  C:30C5H         LINE#         365
  C:30C5H         LINE#         366
  C:30C5H         LINE#         367
  C:30D0H         LINE#         368
  C:30D8H         LINE#         369
  C:30F3H         LINE#         370
  C:30F5H         LINE#         371
  C:30F5H         LINE#         373
  C:30F5H         LINE#         374
  C:30FCH         LINE#         375
  C:3104H         LINE#         376
  C:3104H         LINE#         377
  C:310AH         LINE#         378
  C:3111H         LINE#         379
  C:311CH         LINE#         380
  C:3123H         LINE#         381
  C:312EH         LINE#         383
  C:312EH         LINE#         384
  C:312EH         LINE#         385
  C:312EH         LINE#         386
  C:312EH         LINE#         387
  C:312EH         LINE#         389
  C:3134H         LINE#         390
  -------         ENDPROC       TRANSCODE_COMMANDE_TO_SERIALIZER
  -------         ENDMOD        FONCTIONS_COTE_SERIALIZER

  -------         MODULE        GENERATION_SON
  C:0000H         SYMBOL        _ICE_DUMMY_
  D:00E8H         PUBLIC        ADC0CN
  D:00A8H         PUBLIC        IE
  D:00D8H         PUBLIC        PCA0CN
  D:00B8H         PUBLIC        IP
  D:00C0H         PUBLIC        SMB0CN
  D:00F8H         PUBLIC        SPI0CN
  D:0088H         PUBLIC        TCON
  C:5E47H         SYMBOL        _?ix1000
  C:5BA1H         PUBLIC        son_sonore
  D:0098H         PUBLIC        SCON0
  D:00C8H         PUBLIC        T2CON
  D:00D0H         PUBLIC        PSW
BL51 BANKED LINKER/LOCATER V6.22                                                      05/23/2018  18:49:23  PAGE 23


  -------         PROC          SON_SONORE
  X:06A6H         SYMBOL        com
  -------         DO            
  X:06CCH         SYMBOL        rep
  D:0007H         SYMBOL        commande_SPI
  D:0006H         SYMBOL        taille_trame
  -------         ENDDO         
  C:5BA1H         LINE#         10
  C:5BA1H         LINE#         11
  C:5BB4H         LINE#         12
  C:5BB5H         LINE#         13
  C:5BB7H         LINE#         15
  C:5BB9H         LINE#         16
  C:5BC1H         LINE#         17
  C:5BC9H         LINE#         18
  C:5BD1H         LINE#         19
  C:5BD9H         LINE#         21
  C:5BE9H         LINE#         22
  -------         ENDPROC       SON_SONORE
  -------         ENDMOD        GENERATION_SON

  -------         MODULE        GPIO
  C:0000H         SYMBOL        _ICE_DUMMY_
  D:0080H         PUBLIC        P0
  D:0090H         PUBLIC        P1
  D:00A0H         PUBLIC        P2
  D:00B0H         PUBLIC        P3
  D:00E8H         PUBLIC        ADC0CN
  D:00A8H         PUBLIC        IE
  D:00D8H         PUBLIC        PCA0CN
  D:00B8H         PUBLIC        IP
  D:00C0H         PUBLIC        SMB0CN
  D:00F8H         PUBLIC        SPI0CN
  D:0088H         PUBLIC        TCON
  D:0098H         PUBLIC        SCON0
  D:00C8H         PUBLIC        T2CON
  D:00D0H         PUBLIC        PSW
  -------         ENDMOD        GPIO

  -------         MODULE        LIEN_STRUCTURE_COMMANDE
  C:0000H         SYMBOL        _ICE_DUMMY_
  D:0080H         PUBLIC        P0
  D:0090H         PUBLIC        P1
  D:00A0H         PUBLIC        P2
  D:00B0H         PUBLIC        P3
  X:0A95H         PUBLIC        dist_arriere
  X:0A99H         PUBLIC        Angle_voulu
  X:0A9AH         PUBLIC        angle
  D:00E8H         PUBLIC        ADC0CN
  D:00A8H         PUBLIC        IE
  D:00D8H         PUBLIC        PCA0CN
  D:00B8H         PUBLIC        IP
  D:00C0H         PUBLIC        SMB0CN
  X:0A9BH         PUBLIC        msg_Slave
  C:4E90H         PUBLIC        tempo_emiss
  D:00F8H         PUBLIC        SPI0CN
  X:0A9CH         PUBLIC        dist_avant
BL51 BANKED LINKER/LOCATER V6.22                                                      05/23/2018  18:49:23  PAGE 24


  D:0088H         PUBLIC        TCON
  X:0AA0H         PUBLIC        mess
  X:0AD2H         PUBLIC        message_s
  C:0AFAH         PUBLIC        fonctionRoutage
  C:1E0EH         SYMBOL        _?ix1000
  C:1E10H         SYMBOL        _?ix1001
  C:1E42H         SYMBOL        _?ix1002
  C:1E74H         SYMBOL        _?ix1003
  C:1EA6H         SYMBOL        _?ix1004
  C:1ED8H         SYMBOL        _?ix1005
  X:0B04H         PUBLIC        Angle_atteint
  X:0B06H         PUBLIC        a
  X:0B07H         PUBLIC        courant_actuel
  D:0098H         PUBLIC        SCON0
  D:00C8H         PUBLIC        T2CON
  X:0B0BH         PUBLIC        i
  X:0B0CH         PUBLIC        commande_serializer
  D:00D0H         PUBLIC        PSW
  C:500BH         PUBLIC        routage
  -------         PROC          ROUTAGE
  X:06A6H         SYMBOL        commande
  X:06CCH         SYMBOL        type
  C:500BH         LINE#         47
  C:500BH         LINE#         49
  C:5013H         LINE#         50
  C:5020H         LINE#         51
  C:5023H         LINE#         52
  C:5027H         LINE#         53
  C:5034H         LINE#         54
  C:5036H         LINE#         55
  C:503CH         LINE#         56
  C:5049H         LINE#         57
  C:504BH         LINE#         58
  C:5051H         LINE#         59
  C:505EH         LINE#         60
  C:5060H         LINE#         61
  C:5068H         LINE#         62
  C:5075H         LINE#         63
  C:5077H         LINE#         64
  C:507BH         LINE#         65
  C:5088H         LINE#         66
  C:508AH         LINE#         67
  C:5090H         LINE#         68
  C:509DH         LINE#         69
  C:509FH         LINE#         70
  C:50A6H         LINE#         71
  C:50B6H         LINE#         72
  C:50B6H         LINE#         73
  -------         ENDPROC       ROUTAGE
  -------         PROC          FONCTIONROUTAGE
  X:009CH         SYMBOL        commande
  -------         DO            
  X:00C2H         SYMBOL        route
  X:00C3H         SYMBOL        commande_SPI
  X:00C4H         SYMBOL        trame
  X:00C6H         SYMBOL        taille_trame
  X:00C7H         SYMBOL        alpha
BL51 BANKED LINKER/LOCATER V6.22                                                      05/23/2018  18:49:23  PAGE 25


  X:00CBH         SYMBOL        distance
  X:00CDH         SYMBOL        angle_ascii
  X:00D0H         SYMBOL        mess
  X:0102H         SYMBOL        mess1
  X:0134H         SYMBOL        mess2
  X:0166H         SYMBOL        mess3
  X:0198H         SYMBOL        compteur
  X:019AH         SYMBOL        msg_Slave_ascii
  X:029AH         SYMBOL        info
  X:02B4H         SYMBOL        courant_ascii
  X:02B8H         SYMBOL        energie_ascii
  X:02BCH         SYMBOL        string_s
  X:06A4H         SYMBOL        cpt
  -------         ENDDO         
  C:0AFAH         LINE#         75
  C:0AFAH         LINE#         76
  C:0AFFH         LINE#         77
  C:0B01H         LINE#         78
  C:0B13H         LINE#         79
  C:0B19H         LINE#         83
  C:0B2BH         LINE#         84
  C:0B3EH         LINE#         85
  C:0B51H         LINE#         86
  C:0B64H         LINE#         87
  C:0B6BH         LINE#         93
  C:0B7EH         LINE#         94
  C:0B85H         LINE#         95
  C:0BA8H         LINE#         97
  C:0BDBH         LINE#         100
  C:0BDBH         LINE#         101
  C:0BE5H         LINE#         102
  C:0BF4H         LINE#         103
  C:0BFDH         LINE#         105
  C:0C11H         LINE#         106
  C:0C20H         LINE#         107
  C:0C37H         LINE#         108
  C:0C37H         LINE#         109
  C:0C3AH         LINE#         112
  C:0C3AH         LINE#         113
  C:0C40H         LINE#         114
  C:0C4BH         LINE#         115
  C:0C53H         LINE#         116
  C:0C57H         LINE#         117
  C:0C5DH         LINE#         118
  C:0C5FH         LINE#         119
  C:0C5FH         LINE#         120
  C:0C65H         LINE#         121
  C:0C65H         LINE#         122
  C:0C6BH         LINE#         123
  C:0C7EH         LINE#         124
  C:0C81H         LINE#         125
  C:0C89H         LINE#         126
  C:0C8CH         LINE#         127
  C:0CABH         LINE#         128
  C:0CB4H         LINE#         129
  C:0CB4H         LINE#         130
  C:0CB7H         LINE#         133
BL51 BANKED LINKER/LOCATER V6.22                                                      05/23/2018  18:49:23  PAGE 26


  C:0CB7H         LINE#         134
  C:0CC2H         LINE#         135
  C:0CF9H         LINE#         136
  C:0D89H         LINE#         137
  C:0DA1H         LINE#         138
  C:0DBFH         LINE#         141
  C:0DC5H         LINE#         142
  C:0DD4H         LINE#         143
  C:0DF7H         LINE#         144
  C:0E1BH         LINE#         146
  C:0E21H         LINE#         147
  C:0E25H         LINE#         148
  C:0E48H         LINE#         149
  C:0E6CH         LINE#         151
  C:0E72H         LINE#         152
  C:0E76H         LINE#         153
  C:0E8FH         LINE#         154
  C:0EB2H         LINE#         155
  C:0ED6H         LINE#         156
  C:0EDFH         LINE#         157
  C:0EE8H         LINE#         158
  C:0EF1H         LINE#         159
  C:0EF8H         LINE#         160
  C:0F0CH         LINE#         161
  C:0F13H         LINE#         162
  C:0F13H         LINE#         163
  C:0F14H         LINE#         164
  C:0F2EH         LINE#         165
  C:0F2EH         LINE#         166
  C:0F37H         LINE#         167
  C:0F40H         LINE#         168
  C:0F47H         LINE#         169
  C:0F47H         LINE#         170
  C:0F48H         LINE#         171
  C:0F62H         LINE#         172
  C:0F62H         LINE#         173
  C:0F6AH         LINE#         174
  C:0F6CH         LINE#         175
  C:0F80H         LINE#         176
  C:0F8EH         LINE#         177
  C:0F8EH         LINE#         178
  C:0FB0H         LINE#         179
  C:0FB7H         LINE#         180
  C:0FCFH         LINE#         181
  C:0FD6H         LINE#         182
  C:0FDFH         LINE#         183
  C:0FE8H         LINE#         184
  C:0FF1H         LINE#         185
  C:0FF8H         LINE#         186
  C:0FF8H         LINE#         187
  C:0FF9H         LINE#         188
  C:1013H         LINE#         189
  C:101AH         LINE#         190
  C:101AH         LINE#         192
  C:1023H         LINE#         193
  C:102AH         LINE#         194
  C:102AH         LINE#         195
BL51 BANKED LINKER/LOCATER V6.22                                                      05/23/2018  18:49:23  PAGE 27


  C:102BH         LINE#         196
  C:1045H         LINE#         197
  C:1045H         LINE#         198
  C:104DH         LINE#         199
  C:104FH         LINE#         200
  C:1063H         LINE#         201
  C:1071H         LINE#         202
  C:1071H         LINE#         203
  C:1078H         LINE#         204
  C:1078H         LINE#         205
  C:1080H         LINE#         206
  C:1082H         LINE#         207
  C:1096H         LINE#         208
  C:10A4H         LINE#         209
  C:10A4H         LINE#         210
  C:10ABH         LINE#         212
  C:10C3H         LINE#         213
  C:10CAH         LINE#         214
  C:10D3H         LINE#         215
  C:10DCH         LINE#         216
  C:10E5H         LINE#         217
  C:10E8H         LINE#         218
  C:10E8H         LINE#         219
  C:110BH         LINE#         220
  C:112FH         LINE#         221
  C:1138H         LINE#         222
  C:1141H         LINE#         223
  C:1146H         LINE#         224
  C:114AH         LINE#         225
  C:114AH         LINE#         226
  C:1152H         LINE#         227
  C:1154H         LINE#         228
  C:116BH         LINE#         229
  C:1171H         LINE#         230
  C:1171H         LINE#         231
  C:1178H         LINE#         232
  C:1178H         LINE#         233
  C:118DH         LINE#         234
  C:118DH         LINE#         235
  C:1190H         LINE#         239
  C:1190H         LINE#         240
  C:11A6H         LINE#         241
  C:11AFH         LINE#         242
  C:11B8H         LINE#         243
  C:11CCH         LINE#         244
  C:11CCH         LINE#         247
  C:11CCH         LINE#         248
  C:11DCH         LINE#         249
  C:11F9H         LINE#         250
  C:1202H         LINE#         251
  C:1208H         LINE#         252
  C:120BH         LINE#         255
  C:120BH         LINE#         256
  C:1224H         LINE#         257
  C:1241H         LINE#         258
  C:124AH         LINE#         259
  C:1250H         LINE#         260
BL51 BANKED LINKER/LOCATER V6.22                                                      05/23/2018  18:49:23  PAGE 28


  C:1252H         LINE#         263
  C:1252H         LINE#         264
  C:1268H         LINE#         265
  C:126EH         LINE#         266
  C:1270H         LINE#         269
  C:1270H         LINE#         270
  C:1286H         LINE#         271
  C:128CH         LINE#         272
  C:128EH         LINE#         274
  C:128EH         LINE#         275
  C:129DH         LINE#         276
  C:12A6H         LINE#         277
  C:12A6H         LINE#         279
  C:12A6H         LINE#         280
  -------         ENDPROC       FONCTIONROUTAGE
  -------         PROC          TEMPO_EMISS
  -------         DO            
  X:06D0H         SYMBOL        x
  -------         ENDDO         
  C:4E90H         LINE#         282
  C:4E90H         LINE#         283
  C:4E97H         LINE#         285
  C:4EC4H         LINE#         286
  C:4EF2H         LINE#         287
  C:4F20H         LINE#         288
  C:4F4EH         LINE#         289
  -------         ENDPROC       TEMPO_EMISS
  -------         ENDMOD        LIEN_STRUCTURE_COMMANDE

  -------         MODULE        MAIN
  C:0000H         SYMBOL        _ICE_DUMMY_
  X:0BBBH         PUBLIC        message_PC_com
  D:0080H         PUBLIC        P0
  X:0BEDH         PUBLIC        courant
  D:0090H         PUBLIC        P1
  D:00A0H         PUBLIC        P2
  D:00B0H         PUBLIC        P3
  C:0026H         PUBLIC        ISR_Timer2
  B:00A8H.7       PUBLIC        EA
  C:5561H         PUBLIC        ISR_Timer3
  B:00A0H.0       PUBLIC        PWM_servo
  X:0BEFH         PUBLIC        vitesse_par_defaut
  D:00E8H         PUBLIC        ADC0CN
  D:00A8H         PUBLIC        IE
  D:00D8H         PUBLIC        PCA0CN
  D:00B8H         PUBLIC        IP
  X:0BF1H         PUBLIC        commande_correct
  D:00C0H         PUBLIC        SMB0CN
  C:3ACEH         PUBLIC        main
  D:00F8H         PUBLIC        SPI0CN
  D:0088H         PUBLIC        TCON
  C:3362H         PUBLIC        _conv
  D:0091H         PUBLIC        TMR3CN
  C:4DC4H         PUBLIC        _conversionangle_positif
  C:3D58H         SYMBOL        _?ix1000
  C:3D8AH         SYMBOL        _?ix1001
  C:3D90H         SYMBOL        _?ix1002
BL51 BANKED LINKER/LOCATER V6.22                                                      05/23/2018  18:49:23  PAGE 29


  X:0BF3H         PUBLIC        epreuve_en_cours
  C:3D93H         SYMBOL        _?ix1003
  C:3135H         PUBLIC        _Message
  B:00C8H.7       PUBLIC        TF2
  B:00C8H.2       PUBLIC        TR2
  X:0BF4H         PUBLIC        energie
  D:0098H         PUBLIC        SCON0
  C:4084H         PUBLIC        _traitement_A
  C:53C1H         PUBLIC        _traitement_B
  C:375EH         PUBLIC        _traitement_C
  D:00C8H         PUBLIC        T2CON
  C:41D7H         PUBLIC        _traitement_D
  C:5C85H         PUBLIC        _conversioncoord
  C:5D91H         PUBLIC        traitement_E
  C:391BH         PUBLIC        _traitement_G
  C:2CBEH         PUBLIC        _traitement_L
  C:2743H         PUBLIC        _traitement_M
  B:00A0H.5       PUBLIC        NSS_slave
  C:5DE6H         PUBLIC        traitement_Q
  C:3F2BH         PUBLIC        _traitement_R
  C:2A63H         PUBLIC        _traitement_S
  C:55E5H         PUBLIC        _traitement_T
  C:5C3CH         PUBLIC        _conversioncoord_2
  D:00D0H         PUBLIC        PSW
  C:5C7FH         SYMBOL        L?0341
  -------         PROC          L?0340
  -------         ENDPROC       L?0340
  C:5C7FH         SYMBOL        L?0341
  -------         PROC          _CONVERSIONCOORD
  D:0001H         SYMBOL        tableau
  -------         DO            
  D:0006H         SYMBOL        dizaine
  D:0004H         SYMBOL        unite
  D:0007H         SYMBOL        valeur
  -------         ENDDO         
  C:5C85H         LINE#         38
  C:5C85H         LINE#         39
  C:5C86H         LINE#         40
  C:5C87H         LINE#         43
  C:5C96H         LINE#         44
  C:5C9FH         LINE#         46
  C:5CA2H         LINE#         47
  C:5CA2H         LINE#         48
  -------         ENDPROC       _CONVERSIONCOORD
  C:5C36H         SYMBOL        L?0339
  -------         PROC          L?0338
  -------         ENDPROC       L?0338
  C:5C36H         SYMBOL        L?0339
  -------         PROC          _CONVERSIONCOORD_2
  D:0001H         SYMBOL        tableau
  -------         DO            
  D:0006H         SYMBOL        dizaine
  D:0004H         SYMBOL        unite
  X:00F4H         SYMBOL        centaine
  D:0007H         SYMBOL        valeur
  -------         ENDDO         
  C:5C3CH         LINE#         50
BL51 BANKED LINKER/LOCATER V6.22                                                      05/23/2018  18:49:23  PAGE 30


  C:5C3CH         LINE#         51
  C:5C3DH         LINE#         52
  C:5C3EH         LINE#         53
  C:5C44H         LINE#         56
  C:5C5BH         LINE#         57
  C:5C6DH         LINE#         58
  C:5C76H         LINE#         60
  C:5C7EH         LINE#         61
  C:5C7EH         LINE#         62
  -------         ENDPROC       _CONVERSIONCOORD_2
  C:3358H         SYMBOL        L?0337
  -------         PROC          L?0336
  -------         ENDPROC       L?0336
  C:3358H         SYMBOL        L?0337
  -------         PROC          _CONV
  X:00FAH         SYMBOL        nbr
  X:00FDH         SYMBOL        taille
  -------         DO            
  X:00FFH         SYMBOL        k
  X:0101H         SYMBOL        t1
  X:0105H         SYMBOL        ret
  X:0107H         SYMBOL        numero
  -------         ENDDO         
  C:3362H         LINE#         78
  C:3375H         LINE#         79
  C:3375H         LINE#         80
  C:337CH         LINE#         81
  C:3384H         LINE#         82
  C:338BH         LINE#         83
  C:338FH         LINE#         85
  C:3399H         LINE#         86
  C:3399H         LINE#         87
  C:33BEH         LINE#         88
  C:33BEH         LINE#         89
  C:33EAH         LINE#         90
  C:3421H         LINE#         91
  C:347FH         LINE#         92
  C:348BH         LINE#         93
  C:349FH         LINE#         94
  C:34B6H         LINE#         95
  C:34B9H         LINE#         97
  C:34B9H         LINE#         98
  C:34DDH         LINE#         99
  C:34DDH         LINE#         100
  C:3550H         LINE#         101
  C:355CH         LINE#         102
  C:356DH         LINE#         103
  C:356DH         LINE#         104
  C:3575H         LINE#         105
  -------         ENDPROC       _CONV
  -------         PROC          L?0342
  -------         ENDPROC       L?0342
  -------         PROC          _CONVERSIONANGLE_POSITIF
  D:0001H         SYMBOL        tableau
  -------         DO            
  X:00F5H         SYMBOL        centaine
  X:00F7H         SYMBOL        dizaine
BL51 BANKED LINKER/LOCATER V6.22                                                      05/23/2018  18:49:23  PAGE 31


  X:00F9H         SYMBOL        unite
  X:00FBH         SYMBOL        valeur
  -------         ENDDO         
  C:4DC4H         LINE#         106
  C:4DC4H         LINE#         107
  C:4DCBH         LINE#         108
  C:4DCFH         LINE#         109
  C:4DD3H         LINE#         112
  C:4DDAH         LINE#         113
  C:4DF8H         LINE#         114
  C:4E0BH         LINE#         115
  C:4E1FH         LINE#         116
  C:4E21H         LINE#         117
  C:4E21H         LINE#         118
  C:4E3AH         LINE#         119
  C:4E54H         LINE#         120
  C:4E68H         LINE#         121
  C:4E87H         LINE#         122
  C:4E87H         LINE#         123
  C:4E8FH         LINE#         124
  -------         ENDPROC       _CONVERSIONANGLE_POSITIF
  -------         PROC          _TRAITEMENT_A
  X:00C5H         SYMBOL        com
  X:00C8H         SYMBOL        commande
  -------         DO            
  D:0007H         SYMBOL        vitesse
  X:00EEH         SYMBOL        tab
  X:00F1H         SYMBOL        j
  D:0007H         SYMBOL        duree
  -------         ENDDO         
  C:4084H         LINE#         126
  C:408FH         LINE#         132
  C:40A0H         LINE#         133
  C:40A0H         LINE#         134
  C:40A0H         LINE#         135
  C:40A0H         LINE#         136
  C:40A7H         LINE#         137
  C:40AFH         LINE#         138
  C:40AFH         LINE#         139
  C:40D6H         LINE#         140
  C:40F0H         LINE#         141
  C:40F3H         LINE#         142
  C:4103H         LINE#         143
  C:4103H         LINE#         144
  C:4103H         LINE#         145
  C:4106H         LINE#         146
  C:410BH         LINE#         147
  C:410EH         LINE#         148
  C:410EH         LINE#         149
  C:410EH         LINE#         150
  C:410EH         LINE#         151
  C:4119H         LINE#         152
  C:411EH         LINE#         154
  C:4136H         LINE#         155
  C:4136H         LINE#         156
  C:413FH         LINE#         157
  C:413FH         LINE#         158
BL51 BANKED LINKER/LOCATER V6.22                                                      05/23/2018  18:49:23  PAGE 32


  C:4166H         LINE#         159
  C:4180H         LINE#         160
  C:4183H         LINE#         161
  C:4192H         LINE#         162
  C:4192H         LINE#         163
  C:4199H         LINE#         164
  C:419BH         LINE#         166
  C:419BH         LINE#         167
  C:419FH         LINE#         168
  C:419FH         LINE#         170
  C:41A1H         LINE#         178
  C:41A1H         LINE#         179
  C:41A1H         LINE#         180
  C:41A1H         LINE#         181
  C:41A8H         LINE#         182
  C:41AEH         LINE#         183
  C:41B8H         LINE#         184
  C:41B8H         LINE#         185
  C:41C1H         LINE#         186
  C:41D0H         LINE#         187
  C:41D0H         LINE#         188
  C:41D0H         LINE#         189
  C:41D6H         LINE#         190
  -------         ENDPROC       _TRAITEMENT_A
  -------         PROC          _TRAITEMENT_B
  X:00C5H         SYMBOL        com
  X:00C8H         SYMBOL        commande
  -------         DO            
  D:0007H         SYMBOL        vitesse
  X:00EEH         SYMBOL        tab
  D:0006H         SYMBOL        j
  -------         ENDDO         
  C:53C1H         LINE#         191
  C:53CCH         LINE#         192
  C:53CCH         LINE#         196
  C:53D2H         LINE#         197
  C:53E7H         LINE#         198
  C:53E7H         LINE#         199
  C:53EAH         LINE#         200
  C:53EAH         LINE#         201
  C:5409H         LINE#         202
  C:5414H         LINE#         203
  C:541DH         LINE#         204
  C:542DH         LINE#         205
  C:542DH         LINE#         206
  C:5434H         LINE#         207
  C:5436H         LINE#         209
  C:5436H         LINE#         210
  C:543BH         LINE#         211
  C:543BH         LINE#         212
  C:543BH         LINE#         213
  C:543DH         LINE#         215
  C:543DH         LINE#         216
  C:5445H         LINE#         217
  C:5445H         LINE#         219
  C:544BH         LINE#         220
  -------         ENDPROC       _TRAITEMENT_B
BL51 BANKED LINKER/LOCATER V6.22                                                      05/23/2018  18:49:23  PAGE 33


  -------         PROC          _TRAITEMENT_C
  X:00C5H         SYMBOL        com
  X:00C8H         SYMBOL        commande
  -------         DO            
  X:00EEH         SYMBOL        angle
  X:00F0H         SYMBOL        tab
  X:00F3H         SYMBOL        j
  -------         ENDDO         
  C:375EH         LINE#         221
  C:3769H         LINE#         222
[...]
  C:5667H         LINE#         207
  C:5667H         LINE#         209
  C:566EH         LINE#         211
  C:568AH         LINE#         212
  C:568AH         LINE#         214
  C:5698H         LINE#         215
  C:56CCH         LINE#         216
  C:56DBH         LINE#         217
  C:56DBH         LINE#         219
  C:56E3H         LINE#         220
  -------         ENDPROC       SERINCHAR_BIN
  -------         PROC          _SEROUTSTRING
  X:06A6H         SYMBOL        buf
  -------         DO            
  X:06A9H         SYMBOL        len
  X:06AAH         SYMBOL        code_err
  -------         ENDDO         
  C:5981H         LINE#         224
  C:598CH         LINE#         225
  C:5991H         LINE#         227
  C:59B2H         LINE#         228
  C:59D9H         LINE#         229
  C:59DEH         LINE#         230
  -------         ENDPROC       _SEROUTSTRING
  -------         PROC          CFG_CLOCK_UART
  C:5D7EH         LINE#         244
  C:5D7EH         LINE#         245
  C:5D81H         LINE#         246
  C:5D84H         LINE#         247
  C:5D87H         LINE#         248
  C:5D89H         LINE#         250
  C:5D8CH         LINE#         251
  C:5D8EH         LINE#         252
  C:5D90H         LINE#         253
  -------         ENDPROC       CFG_CLOCK_UART
BL51 BANKED LINKER/LOCATER V6.22                                                      05/23/2018  18:49:23  PAGE 54


  -------         PROC          CFG_UART0_MODE1
  C:5DA3H         LINE#         259
  C:5DA3H         LINE#         260
  C:5DA5H         LINE#         261
  C:5DA7H         LINE#         262
  C:5DAAH         LINE#         263
  C:5DADH         LINE#         264
  C:5DB0H         LINE#         265
  C:5DB2H         LINE#         267
  C:5DB4H         LINE#         268
  -------         ENDPROC       CFG_UART0_MODE1
  -------         ENDMOD        UART0_RINGBUFFER_LIB

  -------         MODULE        UART1
  C:0000H         SYMBOL        _ICE_DUMMY_
  D:00E7H         PUBLIC        EIE2
  D:00E8H         PUBLIC        ADC0CN
  D:00A8H         PUBLIC        IE
  X:0B6BH         SYMBOL        inbuf
  D:00D8H         PUBLIC        PCA0CN
  X:0B8BH         SYMBOL        outbuf
  D:00B8H         PUBLIC        IP
  C:5DD6H         PUBLIC        CFG_UART1
  D:00C0H         PUBLIC        SMB0CN
  B:0021H.2       SYMBOL        TXactive
  D:00F8H         PUBLIC        SPI0CN
  D:0087H         PUBLIC        PCON
  D:0088H         PUBLIC        TCON
  C:4ADBH         PUBLIC        UART1_ISR
  C:56E4H         PUBLIC        serInchar_Bin1
  C:59DFH         PUBLIC        _serOutstring1
  C:591DH         PUBLIC        serInchar1
  X:0BABH         SYMBOL        in
  C:544CH         PUBLIC        _serOutchar1
  X:0BB3H         SYMBOL        out
  D:00F2H         PUBLIC        SBUF1
  D:0098H         PUBLIC        SCON0
  D:00F1H         PUBLIC        SCON1
  D:00C8H         PUBLIC        T2CON
  D:00C9H         PUBLIC        T4CON
  C:5A98H         PUBLIC        init_Serial_Buffer1
  D:00D0H         PUBLIC        PSW
  -------         PROC          UART1_ISR
  C:4ADBH         LINE#         86
  C:4AEEH         LINE#         95
  C:4AF3H         LINE#         96
  C:4AF3H         LINE#         97
  C:4B0FH         LINE#         98
  C:4B1EH         LINE#         99
  C:4B47H         LINE#         101
  C:4B49H         LINE#         102
  C:4B4BH         LINE#         103
  C:4B4EH         LINE#         105
  C:4B50H         LINE#         107
  C:4B50H         LINE#         108
  C:4B8BH         LINE#         109
  C:4B9AH         LINE#         110
BL51 BANKED LINKER/LOCATER V6.22                                                      05/23/2018  18:49:23  PAGE 55


  C:4BC3H         LINE#         112
  C:4BC3H         LINE#         113
  C:4BC6H         LINE#         114
  C:4BC6H         LINE#         115
  -------         ENDPROC       UART1_ISR
  -------         PROC          INIT_SERIAL_BUFFER1
  C:5A98H         LINE#         120
  C:5A98H         LINE#         121
  C:5AC5H         LINE#         122
  C:5AF2H         LINE#         123
  -------         ENDPROC       INIT_SERIAL_BUFFER1
  -------         PROC          _SEROUTCHAR1
  D:0007H         SYMBOL        c
  C:544CH         LINE#         127
  C:544CH         LINE#         129
  C:5492H         LINE#         130
  C:5492H         LINE#         131
  C:54A0H         LINE#         132
  C:54C9H         LINE#         134
  C:54CCH         LINE#         135
  C:54CEH         LINE#         136
  C:54D1H         LINE#         138
  C:54D1H         LINE#         139
  C:54D4H         LINE#         140
  C:54D4H         LINE#         142
  C:54D6H         LINE#         143
  -------         ENDPROC       _SEROUTCHAR1
  -------         PROC          SERINCHAR1
  -------         DO            
  D:0005H         SYMBOL        c
  -------         ENDDO         
  C:591DH         LINE#         149
  C:591DH         LINE#         152
  C:5939H         LINE#         153
  C:5939H         LINE#         154
  C:5947H         LINE#         155
  C:597BH         LINE#         156
  C:597EH         LINE#         157
  C:597EH         LINE#         159
  C:5980H         LINE#         160
  -------         ENDPROC       SERINCHAR1
  -------         PROC          SERINCHAR_BIN1
  -------         DO            
  D:0005H         SYMBOL        c
  X:0C0BH         SYMBOL        return_code
  -------         ENDDO         
  C:56E4H         LINE#         168
  C:56E4H         LINE#         170
  C:56EBH         LINE#         172
  C:5707H         LINE#         174
  C:5715H         LINE#         175
  C:5749H         LINE#         176
  C:5758H         LINE#         177
  C:5758H         LINE#         180
  C:5760H         LINE#         181
  -------         ENDPROC       SERINCHAR_BIN1
  -------         PROC          _SEROUTSTRING1
BL51 BANKED LINKER/LOCATER V6.22                                                      05/23/2018  18:49:23  PAGE 56


  X:06A6H         SYMBOL        buf
  -------         DO            
  X:06A9H         SYMBOL        len
  X:06AAH         SYMBOL        code_err
  -------         ENDDO         
  C:59DFH         LINE#         185
  C:59EAH         LINE#         186
  C:59EFH         LINE#         188
  C:5A10H         LINE#         189
  C:5A37H         LINE#         190
  C:5A3CH         LINE#         191
  -------         ENDPROC       _SEROUTSTRING1
  -------         PROC          CFG_UART1
  C:5DD6H         LINE#         195
  C:5DD6H         LINE#         196
  C:5DD9H         LINE#         197
  C:5DDCH         LINE#         198
  C:5DDFH         LINE#         199
  C:5DE2H         LINE#         201
  C:5DE5H         LINE#         202
  -------         ENDPROC       CFG_UART1
  -------         ENDMOD        UART1

  -------         MODULE        ULTRASON
  C:0000H         SYMBOL        _ICE_DUMMY_
  D:0080H         PUBLIC        P0
  D:0090H         PUBLIC        P1
  D:00A0H         PUBLIC        P2
  D:00B0H         PUBLIC        P3
  D:00E8H         PUBLIC        ADC0CN
  D:00A8H         PUBLIC        IE
  B:00A0H.4       PUBLIC        Echo_ultrason_ar
  D:00D8H         PUBLIC        PCA0CN
  B:00A0H.2       PUBLIC        Echo_ultrason_av
  D:00B8H         PUBLIC        IP
  D:00C0H         PUBLIC        SMB0CN
  B:00A0H.3       PUBLIC        Trig_ultrason_ar
  B:00A0H.1       PUBLIC        Trig_ultrason_av
  D:00F8H         PUBLIC        SPI0CN
  D:0088H         PUBLIC        TCON
  B:0088H.5       PUBLIC        TF0
  D:008CH         PUBLIC        TH0
  C:49C7H         PUBLIC        MES_Dist_AR
  D:008AH         PUBLIC        TL0
  C:48B3H         PUBLIC        MES_Dist_AV
  B:0088H.4       PUBLIC        TR0
  D:0098H         PUBLIC        SCON0
  D:00C8H         PUBLIC        T2CON
  D:00D0H         PUBLIC        PSW
  -------         PROC          MES_DIST_AV
  -------         DO            
  D:0004H         SYMBOL        Delta
  X:06F2H         SYMBOL        TL0_tmp
  X:06F6H         SYMBOL        TH0_tmp
  D:0004H         SYMBOL        Duree
  X:06FAH         SYMBOL        Dist
  D:0004H         SYMBOL        Duree2
BL51 BANKED LINKER/LOCATER V6.22                                                      05/23/2018  18:49:23  PAGE 57


  X:06FEH         SYMBOL        i
  X:0700H         SYMBOL        RegistreTemp
  -------         ENDDO         
  C:48B3H         LINE#         12
  C:48B3H         LINE#         19
  C:48BAH         LINE#         22
  C:48BDH         LINE#         23
  C:48BFH         LINE#         24
  C:48C9H         LINE#         25
  C:48D3H         LINE#         27
  C:48E4H         LINE#         28
  C:48E5H         LINE#         29
  C:48F1H         LINE#         30
  C:48F3H         LINE#         32
  C:48F5H         LINE#         33
  C:48F7H         LINE#         35
  C:48FDH         LINE#         37
  C:4900H         LINE#         38
  C:490AH         LINE#         39
  C:490DH         LINE#         41
  C:490DH         LINE#         42
  C:4919H         LINE#         43
  C:4925H         LINE#         44
  C:4928H         LINE#         45
  C:492AH         LINE#         46
  C:4959H         LINE#         47
  C:498AH         LINE#         49
  C:499BH         LINE#         50
  C:49A6H         LINE#         51
  C:49B6H         LINE#         52
  C:49B8H         LINE#         53
  C:49B8H         LINE#         55
  C:49C6H         LINE#         56
  -------         ENDPROC       MES_DIST_AV
  -------         PROC          MES_DIST_AR
  -------         DO            
  D:0004H         SYMBOL        Delta
  X:06F2H         SYMBOL        TL0_tmp
  X:06F6H         SYMBOL        TH0_tmp
  D:0004H         SYMBOL        Duree
  X:06FAH         SYMBOL        Dist
  D:0004H         SYMBOL        Duree2
  X:06FEH         SYMBOL        i
  X:0700H         SYMBOL        RegistreTemp
  -------         ENDDO         
  C:49C7H         LINE#         58
  C:49C7H         LINE#         59
  C:49C7H         LINE#         66
  C:49CEH         LINE#         69
  C:49D1H         LINE#         70
  C:49D3H         LINE#         71
  C:49DDH         LINE#         72
  C:49E7H         LINE#         74
  C:49F8H         LINE#         75
  C:49F9H         LINE#         76
  C:4A05H         LINE#         77
  C:4A07H         LINE#         79
BL51 BANKED LINKER/LOCATER V6.22                                                      05/23/2018  18:49:23  PAGE 58


  C:4A09H         LINE#         80
  C:4A0BH         LINE#         82
  C:4A11H         LINE#         84
  C:4A14H         LINE#         85
  C:4A1EH         LINE#         86
  C:4A21H         LINE#         88
  C:4A21H         LINE#         89
  C:4A2DH         LINE#         90
  C:4A39H         LINE#         91
  C:4A3CH         LINE#         92
  C:4A3EH         LINE#         93
  C:4A6DH         LINE#         94
  C:4A9EH         LINE#         96
  C:4AAFH         LINE#         97
  C:4ABAH         LINE#         98
  C:4ACAH         LINE#         99
  C:4ACCH         LINE#         100
  C:4ACCH         LINE#         102
  C:4ADAH         LINE#         103
  -------         ENDPROC       MES_DIST_AR
  -------         ENDMOD        ULTRASON

  -------         MODULE        ENCODAGE_POINTEUR_LUM
  C:0000H         SYMBOL        _ICE_DUMMY_
  D:00E8H         PUBLIC        ADC0CN
  D:00A8H         PUBLIC        IE
  D:00D8H         PUBLIC        PCA0CN
  D:00B8H         PUBLIC        IP
  D:00C0H         PUBLIC        SMB0CN
  C:5BECH         PUBLIC        pointeur_lum
  D:00F8H         PUBLIC        SPI0CN
  D:0088H         PUBLIC        TCON
  C:5E4BH         SYMBOL        _?ix1000
  D:0098H         PUBLIC        SCON0
  D:00C8H         PUBLIC        T2CON
  D:00D0H         PUBLIC        PSW
  -------         PROC          POINTEUR_LUM
  X:06A6H         SYMBOL        com
  -------         DO            
  X:06CCH         SYMBOL        rep
  D:0007H         SYMBOL        commande_SPI
  D:0006H         SYMBOL        taille_trame
  -------         ENDDO         
  C:5BECH         LINE#         9
  C:5BECH         LINE#         10
  C:5BFFH         LINE#         11
  C:5C01H         LINE#         12
  C:5C03H         LINE#         14
  C:5C03H         LINE#         15
  C:5C0BH         LINE#         16
  C:5C13H         LINE#         17
  C:5C1BH         LINE#         18
  C:5C23H         LINE#         20
  C:5C33H         LINE#         21
  -------         ENDPROC       POINTEUR_LUM
  -------         ENDMOD        ENCODAGE_POINTEUR_LUM

BL51 BANKED LINKER/LOCATER V6.22                                                      05/23/2018  18:49:23  PAGE 59


  -------         MODULE        ?C?FPADD
  C:00ADH         PUBLIC        ?C?FPADD
  C:00A9H         PUBLIC        ?C?FPSUB
  -------         ENDMOD        ?C?FPADD

  -------         MODULE        ?C?FPMUL
  C:019EH         PUBLIC        ?C?FPMUL
  -------         ENDMOD        ?C?FPMUL

  -------         MODULE        ?C?FPDIV
  C:02A7H         PUBLIC        ?C?FPDIV
  -------         ENDMOD        ?C?FPDIV

  -------         MODULE        ?C?FPCMP
  C:0346H         PUBLIC        ?C?FPCMP
  C:0344H         PUBLIC        ?C?FPCMP3
  -------         ENDMOD        ?C?FPCMP

  -------         MODULE        ?C?FCAST
  C:03C7H         PUBLIC        ?C?FCASTC
  C:03C2H         PUBLIC        ?C?FCASTI
  C:03BDH         PUBLIC        ?C?FCASTL
  -------         ENDMOD        ?C?FCAST

  -------         MODULE        ?C?CASTF
  C:03FBH         PUBLIC        ?C?CASTF
  -------         ENDMOD        ?C?CASTF

  -------         MODULE        PRINTF
  X:06F2H         PUBLIC        ?_PRINTF?BYTE
  X:06F2H         PUBLIC        ?_SPRINTF?BYTE
  C:232BH         PUBLIC        _PRINTF
  C:2325H         PUBLIC        _SPRINTF
  -------         ENDMOD        PRINTF

  -------         MODULE        ATAN
  C:4694H         PUBLIC        _ATAN
  -------         ENDMOD        ATAN

  -------         MODULE        CEIL
  C:4CCFH         PUBLIC        _ceil
  -------         ENDMOD        CEIL

  -------         MODULE        POW
  X:06A6H         PUBLIC        ?_pow?BYTE
  C:3DC5H         PUBLIC        _pow
  -------         ENDMOD        POW

  -------         MODULE        ?C?CHKFLOAT
  C:047CH         PUBLIC        ?C?CHKFLOAT
  -------         ENDMOD        ?C?CHKFLOAT

  -------         MODULE        ?C?FPNEG
  C:0496H         PUBLIC        ?C?FPNEG
  -------         ENDMOD        ?C?FPNEG

  -------         MODULE        ?C?FPROUND
BL51 BANKED LINKER/LOCATER V6.22                                                      05/23/2018  18:49:23  PAGE 60


  C:04A7H         PUBLIC        ?C?FPROUND
  -------         ENDMOD        ?C?FPROUND

  -------         MODULE        ?C?FPCONVERT
  C:04E4H         PUBLIC        ?C?FPCONVERT
  -------         ENDMOD        ?C?FPCONVERT

  -------         MODULE        EXP
  C:523CH         PUBLIC        _EXP
  -------         ENDMOD        EXP

  -------         MODULE        LOG
  C:4335H         PUBLIC        _LOG
  C:4331H         PUBLIC        _LOG10
  -------         ENDMOD        LOG

  -------         MODULE        ?C?FTNPWR
  C:0666H         PUBLIC        ?C?FTNPWR
  -------         ENDMOD        ?C?FTNPWR

  -------         MODULE        ?C?COPY
  C:0776H         PUBLIC        ?C?COPY
  -------         ENDMOD        ?C?COPY

  -------         MODULE        ?C?SCDIV
  C:079CH         PUBLIC        ?C?SCDIV
  -------         ENDMOD        ?C?SCDIV

  -------         MODULE        ?C?CLDPTR
  C:07BEH         PUBLIC        ?C?CLDPTR
  -------         ENDMOD        ?C?CLDPTR

  -------         MODULE        ?C?CLDOPTR
  C:07D7H         PUBLIC        ?C?CLDOPTR
  -------         ENDMOD        ?C?CLDOPTR

  -------         MODULE        ?C?CSTPTR
  C:0804H         PUBLIC        ?C?CSTPTR
  -------         ENDMOD        ?C?CSTPTR

  -------         MODULE        ?C?CSTOPTR
  C:0816H         PUBLIC        ?C?CSTOPTR
  -------         ENDMOD        ?C?CSTOPTR

  -------         MODULE        ?C?IMUL
  C:0838H         PUBLIC        ?C?IMUL
  -------         ENDMOD        ?C?IMUL

  -------         MODULE        ?C?SIDIV
  C:084AH         PUBLIC        ?C?SIDIV
  -------         ENDMOD        ?C?SIDIV

  -------         MODULE        ?C?IILDX
  C:0880H         PUBLIC        ?C?IILDX
  -------         ENDMOD        ?C?IILDX

  -------         MODULE        ?C?LNEG
BL51 BANKED LINKER/LOCATER V6.22                                                      05/23/2018  18:49:23  PAGE 61


  C:0896H         PUBLIC        ?C?LNEG
  -------         ENDMOD        ?C?LNEG

  -------         MODULE        ?C?SLCMP
  C:08A4H         PUBLIC        ?C?SLCMP
  -------         ENDMOD        ?C?SLCMP

  -------         MODULE        ?C?ULCMP
  C:08BAH         PUBLIC        ?C?ULCMP
  -------         ENDMOD        ?C?ULCMP

  -------         MODULE        ?C?LLDCODE
  C:08CBH         PUBLIC        ?C?LLDCODE
  -------         ENDMOD        ?C?LLDCODE

  -------         MODULE        ?C?LLDXDATA0
  C:08DBH         PUBLIC        ?C?LLDXDATA0
  -------         ENDMOD        ?C?LLDXDATA0

  -------         MODULE        ?C?LLDCODE0
  C:08E7H         PUBLIC        ?C?LLDCODE0
  -------         ENDMOD        ?C?LLDCODE0

  -------         MODULE        ?C?LSTXDATA
  C:08F7H         PUBLIC        ?C?LSTXDATA
  -------         ENDMOD        ?C?LSTXDATA

  -------         MODULE        ?C?LSTKXDATA
  C:0903H         PUBLIC        ?C?LSTKXDATA
  -------         ENDMOD        ?C?LSTKXDATA

  -------         MODULE        ?C?PLDIXDATA
  C:0934H         PUBLIC        ?C?PLDIXDATA
  -------         ENDMOD        ?C?PLDIXDATA

  -------         MODULE        ?C?PSTXDATA
  C:094BH         PUBLIC        ?C?PSTXDATA
  -------         ENDMOD        ?C?PSTXDATA

  -------         MODULE        ?C?CCASE
  C:0954H         PUBLIC        ?C?CCASE
  -------         ENDMOD        ?C?CCASE

  -------         MODULE        PUTCHAR
  C:0076H         PUBLIC        _PUTCHAR
  -------         ENDMOD        PUTCHAR

  -------         MODULE        STRCAT
  X:06FBH         PUBLIC        ?_strcat?BYTE
  C:584EH         PUBLIC        _strcat
  -------         ENDMOD        STRCAT

  -------         MODULE        ?C?STRCPY
  C:0A46H         PUBLIC        ?C?STRCPY
  -------         ENDMOD        ?C?STRCPY

  -------         MODULE        STRLEN
BL51 BANKED LINKER/LOCATER V6.22                                                      05/23/2018  18:49:23  PAGE 62


  C:5D56H         PUBLIC        _STRLEN
  -------         ENDMOD        STRLEN

  -------         MODULE        ?C?MEMSET
  C:0A63H         PUBLIC        ?C?MEMSET
  -------         ENDMOD        ?C?MEMSET

  -------         MODULE        ?C?UIDIV
  C:0A8FH         PUBLIC        ?C?UIDIV
  -------         ENDMOD        ?C?UIDIV

  -------         MODULE        ?C?ILDIX
  C:0AE4H         PUBLIC        ?C?ILDIX
  -------         ENDMOD        ?C?ILDIX

*** WARNING L16: UNCALLED SEGMENT, IGNORED FOR OVERLAY PROCESS
    SEGMENT: ?PR?_ITOS?FONCTIONS_COTE_SERIALIZER

*** WARNING L16: UNCALLED SEGMENT, IGNORED FOR OVERLAY PROCESS
    SEGMENT: ?PR?SERINCHAR?UART0_RINGBUFFER_LIB

*** WARNING L16: UNCALLED SEGMENT, IGNORED FOR OVERLAY PROCESS
    SEGMENT: ?PR?SERINCHAR_BIN?UART0_RINGBUFFER_LIB

*** WARNING L16: UNCALLED SEGMENT, IGNORED FOR OVERLAY PROCESS
    SEGMENT: ?PR?SERINCHAR_BIN1?UART1

Program Size: data=15.3 xdata=3085 code=24136
LINK/LOCATE RUN COMPLETE.  4 WARNING(S),  0 ERROR(S)
