BL51 BANKED LINKER/LOCATER V6.22                                                        05/23/2018  10:43:45  PAGE 1


BL51 BANKED LINKER/LOCATER V6.22, INVOKED BY:
C:\KEIL\C51\BIN\BL51.EXE STARTUP.obj, Config_ADC.obj, Config_Globale.obj, Config_SPI.obj, Detect_Obst.obj, Fonctions_cot
>> e_serializer.obj, Generation_son.obj, Gpio.obj, Lien_Structure_commande.obj, main.obj, Mesure_courant.obj, Servomoteu
>> r_Horizontal.obj, Timers.obj, Transmission_SPI.obj, UART0_RingBuffer_lib.obj, UART1.obj, ultrason.obj, Encodage_Point
>> eur_lum.obj TO Master RAMSIZE (256)


MEMORY MODEL: LARGE WITH FLOATING POINT ARITHMETIC


INPUT MODULES INCLUDED:
  STARTUP.obj (?C_STARTUP)
  Config_ADC.obj (CONFIG_ADC)
  Config_Globale.obj (CONFIG_GLOBALE)
  Config_SPI.obj (CONFIG_SPI)
  Detect_Obst.obj (DETECT_OBST)
  Fonctions_cote_serializer.obj (FONCTIONS_COTE_SERIALIZER)
  Generation_son.obj (GENERATION_SON)
  Gpio.obj (GPIO)
  Lien_Structure_commande.obj (LIEN_STRUCTURE_COMMANDE)
  main.obj (MAIN)
  Mesure_courant.obj (MESURE_COURANT)
  Servomoteur_Horizontal.obj (SERVOMOTEUR_HORIZONTAL)
  Timers.obj (TIMERS)
  Transmission_SPI.obj (TRANSMISSION_SPI)
  UART0_RingBuffer_lib.obj (UART0_RINGBUFFER_LIB)
  UART1.obj (UART1)
  ultrason.obj (ULTRASON)
  Encodage_Pointeur_lum.obj (ENCODAGE_POINTEUR_LUM)
  C:\KEIL\C51\LIB\C51FPL.LIB (?C?FPADD)
  C:\KEIL\C51\LIB\C51FPL.LIB (?C?FPMUL)
  C:\KEIL\C51\LIB\C51FPL.LIB (?C?FPDIV)
  C:\KEIL\C51\LIB\C51FPL.LIB (?C?FPCMP)
  C:\KEIL\C51\LIB\C51FPL.LIB (?C?FCAST)
  C:\KEIL\C51\LIB\C51FPL.LIB (?C?CASTF)
  C:\KEIL\C51\LIB\C51FPL.LIB (PRINTF)
  C:\KEIL\C51\LIB\C51FPL.LIB (ATAN)
  C:\KEIL\C51\LIB\C51FPL.LIB (CEIL)
  C:\KEIL\C51\LIB\C51FPL.LIB (POW)
  C:\KEIL\C51\LIB\C51FPL.LIB (?C?FPGETOPN)
  C:\KEIL\C51\LIB\C51FPL.LIB (?C?CHKFLOAT)
  C:\KEIL\C51\LIB\C51FPL.LIB (?C?FPNEG)
  C:\KEIL\C51\LIB\C51FPL.LIB (?C?FPROUND)
  C:\KEIL\C51\LIB\C51FPL.LIB (?C?FPCONVERT)
  C:\KEIL\C51\LIB\C51FPL.LIB (?C?FPSERIES)
  C:\KEIL\C51\LIB\C51FPL.LIB (EXP)
  C:\KEIL\C51\LIB\C51FPL.LIB (LOG)
  C:\KEIL\C51\LIB\C51FPL.LIB (?C?FTNPWR)
  C:\KEIL\C51\LIB\C51L.LIB (?C_INIT)
  C:\KEIL\C51\LIB\C51L.LIB (?C?COPY)
  C:\KEIL\C51\LIB\C51L.LIB (?C?SCDIV)
  C:\KEIL\C51\LIB\C51L.LIB (?C?CLDPTR)
  C:\KEIL\C51\LIB\C51L.LIB (?C?CLDOPTR)
  C:\KEIL\C51\LIB\C51L.LIB (?C?CSTPTR)
  C:\KEIL\C51\LIB\C51L.LIB (?C?CSTOPTR)
  C:\KEIL\C51\LIB\C51L.LIB (?C?IMUL)
  C:\KEIL\C51\LIB\C51L.LIB (?C?SIDIV)
  C:\KEIL\C51\LIB\C51L.LIB (?C?IILDX)
BL51 BANKED LINKER/LOCATER V6.22                                                      05/23/2018  10:43:45  PAGE 2


  C:\KEIL\C51\LIB\C51L.LIB (?C?LNEG)
  C:\KEIL\C51\LIB\C51L.LIB (?C?SLCMP)
  C:\KEIL\C51\LIB\C51L.LIB (?C?ULCMP)
  C:\KEIL\C51\LIB\C51L.LIB (?C?LLDCODE)
  C:\KEIL\C51\LIB\C51L.LIB (?C?LLDXDATA0)
  C:\KEIL\C51\LIB\C51L.LIB (?C?LLDCODE0)
  C:\KEIL\C51\LIB\C51L.LIB (?C?LSTXDATA)
  C:\KEIL\C51\LIB\C51L.LIB (?C?LSTKXDATA)
  C:\KEIL\C51\LIB\C51L.LIB (?C?PLDIXDATA)
  C:\KEIL\C51\LIB\C51L.LIB (?C?PSTXDATA)
  C:\KEIL\C51\LIB\C51L.LIB (?C?CCASE)
  C:\KEIL\C51\LIB\C51L.LIB (PUTCHAR)
  C:\KEIL\C51\LIB\C51L.LIB (STRCAT)
  C:\KEIL\C51\LIB\C51L.LIB (?C?STRCPY)
  C:\KEIL\C51\LIB\C51L.LIB (STRLEN)
  C:\KEIL\C51\LIB\C51L.LIB (?C?MEMSET)
  C:\KEIL\C51\LIB\C51L.LIB (?C?UIDIV)
  C:\KEIL\C51\LIB\C51L.LIB (?C?ILDIX)


LINK MAP OF MODULE:  Master (?C_STARTUP)


            TYPE    BASE      LENGTH    RELOCATION   SEGMENT NAME
            -----------------------------------------------------

            * * * * * * *   D A T A   M E M O R Y   * * * * * * *
            REG     0000H     0008H     ABSOLUTE     "REG BANK 0"
            DATA    0008H     0005H     UNIT         _DATA_GROUP_
                    000DH     0013H                  *** GAP ***
            BIT     0020H.0   0001H.1   UNIT         _BIT_GROUP_
            BIT     0021H.1   0000H.1   UNIT         ?BI?UART0_RINGBUFFER_LIB
            BIT     0021H.2   0000H.1   UNIT         ?BI?UART1
                    0021H.3   0000H.5                *** GAP ***
            IDATA   0022H     0001H     UNIT         ?STACK

            * * * * * * *  X D A T A   M E M O R Y  * * * * * * *
            XDATA   0000H     072CH     UNIT         _XDATA_GROUP_
            XDATA   072CH     0369H     UNIT         ?XD?DETECT_OBST
            XDATA   0A95H     0086H     UNIT         ?XD?LIEN_STRUCTURE_COMMANDE
            XDATA   0B1BH     0050H     UNIT         ?XD?UART0_RINGBUFFER_LIB
            XDATA   0B6BH     0050H     UNIT         ?XD?UART1
            XDATA   0BBBH     003DH     UNIT         ?XD?MAIN
            XDATA   0BF8H     0011H     UNIT         ?XD?_ITOS?FONCTIONS_COTE_SERIALIZER
            XDATA   0C09H     0002H     UNIT         ?XD?SERINCHAR_BIN?UART0_RINGBUFFER_LIB
            XDATA   0C0BH     0002H     UNIT         ?XD?SERINCHAR_BIN1?UART1

            * * * * * * *   C O D E   M E M O R Y   * * * * * * *
            CODE    0000H     0003H     ABSOLUTE     
            CODE    0003H     001DH     UNIT         ?PR?_TRUE_VIT?FONCTIONS_COTE_SERIALIZER
                    0020H     0003H                  *** GAP ***
            CODE    0023H     0003H     ABSOLUTE     
            CODE    0026H     0005H     UNIT         ?PR?ISR_TIMER2?MAIN
            CODE    002BH     0003H     ABSOLUTE     
            CODE    002EH     0043H     UNIT         ?PR?_TRAME_EMISE?TRANSMISSION_SPI
                    0071H     0002H                  *** GAP ***
            CODE    0073H     0003H     ABSOLUTE     
BL51 BANKED LINKER/LOCATER V6.22                                                      05/23/2018  10:43:45  PAGE 3


            CODE    0076H     0027H     UNIT         ?PR?PUTCHAR?PUTCHAR
            CODE    009DH     0004H     UNIT         ?PR?CFG_VREF?CONFIG_ADC
                    00A1H     0002H                  *** GAP ***
            CODE    00A3H     0003H     ABSOLUTE     
            CODE    00A6H     0A54H     UNIT         ?C?LIB_CODE
            CODE    0AFAH     07ADH     UNIT         ?PR?FONCTIONROUTAGE?LIEN_STRUCTURE_COMMANDE
            CODE    12A7H     05FBH     UNIT         ?PR?DETECT_OBST?DETECT_OBST
            CODE    18A2H     0530H     UNIT         ?PR?FORMATE_SERIALIZER?FONCTIONS_COTE_SERIALIZER
            CODE    1DD2H     04EEH     UNIT         ?CO?LIEN_STRUCTURE_COMMANDE
            CODE    22C0H     0483H     UNIT         ?PR?PRINTF?PRINTF
            CODE    2743H     0320H     UNIT         ?PR?_TRAITEMENT_M?MAIN
            CODE    2A63H     025BH     UNIT         ?PR?_TRAITEMENT_S?MAIN
            CODE    2CBEH     0239H     UNIT         ?PR?_TRAITEMENT_L?MAIN
            CODE    2EF7H     0238H     UNIT         ?PR?TRANSCODE_COMMANDE_TO_SERIALIZER?FONCTIONS_COTE_SERIALIZER
            CODE    312FH     0223H     UNIT         ?PR?_MESSAGE?MAIN
            CODE    3352H     021EH     UNIT         ?PR?_CONV?MAIN
            CODE    3570H     01E8H     UNIT         ?C_INITSEG
            CODE    3758H     01BDH     UNIT         ?PR?_TRAITEMENT_C?MAIN
            CODE    3915H     01B3H     UNIT         ?PR?_TRAITEMENT_G?MAIN
            CODE    3AC8H     017EH     UNIT         ?PR?MAIN?MAIN
            CODE    3C46H     0179H     UNIT         ?CO?MAIN
            CODE    3DBFH     0166H     UNIT         ?PR?_POW?POW
            CODE    3F25H     0159H     UNIT         ?PR?_TRAITEMENT_R?MAIN
            CODE    407EH     0153H     UNIT         ?PR?_TRAITEMENT_A?MAIN
            CODE    41D1H     012AH     UNIT         ?PR?_TRAITEMENT_D?MAIN
            CODE    42FBH     0129H     UNIT         ?PR?LOG?LOG
            CODE    4424H     0127H     UNIT         ?PR?_ITOS?FONCTIONS_COTE_SERIALIZER
            CODE    454BH     0123H     UNIT         ?PR?_TRUE_TICKS?FONCTIONS_COTE_SERIALIZER
            CODE    466EH     0122H     UNIT         ?PR?ATAN?ATAN
            CODE    4790H     011DH     UNIT         ?PR?DETECTION_AV_AR?DETECT_OBST
            CODE    48ADH     0114H     UNIT         ?PR?MES_DIST_AV?ULTRASON
            CODE    49C1H     0114H     UNIT         ?PR?MES_DIST_AR?ULTRASON
            CODE    4AD5H     00FCH     UNIT         ?PR?UART1_ISR?UART1
            CODE    4BD1H     00F8H     UNIT         ?PR?UART0_ISR?UART0_RINGBUFFER_LIB
            CODE    4CC9H     00EFH     UNIT         ?PR?_CEIL?CEIL
            CODE    4DB8H     00D2H     UNIT         ?PR?_CONVERSIONANGLE_POSITIF?MAIN
            CODE    4E8AH     00BFH     UNIT         ?PR?TEMPO_EMISS?LIEN_STRUCTURE_COMMANDE
            CODE    4F49H     00BCH     UNIT         ?PR?DETECTION_AV?DETECT_OBST
            CODE    5005H     00ABH     UNIT         ?PR?ROUTAGE?LIEN_STRUCTURE_COMMANDE
            CODE    50B0H     00AAH     UNIT         ?PR?_AFFICHAGE_AV_AR?DETECT_OBST
            CODE    515AH     00A3H     UNIT         ?PR?_CDE_SERVO_H?SERVOMOTEUR_HORIZONTAL
            CODE    51FDH     009AH     UNIT         ?PR?EXP?EXP
            CODE    5297H     0097H     UNIT         ?PR?COURANT_ADC?MESURE_COURANT
            CODE    532EH     008CH     UNIT         ?C_C51STARTUP
            CODE    53BAH     008BH     UNIT         ?PR?_TRAITEMENT_B?MAIN
            CODE    5445H     008BH     UNIT         ?PR?_SEROUTCHAR1?UART1
            CODE    54D0H     008AH     UNIT         ?PR?_SEROUTCHAR?UART0_RINGBUFFER_LIB
            CODE    555AH     0084H     UNIT         ?PR?ISR_TIMER3?MAIN
            CODE    55DEH     0082H     UNIT         ?PR?_TRAITEMENT_T?MAIN
            CODE    5660H     007DH     UNIT         ?PR?SERINCHAR_BIN?UART0_RINGBUFFER_LIB
            CODE    56DDH     007DH     UNIT         ?PR?SERINCHAR_BIN1?UART1
            CODE    575AH     007AH     UNIT         ?PR?_ECHANGE_TRAME?TRANSMISSION_SPI
            CODE    57D4H     0073H     UNIT         ?PR?_AFFICHAGE_AV?DETECT_OBST
            CODE    5847H     006BH     UNIT         ?PR?_STRCAT?STRCAT
            CODE    58B2H     0064H     UNIT         ?PR?SERINCHAR?UART0_RINGBUFFER_LIB
            CODE    5916H     0064H     UNIT         ?PR?SERINCHAR1?UART1
            CODE    597AH     005EH     UNIT         ?PR?_SEROUTSTRING?UART0_RINGBUFFER_LIB
BL51 BANKED LINKER/LOCATER V6.22                                                      05/23/2018  10:43:45  PAGE 4


            CODE    59D8H     005EH     UNIT         ?PR?_SEROUTSTRING1?UART1
            CODE    5A36H     005BH     UNIT         ?PR?INIT_SERIAL_BUFFER?UART0_RINGBUFFER_LIB
            CODE    5A91H     005BH     UNIT         ?PR?INIT_SERIAL_BUFFER1?UART1
            CODE    5AECH     0059H     UNIT         ?CO?FONCTIONS_COTE_SERIALIZER
            CODE    5B45H     0055H     UNIT         ?PR?_CONV_ANGLE_TICKS?FONCTIONS_COTE_SERIALIZER
            CODE    5B9AH     004BH     UNIT         ?PR?SON_SONORE?GENERATION_SON
            CODE    5BE5H     004AH     UNIT         ?PR?POINTEUR_LUM?ENCODAGE_POINTEUR_LUM
            CODE    5C2FH     0049H     UNIT         ?PR?_CONVERSIONCOORD_2?MAIN
            CODE    5C78H     0024H     UNIT         ?PR?_CONVERSIONCOORD?MAIN
            CODE    5C9CH     0024H     UNIT         ?PR?CONFIG_TIMER2?TIMERS
            CODE    5CC0H     0024H     UNIT         ?PR?CONFIG_TIMER3?TIMERS
            CODE    5CE4H     0023H     UNIT         ?PR?_CONV_DISTANCE_TICKS?FONCTIONS_COTE_SERIALIZER
            CODE    5D07H     001AH     UNIT         ?PR?OSCILLATOR_INIT?CONFIG_GLOBALE
            CODE    5D21H     0019H     UNIT         ?PR?GPIO_CONFIG?CONFIG_GLOBALE
            CODE    5D3AH     0015H     UNIT         ?PR?CONFIG_SPI_MASTER?CONFIG_SPI
            CODE    5D4FH     0015H     UNIT         ?PR?_STRLEN?STRLEN
            CODE    5D64H     0013H     UNIT         ?PR?CFG_ADC0?CONFIG_ADC
            CODE    5D77H     0013H     UNIT         ?PR?CFG_CLOCK_UART?UART0_RINGBUFFER_LIB
            CODE    5D8AH     0012H     UNIT         ?PR?TRAITEMENT_E?MAIN
            CODE    5D9CH     0012H     UNIT         ?PR?CFG_UART0_MODE1?UART0_RINGBUFFER_LIB
            CODE    5DAEH     0011H     UNIT         ?CO?DETECT_OBST
            CODE    5DBFH     0010H     UNIT         ?PR?_DEBUT_TRAME?TRANSMISSION_SPI
            CODE    5DCFH     0010H     UNIT         ?PR?CFG_UART1?UART1
            CODE    5DDFH     000DH     UNIT         ?PR?TRAITEMENT_Q?MAIN
            CODE    5DECH     000DH     UNIT         ?PR?TRAME_RECUE?TRANSMISSION_SPI
            CODE    5DF9H     000CH     UNIT         ?PR?INIT_DEVICE?CONFIG_GLOBALE
            CODE    5E05H     000BH     UNIT         ?PR?CONFIG_TIMER0?TIMERS
            CODE    5E10H     000AH     UNIT         ?PR?ACQ_ADC?CONFIG_ADC
            CODE    5E1AH     000AH     UNIT         ?PR?INITIALISATION_TIMER0?TIMERS
            CODE    5E24H     000AH     UNIT         ?PR?FIN_TRAME?TRANSMISSION_SPI
            CODE    5E2EH     0007H     UNIT         ?PR?DISABLE_WDT?CONFIG_GLOBALE
            CODE    5E35H     0007H     UNIT         ?PR?_ECHANGE_OCTET?TRANSMISSION_SPI
            CODE    5E3CH     0004H     UNIT         ?PR?RESET_SRC?CONFIG_GLOBALE
            CODE    5E40H     0004H     UNIT         ?CO?GENERATION_SON
            CODE    5E44H     0004H     UNIT         ?CO?ENCODAGE_POINTEUR_LUM



OVERLAY MAP OF MODULE:   Master (?C_STARTUP)


SEGMENT                                             BIT_GROUP          DATA_GROUP          XDATA_GROUP
  +--> CALLED SEGMENT                            START    LENGTH     START    LENGTH     START    LENGTH
--------------------------------------------------------------------------------------------------------
?C_C51STARTUP                                    -----    -----      -----    -----      -----    -----
  +--> ?PR?MAIN?MAIN
  +--> ?C_INITSEG

?PR?MAIN?MAIN                                    -----    -----      -----    -----      0000H    009CH
  +--> ?CO?MAIN
  +--> ?PR?INIT_DEVICE?CONFIG_GLOBALE
  +--> ?PR?CONFIG_TIMER2?TIMERS
  +--> ?PR?CONFIG_TIMER0?TIMERS
  +--> ?PR?CONFIG_TIMER3?TIMERS
  +--> ?PR?CONFIG_SPI_MASTER?CONFIG_SPI
  +--> ?PR?CFG_VREF?CONFIG_ADC
  +--> ?PR?CFG_ADC0?CONFIG_ADC
BL51 BANKED LINKER/LOCATER V6.22                                                      05/23/2018  10:43:45  PAGE 5


  +--> ?PR?CFG_CLOCK_UART?UART0_RINGBUFFER_LIB
  +--> ?PR?CFG_UART0_MODE1?UART0_RINGBUFFER_LIB
  +--> ?PR?INIT_SERIAL_BUFFER?UART0_RINGBUFF...
  +--> ?PR?INIT_SERIAL_BUFFER1?UART1
  +--> ?PR?CFG_UART1?UART1
  +--> ?PR?_SEROUTSTRING?UART0_RINGBUFFER_LIB
  +--> ?PR?_STRLEN?STRLEN
  +--> ?PR?_MESSAGE?MAIN
  +--> ?PR?FONCTIONROUTAGE?LIEN_STRUCTURE_CO...

?PR?INIT_DEVICE?CONFIG_GLOBALE                   -----    -----      -----    -----      -----    -----
  +--> ?PR?RESET_SRC?CONFIG_GLOBALE
  +--> ?PR?DISABLE_WDT?CONFIG_GLOBALE
  +--> ?PR?OSCILLATOR_INIT?CONFIG_GLOBALE
  +--> ?PR?GPIO_CONFIG?CONFIG_GLOBALE

?PR?CONFIG_TIMER3?TIMERS                         -----    -----      -----    -----      -----    -----
  +--> ?PR?_CEIL?CEIL

?PR?_CEIL?CEIL                                   -----    -----      -----    -----      06E0H    0008H

?PR?_SEROUTSTRING?UART0_RINGBUFFER_LIB           -----    -----      -----    -----      06A6H    0005H
  +--> ?PR?_STRLEN?STRLEN
  +--> ?PR?_SEROUTCHAR?UART0_RINGBUFFER_LIB

?PR?_MESSAGE?MAIN                                -----    -----      -----    -----      009CH    0029H
  +--> ?PR?_TRAITEMENT_A?MAIN
  +--> ?PR?_TRAITEMENT_T?MAIN
  +--> ?PR?_TRAITEMENT_D?MAIN
  +--> ?PR?TRAITEMENT_E?MAIN
  +--> ?PR?TRAITEMENT_Q?MAIN
  +--> ?PR?_TRAITEMENT_L?MAIN
  +--> ?PR?_TRAITEMENT_M?MAIN
  +--> ?PR?_TRAITEMENT_B?MAIN
  +--> ?PR?_TRAITEMENT_S?MAIN
  +--> ?PR?_TRAITEMENT_G?MAIN
  +--> ?PR?_TRAITEMENT_R?MAIN
  +--> ?PR?_TRAITEMENT_C?MAIN

?PR?_TRAITEMENT_A?MAIN                           -----    -----      -----    -----      00C5H    002EH
  +--> ?PR?_CONVERSIONANGLE_POSITIF?MAIN
  +--> ?CO?MAIN

?PR?_CONVERSIONANGLE_POSITIF?MAIN                -----    -----      -----    -----      00F5H    0008H

?PR?_TRAITEMENT_T?MAIN                           -----    -----      -----    -----      00C5H    002CH
  +--> ?PR?_CONVERSIONANGLE_POSITIF?MAIN
  +--> ?CO?MAIN

?PR?_TRAITEMENT_D?MAIN                           -----    -----      -----    -----      00C5H    0029H
  +--> ?CO?MAIN

?PR?TRAITEMENT_E?MAIN                            -----    -----      -----    -----      00C5H    0026H

?PR?TRAITEMENT_Q?MAIN                            -----    -----      -----    -----      00C5H    0026H

?PR?_TRAITEMENT_L?MAIN                           -----    -----      -----    -----      00C5H    002FH
BL51 BANKED LINKER/LOCATER V6.22                                                      05/23/2018  10:43:45  PAGE 6


  +--> ?PR?_CONVERSIONCOORD_2?MAIN

?PR?_CONVERSIONCOORD_2?MAIN                      -----    -----      -----    -----      00F4H    0002H

?PR?_TRAITEMENT_M?MAIN                           -----    -----      -----    -----      00C5H    002EH
  +--> ?PR?_CONVERSIONCOORD?MAIN

?PR?_TRAITEMENT_B?MAIN                           -----    -----      -----    -----      00C5H    002CH
  +--> ?PR?_CONVERSIONANGLE_POSITIF?MAIN

?PR?_TRAITEMENT_S?MAIN                           -----    -----      -----    -----      00C5H    0031H
  +--> ?PR?_CONVERSIONCOORD?MAIN

?PR?_TRAITEMENT_G?MAIN                           -----    -----      -----    -----      00C5H    0035H
  +--> ?PR?_STRLEN?STRLEN
  +--> ?PR?_CONV?MAIN

?PR?_CONV?MAIN                                   -----    -----      -----    -----      00FAH    000FH
  +--> ?PR?_POW?POW
  +--> ?PR?_CEIL?CEIL

?PR?_POW?POW                                     -----    -----      -----    -----      06A6H    000AH
  +--> ?PR?LOG?LOG
  +--> ?PR?EXP?EXP

?PR?LOG?LOG                                      0020H.0  0000H.1    -----    -----      06B0H    0004H

?PR?_TRAITEMENT_R?MAIN                           -----    -----      -----    -----      00C5H    0030H
  +--> ?PR?_CONVERSIONANGLE_POSITIF?MAIN

?PR?_TRAITEMENT_C?MAIN                           -----    -----      -----    -----      00C5H    0030H
  +--> ?PR?_CONVERSIONANGLE_POSITIF?MAIN

?PR?FONCTIONROUTAGE?LIEN_STRUCTURE_CO...         -----    -----      -----    -----      009CH    060AH
  +--> ?CO?LIEN_STRUCTURE_COMMANDE
  +--> ?PR?ROUTAGE?LIEN_STRUCTURE_COMMANDE
  +--> ?PR?_CDE_SERVO_H?SERVOMOTEUR_HORIZONTAL
  +--> ?PR?_SEROUTSTRING?UART0_RINGBUFFER_LIB
  +--> ?PR?_STRLEN?STRLEN
  +--> ?PR?_STRCAT?STRCAT
  +--> ?PR?_ECHANGE_TRAME?TRANSMISSION_SPI
  +--> ?PR?TEMPO_EMISS?LIEN_STRUCTURE_COMMANDE
  +--> ?PR?TRAME_RECUE?TRANSMISSION_SPI
  +--> ?PR?PRINTF?PRINTF
  +--> ?PR?ATAN?ATAN
  +--> ?PR?_POW?POW
  +--> ?PR?_CEIL?CEIL
  +--> ?PR?TRANSCODE_COMMANDE_TO_SERIALIZER?...
  +--> ?PR?FORMATE_SERIALIZER?FONCTIONS_COTE...
  +--> ?PR?_SEROUTSTRING1?UART1
  +--> ?PR?SERINCHAR1?UART1
  +--> ?PR?DETECT_OBST?DETECT_OBST
  +--> ?PR?SON_SONORE?GENERATION_SON
  +--> ?PR?POINTEUR_LUM?ENCODAGE_POINTEUR_LUM

?PR?ROUTAGE?LIEN_STRUCTURE_COMMANDE              -----    -----      -----    -----      06A6H    0029H

BL51 BANKED LINKER/LOCATER V6.22                                                      05/23/2018  10:43:45  PAGE 7


?PR?_CDE_SERVO_H?SERVOMOTEUR_HORIZONTAL          -----    -----      -----    -----      06CCH    0008H
  +--> ?PR?_CEIL?CEIL

?PR?_STRCAT?STRCAT                               -----    -----      -----    -----      06FBH    0009H

?PR?_ECHANGE_TRAME?TRANSMISSION_SPI              -----    -----      -----    -----      06D0H    000BH
  +--> ?PR?_DEBUT_TRAME?TRANSMISSION_SPI
  +--> ?PR?_ECHANGE_OCTET?TRANSMISSION_SPI
  +--> ?PR?FIN_TRAME?TRANSMISSION_SPI

?PR?_DEBUT_TRAME?TRANSMISSION_SPI                -----    -----      -----    -----      06DBH    0001H
  +--> ?PR?_TRAME_EMISE?TRANSMISSION_SPI

?PR?_TRAME_EMISE?TRANSMISSION_SPI                -----    -----      -----    -----      06DCH    0003H

?PR?_ECHANGE_OCTET?TRANSMISSION_SPI              -----    -----      -----    -----      -----    -----
  +--> ?PR?_TRAME_EMISE?TRANSMISSION_SPI
  +--> ?PR?TRAME_RECUE?TRANSMISSION_SPI

?PR?TRAME_RECUE?TRANSMISSION_SPI                 -----    -----      -----    -----      06DBH    0001H
  +--> ?PR?_TRAME_EMISE?TRANSMISSION_SPI

?PR?FIN_TRAME?TRANSMISSION_SPI                   -----    -----      -----    -----      -----    -----
  +--> ?PR?_TRAME_EMISE?TRANSMISSION_SPI

?PR?TEMPO_EMISS?LIEN_STRUCTURE_COMMANDE          -----    -----      -----    -----      06D0H    0002H

?PR?PRINTF?PRINTF                                0020H.0  0001H.1    0008H    0005H      06F2H    0030H
  +--> ?PR?PUTCHAR?PUTCHAR

?PR?ATAN?ATAN                                    0020H.0  0000H.2    -----    -----      06A6H    0004H

?PR?TRANSCODE_COMMANDE_TO_SERIALIZER?...         -----    -----      -----    -----      06A6H    0036H
  +--> ?PR?_CONV_ANGLE_TICKS?FONCTIONS_COTE_...
  +--> ?PR?_CONV_DISTANCE_TICKS?FONCTIONS_CO...

?PR?_CONV_ANGLE_TICKS?FONCTIONS_COTE_...         -----    -----      -----    -----      06DCH    0004H
  +--> ?PR?_CEIL?CEIL

?PR?_CONV_DISTANCE_TICKS?FONCTIONS_CO...         -----    -----      -----    -----      -----    -----
  +--> ?PR?_CEIL?CEIL

?PR?FORMATE_SERIALIZER?FONCTIONS_COTE...         -----    -----      -----    -----      06A6H    001BH
  +--> ?CO?FONCTIONS_COTE_SERIALIZER
  +--> ?PR?_TRUE_VIT?FONCTIONS_COTE_SERIALIZER
  +--> ?PR?PRINTF?PRINTF
  +--> ?PR?_STRCAT?STRCAT
  +--> ?PR?_TRUE_TICKS?FONCTIONS_COTE_SERIAL...

?PR?_TRUE_TICKS?FONCTIONS_COTE_SERIAL...         -----    -----      -----    -----      06C1H    000BH
  +--> ?CO?FONCTIONS_COTE_SERIALIZER
  +--> ?PR?PRINTF?PRINTF
  +--> ?PR?_STRCAT?STRCAT
  +--> ?PR?_STRLEN?STRLEN

?PR?_SEROUTSTRING1?UART1                         -----    -----      -----    -----      06A6H    0005H
  +--> ?PR?_STRLEN?STRLEN
BL51 BANKED LINKER/LOCATER V6.22                                                      05/23/2018  10:43:45  PAGE 8


  +--> ?PR?_SEROUTCHAR1?UART1

?PR?DETECT_OBST?DETECT_OBST                      -----    -----      -----    -----      06A6H    0026H
  +--> ?PR?DETECTION_AV?DETECT_OBST
  +--> ?PR?DETECTION_AV_AR?DETECT_OBST
  +--> ?PR?_CDE_SERVO_H?SERVOMOTEUR_HORIZONTAL
  +--> ?CO?DETECT_OBST
  +--> ?PR?PRINTF?PRINTF
  +--> ?PR?_AFFICHAGE_AV?DETECT_OBST

?PR?DETECTION_AV?DETECT_OBST                     -----    -----      -----    -----      06CCH    0026H
  +--> ?PR?MES_DIST_AV?ULTRASON
  +--> ?CO?DETECT_OBST
  +--> ?PR?PRINTF?PRINTF
  +--> ?PR?_AFFICHAGE_AV?DETECT_OBST

?PR?MES_DIST_AV?ULTRASON                         -----    -----      -----    -----      06F2H    0012H
  +--> ?PR?INITIALISATION_TIMER0?TIMERS

?PR?_AFFICHAGE_AV?DETECT_OBST                    -----    -----      -----    -----      06F2H    0006H
  +--> ?PR?_STRCAT?STRCAT
  +--> ?CO?DETECT_OBST

?PR?DETECTION_AV_AR?DETECT_OBST                  -----    -----      -----    -----      06CCH    0026H
  +--> ?PR?MES_DIST_AV?ULTRASON
  +--> ?PR?MES_DIST_AR?ULTRASON
  +--> ?CO?DETECT_OBST
  +--> ?PR?PRINTF?PRINTF
  +--> ?PR?_AFFICHAGE_AV_AR?DETECT_OBST

?PR?MES_DIST_AR?ULTRASON                         -----    -----      -----    -----      06F2H    0012H
  +--> ?PR?INITIALISATION_TIMER0?TIMERS

?PR?_AFFICHAGE_AV_AR?DETECT_OBST                 -----    -----      -----    -----      06F2H    0009H
  +--> ?PR?_STRCAT?STRCAT
  +--> ?CO?DETECT_OBST

?PR?SON_SONORE?GENERATION_SON                    -----    -----      -----    -----      06A6H    002AH
  +--> ?CO?GENERATION_SON
  +--> ?PR?_ECHANGE_TRAME?TRANSMISSION_SPI
  +--> ?PR?TEMPO_EMISS?LIEN_STRUCTURE_COMMANDE

?PR?POINTEUR_LUM?ENCODAGE_POINTEUR_LUM           -----    -----      -----    -----      06A6H    002AH
  +--> ?CO?ENCODAGE_POINTEUR_LUM
  +--> ?PR?_ECHANGE_TRAME?TRANSMISSION_SPI
  +--> ?PR?TEMPO_EMISS?LIEN_STRUCTURE_COMMANDE

*** NEW ROOT ***************************************************

?PR?ISR_TIMER3?MAIN                              -----    -----      -----    -----      -----    -----
  +--> ?PR?COURANT_ADC?MESURE_COURANT

?PR?COURANT_ADC?MESURE_COURANT                   -----    -----      -----    -----      0722H    000AH
  +--> ?PR?ACQ_ADC?CONFIG_ADC



BL51 BANKED LINKER/LOCATER V6.22                                                      05/23/2018  10:43:45  PAGE 9


SYMBOL TABLE OF MODULE:  Master (?C_STARTUP)

  VALUE           TYPE          NAME
  ----------------------------------

  -------         MODULE        ?C_STARTUP
  C:532EH         SEGMENT       ?C_C51STARTUP
  I:0022H         SEGMENT       ?STACK
  C:0000H         PUBLIC        ?C_STARTUP
  D:00E0H         SYMBOL        ACC
  D:00F0H         SYMBOL        B
  D:0083H         SYMBOL        DPH
  D:0082H         SYMBOL        DPL
  N:0000H         SYMBOL        IBPSTACK
  N:0100H         SYMBOL        IBPSTACKTOP
  N:0080H         SYMBOL        IDATALEN
  C:5331H         SYMBOL        IDATALOOP
  N:0000H         SYMBOL        PBPSTACK
  N:0100H         SYMBOL        PBPSTACKTOP
  N:0000H         SYMBOL        PDATALEN
  N:0000H         SYMBOL        PDATASTART
  N:0000H         SYMBOL        PPAGE
  N:0000H         SYMBOL        PPAGEENABLE
  D:00A0H         SYMBOL        PPAGE_SFR
  D:0081H         SYMBOL        SP
  C:532EH         SYMBOL        STARTUP1
  N:0000H         SYMBOL        XBPSTACK
  N:0000H         SYMBOL        XBPSTACKTOP
  N:0000H         SYMBOL        XDATALEN
  N:0000H         SYMBOL        XDATASTART
  C:0000H         LINE#         126
  C:532EH         LINE#         133
  C:5330H         LINE#         134
  C:5331H         LINE#         135
  C:5332H         LINE#         136
  C:5334H         LINE#         185
  C:5337H         LINE#         196
  -------         ENDMOD        ?C_STARTUP

  -------         MODULE        CONFIG_ADC
  C:0000H         SYMBOL        _ICE_DUMMY_
  C:5E10H         PUBLIC        ACQ_ADC
  D:00BCH         PUBLIC        ADC0CF
  D:00E8H         PUBLIC        ADC0CN
  D:00A8H         PUBLIC        IE
  D:00D8H         PUBLIC        PCA0CN
  D:00B8H         PUBLIC        IP
  D:00D1H         PUBLIC        REF0CN
  D:00BAH         PUBLIC        AMX0CF
  B:00E8H.5       PUBLIC        AD0INT
  D:00C0H         PUBLIC        SMB0CN
  C:5D64H         PUBLIC        CFG_ADC0
  D:00F8H         PUBLIC        SPI0CN
  D:0088H         PUBLIC        TCON
  D:00BBH         PUBLIC        AMX0SL
  D:00BFH         PUBLIC        ADC0H
  B:00E8H.7       PUBLIC        AD0EN
BL51 BANKED LINKER/LOCATER V6.22                                                      05/23/2018  10:43:45  PAGE 10


  D:0098H         PUBLIC        SCON0
  C:009DH         PUBLIC        CFG_VREF
  D:00C8H         PUBLIC        T2CON
  B:00E8H.0       PUBLIC        AD0LJST
  B:00E8H.2       PUBLIC        AD0CM0
  B:00E8H.3       PUBLIC        AD0CM1
  B:00E8H.4       PUBLIC        AD0BUSY
  D:00D0H         PUBLIC        PSW
  -------         PROC          CFG_VREF
  C:009DH         LINE#         9
  C:009DH         LINE#         10
  C:00A0H         LINE#         11
  -------         ENDPROC       CFG_VREF
  -------         PROC          CFG_ADC0
  C:5D64H         LINE#         13
  C:5D64H         LINE#         15
  C:5D66H         LINE#         17
  C:5D69H         LINE#         18
  C:5D69H         LINE#         19
  C:5D6CH         LINE#         20
  C:5D6CH         LINE#         22
  C:5D6EH         LINE#         25
  C:5D70H         LINE#         26
  C:5D72H         LINE#         28
  C:5D74H         LINE#         30
  C:5D76H         LINE#         31
  -------         ENDPROC       CFG_ADC0
  -------         PROC          ACQ_ADC
  C:5E10H         LINE#         34
  C:5E10H         LINE#         35
  C:5E12H         LINE#         36
  C:5E14H         LINE#         37
  C:5E17H         LINE#         38
  C:5E19H         LINE#         39
  -------         ENDPROC       ACQ_ADC
  -------         ENDMOD        CONFIG_ADC

  -------         MODULE        CONFIG_GLOBALE
  C:0000H         SYMBOL        _ICE_DUMMY_
  D:0080H         PUBLIC        P0
  D:00FFH         PUBLIC        WDTCN
  D:00A0H         PUBLIC        P2
  C:5E2EH         PUBLIC        Disable_WDT
  D:00E8H         PUBLIC        ADC0CN
  D:00A4H         PUBLIC        P0MDOUT
  D:00A8H         PUBLIC        IE
  D:00A6H         PUBLIC        P2MDOUT
  D:00D8H         PUBLIC        PCA0CN
  D:00B8H         PUBLIC        IP
  C:5D07H         PUBLIC        Oscillator_Init
  D:00E1H         PUBLIC        XBR0
  D:00E3H         PUBLIC        XBR2
  D:00C0H         PUBLIC        SMB0CN
  D:00F8H         PUBLIC        SPI0CN
  C:5E3CH         PUBLIC        Reset_src
  D:0088H         PUBLIC        TCON
  D:00B2H         PUBLIC        OSCICN
BL51 BANKED LINKER/LOCATER V6.22                                                      05/23/2018  10:43:45  PAGE 11


  C:5DF9H         PUBLIC        Init_Device
  D:00B1H         PUBLIC        OSCXCN
  D:00EFH         PUBLIC        RSTSRC
  D:0098H         PUBLIC        SCON0
  D:00C8H         PUBLIC        T2CON
  C:5D21H         PUBLIC        GPIO_Config
  D:00D0H         PUBLIC        PSW
  -------         PROC          INIT_DEVICE
  C:5DF9H         LINE#         7
  C:5DF9H         LINE#         8
  C:5DFCH         LINE#         9
  C:5DFFH         LINE#         10
  C:5E02H         LINE#         11
  -------         ENDPROC       INIT_DEVICE
  -------         PROC          OSCILLATOR_INIT
  -------         DO            
  D:0006H         SYMBOL        i
  -------         ENDDO         
  C:5D07H         LINE#         14
  C:5D07H         LINE#         18
  C:5D0AH         LINE#         19
  C:5D18H         LINE#         20
  C:5D1DH         LINE#         21
  C:5D20H         LINE#         22
  -------         ENDPROC       OSCILLATOR_INIT
  -------         PROC          RESET_SRC
  C:5E3CH         LINE#         24
  C:5E3CH         LINE#         26
  C:5E3FH         LINE#         27
  -------         ENDPROC       RESET_SRC
  -------         PROC          DISABLE_WDT
  C:5E2EH         LINE#         29
  C:5E2EH         LINE#         31
  C:5E31H         LINE#         32
  C:5E34H         LINE#         33
  -------         ENDPROC       DISABLE_WDT
  -------         PROC          GPIO_CONFIG
  C:5D21H         LINE#         36
  C:5D21H         LINE#         39
  C:5D24H         LINE#         40
  C:5D27H         LINE#         43
  C:5D2AH         LINE#         44
  C:5D2DH         LINE#         51
  C:5D30H         LINE#         52
  C:5D33H         LINE#         54
  C:5D36H         LINE#         55
  C:5D39H         LINE#         59
  -------         ENDPROC       GPIO_CONFIG
  -------         ENDMOD        CONFIG_GLOBALE

  -------         MODULE        CONFIG_SPI
  C:0000H         SYMBOL        _ICE_DUMMY_
  D:009DH         PUBLIC        SPI0CKR
  D:0080H         PUBLIC        P0
  B:00F8H.0       PUBLIC        SPIEN
  D:0090H         PUBLIC        P1
  D:00A0H         PUBLIC        P2
BL51 BANKED LINKER/LOCATER V6.22                                                      05/23/2018  10:43:45  PAGE 12


  D:00B0H         PUBLIC        P3
  B:00F8H.1       PUBLIC        MSTEN
  D:00E8H         PUBLIC        ADC0CN
  D:00A8H         PUBLIC        IE
  D:00D8H         PUBLIC        PCA0CN
  D:00B8H         PUBLIC        IP
  D:00C0H         PUBLIC        SMB0CN
  B:00F8H.5       PUBLIC        MODF
  D:00F8H         PUBLIC        SPI0CN
  B:00F8H.7       PUBLIC        SPIF
  D:0088H         PUBLIC        TCON
  B:00F8H.6       PUBLIC        WCOL
  C:5D3AH         PUBLIC        Config_SPI_MASTER
  D:0098H         PUBLIC        SCON0
  D:00C8H         PUBLIC        T2CON
  D:009AH         PUBLIC        SPI0CFG
  B:00F8H.4       PUBLIC        RXOVRN
  D:00D0H         PUBLIC        PSW
  -------         PROC          CONFIG_SPI_MASTER
  C:5D3AH         LINE#         10
  C:5D3AH         LINE#         12
  C:5D3CH         LINE#         13
  C:5D3EH         LINE#         14
  C:5D40H         LINE#         15
  C:5D42H         LINE#         16
  C:5D44H         LINE#         17
  C:5D46H         LINE#         20
  C:5D49H         LINE#         22
  C:5D4CH         LINE#         24
  C:5D4EH         LINE#         25
  -------         ENDPROC       CONFIG_SPI_MASTER
  -------         ENDMOD        CONFIG_SPI

  -------         MODULE        DETECT_OBST
  C:0000H         SYMBOL        _ICE_DUMMY_
  D:00E8H         PUBLIC        ADC0CN
  D:00A8H         PUBLIC        IE
  X:072CH         PUBLIC        affichage
  X:082CH         PUBLIC        detection_arriere
  X:0830H         PUBLIC        tab_angles
  D:00D8H         PUBLIC        PCA0CN
  D:00B8H         PUBLIC        IP
  X:0894H         PUBLIC        obstacle_arriere
  D:00C0H         PUBLIC        SMB0CN
  X:0899H         PUBLIC        information
  D:00F8H         PUBLIC        SPI0CN
  X:08B3H         PUBLIC        angle_min
  C:47A3H         PUBLIC        detection_AV_AR
  D:0088H         PUBLIC        TCON
  X:08B5H         PUBLIC        min_AR
  X:08B7H         PUBLIC        min_AV
  C:4F5CH         PUBLIC        detection_AV
  X:08B9H         PUBLIC        tab_dist_AR
  X:0981H         PUBLIC        detection_avant
  X:0985H         PUBLIC        min
  X:0987H         PUBLIC        tab_dist_AV
  X:0A4FH         PUBLIC        dist_min_ascii
BL51 BANKED LINKER/LOCATER V6.22                                                      05/23/2018  10:43:45  PAGE 13


  X:0A54H         PUBLIC        dist_min_AR
  X:0A68H         PUBLIC        obstacle_avant
  X:0A6DH         PUBLIC        dist_min_AV
  C:12A7H         PUBLIC        Detect_Obst
  X:0A81H         PUBLIC        dist_min
  C:50B0H         PUBLIC        _Affichage_AV_AR
  X:0A85H         PUBLIC        c
  D:0098H         PUBLIC        SCON0
  D:00C8H         PUBLIC        T2CON
  X:0A87H         PUBLIC        j
  X:0A89H         PUBLIC        k
  C:57D4H         PUBLIC        _Affichage_AV
  X:0A8BH         PUBLIC        angle_ascii
  X:0A90H         PUBLIC        z
  D:00D0H         PUBLIC        PSW
  X:0A92H         PUBLIC        Angle_servo
  -------         PROC          _AFFICHAGE_AV
  X:06F2H         SYMBOL        obst_AV
  X:06F5H         SYMBOL        Serv
  C:57D4H         LINE#         39
  C:57DFH         LINE#         41
  C:57FBH         LINE#         42
  C:5812H         LINE#         43
  C:5830H         LINE#         44
  -------         ENDPROC       _AFFICHAGE_AV
  -------         PROC          _AFFICHAGE_AV_AR
  X:06F2H         SYMBOL        obst_AV
  X:06F5H         SYMBOL        obst_AR
  X:06F8H         SYMBOL        Serv
  C:50B0H         LINE#         48
  C:50BBH         LINE#         50
  C:50D9H         LINE#         51
  C:50F0H         LINE#         52
  C:510EH         LINE#         53
  C:5125H         LINE#         54
  C:5143H         LINE#         55
  -------         ENDPROC       _AFFICHAGE_AV_AR
  C:4F4BH         SYMBOL        L?0091
  -------         PROC          L?0090
  -------         ENDPROC       L?0090
  C:4F4BH         SYMBOL        L?0091
  -------         PROC          DETECTION_AV
  X:06CCH         SYMBOL        com
  C:4F5CH         LINE#         64
  C:4F5CH         LINE#         66
  C:4F65H         LINE#         67
  C:4F7DH         LINE#         68
  C:4F83H         LINE#         69
  C:4F83H         LINE#         70
  C:4F8BH         LINE#         71
  C:4FB6H         LINE#         72
  C:4FDCH         LINE#         74
  C:4FF3H         LINE#         75
  C:4FF3H         LINE#         76
  C:5004H         LINE#         77
  -------         ENDPROC       DETECTION_AV
  C:4790H         SYMBOL        L?0089
BL51 BANKED LINKER/LOCATER V6.22                                                      05/23/2018  10:43:45  PAGE 14


  -------         PROC          L?0088
  -------         ENDPROC       L?0088
  C:4790H         SYMBOL        L?0089
  -------         PROC          DETECTION_AV_AR
  X:06CCH         SYMBOL        com
  C:47A3H         LINE#         80
  C:47A3H         LINE#         81
  C:47ACH         LINE#         82
  C:47B5H         LINE#         83
  C:47CDH         LINE#         84
  C:47D3H         LINE#         85
  C:47D3H         LINE#         86
  C:47EBH         LINE#         87
  C:47F1H         LINE#         88
  C:47F1H         LINE#         89
  C:47FCH         LINE#         90
  C:4827H         LINE#         91
  C:4852H         LINE#         92
  C:4878H         LINE#         94
  C:489BH         LINE#         95
  C:489BH         LINE#         97
  C:48ACH         LINE#         98
  -------         ENDPROC       DETECTION_AV_AR
  -------         PROC          DETECT_OBST
  X:06A6H         SYMBOL        com
  C:12A7H         LINE#         102
  C:12A7H         LINE#         105
  C:12BCH         LINE#         106
  C:12BCH         LINE#         107
  C:12C2H         LINE#         108
  C:12C6H         LINE#         109
  C:12C9H         LINE#         110
  C:12C9H         LINE#         111
  C:12CCH         LINE#         112
  C:12CCH         LINE#         113
  C:12CFH         LINE#         115
  C:12CFH         LINE#         116
  C:12D7H         LINE#         117
  C:12F6H         LINE#         118
  C:1301H         LINE#         119
  C:1322H         LINE#         120
  C:1325H         LINE#         121
  C:133BH         LINE#         122
  C:133BH         LINE#         123
  C:133BH         LINE#         124
  C:135AH         LINE#         125
  C:1365H         LINE#         126
  C:1386H         LINE#         127
  C:1389H         LINE#         128
  C:139FH         LINE#         129
  C:139FH         LINE#         130
  C:139FH         LINE#         135
  C:139FH         LINE#         136
  C:13AAH         LINE#         137
  C:13C9H         LINE#         138
  C:13ECH         LINE#         139
  C:140DH         LINE#         140
BL51 BANKED LINKER/LOCATER V6.22                                                      05/23/2018  10:43:45  PAGE 15


  C:1442H         LINE#         141
  C:1450H         LINE#         142
  C:1467H         LINE#         143
  C:1493H         LINE#         144
  C:14F0H         LINE#         145
  C:14FFH         LINE#         146
  C:14FFH         LINE#         147
  C:1510H         LINE#         148
  C:153DH         LINE#         149
  C:155AH         LINE#         153
  C:155AH         LINE#         154
  C:155AH         LINE#         156
  C:155AH         LINE#         158
  C:155DH         LINE#         159
  C:155DH         LINE#         160
  C:157CH         LINE#         161
  C:159FH         LINE#         162
  C:15C0H         LINE#         163
  C:15F5H         LINE#         164
  C:1603H         LINE#         165
  C:161AH         LINE#         166
  C:1646H         LINE#         167
  C:16A3H         LINE#         168
  C:16B2H         LINE#         169
  C:16B2H         LINE#         170
  C:16C3H         LINE#         171
  C:16EDH         LINE#         172
  C:1719H         LINE#         173
  C:1776H         LINE#         174
  C:1785H         LINE#         175
  C:1785H         LINE#         176
  C:1796H         LINE#         177
  C:17C0H         LINE#         179
  C:17CEH         LINE#         180
  C:17E7H         LINE#         181
  C:17E7H         LINE#         182
  C:17E9H         LINE#         183
  C:17E9H         LINE#         184
  C:1816H         LINE#         185
  C:1833H         LINE#         186
  C:1833H         LINE#         188
  C:185EH         LINE#         189
  C:1884H         LINE#         191
  C:189BH         LINE#         192
  C:189BH         LINE#         193
  C:189BH         LINE#         194
  C:189BH         LINE#         196
  C:18A1H         LINE#         197
  -------         ENDPROC       DETECT_OBST
  -------         ENDMOD        DETECT_OBST

  -------         MODULE        FONCTIONS_COTE_SERIALIZER
  C:0000H         SYMBOL        _ICE_DUMMY_
  D:00E8H         PUBLIC        ADC0CN
  D:00A8H         PUBLIC        IE
  C:18A2H         PUBLIC        formate_serializer
  D:00D8H         PUBLIC        PCA0CN
BL51 BANKED LINKER/LOCATER V6.22                                                      05/23/2018  10:43:45  PAGE 16


  D:00B8H         PUBLIC        IP
  C:5B62H         PUBLIC        _conv_angle_ticks
  D:00C0H         PUBLIC        SMB0CN
  D:00F8H         PUBLIC        SPI0CN
  D:0088H         PUBLIC        TCON
  C:4424H         PUBLIC        _itos
  C:5B41H         SYMBOL        _?ix1000
  C:4571H         PUBLIC        _true_ticks
  C:2EF7H         PUBLIC        transcode_commande_to_serializer
  D:0098H         PUBLIC        SCON0
  D:00C8H         PUBLIC        T2CON
  C:5CEDH         PUBLIC        _conv_distance_ticks
  C:0003H         PUBLIC        _true_vit
  D:00D0H         PUBLIC        PSW
  -------         PROC          L?0091
  -------         ENDPROC       L?0091
  -------         PROC          _CONV_DISTANCE_TICKS
  D:0006H         SYMBOL        d
  -------         DO            
  D:0006H         SYMBOL        ret
  -------         ENDDO         
  C:5CEDH         LINE#         40
  C:5CEDH         LINE#         41
  C:5D06H         LINE#         42
  C:5D06H         LINE#         43
  -------         ENDPROC       _CONV_DISTANCE_TICKS
  -------         PROC          L?0090
  -------         ENDPROC       L?0090
  -------         PROC          _CONV_ANGLE_TICKS
  D:0006H         SYMBOL        angle
  -------         DO            
  D:0006H         SYMBOL        ret
  X:06DCH         SYMBOL        a
  -------         ENDDO         
  C:5B62H         LINE#         45
  C:5B62H         LINE#         47
  C:5B7AH         LINE#         48
  C:5B99H         LINE#         49
  C:5B99H         LINE#         50
  -------         ENDPROC       _CONV_ANGLE_TICKS
  -------         PROC          _ITOS
  X:0BF8H         SYMBOL        i
  X:0BFAH         SYMBOL        ret
  -------         DO            
  X:0BFDH         SYMBOL        nbr3
  X:0C00H         SYMBOL        nbr2
  X:0C02H         SYMBOL        nbr1
  X:0C03H         SYMBOL        c
  X:0C05H         SYMBOL        d
  X:0C07H         SYMBOL        u
  -------         ENDDO         
  C:4424H         LINE#         52
  C:4435H         LINE#         56
  C:444CH         LINE#         57
  C:4479H         LINE#         58
  C:44A0H         LINE#         60
  C:44B1H         LINE#         61
BL51 BANKED LINKER/LOCATER V6.22                                                      05/23/2018  10:43:45  PAGE 17


  C:44BCH         LINE#         62
  C:44C7H         LINE#         63
  C:44D2H         LINE#         64
  C:44E7H         LINE#         65
  C:44E9H         LINE#         66
  C:44FAH         LINE#         67
  C:4505H         LINE#         68
  C:4510H         LINE#         69
  C:4525H         LINE#         70
  C:4527H         LINE#         71
  C:4527H         LINE#         72
  C:4532H         LINE#         73
  C:454AH         LINE#         74
  C:454AH         LINE#         75
  -------         ENDPROC       _ITOS
  -------         PROC          _TRUE_VIT
  D:0007H         SYMBOL        vit
  -------         DO            
  D:0004H         SYMBOL        ret
  -------         ENDDO         
  C:0003H         LINE#         77
  C:0003H         LINE#         78
  C:0007H         LINE#         80
  C:000CH         LINE#         81
  C:001BH         LINE#         82
  C:001BH         LINE#         83
  C:001FH         LINE#         84
  -------         ENDPROC       _TRUE_VIT
  C:4566H         SYMBOL        L?0089
  -------         PROC          L?0088
  -------         ENDPROC       L?0088
  C:4566H         SYMBOL        L?0089
  -------         PROC          _TRUE_TICKS
  X:06C1H         SYMBOL        ticks
  X:06C3H         SYMBOL        ret
  -------         DO            
  X:06C6H         SYMBOL        str
  X:06CAH         SYMBOL        l
  -------         ENDDO         
  C:4571H         LINE#         86
  C:4582H         LINE#         87
  C:4595H         LINE#         88
  C:459CH         LINE#         90
  C:45ACH         LINE#         91
  C:45CEH         LINE#         92
  C:45CEH         LINE#         93
  C:45CEH         LINE#         94
  C:45E5H         LINE#         95
  C:45FBH         LINE#         96
  C:4621H         LINE#         97
  C:463DH         LINE#         98
  C:4653H         LINE#         99
  C:466DH         LINE#         100
  C:466DH         LINE#         101
  -------         ENDPROC       _TRUE_TICKS
  -------         PROC          FORMATE_SERIALIZER
  X:06A6H         SYMBOL        com
BL51 BANKED LINKER/LOCATER V6.22                                                      05/23/2018  10:43:45  PAGE 18


  X:06B5H         SYMBOL        ret
  -------         DO            
  X:06B8H         SYMBOL        nbr
  -------         ENDDO         
  C:18A2H         LINE#         110
  C:18A2H         LINE#         113
  C:18FFH         LINE#         114
  C:18FFH         LINE#         115
  C:1914H         LINE#         116
  C:1917H         LINE#         117
  C:1917H         LINE#         118
  C:1917H         LINE#         119
  C:1917H         LINE#         120
  C:1917H         LINE#         121
  C:1917H         LINE#         122
  C:1917H         LINE#         123
  C:1917H         LINE#         124
  C:1917H         LINE#         125
  C:1917H         LINE#         126
  C:1917H         LINE#         127
  C:1917H         LINE#         128
  C:1917H         LINE#         129
  C:1917H         LINE#         130
  C:1917H         LINE#         131
  C:1917H         LINE#         132
  C:1917H         LINE#         133
  C:1917H         LINE#         134
  C:1917H         LINE#         135
  C:1917H         LINE#         136
  C:1917H         LINE#         137
  C:192FH         LINE#         138
  C:192FH         LINE#         139
  C:192FH         LINE#         140
  C:1932H         LINE#         141
  C:1932H         LINE#         142
  C:1932H         LINE#         143
  C:194AH         LINE#         144
  C:194AH         LINE#         145
  C:194AH         LINE#         146
  C:194DH         LINE#         147
  C:194DH         LINE#         148
  C:194DH         LINE#         149
  C:1965H         LINE#         150
  C:198CH         LINE#         151
  C:19A8H         LINE#         152
  C:19C4H         LINE#         153
  C:19C4H         LINE#         154
  C:19C4H         LINE#         155
  C:19C7H         LINE#         156
  C:19C7H         LINE#         157
  C:19C7H         LINE#         158
  C:19DCH         LINE#         159
  C:19DCH         LINE#         160
  C:19DCH         LINE#         161
  C:19DCH         LINE#         162
  C:19DCH         LINE#         163
  C:19DCH         LINE#         164
BL51 BANKED LINKER/LOCATER V6.22                                                      05/23/2018  10:43:45  PAGE 19


  C:19DCH         LINE#         165
  C:19DCH         LINE#         166
  C:19DCH         LINE#         167
  C:19DCH         LINE#         168
  C:19DCH         LINE#         169
  C:19DCH         LINE#         170
  C:19DCH         LINE#         171
  C:19DFH         LINE#         172
  C:19DFH         LINE#         173
  C:19DFH         LINE#         174
  C:19F4H         LINE#         175
  C:19F7H         LINE#         176
  C:19F7H         LINE#         177
  C:19F7H         LINE#         178
  C:19F7H         LINE#         179
  C:19FAH         LINE#         180
  C:1A16H         LINE#         181
  C:1A32H         LINE#         182
  C:1A35H         LINE#         183
  C:1A35H         LINE#         184
  C:1A38H         LINE#         185
  C:1A38H         LINE#         186
  C:1A38H         LINE#         187
  C:1A50H         LINE#         188
  C:1A77H         LINE#         189
  C:1A93H         LINE#         190
  C:1AAFH         LINE#         191
  C:1AB5H         LINE#         192
  C:1AB5H         LINE#         193
  C:1AB8H         LINE#         194
  C:1AB8H         LINE#         195
  C:1AB8H         LINE#         196
  C:1AB8H         LINE#         197
  C:1ABBH         LINE#         198
  C:1AD7H         LINE#         199
  C:1AF3H         LINE#         200
  C:1B1AH         LINE#         201
  C:1B36H         LINE#         202
  C:1B52H         LINE#         203
  C:1B58H         LINE#         204
  C:1B74H         LINE#         205
  C:1B90H         LINE#         206
  C:1BB7H         LINE#         207
  C:1BC4H         LINE#         208
  C:1BC7H         LINE#         209
  C:1BC7H         LINE#         210
  C:1BC7H         LINE#         211
  C:1BDFH         LINE#         212
  C:1C05H         LINE#         213
  C:1C21H         LINE#         214
  C:1C3DH         LINE#         215
  C:1C63H         LINE#         216
  C:1C7FH         LINE#         217
  C:1C9BH         LINE#         218
  C:1CC1H         LINE#         219
  C:1CDDH         LINE#         220
  C:1CF9H         LINE#         221
BL51 BANKED LINKER/LOCATER V6.22                                                      05/23/2018  10:43:45  PAGE 20


  C:1D1FH         LINE#         222
  C:1D3BH         LINE#         223
  C:1D57H         LINE#         224
  C:1D59H         LINE#         225
  C:1D59H         LINE#         226
  C:1D59H         LINE#         227
  C:1D6EH         LINE#         228
  C:1D70H         LINE#         229
  C:1D70H         LINE#         230
  C:1D70H         LINE#         231
  C:1D70H         LINE#         232
  C:1D70H         LINE#         233
  C:1D70H         LINE#         234
  C:1D70H         LINE#         235
  C:1D70H         LINE#         236
  C:1D70H         LINE#         237
  C:1D85H         LINE#         238
  C:1D87H         LINE#         239
  C:1D87H         LINE#         240
  C:1D87H         LINE#         241
  C:1D9CH         LINE#         242
  C:1D9EH         LINE#         243
  C:1D9EH         LINE#         244
  C:1D9EH         LINE#         245
  C:1DB6H         LINE#         246
  C:1DB6H         LINE#         247
  C:1DB6H         LINE#         248
  C:1DB6H         LINE#         249
  C:1DB6H         LINE#         250
  C:1DB6H         LINE#         251
  -------         ENDPROC       FORMATE_SERIALIZER
  -------         PROC          TRANSCODE_COMMANDE_TO_SERIALIZER
  X:06A6H         SYMBOL        com
  -------         DO            
  X:06CCH         SYMBOL        ret
  X:06DBH         SYMBOL        v_angl
  D:0007H         SYMBOL        v_line
  -------         ENDDO         
  C:2EF7H         LINE#         259
  C:2EF7H         LINE#         261
  C:2EFDH         LINE#         262
  C:2EFFH         LINE#         264
  C:2F07H         LINE#         265
  C:2F07H         LINE#         266
  C:2F0DH         LINE#         267
  C:2F0DH         LINE#         268
  C:2F0DH         LINE#         269
  C:2F0DH         LINE#         270
  C:2F0DH         LINE#         271
  C:2F0DH         LINE#         273
  C:2F46H         LINE#         275
  C:2F46H         LINE#         276
  C:2F4CH         LINE#         277
  C:2F53H         LINE#         278
  C:2F55H         LINE#         279
  C:2F55H         LINE#         280
  C:2F59H         LINE#         281
BL51 BANKED LINKER/LOCATER V6.22                                                      05/23/2018  10:43:45  PAGE 21


  C:2F59H         LINE#         282
  C:2F5BH         LINE#         283
  C:2F5BH         LINE#         285
  C:2F5BH         LINE#         286
  C:2F61H         LINE#         287
  C:2F68H         LINE#         288
  C:2F6AH         LINE#         289
  C:2F6AH         LINE#         290
  C:2F74H         LINE#         291
  C:2F78H         LINE#         292
  C:2F7BH         LINE#         293
  C:2F7BH         LINE#         295
  C:2F7BH         LINE#         296
  C:2F81H         LINE#         297
  C:2F84H         LINE#         298
  C:2F84H         LINE#         300
  C:2F84H         LINE#         301
  C:2F8BH         LINE#         302
  C:2F93H         LINE#         303
  C:2F93H         LINE#         304
  C:2F99H         LINE#         305
  C:2FA1H         LINE#         306
  C:2FB5H         LINE#         307
  C:2FBDH         LINE#         308
  C:2FBFH         LINE#         309
  C:2FC1H         LINE#         310
  C:2FC1H         LINE#         312
  C:2FC1H         LINE#         313
  C:2FC8H         LINE#         314
  C:2FD0H         LINE#         315
  C:2FD0H         LINE#         316
  C:2FD6H         LINE#         317
  C:2FDEH         LINE#         318
  C:2FEDH         LINE#         319
  C:2FF5H         LINE#         320
  C:2FF7H         LINE#         321
  C:2FF9H         LINE#         322
  C:2FF9H         LINE#         324
  C:2FF9H         LINE#         325
  C:3000H         LINE#         326
  C:3008H         LINE#         327
  C:3008H         LINE#         328
  C:300EH         LINE#         329
  C:3016H         LINE#         330
  C:302AH         LINE#         331
  C:3032H         LINE#         332
  C:3036H         LINE#         333
  C:3039H         LINE#         334
  C:3039H         LINE#         336
  C:3039H         LINE#         337
  C:3040H         LINE#         338
  C:3048H         LINE#         339
  C:3048H         LINE#         340
  C:304EH         LINE#         341
  C:3056H         LINE#         342
  C:3065H         LINE#         343
  C:306DH         LINE#         344
BL51 BANKED LINKER/LOCATER V6.22                                                      05/23/2018  10:43:45  PAGE 22


  C:3071H         LINE#         345
  C:3074H         LINE#         346
  C:3074H         LINE#         349
  C:3074H         LINE#         350
  C:307BH         LINE#         351
  C:3083H         LINE#         352
  C:3083H         LINE#         353
  C:3083H         LINE#         354
  C:3083H         LINE#         355
  C:3093H         LINE#         356
  C:309BH         LINE#         357
  C:30ADH         LINE#         358
  C:30B0H         LINE#         359
  C:30B0H         LINE#         361
  C:30B0H         LINE#         362
  C:30B7H         LINE#         363
  C:30BFH         LINE#         364
  C:30BFH         LINE#         365
  C:30BFH         LINE#         366
  C:30BFH         LINE#         367
  C:30CAH         LINE#         368
  C:30D2H         LINE#         369
  C:30EDH         LINE#         370
  C:30EFH         LINE#         371
  C:30EFH         LINE#         373
  C:30EFH         LINE#         374
  C:30F6H         LINE#         375
  C:30FEH         LINE#         376
  C:30FEH         LINE#         377
  C:3104H         LINE#         378
  C:310BH         LINE#         379
  C:3116H         LINE#         380
  C:311DH         LINE#         381
  C:3128H         LINE#         383
  C:3128H         LINE#         384
  C:3128H         LINE#         385
  C:3128H         LINE#         386
  C:3128H         LINE#         387
  C:3128H         LINE#         389
  C:312EH         LINE#         390
  -------         ENDPROC       TRANSCODE_COMMANDE_TO_SERIALIZER
  -------         ENDMOD        FONCTIONS_COTE_SERIALIZER

  -------         MODULE        GENERATION_SON
  C:0000H         SYMBOL        _ICE_DUMMY_
  D:00E8H         PUBLIC        ADC0CN
  D:00A8H         PUBLIC        IE
  D:00D8H         PUBLIC        PCA0CN
  D:00B8H         PUBLIC        IP
  D:00C0H         PUBLIC        SMB0CN
  D:00F8H         PUBLIC        SPI0CN
  D:0088H         PUBLIC        TCON
  C:5E40H         SYMBOL        _?ix1000
  C:5B9AH         PUBLIC        son_sonore
  D:0098H         PUBLIC        SCON0
  D:00C8H         PUBLIC        T2CON
  D:00D0H         PUBLIC        PSW
BL51 BANKED LINKER/LOCATER V6.22                                                      05/23/2018  10:43:45  PAGE 23


  -------         PROC          SON_SONORE
  X:06A6H         SYMBOL        com
  -------         DO            
  X:06CCH         SYMBOL        rep
  D:0007H         SYMBOL        commande_SPI
  D:0006H         SYMBOL        taille_trame
  -------         ENDDO         
  C:5B9AH         LINE#         10
  C:5B9AH         LINE#         11
  C:5BADH         LINE#         12
  C:5BAEH         LINE#         13
  C:5BB0H         LINE#         15
  C:5BB2H         LINE#         16
  C:5BBAH         LINE#         17
  C:5BC2H         LINE#         18
  C:5BCAH         LINE#         19
  C:5BD2H         LINE#         21
  C:5BE2H         LINE#         22
  -------         ENDPROC       SON_SONORE
  -------         ENDMOD        GENERATION_SON

  -------         MODULE        GPIO
  C:0000H         SYMBOL        _ICE_DUMMY_
  D:0080H         PUBLIC        P0
  D:0090H         PUBLIC        P1
  D:00A0H         PUBLIC        P2
  D:00B0H         PUBLIC        P3
  D:00E8H         PUBLIC        ADC0CN
  D:00A8H         PUBLIC        IE
  D:00D8H         PUBLIC        PCA0CN
  D:00B8H         PUBLIC        IP
  D:00C0H         PUBLIC        SMB0CN
  D:00F8H         PUBLIC        SPI0CN
  D:0088H         PUBLIC        TCON
  D:0098H         PUBLIC        SCON0
  D:00C8H         PUBLIC        T2CON
  D:00D0H         PUBLIC        PSW
  -------         ENDMOD        GPIO

  -------         MODULE        LIEN_STRUCTURE_COMMANDE
  C:0000H         SYMBOL        _ICE_DUMMY_
  D:0080H         PUBLIC        P0
  D:0090H         PUBLIC        P1
  D:00A0H         PUBLIC        P2
  D:00B0H         PUBLIC        P3
  X:0A95H         PUBLIC        dist_arriere
  X:0A99H         PUBLIC        Angle_voulu
  X:0A9AH         PUBLIC        angle
  D:00E8H         PUBLIC        ADC0CN
  D:00A8H         PUBLIC        IE
  D:00D8H         PUBLIC        PCA0CN
  D:00B8H         PUBLIC        IP
  D:00C0H         PUBLIC        SMB0CN
  X:0A9BH         PUBLIC        msg_Slave
  C:4E8AH         PUBLIC        tempo_emiss
  D:00F8H         PUBLIC        SPI0CN
  X:0A9CH         PUBLIC        dist_avant
BL51 BANKED LINKER/LOCATER V6.22                                                      05/23/2018  10:43:45  PAGE 24


  D:0088H         PUBLIC        TCON
  X:0AA0H         PUBLIC        mess
  X:0AD2H         PUBLIC        message_s
  C:0AFAH         PUBLIC        fonctionRoutage
  C:1E0EH         SYMBOL        _?ix1000
  C:1E10H         SYMBOL        _?ix1001
  C:1E42H         SYMBOL        _?ix1002
  C:1E74H         SYMBOL        _?ix1003
  C:1EA6H         SYMBOL        _?ix1004
  C:1ED8H         SYMBOL        _?ix1005
  X:0B04H         PUBLIC        Angle_atteint
  X:0B06H         PUBLIC        a
  X:0B07H         PUBLIC        courant_actuel
  D:0098H         PUBLIC        SCON0
  D:00C8H         PUBLIC        T2CON
  X:0B0BH         PUBLIC        i
  X:0B0CH         PUBLIC        commande_serializer
  D:00D0H         PUBLIC        PSW
  C:5005H         PUBLIC        routage
  -------         PROC          ROUTAGE
  X:06A6H         SYMBOL        commande
  X:06CCH         SYMBOL        type
  C:5005H         LINE#         47
  C:5005H         LINE#         49
  C:500DH         LINE#         50
  C:501AH         LINE#         51
  C:501DH         LINE#         52
  C:5021H         LINE#         53
  C:502EH         LINE#         54
  C:5030H         LINE#         55
  C:5036H         LINE#         56
  C:5043H         LINE#         57
  C:5045H         LINE#         58
  C:504BH         LINE#         59
  C:5058H         LINE#         60
  C:505AH         LINE#         61
  C:5062H         LINE#         62
  C:506FH         LINE#         63
  C:5071H         LINE#         64
  C:5075H         LINE#         65
  C:5082H         LINE#         66
  C:5084H         LINE#         67
  C:508AH         LINE#         68
  C:5097H         LINE#         69
  C:5099H         LINE#         70
  C:509FH         LINE#         71
  C:50AFH         LINE#         72
  C:50AFH         LINE#         73
  -------         ENDPROC       ROUTAGE
  -------         PROC          FONCTIONROUTAGE
  X:009CH         SYMBOL        commande
  -------         DO            
  X:00C2H         SYMBOL        route
  X:00C3H         SYMBOL        commande_SPI
  X:00C4H         SYMBOL        trame
  X:00C6H         SYMBOL        taille_trame
  X:00C7H         SYMBOL        alpha
BL51 BANKED LINKER/LOCATER V6.22                                                      05/23/2018  10:43:45  PAGE 25


  X:00CBH         SYMBOL        distance
  X:00CDH         SYMBOL        angle_ascii
  X:00D0H         SYMBOL        mess
  X:0102H         SYMBOL        mess1
  X:0134H         SYMBOL        mess2
  X:0166H         SYMBOL        mess3
  X:0198H         SYMBOL        compteur
  X:019AH         SYMBOL        msg_Slave_ascii
  X:029AH         SYMBOL        info
  X:02B4H         SYMBOL        courant_ascii
  X:02B8H         SYMBOL        energie_ascii
  X:02BCH         SYMBOL        string_s
  X:06A4H         SYMBOL        cpt
  -------         ENDDO         
  C:0AFAH         LINE#         75
  C:0AFAH         LINE#         76
  C:0AFFH         LINE#         77
  C:0B01H         LINE#         78
  C:0B13H         LINE#         79
  C:0B19H         LINE#         83
  C:0B2BH         LINE#         84
  C:0B3EH         LINE#         85
  C:0B51H         LINE#         86
  C:0B64H         LINE#         87
  C:0B6BH         LINE#         93
  C:0B7EH         LINE#         94
  C:0B85H         LINE#         95
  C:0BA8H         LINE#         97
  C:0BDBH         LINE#         100
  C:0BDBH         LINE#         101
  C:0BE5H         LINE#         102
  C:0BF4H         LINE#         103
  C:0BFDH         LINE#         105
  C:0C11H         LINE#         106
  C:0C20H         LINE#         107
  C:0C37H         LINE#         108
  C:0C37H         LINE#         109
  C:0C3AH         LINE#         112
  C:0C3AH         LINE#         113
  C:0C40H         LINE#         114
  C:0C4BH         LINE#         115
  C:0C53H         LINE#         116
  C:0C57H         LINE#         117
  C:0C5DH         LINE#         118
  C:0C5FH         LINE#         119
  C:0C5FH         LINE#         120
  C:0C65H         LINE#         121
  C:0C65H         LINE#         122
  C:0C6BH         LINE#         123
  C:0C7EH         LINE#         124
  C:0C81H         LINE#         125
  C:0C89H         LINE#         126
  C:0C8CH         LINE#         127
  C:0CABH         LINE#         128
  C:0CB4H         LINE#         129
  C:0CB4H         LINE#         130
  C:0CB7H         LINE#         133
BL51 BANKED LINKER/LOCATER V6.22                                                      05/23/2018  10:43:45  PAGE 26


  C:0CB7H         LINE#         134
  C:0CC2H         LINE#         135
  C:0CF9H         LINE#         136
  C:0D89H         LINE#         137
  C:0DA1H         LINE#         138
  C:0DBFH         LINE#         141
  C:0DC5H         LINE#         142
  C:0DD4H         LINE#         143
  C:0DF7H         LINE#         144
  C:0E1BH         LINE#         146
  C:0E21H         LINE#         147
  C:0E25H         LINE#         148
  C:0E48H         LINE#         149
  C:0E6CH         LINE#         151
  C:0E72H         LINE#         152
  C:0E76H         LINE#         153
  C:0E8FH         LINE#         154
  C:0EB2H         LINE#         155
  C:0ED6H         LINE#         156
  C:0EDFH         LINE#         157
  C:0EE8H         LINE#         158
  C:0EF1H         LINE#         159
  C:0EF8H         LINE#         160
  C:0F0CH         LINE#         161
  C:0F13H         LINE#         162
  C:0F13H         LINE#         163
  C:0F14H         LINE#         164
  C:0F2EH         LINE#         165
  C:0F2EH         LINE#         166
  C:0F37H         LINE#         167
  C:0F40H         LINE#         168
  C:0F47H         LINE#         169
  C:0F47H         LINE#         170
  C:0F48H         LINE#         171
  C:0F62H         LINE#         172
  C:0F62H         LINE#         173
  C:0F6AH         LINE#         174
  C:0F6CH         LINE#         175
  C:0F80H         LINE#         176
  C:0F8EH         LINE#         177
  C:0F8EH         LINE#         178
  C:0FB0H         LINE#         179
  C:0FB7H         LINE#         180
  C:0FCFH         LINE#         181
  C:0FD6H         LINE#         182
  C:0FDFH         LINE#         183
  C:0FE8H         LINE#         184
  C:0FF1H         LINE#         185
  C:0FF8H         LINE#         186
  C:0FF8H         LINE#         187
  C:0FF9H         LINE#         188
  C:1013H         LINE#         189
  C:101AH         LINE#         190
  C:101AH         LINE#         192
  C:1023H         LINE#         193
  C:102AH         LINE#         194
  C:102AH         LINE#         195
BL51 BANKED LINKER/LOCATER V6.22                                                      05/23/2018  10:43:45  PAGE 27


  C:102BH         LINE#         196
  C:1045H         LINE#         197
  C:1045H         LINE#         198
  C:104DH         LINE#         199
  C:104FH         LINE#         200
  C:1063H         LINE#         201
  C:1071H         LINE#         202
  C:1071H         LINE#         203
  C:1078H         LINE#         204
  C:1078H         LINE#         205
  C:1080H         LINE#         206
  C:1082H         LINE#         207
  C:1096H         LINE#         208
  C:10A4H         LINE#         209
  C:10A4H         LINE#         210
  C:10ABH         LINE#         212
  C:10C3H         LINE#         213
  C:10CAH         LINE#         214
  C:10D3H         LINE#         215
  C:10DCH         LINE#         216
  C:10E5H         LINE#         217
  C:10E8H         LINE#         218
  C:10E8H         LINE#         219
  C:110BH         LINE#         220
  C:112FH         LINE#         221
  C:1138H         LINE#         222
  C:1141H         LINE#         223
  C:1146H         LINE#         224
  C:114AH         LINE#         225
  C:114AH         LINE#         226
  C:1152H         LINE#         227
  C:1154H         LINE#         228
  C:116BH         LINE#         229
  C:1171H         LINE#         230
  C:1171H         LINE#         231
  C:1178H         LINE#         232
  C:1178H         LINE#         233
  C:118DH         LINE#         234
  C:118DH         LINE#         235
  C:1190H         LINE#         239
  C:1190H         LINE#         240
  C:11A6H         LINE#         241
  C:11AFH         LINE#         242
  C:11B8H         LINE#         243
  C:11CCH         LINE#         244
  C:11CCH         LINE#         247
  C:11CCH         LINE#         248
  C:11DCH         LINE#         249
  C:11F9H         LINE#         250
  C:1202H         LINE#         251
  C:1208H         LINE#         252
  C:120BH         LINE#         255
  C:120BH         LINE#         256
  C:1224H         LINE#         257
  C:1241H         LINE#         258
  C:124AH         LINE#         259
  C:1250H         LINE#         260
BL51 BANKED LINKER/LOCATER V6.22                                                      05/23/2018  10:43:45  PAGE 28


  C:1252H         LINE#         263
  C:1252H         LINE#         264
  C:1268H         LINE#         265
  C:126EH         LINE#         266
  C:1270H         LINE#         269
  C:1270H         LINE#         270
  C:1286H         LINE#         271
  C:128CH         LINE#         272
  C:128EH         LINE#         274
  C:128EH         LINE#         275
  C:129DH         LINE#         276
  C:12A6H         LINE#         277
  C:12A6H         LINE#         279
  C:12A6H         LINE#         280
  -------         ENDPROC       FONCTIONROUTAGE
  -------         PROC          TEMPO_EMISS
  -------         DO            
  X:06D0H         SYMBOL        x
  -------         ENDDO         
  C:4E8AH         LINE#         282
  C:4E8AH         LINE#         283
  C:4E91H         LINE#         285
  C:4EBEH         LINE#         286
  C:4EECH         LINE#         287
  C:4F1AH         LINE#         288
  C:4F48H         LINE#         289
  -------         ENDPROC       TEMPO_EMISS
  -------         ENDMOD        LIEN_STRUCTURE_COMMANDE

  -------         MODULE        MAIN
  C:0000H         SYMBOL        _ICE_DUMMY_
  X:0BBBH         PUBLIC        message_PC_com
  D:0080H         PUBLIC        P0
  X:0BEDH         PUBLIC        courant
  D:0090H         PUBLIC        P1
  D:00A0H         PUBLIC        P2
  D:00B0H         PUBLIC        P3
  C:0026H         PUBLIC        ISR_Timer2
  B:00A8H.7       PUBLIC        EA
  C:555AH         PUBLIC        ISR_Timer3
  B:00A0H.0       PUBLIC        PWM_servo
  X:0BEFH         PUBLIC        vitesse_par_defaut
  D:00E8H         PUBLIC        ADC0CN
  D:00A8H         PUBLIC        IE
  D:00D8H         PUBLIC        PCA0CN
  D:00B8H         PUBLIC        IP
  X:0BF1H         PUBLIC        commande_correct
  D:00C0H         PUBLIC        SMB0CN
  C:3AC8H         PUBLIC        main
  D:00F8H         PUBLIC        SPI0CN
  D:0088H         PUBLIC        TCON
  C:335CH         PUBLIC        _conv
  D:0091H         PUBLIC        TMR3CN
  C:4DBEH         PUBLIC        _conversionangle_positif
  C:3D52H         SYMBOL        _?ix1000
  C:3D84H         SYMBOL        _?ix1001
  C:3D8AH         SYMBOL        _?ix1002
BL51 BANKED LINKER/LOCATER V6.22                                                      05/23/2018  10:43:45  PAGE 29


  X:0BF3H         PUBLIC        epreuve_en_cours
  C:3D8DH         SYMBOL        _?ix1003
  C:312FH         PUBLIC        _Message
  B:00C8H.7       PUBLIC        TF2
  B:00C8H.2       PUBLIC        TR2
  X:0BF4H         PUBLIC        energie
  D:0098H         PUBLIC        SCON0
  C:407EH         PUBLIC        _traitement_A
  C:53BAH         PUBLIC        _traitement_B
  C:3758H         PUBLIC        _traitement_C
  D:00C8H         PUBLIC        T2CON
  C:41D1H         PUBLIC        _traitement_D
  C:5C7EH         PUBLIC        _conversioncoord
  C:5D8AH         PUBLIC        traitement_E
  C:3915H         PUBLIC        _traitement_G
  C:2CBEH         PUBLIC        _traitement_L
  C:2743H         PUBLIC        _traitement_M
  B:00A0H.5       PUBLIC        NSS_slave
  C:5DDFH         PUBLIC        traitement_Q
  C:3F25H         PUBLIC        _traitement_R
  C:2A63H         PUBLIC        _traitement_S
  C:55DEH         PUBLIC        _traitement_T
  C:5C35H         PUBLIC        _conversioncoord_2
  D:00D0H         PUBLIC        PSW
  C:5C78H         SYMBOL        L?0341
  -------         PROC          L?0340
  -------         ENDPROC       L?0340
  C:5C78H         SYMBOL        L?0341
  -------         PROC          _CONVERSIONCOORD
  D:0001H         SYMBOL        tableau
  -------         DO            
  D:0006H         SYMBOL        dizaine
  D:0004H         SYMBOL        unite
  D:0007H         SYMBOL        valeur
  -------         ENDDO         
  C:5C7EH         LINE#         38
  C:5C7EH         LINE#         39
  C:5C7FH         LINE#         40
  C:5C80H         LINE#         43
  C:5C8FH         LINE#         44
  C:5C98H         LINE#         46
  C:5C9BH         LINE#         47
  C:5C9BH         LINE#         48
  -------         ENDPROC       _CONVERSIONCOORD
  C:5C2FH         SYMBOL        L?0339
  -------         PROC          L?0338
  -------         ENDPROC       L?0338
  C:5C2FH         SYMBOL        L?0339
  -------         PROC          _CONVERSIONCOORD_2
  D:0001H         SYMBOL        tableau
  -------         DO            
  D:0006H         SYMBOL        dizaine
  D:0004H         SYMBOL        unite
  X:00F4H         SYMBOL        centaine
  D:0007H         SYMBOL        valeur
  -------         ENDDO         
  C:5C35H         LINE#         50
BL51 BANKED LINKER/LOCATER V6.22                                                      05/23/2018  10:43:45  PAGE 30


  C:5C35H         LINE#         51
  C:5C36H         LINE#         52
  C:5C37H         LINE#         53
  C:5C3DH         LINE#         56
  C:5C54H         LINE#         57
  C:5C66H         LINE#         58
  C:5C6FH         LINE#         60
  C:5C77H         LINE#         61
  C:5C77H         LINE#         62
  -------         ENDPROC       _CONVERSIONCOORD_2
  C:3352H         SYMBOL        L?0337
  -------         PROC          L?0336
  -------         ENDPROC       L?0336
  C:3352H         SYMBOL        L?0337
  -------         PROC          _CONV
  X:00FAH         SYMBOL        nbr
  X:00FDH         SYMBOL        taille
  -------         DO            
  X:00FFH         SYMBOL        k
  X:0101H         SYMBOL        t1
  X:0105H         SYMBOL        ret
  X:0107H         SYMBOL        numero
  -------         ENDDO         
  C:335CH         LINE#         78
  C:336FH         LINE#         79
  C:336FH         LINE#         80
  C:3376H         LINE#         81
  C:337EH         LINE#         82
  C:3385H         LINE#         83
  C:3389H         LINE#         85
  C:3393H         LINE#         86
  C:3393H         LINE#         87
  C:33B8H         LINE#         88
  C:33B8H         LINE#         89
  C:33E4H         LINE#         90
  C:341BH         LINE#         91
  C:3479H         LINE#         92
  C:3485H         LINE#         93
  C:3499H         LINE#         94
  C:34B0H         LINE#         95
  C:34B3H         LINE#         97
  C:34B3H         LINE#         98
  C:34D7H         LINE#         99
  C:34D7H         LINE#         100
  C:354AH         LINE#         101
  C:3556H         LINE#         102
  C:3567H         LINE#         103
  C:3567H         LINE#         104
  C:356FH         LINE#         105
  -------         ENDPROC       _CONV
  -------         PROC          L?0342
  -------         ENDPROC       L?0342
  -------         PROC          _CONVERSIONANGLE_POSITIF
  D:0001H         SYMBOL        tableau
  -------         DO            
  X:00F5H         SYMBOL        centaine
  X:00F7H         SYMBOL        dizaine
BL51 BANKED LINKER/LOCATER V6.22                                                      05/23/2018  10:43:45  PAGE 31


  X:00F9H         SYMBOL        unite
  X:00FBH         SYMBOL        valeur
  -------         ENDDO         
  C:4DBEH         LINE#         106
  C:4DBEH         LINE#         107
  C:4DC5H         LINE#         108
  C:4DC9H         LINE#         109
  C:4DCDH         LINE#         112
  C:4DD4H         LINE#         113
  C:4DF2H         LINE#         114
  C:4E05H         LINE#         115
  C:4E19H         LINE#         116
  C:4E1BH         LINE#         117
  C:4E1BH         LINE#         118
  C:4E34H         LINE#         119
  C:4E4EH         LINE#         120
  C:4E62H         LINE#         121
  C:4E81H         LINE#         122
  C:4E81H         LINE#         123
  C:4E89H         LINE#         124
  -------         ENDPROC       _CONVERSIONANGLE_POSITIF
  -------         PROC          _TRAITEMENT_A
  X:00C5H         SYMBOL        com
  X:00C8H         SYMBOL        commande
  -------         DO            
  D:0007H         SYMBOL        vitesse
  X:00EEH         SYMBOL        tab
  X:00F1H         SYMBOL        j
  D:0007H         SYMBOL        duree
  -------         ENDDO         
  C:407EH         LINE#         126
  C:4089H         LINE#         132
  C:409AH         LINE#         133
  C:409AH         LINE#         134
  C:409AH         LINE#         135
  C:409AH         LINE#         136
  C:40A1H         LINE#         137
  C:40A9H         LINE#         138
  C:40A9H         LINE#         139
  C:40D0H         LINE#         140
  C:40EAH         LINE#         141
  C:40EDH         LINE#         142
  C:40FDH         LINE#         143
  C:40FDH         LINE#         144
  C:40FDH         LINE#         145
  C:4100H         LINE#         146
  C:4105H         LINE#         147
  C:4108H         LINE#         148
  C:4108H         LINE#         149
  C:4108H         LINE#         150
  C:4108H         LINE#         151
  C:4113H         LINE#         152
  C:4118H         LINE#         154
  C:4130H         LINE#         155
  C:4130H         LINE#         156
  C:4139H         LINE#         157
  C:4139H         LINE#         158
BL51 BANKED LINKER/LOCATER V6.22                                                      05/23/2018  10:43:45  PAGE 32


  C:4160H         LINE#         159
  C:417AH         LINE#         160
  C:417DH         LINE#         161
  C:418CH         LINE#         162
  C:418CH         LINE#         163
  C:4193H         LINE#         164
  C:4195H         LINE#         166
  C:4195H         LINE#         167
  C:4199H         LINE#         168
  C:4199H         LINE#         170
  C:419BH         LINE#         178
  C:419BH         LINE#         179
  C:419BH         LINE#         180
  C:419BH         LINE#         181
  C:41A2H         LINE#         182
  C:41A8H         LINE#         183
  C:41B2H         LINE#         184
  C:41B2H         LINE#         185
  C:41BBH         LINE#         186
  C:41CAH         LINE#         187
  C:41CAH         LINE#         188
  C:41CAH         LINE#         189
  C:41D0H         LINE#         190
  -------         ENDPROC       _TRAITEMENT_A
  -------         PROC          _TRAITEMENT_B
  X:00C5H         SYMBOL        com
  X:00C8H         SYMBOL        commande
  -------         DO            
  D:0007H         SYMBOL        vitesse
  X:00EEH         SYMBOL        tab
  D:0006H         SYMBOL        j
  -------         ENDDO         
  C:53BAH         LINE#         191
  C:53C5H         LINE#         192
  C:53C5H         LINE#         196
  C:53CBH         LINE#         197
  C:53E0H         LINE#         198
  C:53E0H         LINE#         199
  C:53E3H         LINE#         200
  C:53E3H         LINE#         201
  C:5402H         LINE#         202
  C:540DH         LINE#         203
  C:5416H         LINE#         204
  C:5426H         LINE#         205
  C:5426H         LINE#         206
  C:542DH         LINE#         207
  C:542FH         LINE#         209
  C:542FH         LINE#         210
  C:5434H         LINE#         211
  C:5434H         LINE#         212
  C:5434H         LINE#         213
  C:5436H         LINE#         215
  C:5436H         LINE#         216
  C:543EH         LINE#         217
  C:543EH         LINE#         219
  C:5444H         LINE#         220
  -------         ENDPROC       _TRAITEMENT_B
BL51 BANKED LINKER/LOCATER V6.22                                                      05/23/2018  10:43:45  PAGE 33


  -------         PROC          _TRAITEMENT_C
  X:00C5H         SYMBOL        com
  X:00C8H         SYMBOL        commande
  -------         DO            
  X:00EEH         SYMBOL        angle
  X:00F0H         SYMBOL        tab
  X:00F3H         SYMBOL        j
  -------         ENDDO         
  C:3758H         LINE#         221
  C:3763H         LINE#         222
[...]
  C:5660H         LINE#         207
  C:5660H         LINE#         209
  C:5667H         LINE#         211
  C:5683H         LINE#         212
  C:5683H         LINE#         214
  C:5691H         LINE#         215
  C:56C5H         LINE#         216
  C:56D4H         LINE#         217
  C:56D4H         LINE#         219
  C:56DCH         LINE#         220
  -------         ENDPROC       SERINCHAR_BIN
  -------         PROC          _SEROUTSTRING
  X:06A6H         SYMBOL        buf
  -------         DO            
  X:06A9H         SYMBOL        len
  X:06AAH         SYMBOL        code_err
  -------         ENDDO         
  C:597AH         LINE#         224
  C:5985H         LINE#         225
  C:598AH         LINE#         227
  C:59ABH         LINE#         228
  C:59D2H         LINE#         229
  C:59D7H         LINE#         230
  -------         ENDPROC       _SEROUTSTRING
  -------         PROC          CFG_CLOCK_UART
  C:5D77H         LINE#         244
  C:5D77H         LINE#         245
  C:5D7AH         LINE#         246
  C:5D7DH         LINE#         247
  C:5D80H         LINE#         248
  C:5D82H         LINE#         250
  C:5D85H         LINE#         251
  C:5D87H         LINE#         252
  C:5D89H         LINE#         253
  -------         ENDPROC       CFG_CLOCK_UART
  -------         PROC          CFG_UART0_MODE1
BL51 BANKED LINKER/LOCATER V6.22                                                      05/23/2018  10:43:45  PAGE 54


  C:5D9CH         LINE#         259
  C:5D9CH         LINE#         260
  C:5D9EH         LINE#         261
  C:5DA0H         LINE#         262
  C:5DA3H         LINE#         263
  C:5DA6H         LINE#         264
  C:5DA9H         LINE#         265
  C:5DABH         LINE#         267
  C:5DADH         LINE#         268
  -------         ENDPROC       CFG_UART0_MODE1
  -------         ENDMOD        UART0_RINGBUFFER_LIB

  -------         MODULE        UART1
  C:0000H         SYMBOL        _ICE_DUMMY_
  D:00E7H         PUBLIC        EIE2
  D:00E8H         PUBLIC        ADC0CN
  D:00A8H         PUBLIC        IE
  X:0B6BH         SYMBOL        inbuf
  D:00D8H         PUBLIC        PCA0CN
  X:0B8BH         SYMBOL        outbuf
  D:00B8H         PUBLIC        IP
  C:5DCFH         PUBLIC        CFG_UART1
  D:00C0H         PUBLIC        SMB0CN
  B:0021H.2       SYMBOL        TXactive
  D:00F8H         PUBLIC        SPI0CN
  D:0087H         PUBLIC        PCON
  D:0088H         PUBLIC        TCON
  C:4AD5H         PUBLIC        UART1_ISR
  C:56DDH         PUBLIC        serInchar_Bin1
  C:59D8H         PUBLIC        _serOutstring1
  C:5916H         PUBLIC        serInchar1
  X:0BABH         SYMBOL        in
  C:5445H         PUBLIC        _serOutchar1
  X:0BB3H         SYMBOL        out
  D:00F2H         PUBLIC        SBUF1
  D:0098H         PUBLIC        SCON0
  D:00F1H         PUBLIC        SCON1
  D:00C8H         PUBLIC        T2CON
  D:00C9H         PUBLIC        T4CON
  C:5A91H         PUBLIC        init_Serial_Buffer1
  D:00D0H         PUBLIC        PSW
  -------         PROC          UART1_ISR
  C:4AD5H         LINE#         86
  C:4AE8H         LINE#         95
  C:4AEDH         LINE#         96
  C:4AEDH         LINE#         97
  C:4B09H         LINE#         98
  C:4B18H         LINE#         99
  C:4B41H         LINE#         101
  C:4B43H         LINE#         102
  C:4B45H         LINE#         103
  C:4B48H         LINE#         105
  C:4B4AH         LINE#         107
  C:4B4AH         LINE#         108
  C:4B85H         LINE#         109
  C:4B94H         LINE#         110
  C:4BBDH         LINE#         112
BL51 BANKED LINKER/LOCATER V6.22                                                      05/23/2018  10:43:45  PAGE 55


  C:4BBDH         LINE#         113
  C:4BC0H         LINE#         114
  C:4BC0H         LINE#         115
  -------         ENDPROC       UART1_ISR
  -------         PROC          INIT_SERIAL_BUFFER1
  C:5A91H         LINE#         120
  C:5A91H         LINE#         121
  C:5ABEH         LINE#         122
  C:5AEBH         LINE#         123
  -------         ENDPROC       INIT_SERIAL_BUFFER1
  -------         PROC          _SEROUTCHAR1
  D:0007H         SYMBOL        c
  C:5445H         LINE#         127
  C:5445H         LINE#         129
  C:548BH         LINE#         130
  C:548BH         LINE#         131
  C:5499H         LINE#         132
  C:54C2H         LINE#         134
  C:54C5H         LINE#         135
  C:54C7H         LINE#         136
  C:54CAH         LINE#         138
  C:54CAH         LINE#         139
  C:54CDH         LINE#         140
  C:54CDH         LINE#         142
  C:54CFH         LINE#         143
  -------         ENDPROC       _SEROUTCHAR1
  -------         PROC          SERINCHAR1
  -------         DO            
  D:0005H         SYMBOL        c
  -------         ENDDO         
  C:5916H         LINE#         149
  C:5916H         LINE#         152
  C:5932H         LINE#         153
  C:5932H         LINE#         154
  C:5940H         LINE#         155
  C:5974H         LINE#         156
  C:5977H         LINE#         157
  C:5977H         LINE#         159
  C:5979H         LINE#         160
  -------         ENDPROC       SERINCHAR1
  -------         PROC          SERINCHAR_BIN1
  -------         DO            
  D:0005H         SYMBOL        c
  X:0C0BH         SYMBOL        return_code
  -------         ENDDO         
  C:56DDH         LINE#         168
  C:56DDH         LINE#         170
  C:56E4H         LINE#         172
  C:5700H         LINE#         174
  C:570EH         LINE#         175
  C:5742H         LINE#         176
  C:5751H         LINE#         177
  C:5751H         LINE#         180
  C:5759H         LINE#         181
  -------         ENDPROC       SERINCHAR_BIN1
  -------         PROC          _SEROUTSTRING1
  X:06A6H         SYMBOL        buf
BL51 BANKED LINKER/LOCATER V6.22                                                      05/23/2018  10:43:45  PAGE 56


  -------         DO            
  X:06A9H         SYMBOL        len
  X:06AAH         SYMBOL        code_err
  -------         ENDDO         
  C:59D8H         LINE#         185
  C:59E3H         LINE#         186
  C:59E8H         LINE#         188
  C:5A09H         LINE#         189
  C:5A30H         LINE#         190
  C:5A35H         LINE#         191
  -------         ENDPROC       _SEROUTSTRING1
  -------         PROC          CFG_UART1
  C:5DCFH         LINE#         195
  C:5DCFH         LINE#         196
  C:5DD2H         LINE#         197
  C:5DD5H         LINE#         198
  C:5DD8H         LINE#         199
  C:5DDBH         LINE#         201
  C:5DDEH         LINE#         202
  -------         ENDPROC       CFG_UART1
  -------         ENDMOD        UART1

  -------         MODULE        ULTRASON
  C:0000H         SYMBOL        _ICE_DUMMY_
  D:0080H         PUBLIC        P0
  D:0090H         PUBLIC        P1
  D:00A0H         PUBLIC        P2
  D:00B0H         PUBLIC        P3
  D:00E8H         PUBLIC        ADC0CN
  D:00A8H         PUBLIC        IE
  B:00A0H.4       PUBLIC        Echo_ultrason_ar
  D:00D8H         PUBLIC        PCA0CN
  B:00A0H.2       PUBLIC        Echo_ultrason_av
  D:00B8H         PUBLIC        IP
  D:00C0H         PUBLIC        SMB0CN
  B:00A0H.3       PUBLIC        Trig_ultrason_ar
  B:00A0H.1       PUBLIC        Trig_ultrason_av
  D:00F8H         PUBLIC        SPI0CN
  D:0088H         PUBLIC        TCON
  B:0088H.5       PUBLIC        TF0
  D:008CH         PUBLIC        TH0
  C:49C1H         PUBLIC        MES_Dist_AR
  D:008AH         PUBLIC        TL0
  C:48ADH         PUBLIC        MES_Dist_AV
  B:0088H.4       PUBLIC        TR0
  D:0098H         PUBLIC        SCON0
  D:00C8H         PUBLIC        T2CON
  D:00D0H         PUBLIC        PSW
  -------         PROC          MES_DIST_AV
  -------         DO            
  D:0004H         SYMBOL        Delta
  X:06F2H         SYMBOL        TL0_tmp
  X:06F6H         SYMBOL        TH0_tmp
  D:0004H         SYMBOL        Duree
  X:06FAH         SYMBOL        Dist
  D:0004H         SYMBOL        Duree2
  X:06FEH         SYMBOL        i
BL51 BANKED LINKER/LOCATER V6.22                                                      05/23/2018  10:43:45  PAGE 57


  X:0700H         SYMBOL        RegistreTemp
  -------         ENDDO         
  C:48ADH         LINE#         12
  C:48ADH         LINE#         19
  C:48B4H         LINE#         22
  C:48B7H         LINE#         23
  C:48B9H         LINE#         24
  C:48C3H         LINE#         25
  C:48CDH         LINE#         27
  C:48DEH         LINE#         28
  C:48DFH         LINE#         29
  C:48EBH         LINE#         30
  C:48EDH         LINE#         32
  C:48EFH         LINE#         33
  C:48F1H         LINE#         35
  C:48F7H         LINE#         37
  C:48FAH         LINE#         38
  C:4904H         LINE#         39
  C:4907H         LINE#         41
  C:4907H         LINE#         42
  C:4913H         LINE#         43
  C:491FH         LINE#         44
  C:4922H         LINE#         45
  C:4924H         LINE#         46
  C:4953H         LINE#         47
  C:4984H         LINE#         49
  C:4995H         LINE#         50
  C:49A0H         LINE#         51
  C:49B0H         LINE#         52
  C:49B2H         LINE#         53
  C:49B2H         LINE#         55
  C:49C0H         LINE#         56
  -------         ENDPROC       MES_DIST_AV
  -------         PROC          MES_DIST_AR
  -------         DO            
  D:0004H         SYMBOL        Delta
  X:06F2H         SYMBOL        TL0_tmp
  X:06F6H         SYMBOL        TH0_tmp
  D:0004H         SYMBOL        Duree
  X:06FAH         SYMBOL        Dist
  D:0004H         SYMBOL        Duree2
  X:06FEH         SYMBOL        i
  X:0700H         SYMBOL        RegistreTemp
  -------         ENDDO         
  C:49C1H         LINE#         58
  C:49C1H         LINE#         59
  C:49C1H         LINE#         66
  C:49C8H         LINE#         69
  C:49CBH         LINE#         70
  C:49CDH         LINE#         71
  C:49D7H         LINE#         72
  C:49E1H         LINE#         74
  C:49F2H         LINE#         75
  C:49F3H         LINE#         76
  C:49FFH         LINE#         77
  C:4A01H         LINE#         79
  C:4A03H         LINE#         80
BL51 BANKED LINKER/LOCATER V6.22                                                      05/23/2018  10:43:45  PAGE 58


  C:4A05H         LINE#         82
  C:4A0BH         LINE#         84
  C:4A0EH         LINE#         85
  C:4A18H         LINE#         86
  C:4A1BH         LINE#         88
  C:4A1BH         LINE#         89
  C:4A27H         LINE#         90
  C:4A33H         LINE#         91
  C:4A36H         LINE#         92
  C:4A38H         LINE#         93
  C:4A67H         LINE#         94
  C:4A98H         LINE#         96
  C:4AA9H         LINE#         97
  C:4AB4H         LINE#         98
  C:4AC4H         LINE#         99
  C:4AC6H         LINE#         100
  C:4AC6H         LINE#         102
  C:4AD4H         LINE#         103
  -------         ENDPROC       MES_DIST_AR
  -------         ENDMOD        ULTRASON

  -------         MODULE        ENCODAGE_POINTEUR_LUM
  C:0000H         SYMBOL        _ICE_DUMMY_
  D:00E8H         PUBLIC        ADC0CN
  D:00A8H         PUBLIC        IE
  D:00D8H         PUBLIC        PCA0CN
  D:00B8H         PUBLIC        IP
  D:00C0H         PUBLIC        SMB0CN
  C:5BE5H         PUBLIC        pointeur_lum
  D:00F8H         PUBLIC        SPI0CN
  D:0088H         PUBLIC        TCON
  C:5E44H         SYMBOL        _?ix1000
  D:0098H         PUBLIC        SCON0
  D:00C8H         PUBLIC        T2CON
  D:00D0H         PUBLIC        PSW
  -------         PROC          POINTEUR_LUM
  X:06A6H         SYMBOL        com
  -------         DO            
  X:06CCH         SYMBOL        rep
  D:0007H         SYMBOL        commande_SPI
  D:0006H         SYMBOL        taille_trame
  -------         ENDDO         
  C:5BE5H         LINE#         9
  C:5BE5H         LINE#         10
  C:5BF8H         LINE#         11
  C:5BFAH         LINE#         12
  C:5BFCH         LINE#         14
  C:5BFCH         LINE#         15
  C:5C04H         LINE#         16
  C:5C0CH         LINE#         17
  C:5C14H         LINE#         18
  C:5C1CH         LINE#         20
  C:5C2CH         LINE#         21
  -------         ENDPROC       POINTEUR_LUM
  -------         ENDMOD        ENCODAGE_POINTEUR_LUM

  -------         MODULE        ?C?FPADD
BL51 BANKED LINKER/LOCATER V6.22                                                      05/23/2018  10:43:45  PAGE 59


  C:00ADH         PUBLIC        ?C?FPADD
  C:00A9H         PUBLIC        ?C?FPSUB
  -------         ENDMOD        ?C?FPADD

  -------         MODULE        ?C?FPMUL
  C:019EH         PUBLIC        ?C?FPMUL
  -------         ENDMOD        ?C?FPMUL

  -------         MODULE        ?C?FPDIV
  C:02A7H         PUBLIC        ?C?FPDIV
  -------         ENDMOD        ?C?FPDIV

  -------         MODULE        ?C?FPCMP
  C:0346H         PUBLIC        ?C?FPCMP
  C:0344H         PUBLIC        ?C?FPCMP3
  -------         ENDMOD        ?C?FPCMP

  -------         MODULE        ?C?FCAST
  C:03C7H         PUBLIC        ?C?FCASTC
  C:03C2H         PUBLIC        ?C?FCASTI
  C:03BDH         PUBLIC        ?C?FCASTL
  -------         ENDMOD        ?C?FCAST

  -------         MODULE        ?C?CASTF
  C:03FBH         PUBLIC        ?C?CASTF
  -------         ENDMOD        ?C?CASTF

  -------         MODULE        PRINTF
  X:06F2H         PUBLIC        ?_PRINTF?BYTE
  X:06F2H         PUBLIC        ?_SPRINTF?BYTE
  C:232BH         PUBLIC        _PRINTF
  C:2325H         PUBLIC        _SPRINTF
  -------         ENDMOD        PRINTF

  -------         MODULE        ATAN
  C:468EH         PUBLIC        _ATAN
  -------         ENDMOD        ATAN

  -------         MODULE        CEIL
  C:4CC9H         PUBLIC        _ceil
  -------         ENDMOD        CEIL

  -------         MODULE        POW
  X:06A6H         PUBLIC        ?_pow?BYTE
  C:3DBFH         PUBLIC        _pow
  -------         ENDMOD        POW

  -------         MODULE        ?C?CHKFLOAT
  C:047CH         PUBLIC        ?C?CHKFLOAT
  -------         ENDMOD        ?C?CHKFLOAT

  -------         MODULE        ?C?FPNEG
  C:0496H         PUBLIC        ?C?FPNEG
  -------         ENDMOD        ?C?FPNEG

  -------         MODULE        ?C?FPROUND
  C:04A7H         PUBLIC        ?C?FPROUND
BL51 BANKED LINKER/LOCATER V6.22                                                      05/23/2018  10:43:45  PAGE 60


  -------         ENDMOD        ?C?FPROUND

  -------         MODULE        ?C?FPCONVERT
  C:04E4H         PUBLIC        ?C?FPCONVERT
  -------         ENDMOD        ?C?FPCONVERT

  -------         MODULE        EXP
  C:5235H         PUBLIC        _EXP
  -------         ENDMOD        EXP

  -------         MODULE        LOG
  C:432FH         PUBLIC        _LOG
  C:432BH         PUBLIC        _LOG10
  -------         ENDMOD        LOG

  -------         MODULE        ?C?FTNPWR
  C:0666H         PUBLIC        ?C?FTNPWR
  -------         ENDMOD        ?C?FTNPWR

  -------         MODULE        ?C?COPY
  C:0776H         PUBLIC        ?C?COPY
  -------         ENDMOD        ?C?COPY

  -------         MODULE        ?C?SCDIV
  C:079CH         PUBLIC        ?C?SCDIV
  -------         ENDMOD        ?C?SCDIV

  -------         MODULE        ?C?CLDPTR
  C:07BEH         PUBLIC        ?C?CLDPTR
  -------         ENDMOD        ?C?CLDPTR

  -------         MODULE        ?C?CLDOPTR
  C:07D7H         PUBLIC        ?C?CLDOPTR
  -------         ENDMOD        ?C?CLDOPTR

  -------         MODULE        ?C?CSTPTR
  C:0804H         PUBLIC        ?C?CSTPTR
  -------         ENDMOD        ?C?CSTPTR

  -------         MODULE        ?C?CSTOPTR
  C:0816H         PUBLIC        ?C?CSTOPTR
  -------         ENDMOD        ?C?CSTOPTR

  -------         MODULE        ?C?IMUL
  C:0838H         PUBLIC        ?C?IMUL
  -------         ENDMOD        ?C?IMUL

  -------         MODULE        ?C?SIDIV
  C:084AH         PUBLIC        ?C?SIDIV
  -------         ENDMOD        ?C?SIDIV

  -------         MODULE        ?C?IILDX
  C:0880H         PUBLIC        ?C?IILDX
  -------         ENDMOD        ?C?IILDX

  -------         MODULE        ?C?LNEG
  C:0896H         PUBLIC        ?C?LNEG
BL51 BANKED LINKER/LOCATER V6.22                                                      05/23/2018  10:43:45  PAGE 61


  -------         ENDMOD        ?C?LNEG

  -------         MODULE        ?C?SLCMP
  C:08A4H         PUBLIC        ?C?SLCMP
  -------         ENDMOD        ?C?SLCMP

  -------         MODULE        ?C?ULCMP
  C:08BAH         PUBLIC        ?C?ULCMP
  -------         ENDMOD        ?C?ULCMP

  -------         MODULE        ?C?LLDCODE
  C:08CBH         PUBLIC        ?C?LLDCODE
  -------         ENDMOD        ?C?LLDCODE

  -------         MODULE        ?C?LLDXDATA0
  C:08DBH         PUBLIC        ?C?LLDXDATA0
  -------         ENDMOD        ?C?LLDXDATA0

  -------         MODULE        ?C?LLDCODE0
  C:08E7H         PUBLIC        ?C?LLDCODE0
  -------         ENDMOD        ?C?LLDCODE0

  -------         MODULE        ?C?LSTXDATA
  C:08F7H         PUBLIC        ?C?LSTXDATA
  -------         ENDMOD        ?C?LSTXDATA

  -------         MODULE        ?C?LSTKXDATA
  C:0903H         PUBLIC        ?C?LSTKXDATA
  -------         ENDMOD        ?C?LSTKXDATA

  -------         MODULE        ?C?PLDIXDATA
  C:0934H         PUBLIC        ?C?PLDIXDATA
  -------         ENDMOD        ?C?PLDIXDATA

  -------         MODULE        ?C?PSTXDATA
  C:094BH         PUBLIC        ?C?PSTXDATA
  -------         ENDMOD        ?C?PSTXDATA

  -------         MODULE        ?C?CCASE
  C:0954H         PUBLIC        ?C?CCASE
  -------         ENDMOD        ?C?CCASE

  -------         MODULE        PUTCHAR
  C:0076H         PUBLIC        _PUTCHAR
  -------         ENDMOD        PUTCHAR

  -------         MODULE        STRCAT
  X:06FBH         PUBLIC        ?_strcat?BYTE
  C:5847H         PUBLIC        _strcat
  -------         ENDMOD        STRCAT

  -------         MODULE        ?C?STRCPY
  C:0A46H         PUBLIC        ?C?STRCPY
  -------         ENDMOD        ?C?STRCPY

  -------         MODULE        STRLEN
  C:5D4FH         PUBLIC        _STRLEN
BL51 BANKED LINKER/LOCATER V6.22                                                      05/23/2018  10:43:45  PAGE 62


  -------         ENDMOD        STRLEN

  -------         MODULE        ?C?MEMSET
  C:0A63H         PUBLIC        ?C?MEMSET
  -------         ENDMOD        ?C?MEMSET

  -------         MODULE        ?C?UIDIV
  C:0A8FH         PUBLIC        ?C?UIDIV
  -------         ENDMOD        ?C?UIDIV

  -------         MODULE        ?C?ILDIX
  C:0AE4H         PUBLIC        ?C?ILDIX
  -------         ENDMOD        ?C?ILDIX

*** WARNING L16: UNCALLED SEGMENT, IGNORED FOR OVERLAY PROCESS
    SEGMENT: ?PR?_ITOS?FONCTIONS_COTE_SERIALIZER

*** WARNING L16: UNCALLED SEGMENT, IGNORED FOR OVERLAY PROCESS
    SEGMENT: ?PR?SERINCHAR?UART0_RINGBUFFER_LIB

*** WARNING L16: UNCALLED SEGMENT, IGNORED FOR OVERLAY PROCESS
    SEGMENT: ?PR?SERINCHAR_BIN?UART0_RINGBUFFER_LIB

*** WARNING L16: UNCALLED SEGMENT, IGNORED FOR OVERLAY PROCESS
    SEGMENT: ?PR?SERINCHAR_BIN1?UART1

Program Size: data=15.3 xdata=3085 code=24129
LINK/LOCATE RUN COMPLETE.  4 WARNING(S),  0 ERROR(S)
