BL51 BANKED LINKER/LOCATER V6.22                                                        05/15/2018  17:33:30  PAGE 1


BL51 BANKED LINKER/LOCATER V6.22, INVOKED BY:
C:\KEIL\C51\BIN\BL51.EXE STARTUP.obj, ADC.obj, Config_Globale.obj, Config_SPI.obj, Fonctions_cote_serializer.obj, Servom
>> oteur_Horizontal.obj, Timers.obj, Transmission_SPI.obj, UART0_RingBuffer_lib.obj, UART1.obj, ultrason.obj, main.obj, 
>> Lien_Structure_commande.obj, encodage_son.obj, son_sonore.obj TO master_final RAMSIZE (256)


MEMORY MODEL: LARGE WITH FLOATING POINT ARITHMETIC


INPUT MODULES INCLUDED:
  STARTUP.obj (?C_STARTUP)
  ADC.obj (ADC)
  Config_Globale.obj (CONFIG_GLOBALE)
  Config_SPI.obj (CONFIG_SPI)
  Fonctions_cote_serializer.obj (FONCTIONS_COTE_SERIALIZER)
  Servomoteur_Horizontal.obj (SERVOMOTEUR_HORIZONTAL)
  Timers.obj (TIMERS)
  Transmission_SPI.obj (TRANSMISSION_SPI)
  UART0_RingBuffer_lib.obj (UART0_RINGBUFFER_LIB)
  UART1.obj (UART1)
  ultrason.obj (ULTRASON)
  main.obj (MAIN)
  Lien_Structure_commande.obj (LIEN_STRUCTURE_COMMANDE)
  encodage_son.obj (ENCODAGE_SON)
  son_sonore.obj (SON_SONORE)
  C:\KEIL\C51\LIB\C51FPL.LIB (?C?FPADD)
  C:\KEIL\C51\LIB\C51FPL.LIB (?C?FPMUL)
  C:\KEIL\C51\LIB\C51FPL.LIB (?C?FPDIV)
  C:\KEIL\C51\LIB\C51FPL.LIB (?C?FPCMP)
  C:\KEIL\C51\LIB\C51FPL.LIB (?C?FCAST)
  C:\KEIL\C51\LIB\C51FPL.LIB (?C?CASTF)
  C:\KEIL\C51\LIB\C51FPL.LIB (PRINTF)
  C:\KEIL\C51\LIB\C51FPL.LIB (CEIL)
  C:\KEIL\C51\LIB\C51FPL.LIB (?C?FPGETOPN)
  C:\KEIL\C51\LIB\C51FPL.LIB (?C?FPROUND)
  C:\KEIL\C51\LIB\C51FPL.LIB (?C?FPCONVERT)
  C:\KEIL\C51\LIB\C51FPL.LIB (?C?FTNPWR)
  C:\KEIL\C51\LIB\C51L.LIB (?C_INIT)
  C:\KEIL\C51\LIB\C51L.LIB (?C?COPY)
  C:\KEIL\C51\LIB\C51L.LIB (?C?SCDIV)
  C:\KEIL\C51\LIB\C51L.LIB (?C?CLDPTR)
  C:\KEIL\C51\LIB\C51L.LIB (?C?CLDOPTR)
  C:\KEIL\C51\LIB\C51L.LIB (?C?CSTPTR)
  C:\KEIL\C51\LIB\C51L.LIB (?C?CSTOPTR)
  C:\KEIL\C51\LIB\C51L.LIB (?C?IMUL)
  C:\KEIL\C51\LIB\C51L.LIB (?C?UIDIV)
  C:\KEIL\C51\LIB\C51L.LIB (?C?SIDIV)
  C:\KEIL\C51\LIB\C51L.LIB (?C?IILDX)
  C:\KEIL\C51\LIB\C51L.LIB (?C?LNEG)
  C:\KEIL\C51\LIB\C51L.LIB (?C?SLCMP)
  C:\KEIL\C51\LIB\C51L.LIB (?C?ULCMP)
  C:\KEIL\C51\LIB\C51L.LIB (?C?LSTXDATA)
  C:\KEIL\C51\LIB\C51L.LIB (?C?LSTKXDATA)
  C:\KEIL\C51\LIB\C51L.LIB (?C?PLDIXDATA)
  C:\KEIL\C51\LIB\C51L.LIB (?C?PSTXDATA)
  C:\KEIL\C51\LIB\C51L.LIB (?C?CCASE)
  C:\KEIL\C51\LIB\C51L.LIB (PUTCHAR)
  C:\KEIL\C51\LIB\C51L.LIB (STRCAT)
BL51 BANKED LINKER/LOCATER V6.22                                                      05/15/2018  17:33:30  PAGE 2


  C:\KEIL\C51\LIB\C51L.LIB (?C?STRCPY)
  C:\KEIL\C51\LIB\C51L.LIB (STRLEN)
  C:\KEIL\C51\LIB\C51L.LIB (?C?MEMSET)
  C:\KEIL\C51\LIB\C51L.LIB (?C?ILDIX)


LINK MAP OF MODULE:  master_final (?C_STARTUP)


            TYPE    BASE      LENGTH    RELOCATION   SEGMENT NAME
            -----------------------------------------------------

            * * * * * * *   D A T A   M E M O R Y   * * * * * * *
            REG     0000H     0008H     ABSOLUTE     "REG BANK 0"
            DATA    0008H     0005H     UNIT         _DATA_GROUP_
                    000DH     0013H                  *** GAP ***
            BIT     0020H.0   0001H.1   UNIT         _BIT_GROUP_
            BIT     0021H.1   0000H.1   UNIT         ?BI?UART0_RINGBUFFER_LIB
            BIT     0021H.2   0000H.1   UNIT         ?BI?UART1
                    0021H.3   0000H.5                *** GAP ***
            IDATA   0022H     0001H     UNIT         ?STACK

            * * * * * * *  X D A T A   M E M O R Y  * * * * * * *
            XDATA   0000H     02F0H     UNIT         _XDATA_GROUP_
            XDATA   02F0H     0085H     UNIT         ?XD?LIEN_STRUCTURE_COMMANDE
            XDATA   0375H     0050H     UNIT         ?XD?UART0_RINGBUFFER_LIB
            XDATA   03C5H     0050H     UNIT         ?XD?UART1
            XDATA   0415H     0037H     UNIT         ?XD?MAIN
            XDATA   044CH     0011H     UNIT         ?XD?_ITOS?FONCTIONS_COTE_SERIALIZER
            XDATA   045DH     0002H     UNIT         ?XD?SERINCHAR_BIN?UART0_RINGBUFFER_LIB
            XDATA   045FH     0002H     UNIT         ?XD?SERINCHAR_BIN1?UART1

            * * * * * * *   C O D E   M E M O R Y   * * * * * * *
            CODE    0000H     0003H     ABSOLUTE     
            CODE    0003H     001DH     UNIT         ?PR?_TRUE_VIT?FONCTIONS_COTE_SERIALIZER
                    0020H     0003H                  *** GAP ***
            CODE    0023H     0003H     ABSOLUTE     
            CODE    0026H     0005H     UNIT         ?PR?ISR_TIMER2?MAIN
            CODE    002BH     0003H     ABSOLUTE     
            CODE    002EH     0072H     UNIT         ?CO?LIEN_STRUCTURE_COMMANDE
                    00A0H     0003H                  *** GAP ***
            CODE    00A3H     0003H     ABSOLUTE     
            CODE    00A6H     0BB5H     UNIT         ?PR?ENCODE_SON?ENCODAGE_SON
            CODE    0C5BH     09B0H     UNIT         ?C?LIB_CODE
            CODE    160BH     0530H     UNIT         ?PR?FORMATE_SERIALIZER?FONCTIONS_COTE_SERIALIZER
            CODE    1B3BH     0483H     UNIT         ?PR?PRINTF?PRINTF
            CODE    1FBEH     047CH     UNIT         ?PR?_TRAITEMENT_G?MAIN
            CODE    243AH     0321H     UNIT         ?PR?_TRAITEMENT_M?MAIN
            CODE    275BH     0315H     UNIT         ?PR?FONCTIONROUTAGE?LIEN_STRUCTURE_COMMANDE
            CODE    2A70H     02A6H     UNIT         ?PR?TRANSCODE_COMMANDE_TO_SERIALIZER?FONCTIONS_COTE_SERIALIZER
            CODE    2D16H     025BH     UNIT         ?PR?_TRAITEMENT_S?MAIN
            CODE    2F71H     0237H     UNIT         ?PR?_MESSAGE?MAIN
            CODE    31A8H     01ACH     UNIT         ?PR?_TRAITEMENT_C?MAIN
            CODE    3354H     017FH     UNIT         ?CO?MAIN
            CODE    34D3H     0176H     UNIT         ?PR?MAIN?MAIN
            CODE    3649H     0159H     UNIT         ?PR?_TRAITEMENT_R?MAIN
            CODE    37A2H     0153H     UNIT         ?PR?_TRAITEMENT_A?MAIN
BL51 BANKED LINKER/LOCATER V6.22                                                      05/15/2018  17:33:30  PAGE 3


            CODE    38F5H     012AH     UNIT         ?PR?_TRAITEMENT_D?MAIN
            CODE    3A1FH     0127H     UNIT         ?PR?_ITOS?FONCTIONS_COTE_SERIALIZER
            CODE    3B46H     0123H     UNIT         ?PR?_TRUE_TICKS?FONCTIONS_COTE_SERIALIZER
            CODE    3C69H     0114H     UNIT         ?PR?MES_DIST_AV?ULTRASON
            CODE    3D7DH     0114H     UNIT         ?PR?MES_DIST_AR?ULTRASON
            CODE    3E91H     00FCH     UNIT         ?PR?UART1_ISR?UART1
            CODE    3F8DH     00F8H     UNIT         ?PR?UART0_ISR?UART0_RINGBUFFER_LIB
            CODE    4085H     00EFH     UNIT         ?PR?_CEIL?CEIL
            CODE    4174H     00BFH     UNIT         ?PR?TEMPO_EMISS?LIEN_STRUCTURE_COMMANDE
            CODE    4233H     00B9H     UNIT         ?C_INITSEG
            CODE    42ECH     009BH     UNIT         ?PR?_CDE_SERVO_H?SERVOMOTEUR_HORIZONTAL
            CODE    4387H     0095H     UNIT         ?PR?COURANT_ADC?ADC
            CODE    441CH     0095H     UNIT         ?PR?ROUTAGE?LIEN_STRUCTURE_COMMANDE
            CODE    44B1H     008CH     UNIT         ?C_C51STARTUP
            CODE    453DH     008BH     UNIT         ?PR?_SEROUTCHAR1?UART1
            CODE    45C8H     008BH     UNIT         ?PR?_TRAITEMENT_B?MAIN
            CODE    4653H     008AH     UNIT         ?PR?_SEROUTCHAR?UART0_RINGBUFFER_LIB
            CODE    46DDH     0082H     UNIT         ?PR?_TRAITEMENT_T?MAIN
            CODE    475FH     007DH     UNIT         ?PR?SERINCHAR_BIN?UART0_RINGBUFFER_LIB
            CODE    47DCH     007DH     UNIT         ?PR?SERINCHAR_BIN1?UART1
            CODE    4859H     007AH     UNIT         ?PR?_ECHANGE_TRAME?TRANSMISSION_SPI
            CODE    48D3H     006FH     UNIT         ?PR?SON_SONORE?SON_SONORE
            CODE    4942H     006BH     UNIT         ?PR?_STRCAT?STRCAT
            CODE    49ADH     0064H     UNIT         ?PR?SERINCHAR?UART0_RINGBUFFER_LIB
            CODE    4A11H     0064H     UNIT         ?PR?SERINCHAR1?UART1
            CODE    4A75H     005EH     UNIT         ?PR?_SEROUTSTRING?UART0_RINGBUFFER_LIB
            CODE    4AD3H     005EH     UNIT         ?PR?_SEROUTSTRING1?UART1
            CODE    4B31H     005BH     UNIT         ?PR?INIT_SERIAL_BUFFER?UART0_RINGBUFFER_LIB
            CODE    4B8CH     005BH     UNIT         ?PR?INIT_SERIAL_BUFFER1?UART1
            CODE    4BE7H     0059H     UNIT         ?CO?FONCTIONS_COTE_SERIALIZER
            CODE    4C40H     0057H     UNIT         ?PR?_CONVERSIONANGLE_POSITIF?MAIN
            CODE    4C97H     0055H     UNIT         ?PR?_CONV_ANGLE_TICKS?FONCTIONS_COTE_SERIALIZER
            CODE    4CECH     0043H     UNIT         ?PR?_TRAME_EMISE?TRANSMISSION_SPI
            CODE    4D2FH     002AH     UNIT         ?CO?ENCODAGE_SON
            CODE    4D59H     0027H     UNIT         ?PR?PUTCHAR?PUTCHAR
            CODE    4D80H     0024H     UNIT         ?PR?CONFIG_TIMER2?TIMERS
            CODE    4DA4H     0024H     UNIT         ?PR?_CONVERSIONCOORD?MAIN
            CODE    4DC8H     001AH     UNIT         ?PR?OSCILLATOR_INIT?CONFIG_GLOBALE
            CODE    4DE2H     001AH     UNIT         ?PR?_CONV_DISTANCE_TICKS?FONCTIONS_COTE_SERIALIZER
            CODE    4DFCH     0019H     UNIT         ?PR?GPIO_CONFIG?CONFIG_GLOBALE
            CODE    4E15H     0015H     UNIT         ?PR?CONFIG_SPI_MASTER?CONFIG_SPI
            CODE    4E2AH     0015H     UNIT         ?PR?_STRLEN?STRLEN
            CODE    4E3FH     0013H     UNIT         ?PR?CFG_ADC0?ADC
            CODE    4E52H     0013H     UNIT         ?PR?CFG_CLOCK_UART?UART0_RINGBUFFER_LIB
            CODE    4E65H     0012H     UNIT         ?PR?CFG_UART0_MODE1?UART0_RINGBUFFER_LIB
            CODE    4E77H     0012H     UNIT         ?PR?TRAITEMENT_E?MAIN
            CODE    4E89H     0012H     UNIT         ?PR?_TRAITEMENT_I?MAIN
            CODE    4E9BH     0012H     UNIT         ?PR?_TRAITEMENT_P?MAIN
            CODE    4EADH     0010H     UNIT         ?PR?_DEBUT_TRAME?TRANSMISSION_SPI
            CODE    4EBDH     0010H     UNIT         ?PR?CFG_UART1?UART1
            CODE    4ECDH     000DH     UNIT         ?PR?TRAME_RECUE?TRANSMISSION_SPI
            CODE    4EDAH     000DH     UNIT         ?PR?TRAITEMENT_Q?MAIN
            CODE    4EE7H     000CH     UNIT         ?PR?INIT_DEVICE?CONFIG_GLOBALE
            CODE    4EF3H     000BH     UNIT         ?PR?CONFIG_TIMER0?TIMERS
            CODE    4EFEH     000AH     UNIT         ?PR?ACQ_ADC?ADC
            CODE    4F08H     000AH     UNIT         ?PR?INITIALISATION_TIMER0?TIMERS
            CODE    4F12H     000AH     UNIT         ?PR?FIN_TRAME?TRANSMISSION_SPI
BL51 BANKED LINKER/LOCATER V6.22                                                      05/15/2018  17:33:30  PAGE 4


            CODE    4F1CH     0007H     UNIT         ?PR?DISABLE_WDT?CONFIG_GLOBALE
            CODE    4F23H     0007H     UNIT         ?PR?_ECHANGE_OCTET?TRANSMISSION_SPI
            CODE    4F2AH     0004H     UNIT         ?PR?CFG_VREF?ADC
            CODE    4F2EH     0004H     UNIT         ?PR?RESET_SRC?CONFIG_GLOBALE
            CODE    4F32H     0004H     UNIT         ?CO?SON_SONORE



OVERLAY MAP OF MODULE:   master_final (?C_STARTUP)


SEGMENT                                             BIT_GROUP          DATA_GROUP          XDATA_GROUP
  +--> CALLED SEGMENT                            START    LENGTH     START    LENGTH     START    LENGTH
--------------------------------------------------------------------------------------------------------
?C_C51STARTUP                                    -----    -----      -----    -----      -----    -----
  +--> ?PR?MAIN?MAIN
  +--> ?C_INITSEG

?PR?MAIN?MAIN                                    -----    -----      -----    -----      0000H    0098H
  +--> ?CO?MAIN
  +--> ?PR?INIT_DEVICE?CONFIG_GLOBALE
  +--> ?PR?CONFIG_TIMER2?TIMERS
  +--> ?PR?CONFIG_TIMER0?TIMERS
  +--> ?PR?CONFIG_SPI_MASTER?CONFIG_SPI
  +--> ?PR?CFG_VREF?ADC
  +--> ?PR?CFG_ADC0?ADC
  +--> ?PR?CFG_CLOCK_UART?UART0_RINGBUFFER_LIB
  +--> ?PR?CFG_UART0_MODE1?UART0_RINGBUFFER_LIB
  +--> ?PR?INIT_SERIAL_BUFFER?UART0_RINGBUFF...
  +--> ?PR?INIT_SERIAL_BUFFER1?UART1
  +--> ?PR?CFG_UART1?UART1
  +--> ?PR?_SEROUTSTRING?UART0_RINGBUFFER_LIB
  +--> ?PR?_CDE_SERVO_H?SERVOMOTEUR_HORIZONTAL
  +--> ?PR?_STRLEN?STRLEN
  +--> ?PR?_MESSAGE?MAIN
  +--> ?PR?FONCTIONROUTAGE?LIEN_STRUCTURE_CO...

?PR?INIT_DEVICE?CONFIG_GLOBALE                   -----    -----      -----    -----      -----    -----
  +--> ?PR?RESET_SRC?CONFIG_GLOBALE
  +--> ?PR?DISABLE_WDT?CONFIG_GLOBALE
  +--> ?PR?OSCILLATOR_INIT?CONFIG_GLOBALE
  +--> ?PR?GPIO_CONFIG?CONFIG_GLOBALE

?PR?_SEROUTSTRING?UART0_RINGBUFFER_LIB           -----    -----      -----    -----      0215H    0005H
  +--> ?PR?_STRLEN?STRLEN
  +--> ?PR?_SEROUTCHAR?UART0_RINGBUFFER_LIB

?PR?_CDE_SERVO_H?SERVOMOTEUR_HORIZONTAL          -----    -----      -----    -----      02C0H    0007H
  +--> ?PR?_CEIL?CEIL

?PR?_CEIL?CEIL                                   -----    -----      -----    -----      02C7H    0008H

?PR?_MESSAGE?MAIN                                -----    -----      -----    -----      0098H    0029H
  +--> ?PR?_TRAITEMENT_A?MAIN
  +--> ?PR?_TRAITEMENT_T?MAIN
  +--> ?PR?_TRAITEMENT_D?MAIN
  +--> ?PR?TRAITEMENT_E?MAIN
BL51 BANKED LINKER/LOCATER V6.22                                                      05/15/2018  17:33:30  PAGE 5


  +--> ?PR?TRAITEMENT_Q?MAIN
  +--> ?PR?_TRAITEMENT_M?MAIN
  +--> ?PR?_TRAITEMENT_I?MAIN
  +--> ?PR?_TRAITEMENT_P?MAIN
  +--> ?PR?_TRAITEMENT_B?MAIN
  +--> ?PR?_TRAITEMENT_S?MAIN
  +--> ?PR?_TRAITEMENT_G?MAIN
  +--> ?PR?_TRAITEMENT_R?MAIN
  +--> ?PR?_TRAITEMENT_C?MAIN

?PR?_TRAITEMENT_A?MAIN                           -----    -----      -----    -----      00C1H    002AH
  +--> ?PR?_CONVERSIONANGLE_POSITIF?MAIN
  +--> ?CO?MAIN

?PR?_CONVERSIONANGLE_POSITIF?MAIN                -----    -----      -----    -----      00FDH    0002H

?PR?_TRAITEMENT_T?MAIN                           -----    -----      -----    -----      00C1H    0028H
  +--> ?PR?_CONVERSIONANGLE_POSITIF?MAIN
  +--> ?CO?MAIN

?PR?_TRAITEMENT_D?MAIN                           -----    -----      -----    -----      00C1H    0025H
  +--> ?CO?MAIN

?PR?TRAITEMENT_E?MAIN                            -----    -----      -----    -----      00C1H    0022H

?PR?TRAITEMENT_Q?MAIN                            -----    -----      -----    -----      00C1H    0022H

?PR?_TRAITEMENT_M?MAIN                           -----    -----      -----    -----      00C1H    002AH
  +--> ?PR?_CONVERSIONCOORD?MAIN

?PR?_TRAITEMENT_I?MAIN                           -----    -----      -----    -----      00C1H    0025H

?PR?_TRAITEMENT_P?MAIN                           -----    -----      -----    -----      00C1H    0025H

?PR?_TRAITEMENT_B?MAIN                           -----    -----      -----    -----      00C1H    0028H
  +--> ?PR?_CONVERSIONANGLE_POSITIF?MAIN

?PR?_TRAITEMENT_S?MAIN                           -----    -----      -----    -----      00C1H    002DH
  +--> ?PR?_CONVERSIONCOORD?MAIN

?PR?_TRAITEMENT_G?MAIN                           -----    -----      -----    -----      00C1H    003CH
  +--> ?PR?_CONVERSIONCOORD?MAIN
  +--> ?PR?_CONVERSIONANGLE_POSITIF?MAIN

?PR?_TRAITEMENT_R?MAIN                           -----    -----      -----    -----      00C1H    002CH
  +--> ?PR?_CONVERSIONANGLE_POSITIF?MAIN

?PR?_TRAITEMENT_C?MAIN                           -----    -----      -----    -----      00C1H    002CH
  +--> ?PR?_CONVERSIONANGLE_POSITIF?MAIN

?PR?FONCTIONROUTAGE?LIEN_STRUCTURE_CO...         -----    -----      -----    -----      0098H    017DH
  +--> ?CO?LIEN_STRUCTURE_COMMANDE
  +--> ?PR?ROUTAGE?LIEN_STRUCTURE_COMMANDE
  +--> ?PR?_CDE_SERVO_H?SERVOMOTEUR_HORIZONTAL
  +--> ?PR?_SEROUTSTRING?UART0_RINGBUFFER_LIB
  +--> ?PR?_STRLEN?STRLEN
  +--> ?PR?_STRCAT?STRCAT
BL51 BANKED LINKER/LOCATER V6.22                                                      05/15/2018  17:33:30  PAGE 6


  +--> ?PR?_ECHANGE_TRAME?TRANSMISSION_SPI
  +--> ?PR?TEMPO_EMISS?LIEN_STRUCTURE_COMMANDE
  +--> ?PR?TRAME_RECUE?TRANSMISSION_SPI
  +--> ?PR?PRINTF?PRINTF
  +--> ?PR?TRANSCODE_COMMANDE_TO_SERIALIZER?...
  +--> ?PR?FORMATE_SERIALIZER?FONCTIONS_COTE...
  +--> ?PR?_SEROUTSTRING1?UART1
  +--> ?PR?SERINCHAR1?UART1
  +--> ?PR?ENCODE_SON?ENCODAGE_SON
  +--> ?PR?COURANT_ADC?ADC
  +--> ?PR?SON_SONORE?SON_SONORE

?PR?ROUTAGE?LIEN_STRUCTURE_COMMANDE              -----    -----      -----    -----      0215H    0025H

?PR?_STRCAT?STRCAT                               -----    -----      -----    -----      02C0H    0009H

?PR?_ECHANGE_TRAME?TRANSMISSION_SPI              -----    -----      -----    -----      023DH    000BH
  +--> ?PR?_DEBUT_TRAME?TRANSMISSION_SPI
  +--> ?PR?_ECHANGE_OCTET?TRANSMISSION_SPI
  +--> ?PR?FIN_TRAME?TRANSMISSION_SPI

?PR?_DEBUT_TRAME?TRANSMISSION_SPI                -----    -----      -----    -----      0248H    0001H
  +--> ?PR?_TRAME_EMISE?TRANSMISSION_SPI

?PR?_TRAME_EMISE?TRANSMISSION_SPI                -----    -----      -----    -----      0249H    0003H

?PR?_ECHANGE_OCTET?TRANSMISSION_SPI              -----    -----      -----    -----      -----    -----
  +--> ?PR?_TRAME_EMISE?TRANSMISSION_SPI
  +--> ?PR?TRAME_RECUE?TRANSMISSION_SPI

?PR?TRAME_RECUE?TRANSMISSION_SPI                 -----    -----      -----    -----      0248H    0001H
  +--> ?PR?_TRAME_EMISE?TRANSMISSION_SPI

?PR?FIN_TRAME?TRANSMISSION_SPI                   -----    -----      -----    -----      -----    -----
  +--> ?PR?_TRAME_EMISE?TRANSMISSION_SPI

?PR?TEMPO_EMISS?LIEN_STRUCTURE_COMMANDE          -----    -----      -----    -----      023DH    0002H

?PR?PRINTF?PRINTF                                0020H.0  0001H.1    0008H    0005H      02C0H    0030H
  +--> ?PR?PUTCHAR?PUTCHAR

?PR?TRANSCODE_COMMANDE_TO_SERIALIZER?...         -----    -----      -----    -----      0215H    0032H
  +--> ?PR?_CONV_ANGLE_TICKS?FONCTIONS_COTE_...

?PR?_CONV_ANGLE_TICKS?FONCTIONS_COTE_...         -----    -----      -----    -----      0247H    0004H
  +--> ?PR?_CEIL?CEIL

?PR?FORMATE_SERIALIZER?FONCTIONS_COTE...         -----    -----      -----    -----      0215H    001BH
  +--> ?CO?FONCTIONS_COTE_SERIALIZER
  +--> ?PR?_TRUE_VIT?FONCTIONS_COTE_SERIALIZER
  +--> ?PR?PRINTF?PRINTF
  +--> ?PR?_STRCAT?STRCAT
  +--> ?PR?_TRUE_TICKS?FONCTIONS_COTE_SERIAL...

?PR?_TRUE_TICKS?FONCTIONS_COTE_SERIAL...         -----    -----      -----    -----      0230H    000BH
  +--> ?CO?FONCTIONS_COTE_SERIALIZER
  +--> ?PR?PRINTF?PRINTF
BL51 BANKED LINKER/LOCATER V6.22                                                      05/15/2018  17:33:30  PAGE 7


  +--> ?PR?_STRCAT?STRCAT
  +--> ?PR?_STRLEN?STRLEN

?PR?_SEROUTSTRING1?UART1                         -----    -----      -----    -----      0215H    0005H
  +--> ?PR?_STRLEN?STRLEN
  +--> ?PR?_SEROUTCHAR1?UART1

?PR?ENCODE_SON?ENCODAGE_SON                      -----    -----      -----    -----      0215H    00ABH
  +--> ?CO?ENCODAGE_SON
  +--> ?PR?MES_DIST_AV?ULTRASON
  +--> ?PR?PRINTF?PRINTF
  +--> ?PR?_STRCAT?STRCAT
  +--> ?PR?MES_DIST_AR?ULTRASON
  +--> ?PR?_CDE_SERVO_H?SERVOMOTEUR_HORIZONTAL

?PR?MES_DIST_AV?ULTRASON                         -----    -----      -----    -----      02C0H    0012H
  +--> ?PR?INITIALISATION_TIMER0?TIMERS

?PR?MES_DIST_AR?ULTRASON                         -----    -----      -----    -----      02C0H    0012H
  +--> ?PR?INITIALISATION_TIMER0?TIMERS

?PR?COURANT_ADC?ADC                              -----    -----      -----    -----      0215H    000AH
  +--> ?PR?ACQ_ADC?ADC

?PR?SON_SONORE?SON_SONORE                        -----    -----      -----    -----      0215H    0028H
  +--> ?CO?SON_SONORE
  +--> ?PR?_ECHANGE_OCTET?TRANSMISSION_SPI
  +--> ?PR?_ECHANGE_TRAME?TRANSMISSION_SPI
  +--> ?PR?TEMPO_EMISS?LIEN_STRUCTURE_COMMANDE



SYMBOL TABLE OF MODULE:  master_final (?C_STARTUP)

  VALUE           TYPE          NAME
  ----------------------------------

  -------         MODULE        ?C_STARTUP
  C:44B1H         SEGMENT       ?C_C51STARTUP
  I:0022H         SEGMENT       ?STACK
  C:0000H         PUBLIC        ?C_STARTUP
  D:00E0H         SYMBOL        ACC
  D:00F0H         SYMBOL        B
  D:0083H         SYMBOL        DPH
  D:0082H         SYMBOL        DPL
  N:0000H         SYMBOL        IBPSTACK
  N:0100H         SYMBOL        IBPSTACKTOP
  N:0080H         SYMBOL        IDATALEN
  C:44B4H         SYMBOL        IDATALOOP
  N:0000H         SYMBOL        PBPSTACK
  N:0100H         SYMBOL        PBPSTACKTOP
  N:0000H         SYMBOL        PDATALEN
  N:0000H         SYMBOL        PDATASTART
  N:0000H         SYMBOL        PPAGE
  N:0000H         SYMBOL        PPAGEENABLE
  D:00A0H         SYMBOL        PPAGE_SFR
  D:0081H         SYMBOL        SP
BL51 BANKED LINKER/LOCATER V6.22                                                      05/15/2018  17:33:30  PAGE 8


  C:44B1H         SYMBOL        STARTUP1
  N:0000H         SYMBOL        XBPSTACK
  N:0000H         SYMBOL        XBPSTACKTOP
  N:0000H         SYMBOL        XDATALEN
  N:0000H         SYMBOL        XDATASTART
  C:0000H         LINE#         126
  C:44B1H         LINE#         133
  C:44B3H         LINE#         134
  C:44B4H         LINE#         135
  C:44B5H         LINE#         136
  C:44B7H         LINE#         185
  C:44BAH         LINE#         196
  -------         ENDMOD        ?C_STARTUP

  -------         MODULE        ADC
  C:0000H         SYMBOL        _ICE_DUMMY_
  C:4EFEH         PUBLIC        ACQ_ADC
  D:00BCH         PUBLIC        ADC0CF
  C:4387H         PUBLIC        Courant_ADC
  D:00E8H         PUBLIC        ADC0CN
  D:00A8H         PUBLIC        IE
  D:00D8H         PUBLIC        PCA0CN
  D:00B8H         PUBLIC        IP
  D:00D1H         PUBLIC        REF0CN
  D:00BAH         PUBLIC        AMX0CF
  B:00E8H.5       PUBLIC        AD0INT
  D:00C0H         PUBLIC        SMB0CN
  C:4E3FH         PUBLIC        CFG_ADC0
  D:00F8H         PUBLIC        SPI0CN
  D:0088H         PUBLIC        TCON
  D:00BBH         PUBLIC        AMX0SL
  D:00BFH         PUBLIC        ADC0H
  B:00E8H.7       PUBLIC        AD0EN
  D:0098H         PUBLIC        SCON0
  C:4F2AH         PUBLIC        CFG_VREF
  D:00C8H         PUBLIC        T2CON
  B:00E8H.0       PUBLIC        AD0LJST
  B:00E8H.2       PUBLIC        AD0CM0
  B:00E8H.3       PUBLIC        AD0CM1
  B:00E8H.4       PUBLIC        AD0BUSY
  D:00D0H         PUBLIC        PSW
  -------         PROC          CFG_VREF
  C:4F2AH         LINE#         9
  C:4F2AH         LINE#         10
  C:4F2DH         LINE#         11
  -------         ENDPROC       CFG_VREF
  -------         PROC          CFG_ADC0
  C:4E3FH         LINE#         13
  C:4E3FH         LINE#         15
  C:4E41H         LINE#         17
  C:4E44H         LINE#         18
  C:4E44H         LINE#         19
  C:4E47H         LINE#         20
  C:4E47H         LINE#         22
  C:4E49H         LINE#         25
  C:4E4BH         LINE#         26
  C:4E4DH         LINE#         28
BL51 BANKED LINKER/LOCATER V6.22                                                      05/15/2018  17:33:30  PAGE 9


  C:4E4FH         LINE#         30
  C:4E51H         LINE#         31
  -------         ENDPROC       CFG_ADC0
  -------         PROC          ACQ_ADC
  C:4EFEH         LINE#         34
  C:4EFEH         LINE#         35
  C:4F00H         LINE#         36
  C:4F02H         LINE#         37
  C:4F05H         LINE#         38
  C:4F07H         LINE#         39
  -------         ENDPROC       ACQ_ADC
  -------         PROC          COURANT_ADC
  -------         DO            
  X:0215H         SYMBOL        tension_AO
  D:0006H         SYMBOL        courant
  X:0219H         SYMBOL        gain_AO
  X:021BH         SYMBOL        R_SHUNT
  -------         ENDDO         
  C:4387H         LINE#         41
  C:4387H         LINE#         46
  C:4390H         LINE#         47
  C:4398H         LINE#         49
  C:43BCH         LINE#         50
  C:441BH         LINE#         52
  C:441BH         LINE#         53
  -------         ENDPROC       COURANT_ADC
  -------         ENDMOD        ADC

  -------         MODULE        CONFIG_GLOBALE
  C:0000H         SYMBOL        _ICE_DUMMY_
  D:0080H         PUBLIC        P0
  D:00FFH         PUBLIC        WDTCN
  D:00A0H         PUBLIC        P2
  C:4F1CH         PUBLIC        Disable_WDT
  D:00E8H         PUBLIC        ADC0CN
  D:00A4H         PUBLIC        P0MDOUT
  D:00A8H         PUBLIC        IE
  D:00A6H         PUBLIC        P2MDOUT
  D:00D8H         PUBLIC        PCA0CN
  D:00B8H         PUBLIC        IP
  C:4DC8H         PUBLIC        Oscillator_Init
  D:00E1H         PUBLIC        XBR0
  D:00E3H         PUBLIC        XBR2
  D:00C0H         PUBLIC        SMB0CN
  D:00F8H         PUBLIC        SPI0CN
  C:4F2EH         PUBLIC        Reset_src
  D:0088H         PUBLIC        TCON
  D:00B2H         PUBLIC        OSCICN
  C:4EE7H         PUBLIC        Init_Device
  D:00B1H         PUBLIC        OSCXCN
  D:00EFH         PUBLIC        RSTSRC
  D:0098H         PUBLIC        SCON0
  D:00C8H         PUBLIC        T2CON
  C:4DFCH         PUBLIC        GPIO_Config
  D:00D0H         PUBLIC        PSW
  -------         PROC          INIT_DEVICE
  C:4EE7H         LINE#         7
BL51 BANKED LINKER/LOCATER V6.22                                                      05/15/2018  17:33:30  PAGE 10


  C:4EE7H         LINE#         8
  C:4EEAH         LINE#         9
  C:4EEDH         LINE#         10
  C:4EF0H         LINE#         11
  -------         ENDPROC       INIT_DEVICE
  -------         PROC          OSCILLATOR_INIT
  -------         DO            
  D:0006H         SYMBOL        i
  -------         ENDDO         
  C:4DC8H         LINE#         14
  C:4DC8H         LINE#         18
  C:4DCBH         LINE#         19
  C:4DD9H         LINE#         20
  C:4DDEH         LINE#         21
  C:4DE1H         LINE#         22
  -------         ENDPROC       OSCILLATOR_INIT
  -------         PROC          RESET_SRC
  C:4F2EH         LINE#         24
  C:4F2EH         LINE#         26
  C:4F31H         LINE#         27
  -------         ENDPROC       RESET_SRC
  -------         PROC          DISABLE_WDT
  C:4F1CH         LINE#         29
  C:4F1CH         LINE#         31
  C:4F1FH         LINE#         32
  C:4F22H         LINE#         33
  -------         ENDPROC       DISABLE_WDT
  -------         PROC          GPIO_CONFIG
  C:4DFCH         LINE#         36
  C:4DFCH         LINE#         39
  C:4DFFH         LINE#         40
  C:4E02H         LINE#         43
  C:4E05H         LINE#         44
  C:4E08H         LINE#         51
  C:4E0BH         LINE#         52
  C:4E0EH         LINE#         54
  C:4E11H         LINE#         55
  C:4E14H         LINE#         59
  -------         ENDPROC       GPIO_CONFIG
  -------         ENDMOD        CONFIG_GLOBALE

  -------         MODULE        CONFIG_SPI
  C:0000H         SYMBOL        _ICE_DUMMY_
  D:009DH         PUBLIC        SPI0CKR
  D:0080H         PUBLIC        P0
  B:00F8H.0       PUBLIC        SPIEN
  D:0090H         PUBLIC        P1
  D:00A0H         PUBLIC        P2
  D:00B0H         PUBLIC        P3
  B:00F8H.1       PUBLIC        MSTEN
  D:00E8H         PUBLIC        ADC0CN
  D:00A8H         PUBLIC        IE
  D:00D8H         PUBLIC        PCA0CN
  D:00B8H         PUBLIC        IP
  D:00C0H         PUBLIC        SMB0CN
  B:00F8H.5       PUBLIC        MODF
  D:00F8H         PUBLIC        SPI0CN
BL51 BANKED LINKER/LOCATER V6.22                                                      05/15/2018  17:33:30  PAGE 11


  B:00F8H.7       PUBLIC        SPIF
  D:0088H         PUBLIC        TCON
  B:00F8H.6       PUBLIC        WCOL
  C:4E15H         PUBLIC        Config_SPI_MASTER
  D:0098H         PUBLIC        SCON0
  D:00C8H         PUBLIC        T2CON
  D:009AH         PUBLIC        SPI0CFG
  B:00F8H.4       PUBLIC        RXOVRN
  D:00D0H         PUBLIC        PSW
  -------         PROC          CONFIG_SPI_MASTER
  C:4E15H         LINE#         10
  C:4E15H         LINE#         12
  C:4E17H         LINE#         13
  C:4E19H         LINE#         14
  C:4E1BH         LINE#         15
  C:4E1DH         LINE#         16
  C:4E1FH         LINE#         17
  C:4E21H         LINE#         20
  C:4E24H         LINE#         22
  C:4E27H         LINE#         24
  C:4E29H         LINE#         25
  -------         ENDPROC       CONFIG_SPI_MASTER
  -------         ENDMOD        CONFIG_SPI

  -------         MODULE        FONCTIONS_COTE_SERIALIZER
  C:0000H         SYMBOL        _ICE_DUMMY_
  D:00E8H         PUBLIC        ADC0CN
  D:00A8H         PUBLIC        IE
  C:160BH         PUBLIC        formate_serializer
  D:00D8H         PUBLIC        PCA0CN
  D:00B8H         PUBLIC        IP
  C:4CB4H         PUBLIC        _conv_angle_ticks
  D:00C0H         PUBLIC        SMB0CN
  D:00F8H         PUBLIC        SPI0CN
  D:0088H         PUBLIC        TCON
  C:3A1FH         PUBLIC        _itos
  C:4C3CH         SYMBOL        _?ix1000
  C:3B6CH         PUBLIC        _true_ticks
  C:2A70H         PUBLIC        transcode_commande_to_serializer
  D:0098H         PUBLIC        SCON0
  D:00C8H         PUBLIC        T2CON
  C:4DE2H         PUBLIC        _conv_distance_ticks
  C:0003H         PUBLIC        _true_vit
  D:00D0H         PUBLIC        PSW
  -------         PROC          _CONV_DISTANCE_TICKS
  D:0006H         SYMBOL        d
  -------         DO            
  D:0006H         SYMBOL        ret
  -------         ENDDO         
  C:4DE2H         LINE#         40
  C:4DE2H         LINE#         41
  C:4DFBH         LINE#         42
  C:4DFBH         LINE#         43
  -------         ENDPROC       _CONV_DISTANCE_TICKS
  C:4CA4H         SYMBOL        L?0092
  C:4CADH         SYMBOL        L?0093
  -------         PROC          L?0091
BL51 BANKED LINKER/LOCATER V6.22                                                      05/15/2018  17:33:30  PAGE 12


  -------         ENDPROC       L?0091
  C:4CA4H         SYMBOL        L?0092
  C:4CADH         SYMBOL        L?0093
  -------         PROC          _CONV_ANGLE_TICKS
  D:0006H         SYMBOL        angle
  -------         DO            
  D:0006H         SYMBOL        ret
  X:0247H         SYMBOL        a
  -------         ENDDO         
  C:4CB4H         LINE#         45
  C:4CB4H         LINE#         47
  C:4CCCH         LINE#         48
  C:4CEBH         LINE#         49
  C:4CEBH         LINE#         50
  -------         ENDPROC       _CONV_ANGLE_TICKS
  -------         PROC          _ITOS
  X:044CH         SYMBOL        i
  X:044EH         SYMBOL        ret
  -------         DO            
  X:0451H         SYMBOL        nbr3
  X:0454H         SYMBOL        nbr2
  X:0456H         SYMBOL        nbr1
  X:0457H         SYMBOL        c
  X:0459H         SYMBOL        d
  X:045BH         SYMBOL        u
  -------         ENDDO         
  C:3A1FH         LINE#         52
  C:3A30H         LINE#         56
  C:3A47H         LINE#         57
  C:3A74H         LINE#         58
  C:3A9BH         LINE#         60
  C:3AACH         LINE#         61
  C:3AB7H         LINE#         62
  C:3AC2H         LINE#         63
  C:3ACDH         LINE#         64
  C:3AE2H         LINE#         65
  C:3AE4H         LINE#         66
  C:3AF5H         LINE#         67
  C:3B00H         LINE#         68
  C:3B0BH         LINE#         69
  C:3B20H         LINE#         70
  C:3B22H         LINE#         71
  C:3B22H         LINE#         72
  C:3B2DH         LINE#         73
  C:3B45H         LINE#         74
  C:3B45H         LINE#         75
  -------         ENDPROC       _ITOS
  -------         PROC          _TRUE_VIT
  D:0007H         SYMBOL        vit
  -------         DO            
  D:0004H         SYMBOL        ret
  -------         ENDDO         
  C:0003H         LINE#         77
  C:0003H         LINE#         78
  C:0007H         LINE#         80
  C:000CH         LINE#         81
  C:001BH         LINE#         82
BL51 BANKED LINKER/LOCATER V6.22                                                      05/15/2018  17:33:30  PAGE 13


  C:001BH         LINE#         83
  C:001FH         LINE#         84
  -------         ENDPROC       _TRUE_VIT
  C:3B61H         SYMBOL        L?0095
  -------         PROC          L?0094
  -------         ENDPROC       L?0094
  C:3B61H         SYMBOL        L?0095
  -------         PROC          _TRUE_TICKS
  X:0230H         SYMBOL        ticks
  X:0232H         SYMBOL        ret
  -------         DO            
  X:0235H         SYMBOL        str
  X:0239H         SYMBOL        l
  -------         ENDDO         
  C:3B6CH         LINE#         86
  C:3B7DH         LINE#         87
  C:3B90H         LINE#         88
  C:3B97H         LINE#         90
  C:3BA7H         LINE#         91
  C:3BC9H         LINE#         92
  C:3BC9H         LINE#         93
  C:3BC9H         LINE#         94
  C:3BE0H         LINE#         95
  C:3BF6H         LINE#         96
  C:3C1CH         LINE#         97
  C:3C38H         LINE#         98
  C:3C4EH         LINE#         99
  C:3C68H         LINE#         100
  C:3C68H         LINE#         101
  -------         ENDPROC       _TRUE_TICKS
  -------         PROC          FORMATE_SERIALIZER
  X:0215H         SYMBOL        com
  X:0224H         SYMBOL        ret
  -------         DO            
  X:0227H         SYMBOL        nbr
  -------         ENDDO         
  C:160BH         LINE#         113
  C:160BH         LINE#         116
  C:1668H         LINE#         117
  C:1668H         LINE#         118
  C:167DH         LINE#         119
  C:1680H         LINE#         120
  C:1680H         LINE#         121
  C:1680H         LINE#         122
  C:1680H         LINE#         123
  C:1680H         LINE#         124
  C:1680H         LINE#         125
  C:1680H         LINE#         126
  C:1680H         LINE#         127
  C:1680H         LINE#         128
  C:1680H         LINE#         129
  C:1680H         LINE#         130
  C:1680H         LINE#         131
  C:1680H         LINE#         132
  C:1680H         LINE#         133
  C:1680H         LINE#         134
  C:1680H         LINE#         135
BL51 BANKED LINKER/LOCATER V6.22                                                      05/15/2018  17:33:30  PAGE 14


  C:1680H         LINE#         136
  C:1680H         LINE#         137
  C:1680H         LINE#         138
  C:1680H         LINE#         139
  C:1680H         LINE#         140
  C:1698H         LINE#         141
  C:1698H         LINE#         142
  C:1698H         LINE#         143
  C:169BH         LINE#         144
  C:169BH         LINE#         145
  C:169BH         LINE#         146
  C:16B3H         LINE#         147
  C:16B3H         LINE#         148
  C:16B3H         LINE#         149
  C:16B6H         LINE#         150
  C:16B6H         LINE#         151
  C:16B6H         LINE#         152
  C:16CEH         LINE#         153
  C:16F5H         LINE#         154
  C:1711H         LINE#         155
  C:172DH         LINE#         156
  C:172DH         LINE#         157
  C:172DH         LINE#         158
  C:1730H         LINE#         159
  C:1730H         LINE#         160
  C:1730H         LINE#         161
  C:1745H         LINE#         162
  C:1745H         LINE#         163
  C:1745H         LINE#         164
  C:1745H         LINE#         165
  C:1745H         LINE#         166
  C:1745H         LINE#         167
  C:1745H         LINE#         168
  C:1745H         LINE#         169
  C:1745H         LINE#         170
  C:1745H         LINE#         171
  C:1745H         LINE#         172
  C:1745H         LINE#         173
  C:1745H         LINE#         174
  C:1748H         LINE#         175
  C:1748H         LINE#         176
  C:1748H         LINE#         177
  C:175DH         LINE#         178
  C:1760H         LINE#         179
  C:1760H         LINE#         180
  C:1760H         LINE#         181
  C:1760H         LINE#         182
  C:1763H         LINE#         183
  C:177FH         LINE#         184
  C:179BH         LINE#         185
  C:179EH         LINE#         186
  C:179EH         LINE#         187
  C:17A1H         LINE#         188
  C:17A1H         LINE#         189
  C:17A1H         LINE#         190
  C:17B9H         LINE#         191
  C:17E0H         LINE#         192
BL51 BANKED LINKER/LOCATER V6.22                                                      05/15/2018  17:33:30  PAGE 15


  C:17FCH         LINE#         193
  C:1818H         LINE#         194
  C:181EH         LINE#         195
  C:181EH         LINE#         196
  C:1821H         LINE#         197
  C:1821H         LINE#         198
  C:1821H         LINE#         199
  C:1821H         LINE#         200
  C:1824H         LINE#         201
  C:1840H         LINE#         202
  C:185CH         LINE#         203
  C:1883H         LINE#         204
  C:189FH         LINE#         205
  C:18BBH         LINE#         206
  C:18C1H         LINE#         207
  C:18DDH         LINE#         208
  C:18F9H         LINE#         209
  C:1920H         LINE#         210
  C:192DH         LINE#         211
  C:1930H         LINE#         212
  C:1930H         LINE#         213
  C:1930H         LINE#         214
  C:1948H         LINE#         215
  C:196EH         LINE#         216
  C:198AH         LINE#         217
  C:19A6H         LINE#         218
  C:19CCH         LINE#         219
  C:19E8H         LINE#         220
  C:1A04H         LINE#         221
  C:1A2AH         LINE#         222
  C:1A46H         LINE#         223
  C:1A62H         LINE#         224
  C:1A88H         LINE#         225
  C:1AA4H         LINE#         226
  C:1AC0H         LINE#         227
  C:1AC2H         LINE#         228
  C:1AC2H         LINE#         229
  C:1AC2H         LINE#         230
  C:1AD7H         LINE#         231
  C:1AD9H         LINE#         232
  C:1AD9H         LINE#         233
  C:1AD9H         LINE#         234
  C:1AD9H         LINE#         235
  C:1AD9H         LINE#         236
  C:1AD9H         LINE#         237
  C:1AD9H         LINE#         238
  C:1AD9H         LINE#         239
  C:1AD9H         LINE#         240
  C:1AEEH         LINE#         241
  C:1AF0H         LINE#         242
  C:1AF0H         LINE#         243
  C:1AF0H         LINE#         244
  C:1B05H         LINE#         245
  C:1B07H         LINE#         246
  C:1B07H         LINE#         247
  C:1B07H         LINE#         248
  C:1B1FH         LINE#         249
BL51 BANKED LINKER/LOCATER V6.22                                                      05/15/2018  17:33:30  PAGE 16


  C:1B1FH         LINE#         250
  C:1B1FH         LINE#         251
  C:1B1FH         LINE#         252
  C:1B1FH         LINE#         253
  C:1B1FH         LINE#         254
  -------         ENDPROC       FORMATE_SERIALIZER
  -------         PROC          TRANSCODE_COMMANDE_TO_SERIALIZER
  X:0215H         SYMBOL        com
  -------         DO            
  X:0237H         SYMBOL        ret
  X:0246H         SYMBOL        v_angl
  D:0007H         SYMBOL        v_line
  -------         ENDDO         
  C:2A70H         LINE#         262
  C:2A70H         LINE#         264
  C:2A76H         LINE#         265
  C:2A78H         LINE#         267
  C:2A80H         LINE#         268
  C:2A80H         LINE#         269
  C:2A86H         LINE#         270
  C:2A86H         LINE#         271
  C:2A86H         LINE#         272
  C:2A86H         LINE#         273
  C:2A86H         LINE#         274
  C:2A86H         LINE#         276
  C:2ABFH         LINE#         278
  C:2ABFH         LINE#         279
  C:2AC5H         LINE#         280
  C:2ACCH         LINE#         281
  C:2ACEH         LINE#         282
  C:2ACEH         LINE#         283
  C:2AD2H         LINE#         284
  C:2AD2H         LINE#         285
  C:2AD4H         LINE#         286
  C:2AD4H         LINE#         288
  C:2AD4H         LINE#         289
  C:2ADAH         LINE#         290
  C:2AE1H         LINE#         291
  C:2AE3H         LINE#         292
  C:2AE3H         LINE#         293
  C:2AEDH         LINE#         294
  C:2AF1H         LINE#         295
  C:2AF4H         LINE#         296
  C:2AF4H         LINE#         298
  C:2AF4H         LINE#         299
  C:2AFAH         LINE#         300
  C:2AFDH         LINE#         301
  C:2AFDH         LINE#         303
  C:2AFDH         LINE#         304
  C:2B04H         LINE#         305
  C:2B0CH         LINE#         306
  C:2B0CH         LINE#         307
  C:2B12H         LINE#         308
  C:2B1AH         LINE#         309
  C:2B2EH         LINE#         310
  C:2B36H         LINE#         311
  C:2B38H         LINE#         312
BL51 BANKED LINKER/LOCATER V6.22                                                      05/15/2018  17:33:30  PAGE 17


  C:2B3AH         LINE#         313
  C:2B3AH         LINE#         315
  C:2B3AH         LINE#         316
  C:2B41H         LINE#         317
  C:2B49H         LINE#         318
  C:2B49H         LINE#         319
  C:2B4FH         LINE#         320
  C:2B57H         LINE#         321
  C:2B66H         LINE#         322
  C:2B6EH         LINE#         323
  C:2B70H         LINE#         324
  C:2B72H         LINE#         325
  C:2B72H         LINE#         327
  C:2B72H         LINE#         328
  C:2B79H         LINE#         329
  C:2B81H         LINE#         330
  C:2B81H         LINE#         331
  C:2B87H         LINE#         332
  C:2B8FH         LINE#         333
  C:2BA3H         LINE#         334
  C:2BABH         LINE#         335
  C:2BAFH         LINE#         336
  C:2BB2H         LINE#         337
  C:2BB2H         LINE#         339
  C:2BB2H         LINE#         340
  C:2BB9H         LINE#         341
  C:2BC1H         LINE#         342
  C:2BC1H         LINE#         343
  C:2BC7H         LINE#         344
  C:2BCFH         LINE#         345
  C:2BDEH         LINE#         346
  C:2BE6H         LINE#         347
  C:2BEAH         LINE#         348
  C:2BEDH         LINE#         349
  C:2BEDH         LINE#         352
  C:2BEDH         LINE#         353
  C:2BF4H         LINE#         354
  C:2BFCH         LINE#         355
  C:2BFCH         LINE#         356
  C:2BFCH         LINE#         357
  C:2BFCH         LINE#         358
  C:2C0CH         LINE#         359
  C:2C14H         LINE#         360
  C:2C2AH         LINE#         361
  C:2C2DH         LINE#         362
  C:2C2DH         LINE#         364
  C:2C2DH         LINE#         365
  C:2C34H         LINE#         366
  C:2C3CH         LINE#         367
  C:2C3CH         LINE#         368
  C:2C3CH         LINE#         369
  C:2C3CH         LINE#         370
  C:2C47H         LINE#         371
  C:2C4FH         LINE#         372
  C:2C6AH         LINE#         373
  C:2C6DH         LINE#         374
  C:2C6DH         LINE#         376
BL51 BANKED LINKER/LOCATER V6.22                                                      05/15/2018  17:33:30  PAGE 18


  C:2C6DH         LINE#         377
  C:2C74H         LINE#         378
  C:2C7CH         LINE#         379
  C:2C7CH         LINE#         380
  C:2C8CH         LINE#         381
  C:2C92H         LINE#         382
  C:2C9AH         LINE#         383
  C:2CA5H         LINE#         384
  C:2CAEH         LINE#         385
  C:2CBAH         LINE#         386
  C:2CBCH         LINE#         387
  C:2CBCH         LINE#         388
  C:2CD4H         LINE#         389
  C:2CDAH         LINE#         390
  C:2CE4H         LINE#         391
  C:2CFDH         LINE#         392
  C:2D04H         LINE#         393
  C:2D0FH         LINE#         394
  C:2D0FH         LINE#         395
  C:2D0FH         LINE#         396
  C:2D0FH         LINE#         397
  C:2D0FH         LINE#         398
  C:2D0FH         LINE#         399
  C:2D0FH         LINE#         401
  C:2D15H         LINE#         402
  -------         ENDPROC       TRANSCODE_COMMANDE_TO_SERIALIZER
  -------         ENDMOD        FONCTIONS_COTE_SERIALIZER

  -------         MODULE        SERVOMOTEUR_HORIZONTAL
  C:0000H         SYMBOL        _ICE_DUMMY_
  D:00E8H         PUBLIC        ADC0CN
  D:00A8H         PUBLIC        IE
  D:00D8H         PUBLIC        PCA0CN
  D:00B8H         PUBLIC        IP
  D:00CBH         PUBLIC        RCAP2H
  D:00C0H         PUBLIC        SMB0CN
  D:00CAH         PUBLIC        RCAP2L
  D:00F8H         PUBLIC        SPI0CN
  D:0088H         PUBLIC        TCON
  B:00C8H.7       PUBLIC        TF2
  B:00C8H.2       PUBLIC        TR2
  D:0098H         PUBLIC        SCON0
  C:42ECH         PUBLIC        _CDE_Servo_H
  D:00C8H         PUBLIC        T2CON
  D:00D0H         PUBLIC        PSW
  -------         PROC          _CDE_SERVO_H
  X:02C0H         SYMBOL        Angle
  -------         DO            
  D:0006H         SYMBOL        rech_int
  X:02C1H         SYMBOL        i
  X:02C3H         SYMBOL        temps_imp
  -------         ENDDO         
  C:42ECH         LINE#         11
  C:42F1H         LINE#         13
  C:42F6H         LINE#         16
  C:4317H         LINE#         17
  C:4353H         LINE#         18
BL51 BANKED LINKER/LOCATER V6.22                                                      05/15/2018  17:33:30  PAGE 19


  C:4355H         LINE#         21
  C:4357H         LINE#         22
  C:435BH         LINE#         24
  C:435DH         LINE#         25
  C:436EH         LINE#         26
  C:4371H         LINE#         27
  C:437DH         LINE#         28
  C:437DH         LINE#         29
  C:437FH         LINE#         30
  C:4381H         LINE#         32
  C:4386H         LINE#         33
  -------         ENDPROC       _CDE_SERVO_H
  -------         ENDMOD        SERVOMOTEUR_HORIZONTAL

  -------         MODULE        TIMERS
  C:0000H         SYMBOL        _ICE_DUMMY_
  C:4F08H         PUBLIC        initialisation_Timer0
  D:00E8H         PUBLIC        ADC0CN
  D:00A8H         PUBLIC        IE
  C:4EF3H         PUBLIC        Config_timer0
  B:00C8H.6       PUBLIC        EXF2
  D:00D8H         PUBLIC        PCA0CN
  D:00B8H         PUBLIC        IP
  D:00CBH         PUBLIC        RCAP2H
  D:00C0H         PUBLIC        SMB0CN
  D:00CAH         PUBLIC        RCAP2L
  D:00F8H         PUBLIC        SPI0CN
  D:0089H         PUBLIC        TMOD
  D:0088H         PUBLIC        TCON
  B:0088H.5       PUBLIC        TF0
  B:00A8H.5       PUBLIC        ET2
  B:00C8H.7       PUBLIC        TF2
  D:008CH         PUBLIC        TH0
  D:00CDH         PUBLIC        TH2
  D:008AH         PUBLIC        TL0
  D:00CCH         PUBLIC        TL2
  B:00B8H.5       PUBLIC        PT2
  B:0088H.4       PUBLIC        TR0
  B:00C8H.2       PUBLIC        TR2
  B:00C8H.5       PUBLIC        RCLK0
  B:00C8H.4       PUBLIC        TCLK0
  B:00C8H.3       PUBLIC        EXEN2
  D:0098H         PUBLIC        SCON0
  D:00C8H         PUBLIC        T2CON
  D:008EH         PUBLIC        CKCON
  C:4D80H         PUBLIC        Config_Timer2
  D:00D0H         PUBLIC        PSW
  -------         PROC          CONFIG_TIMER2
  C:4D80H         LINE#         7
  C:4D80H         LINE#         8
  C:4D82H         LINE#         10
  C:4D85H         LINE#         12
  C:4D87H         LINE#         13
  C:4D89H         LINE#         15
  C:4D8BH         LINE#         16
  C:4D8DH         LINE#         18
  C:4D90H         LINE#         20
BL51 BANKED LINKER/LOCATER V6.22                                                      05/15/2018  17:33:30  PAGE 20


  C:4D92H         LINE#         23
  C:4D95H         LINE#         24
  C:4D97H         LINE#         27
  C:4D9AH         LINE#         28
  C:4D9DH         LINE#         31
  C:4D9FH         LINE#         34
  C:4DA1H         LINE#         36
  C:4DA3H         LINE#         37
  -------         ENDPROC       CONFIG_TIMER2
  -------         PROC          CONFIG_TIMER0
  C:4EF3H         LINE#         39
  C:4EF3H         LINE#         40
  C:4EF6H         LINE#         41
  C:4EF8H         LINE#         42
  C:4EFAH         LINE#         43
  C:4EFDH         LINE#         44
  -------         ENDPROC       CONFIG_TIMER0
  -------         PROC          INITIALISATION_TIMER0
  C:4F08H         LINE#         46
  C:4F08H         LINE#         47
  C:4F0AH         LINE#         48
  C:4F0CH         LINE#         49
  C:4F0FH         LINE#         50
  C:4F11H         LINE#         51
  -------         ENDPROC       INITIALISATION_TIMER0
  -------         ENDMOD        TIMERS

  -------         MODULE        TRANSMISSION_SPI
  C:0000H         SYMBOL        _ICE_DUMMY_
  D:0080H         PUBLIC        P0
  D:0090H         PUBLIC        P1
  D:00A0H         PUBLIC        P2
  D:00B0H         PUBLIC        P3
  D:00E8H         PUBLIC        ADC0CN
  D:00A8H         PUBLIC        IE
  C:4CECH         PUBLIC        _trame_emise
  C:4EADH         PUBLIC        _debut_trame
  C:4ECDH         PUBLIC        trame_recue
  D:00D8H         PUBLIC        PCA0CN
  D:00B8H         PUBLIC        IP
  D:00C0H         PUBLIC        SMB0CN
  D:00F8H         PUBLIC        SPI0CN
  B:00F8H.7       PUBLIC        SPIF
  D:0088H         PUBLIC        TCON
  C:4F12H         PUBLIC        fin_trame
  C:4859H         PUBLIC        _echange_trame
  C:4F23H         PUBLIC        _echange_octet
  D:0098H         PUBLIC        SCON0
  D:00C8H         PUBLIC        T2CON
  B:00A0H.5       PUBLIC        NSS_slave
  D:009BH         PUBLIC        SPI0DAT
  D:00D0H         PUBLIC        PSW
  -------         PROC          _TRAME_EMISE
  X:0249H         SYMBOL        trame
  -------         DO            
  X:024AH         SYMBOL        i
  -------         ENDDO         
BL51 BANKED LINKER/LOCATER V6.22                                                      05/15/2018  17:33:30  PAGE 21


  C:4CECH         LINE#         11
  C:4CF1H         LINE#         13
  C:4D1DH         LINE#         15
  C:4D1FH         LINE#         16
  C:4D21H         LINE#         17
  C:4D27H         LINE#         19
  C:4D2AH         LINE#         21
  C:4D2CH         LINE#         22
  C:4D2EH         LINE#         23
  -------         ENDPROC       _TRAME_EMISE
  -------         PROC          TRAME_RECUE
  -------         DO            
  X:0248H         SYMBOL        ret
  -------         ENDDO         
  C:4ECDH         LINE#         26
  C:4ECDH         LINE#         28
  C:4ED2H         LINE#         29
  C:4ED9H         LINE#         30
  -------         ENDPROC       TRAME_RECUE
  -------         PROC          _DEBUT_TRAME
  X:0248H         SYMBOL        com
  C:4EADH         LINE#         32
  C:4EB2H         LINE#         35
  C:4EB5H         LINE#         36
  -------         ENDPROC       _DEBUT_TRAME
  -------         PROC          _ECHANGE_OCTET
  D:0007H         SYMBOL        octet
  -------         DO            
  D:0007H         SYMBOL        ret
  -------         ENDDO         
  C:4F23H         LINE#         40
  C:4F23H         LINE#         42
  C:4F26H         LINE#         43
  C:4F29H         LINE#         45
  C:4F29H         LINE#         46
  -------         ENDPROC       _ECHANGE_OCTET
  -------         PROC          FIN_TRAME
  C:4F12H         LINE#         48
  C:4F12H         LINE#         49
  C:4F17H         LINE#         50
  -------         ENDPROC       FIN_TRAME
  -------         PROC          _ECHANGE_TRAME
  X:023DH         SYMBOL        msg
  D:0005H         SYMBOL        taille
  X:0241H         SYMBOL        com
  -------         DO            
  X:0242H         SYMBOL        rep
  X:0243H         SYMBOL        p
  X:0246H         SYMBOL        i
  -------         ENDDO         
  C:4859H         LINE#         53
  C:4864H         LINE#         56
  C:486EH         LINE#         58
  C:4876H         LINE#         60
  C:489CH         LINE#         61
  C:48B3H         LINE#         62
  C:48CDH         LINE#         64
BL51 BANKED LINKER/LOCATER V6.22                                                      05/15/2018  17:33:30  PAGE 22


  C:48D0H         LINE#         65
  C:48D2H         LINE#         66
  -------         ENDPROC       _ECHANGE_TRAME
  -------         ENDMOD        TRANSMISSION_SPI

  -------         MODULE        UART0_RINGBUFFER_LIB
  C:0000H         SYMBOL        _ICE_DUMMY_
  D:00E8H         PUBLIC        ADC0CN
  D:00A8H         PUBLIC        IE
  X:0375H         SYMBOL        inbuf
  D:00D8H         PUBLIC        PCA0CN
  X:0395H         SYMBOL        outbuf
  D:00B8H         PUBLIC        IP
  C:475FH         PUBLIC        serInchar_Bin
  C:4A75H         PUBLIC        _serOutstring
  C:49ADH         PUBLIC        serInchar
  D:00C0H         PUBLIC        SMB0CN
  C:4653H         PUBLIC        _serOutchar
  B:0021H.1       SYMBOL        TXactive
  D:00F8H         PUBLIC        SPI0CN
  D:0087H         PUBLIC        PCON
  D:0089H         PUBLIC        TMOD
  D:0088H         PUBLIC        TCON
  C:4E65H         PUBLIC        cfg_UART0_mode1
  C:4B31H         PUBLIC        init_Serial_Buffer
  C:3F8DH         PUBLIC        UART0_ISR
  C:4E52H         PUBLIC        CFG_Clock_UART
  B:00A8H.4       PUBLIC        ES0
  B:00A8H.3       PUBLIC        ET1
  B:0098H.0       PUBLIC        RI0
  B:0088H.7       PUBLIC        TF1
  B:0098H.1       PUBLIC        TI0
  D:008DH         PUBLIC        TH1
  X:03B5H         SYMBOL        in
  B:0088H.6       PUBLIC        TR1
  X:03BDH         SYMBOL        out
  B:00C8H.5       PUBLIC        RCLK0
  B:00C8H.4       PUBLIC        TCLK0
  D:0099H         PUBLIC        SBUF0
  D:0098H         PUBLIC        SCON0
  D:00C8H         PUBLIC        T2CON
  D:008EH         PUBLIC        CKCON
  D:00D0H         PUBLIC        PSW
  -------         PROC          UART0_ISR
  C:3F8DH         LINE#         134
  C:3FA0H         LINE#         138
  C:3FA3H         LINE#         139
  C:3FA3H         LINE#         140
  C:3FBFH         LINE#         141
  C:3FCEH         LINE#         142
  C:3FF7H         LINE#         144
  C:3FF9H         LINE#         145
  C:3FFBH         LINE#         146
  C:3FFDH         LINE#         147
  C:3FFFH         LINE#         149
  C:3FFFH         LINE#         150
  C:403AH         LINE#         151
BL51 BANKED LINKER/LOCATER V6.22                                                      05/15/2018  17:33:30  PAGE 23


  C:4049H         LINE#         152
  C:4072H         LINE#         154
  C:4072H         LINE#         155
  C:4074H         LINE#         156
  C:4074H         LINE#         157
  -------         ENDPROC       UART0_ISR
  -------         PROC          INIT_SERIAL_BUFFER
  C:4B31H         LINE#         162
  C:4B31H         LINE#         163
  C:4B5EH         LINE#         164
  C:4B8BH         LINE#         165
  -------         ENDPROC       INIT_SERIAL_BUFFER
  -------         PROC          _SEROUTCHAR
  D:0007H         SYMBOL        c
  C:4653H         LINE#         169
  C:4653H         LINE#         170
  C:4699H         LINE#         171
  C:4699H         LINE#         172
  C:46A7H         LINE#         173
  C:46D0H         LINE#         175
  C:46D3H         LINE#         176
  C:46D5H         LINE#         177
  C:46D7H         LINE#         178
  C:46D7H         LINE#         179
  C:46DAH         LINE#         180
  C:46DAH         LINE#         181
  C:46DCH         LINE#         182
  -------         ENDPROC       _SEROUTCHAR
  -------         PROC          SERINCHAR
  -------         DO            
  D:0005H         SYMBOL        c
  -------         ENDDO         
  C:49ADH         LINE#         188
  C:49ADH         LINE#         191
  C:49C9H         LINE#         192
  C:49C9H         LINE#         194
  C:49D7H         LINE#         195
  C:4A0BH         LINE#         196
  C:4A0EH         LINE#         197
  C:4A0EH         LINE#         198
  C:4A10H         LINE#         199
  -------         ENDPROC       SERINCHAR
  -------         PROC          SERINCHAR_BIN
  -------         DO            
  D:0005H         SYMBOL        c
  X:045DH         SYMBOL        return_code
  -------         ENDDO         
  C:475FH         LINE#         207
  C:475FH         LINE#         209
  C:4766H         LINE#         211
  C:4782H         LINE#         212
  C:4782H         LINE#         214
  C:4790H         LINE#         215
  C:47C4H         LINE#         216
  C:47D3H         LINE#         217
  C:47D3H         LINE#         219
  C:47DBH         LINE#         220
BL51 BANKED LINKER/LOCATER V6.22                                                      05/15/2018  17:33:30  PAGE 24


  -------         ENDPROC       SERINCHAR_BIN
  -------         PROC          _SEROUTSTRING
  X:0215H         SYMBOL        buf
  -------         DO            
  X:0218H         SYMBOL        len
  X:0219H         SYMBOL        code_err
  -------         ENDDO         
  C:4A75H         LINE#         224
  C:4A80H         LINE#         225
  C:4A85H         LINE#         227
  C:4AA6H         LINE#         228
  C:4ACDH         LINE#         229
  C:4AD2H         LINE#         230
  -------         ENDPROC       _SEROUTSTRING
  -------         PROC          CFG_CLOCK_UART
  C:4E52H         LINE#         244
  C:4E52H         LINE#         245
  C:4E55H         LINE#         246
  C:4E58H         LINE#         247
  C:4E5BH         LINE#         248
  C:4E5DH         LINE#         250
  C:4E60H         LINE#         251
  C:4E62H         LINE#         252
  C:4E64H         LINE#         253
  -------         ENDPROC       CFG_CLOCK_UART
  -------         PROC          CFG_UART0_MODE1
  C:4E65H         LINE#         259
  C:4E65H         LINE#         260
  C:4E67H         LINE#         261
  C:4E69H         LINE#         262
  C:4E6CH         LINE#         263
  C:4E6FH         LINE#         264
  C:4E72H         LINE#         265
  C:4E74H         LINE#         267
  C:4E76H         LINE#         268
  -------         ENDPROC       CFG_UART0_MODE1
  -------         ENDMOD        UART0_RINGBUFFER_LIB

  -------         MODULE        UART1
  C:0000H         SYMBOL        _ICE_DUMMY_
  D:00E7H         PUBLIC        EIE2
  D:00E8H         PUBLIC        ADC0CN
  D:00A8H         PUBLIC        IE
  X:03C5H         SYMBOL        inbuf
  D:00D8H         PUBLIC        PCA0CN
  X:03E5H         SYMBOL        outbuf
  D:00B8H         PUBLIC        IP
  C:4EBDH         PUBLIC        CFG_UART1
  D:00C0H         PUBLIC        SMB0CN
  B:0021H.2       SYMBOL        TXactive
  D:00F8H         PUBLIC        SPI0CN
  D:0087H         PUBLIC        PCON
  D:0088H         PUBLIC        TCON
  C:3E91H         PUBLIC        UART1_ISR
  C:47DCH         PUBLIC        serInchar_Bin1
  C:4AD3H         PUBLIC        _serOutstring1
  C:4A11H         PUBLIC        serInchar1
BL51 BANKED LINKER/LOCATER V6.22                                                      05/15/2018  17:33:30  PAGE 25


  X:0405H         SYMBOL        in
  C:453DH         PUBLIC        _serOutchar1
  X:040DH         SYMBOL        out
  D:00F2H         PUBLIC        SBUF1
  D:0098H         PUBLIC        SCON0
  D:00F1H         PUBLIC        SCON1
  D:00C8H         PUBLIC        T2CON
  D:00C9H         PUBLIC        T4CON
  C:4B8CH         PUBLIC        init_Serial_Buffer1
  D:00D0H         PUBLIC        PSW
  -------         PROC          UART1_ISR
  C:3E91H         LINE#         86
  C:3EA4H         LINE#         95
  C:3EA9H         LINE#         96
  C:3EA9H         LINE#         97
  C:3EC5H         LINE#         98
  C:3ED4H         LINE#         99
  C:3EFDH         LINE#         101
  C:3EFFH         LINE#         102
  C:3F01H         LINE#         103
  C:3F04H         LINE#         105
  C:3F06H         LINE#         107
  C:3F06H         LINE#         108
  C:3F41H         LINE#         109
  C:3F50H         LINE#         110
  C:3F79H         LINE#         112
  C:3F79H         LINE#         113
  C:3F7CH         LINE#         114
  C:3F7CH         LINE#         115
  -------         ENDPROC       UART1_ISR
  -------         PROC          INIT_SERIAL_BUFFER1
  C:4B8CH         LINE#         120
  C:4B8CH         LINE#         121
  C:4BB9H         LINE#         122
  C:4BE6H         LINE#         123
  -------         ENDPROC       INIT_SERIAL_BUFFER1
  -------         PROC          _SEROUTCHAR1
  D:0007H         SYMBOL        c
  C:453DH         LINE#         127
  C:453DH         LINE#         129
  C:4583H         LINE#         130
  C:4583H         LINE#         131
  C:4591H         LINE#         132
  C:45BAH         LINE#         134
  C:45BDH         LINE#         135
  C:45BFH         LINE#         136
  C:45C2H         LINE#         138
  C:45C2H         LINE#         139
  C:45C5H         LINE#         140
  C:45C5H         LINE#         142
  C:45C7H         LINE#         143
  -------         ENDPROC       _SEROUTCHAR1
  -------         PROC          SERINCHAR1
  -------         DO            
  D:0005H         SYMBOL        c
  -------         ENDDO         
  C:4A11H         LINE#         149
BL51 BANKED LINKER/LOCATER V6.22                                                      05/15/2018  17:33:30  PAGE 26


  C:4A11H         LINE#         152
  C:4A2DH         LINE#         153
  C:4A2DH         LINE#         154
  C:4A3BH         LINE#         155
  C:4A6FH         LINE#         156
  C:4A72H         LINE#         157
  C:4A72H         LINE#         159
  C:4A74H         LINE#         160
  -------         ENDPROC       SERINCHAR1
  -------         PROC          SERINCHAR_BIN1
  -------         DO            
  D:0005H         SYMBOL        c
  X:045FH         SYMBOL        return_code
  -------         ENDDO         
  C:47DCH         LINE#         168
  C:47DCH         LINE#         170
  C:47E3H         LINE#         172
  C:47FFH         LINE#         174
  C:480DH         LINE#         175
  C:4841H         LINE#         176
  C:4850H         LINE#         177
  C:4850H         LINE#         180
  C:4858H         LINE#         181
  -------         ENDPROC       SERINCHAR_BIN1
  -------         PROC          _SEROUTSTRING1
  X:0215H         SYMBOL        buf
  -------         DO            
  X:0218H         SYMBOL        len
  X:0219H         SYMBOL        code_err
  -------         ENDDO         
  C:4AD3H         LINE#         185
  C:4ADEH         LINE#         186
  C:4AE3H         LINE#         188
  C:4B04H         LINE#         189
  C:4B2BH         LINE#         190
  C:4B30H         LINE#         191
  -------         ENDPROC       _SEROUTSTRING1
  -------         PROC          CFG_UART1
  C:4EBDH         LINE#         225
  C:4EBDH         LINE#         226
  C:4EC0H         LINE#         227
  C:4EC3H         LINE#         228
  C:4EC6H         LINE#         229
  C:4EC9H         LINE#         231
  C:4ECCH         LINE#         232
  -------         ENDPROC       CFG_UART1
  -------         ENDMOD        UART1

  -------         MODULE        ULTRASON
  C:0000H         SYMBOL        _ICE_DUMMY_
  D:0080H         PUBLIC        P0
  D:0090H         PUBLIC        P1
  D:00A0H         PUBLIC        P2
  D:00B0H         PUBLIC        P3
  D:00E8H         PUBLIC        ADC0CN
  D:00A8H         PUBLIC        IE
  B:00A0H.4       PUBLIC        Echo_ultrason_ar
BL51 BANKED LINKER/LOCATER V6.22                                                      05/15/2018  17:33:30  PAGE 27


  D:00D8H         PUBLIC        PCA0CN
  B:00A0H.2       PUBLIC        Echo_ultrason_av
  D:00B8H         PUBLIC        IP
  D:00C0H         PUBLIC        SMB0CN
  B:00A0H.3       PUBLIC        Trig_ultrason_ar
  B:00A0H.1       PUBLIC        Trig_ultrason_av
  D:00F8H         PUBLIC        SPI0CN
  D:0088H         PUBLIC        TCON
  B:0088H.5       PUBLIC        TF0
  D:008CH         PUBLIC        TH0
  C:3D7DH         PUBLIC        MES_Dist_AR
  D:008AH         PUBLIC        TL0
  C:3C69H         PUBLIC        MES_Dist_AV
  B:0088H.4       PUBLIC        TR0
  D:0098H         PUBLIC        SCON0
  D:00C8H         PUBLIC        T2CON
  D:00D0H         PUBLIC        PSW
  -------         PROC          MES_DIST_AV
  -------         DO            
  D:0004H         SYMBOL        Delta
  X:02C0H         SYMBOL        TL0_tmp
  X:02C4H         SYMBOL        TH0_tmp
  D:0004H         SYMBOL        Duree
  X:02C8H         SYMBOL        Dist
  D:0004H         SYMBOL        Duree2
  X:02CCH         SYMBOL        i
  X:02CEH         SYMBOL        RegistreTemp
  -------         ENDDO         
  C:3C69H         LINE#         12
  C:3C69H         LINE#         19
  C:3C70H         LINE#         22
  C:3C73H         LINE#         23
  C:3C75H         LINE#         24
  C:3C7FH         LINE#         25
  C:3C89H         LINE#         27
  C:3C9AH         LINE#         28
  C:3C9BH         LINE#         29
  C:3CA7H         LINE#         30
  C:3CA9H         LINE#         32
  C:3CABH         LINE#         33
  C:3CADH         LINE#         35
  C:3CB3H         LINE#         37
  C:3CB6H         LINE#         38
  C:3CC0H         LINE#         39
  C:3CC3H         LINE#         41
  C:3CC3H         LINE#         42
  C:3CCFH         LINE#         43
  C:3CDBH         LINE#         44
  C:3CDEH         LINE#         45
  C:3CE0H         LINE#         46
  C:3D0FH         LINE#         47
  C:3D40H         LINE#         49
  C:3D51H         LINE#         50
  C:3D5CH         LINE#         51
  C:3D6CH         LINE#         52
  C:3D6EH         LINE#         53
  C:3D6EH         LINE#         55
BL51 BANKED LINKER/LOCATER V6.22                                                      05/15/2018  17:33:30  PAGE 28


  C:3D7CH         LINE#         56
  -------         ENDPROC       MES_DIST_AV
  -------         PROC          MES_DIST_AR
  -------         DO            
  D:0004H         SYMBOL        Delta
  X:02C0H         SYMBOL        TL0_tmp
  X:02C4H         SYMBOL        TH0_tmp
  D:0004H         SYMBOL        Duree
  X:02C8H         SYMBOL        Dist
  D:0004H         SYMBOL        Duree2
  X:02CCH         SYMBOL        i
  X:02CEH         SYMBOL        RegistreTemp
  -------         ENDDO         
  C:3D7DH         LINE#         58
  C:3D7DH         LINE#         59
  C:3D7DH         LINE#         66
  C:3D84H         LINE#         69
  C:3D87H         LINE#         70
  C:3D89H         LINE#         71
  C:3D93H         LINE#         72
  C:3D9DH         LINE#         74
  C:3DAEH         LINE#         75
  C:3DAFH         LINE#         76
  C:3DBBH         LINE#         77
  C:3DBDH         LINE#         79
  C:3DBFH         LINE#         80
  C:3DC1H         LINE#         82
  C:3DC7H         LINE#         84
  C:3DCAH         LINE#         85
  C:3DD4H         LINE#         86
  C:3DD7H         LINE#         88
  C:3DD7H         LINE#         89
  C:3DE3H         LINE#         90
  C:3DEFH         LINE#         91
  C:3DF2H         LINE#         92
  C:3DF4H         LINE#         93
  C:3E23H         LINE#         94
  C:3E54H         LINE#         96
  C:3E65H         LINE#         97
  C:3E70H         LINE#         98
  C:3E80H         LINE#         99
  C:3E82H         LINE#         100
  C:3E82H         LINE#         102
  C:3E90H         LINE#         103
  -------         ENDPROC       MES_DIST_AR
  -------         ENDMOD        ULTRASON

  -------         MODULE        MAIN
  C:0000H         SYMBOL        _ICE_DUMMY_
  X:0415H         PUBLIC        message_PC_com
  D:0080H         PUBLIC        P0
  D:0090H         PUBLIC        P1
  D:00A0H         PUBLIC        P2
  D:00B0H         PUBLIC        P3
  C:0026H         PUBLIC        ISR_Timer2
  B:00A8H.7       PUBLIC        EA
  B:00A0H.0       PUBLIC        PWM_servo
BL51 BANKED LINKER/LOCATER V6.22                                                      05/15/2018  17:33:30  PAGE 29


  X:0447H         PUBLIC        vitesse_par_defaut
  D:00E8H         PUBLIC        ADC0CN
  D:00A8H         PUBLIC        IE
  D:00D8H         PUBLIC        PCA0CN
  D:00B8H         PUBLIC        IP
  X:0449H         PUBLIC        commande_correct
  D:00C0H         PUBLIC        SMB0CN
  C:34D3H         PUBLIC        main
  D:00F8H         PUBLIC        SPI0CN
  D:0088H         PUBLIC        TCON
  C:4C46H         PUBLIC        _conversionangle_positif
  C:3466H         SYMBOL        _?ix1000
  C:3498H         SYMBOL        _?ix1001
  C:349EH         SYMBOL        _?ix1002
  X:044BH         PUBLIC        epreuve_en_cours
  C:34A1H         SYMBOL        _?ix1003
  C:2F71H         PUBLIC        _Message
  B:00C8H.7       PUBLIC        TF2
  B:00C8H.2       PUBLIC        TR2
  D:0098H         PUBLIC        SCON0
  C:37A2H         PUBLIC        _traitement_A
  C:45C8H         PUBLIC        _traitement_B
  C:31A8H         PUBLIC        _traitement_C
  D:00C8H         PUBLIC        T2CON
  C:38F5H         PUBLIC        _traitement_D
  C:4DAAH         PUBLIC        _conversioncoord
  C:4E77H         PUBLIC        traitement_E
  C:1FBEH         PUBLIC        _traitement_G
  C:4E89H         PUBLIC        _traitement_I
  C:243AH         PUBLIC        _traitement_M
  B:00A0H.5       PUBLIC        NSS_slave
  C:4E9BH         PUBLIC        _traitement_P
  C:4EDAH         PUBLIC        traitement_Q
  C:3649H         PUBLIC        _traitement_R
  C:2D16H         PUBLIC        _traitement_S
  C:46DDH         PUBLIC        _traitement_T
  D:00D0H         PUBLIC        PSW
  C:4DA4H         SYMBOL        L?0310
  -------         PROC          L?0309
  -------         ENDPROC       L?0309
  C:4DA4H         SYMBOL        L?0310
  -------         PROC          _CONVERSIONCOORD
  D:0001H         SYMBOL        tableau
  -------         DO            
  D:0006H         SYMBOL        dizaine
  D:0004H         SYMBOL        unite
  D:0007H         SYMBOL        valeur
  -------         ENDDO         
  C:4DAAH         LINE#         35
  C:4DAAH         LINE#         36
  C:4DABH         LINE#         37
  C:4DACH         LINE#         40
  C:4DBBH         LINE#         41
  C:4DC4H         LINE#         43
  C:4DC7H         LINE#         44
  C:4DC7H         LINE#         45
  -------         ENDPROC       _CONVERSIONCOORD
BL51 BANKED LINKER/LOCATER V6.22                                                      05/15/2018  17:33:30  PAGE 30


  -------         PROC          L?0311
  -------         ENDPROC       L?0311
  -------         PROC          _CONVERSIONANGLE_POSITIF
  D:0001H         SYMBOL        tableau
  -------         DO            
  X:00FDH         SYMBOL        centaine
  D:0006H         SYMBOL        dizaine
  D:0004H         SYMBOL        unite
  D:0006H         SYMBOL        valeur
  -------         ENDDO         
  C:4C46H         LINE#         61
  C:4C46H         LINE#         62
  C:4C4DH         LINE#         63
  C:4C4DH         LINE#         64
  C:4C4EH         LINE#         67
  C:4C65H         LINE#         68
  C:4C77H         LINE#         69
  C:4C84H         LINE#         71
  C:4C96H         LINE#         72
  C:4C96H         LINE#         73
  -------         ENDPROC       _CONVERSIONANGLE_POSITIF
  -------         PROC          _TRAITEMENT_A
  X:00C1H         SYMBOL        com
  X:00C4H         SYMBOL        commande
  -------         DO            
  D:0007H         SYMBOL        vitesse
  X:00E6H         SYMBOL        tab
  X:00E9H         SYMBOL        j
  D:0007H         SYMBOL        duree
  -------         ENDDO         
  C:37A2H         LINE#         75
  C:37ADH         LINE#         81
  C:37BEH         LINE#         82
  C:37BEH         LINE#         83
  C:37BEH         LINE#         84
  C:37BEH         LINE#         85
  C:37C5H         LINE#         86
  C:37CDH         LINE#         87
  C:37CDH         LINE#         88
  C:37F4H         LINE#         89
  C:380EH         LINE#         90
  C:3811H         LINE#         91
  C:3821H         LINE#         92
  C:3821H         LINE#         93
  C:3821H         LINE#         94
  C:3824H         LINE#         95
  C:3829H         LINE#         96
  C:382CH         LINE#         97
  C:382CH         LINE#         98
  C:382CH         LINE#         99
  C:382CH         LINE#         100
  C:3837H         LINE#         101
  C:383CH         LINE#         103
  C:3854H         LINE#         104
  C:3854H         LINE#         105
  C:385DH         LINE#         106
  C:385DH         LINE#         107
BL51 BANKED LINKER/LOCATER V6.22                                                      05/15/2018  17:33:30  PAGE 31


  C:3884H         LINE#         108
  C:389EH         LINE#         109
  C:38A1H         LINE#         110
  C:38B0H         LINE#         111
  C:38B0H         LINE#         112
  C:38B7H         LINE#         113
  C:38B9H         LINE#         115
  C:38B9H         LINE#         116
  C:38BDH         LINE#         117
  C:38BDH         LINE#         119
  C:38BFH         LINE#         127
  C:38BFH         LINE#         128
  C:38BFH         LINE#         129
  C:38BFH         LINE#         130
  C:38C6H         LINE#         131
  C:38CCH         LINE#         132
  C:38D6H         LINE#         133
  C:38D6H         LINE#         134
  C:38DFH         LINE#         135
  C:38EEH         LINE#         136
  C:38EEH         LINE#         137
  C:38EEH         LINE#         138
  C:38F4H         LINE#         139
  -------         ENDPROC       _TRAITEMENT_A
  -------         PROC          _TRAITEMENT_B
  X:00C1H         SYMBOL        com
  X:00C4H         SYMBOL        commande
  -------         DO            
  D:0007H         SYMBOL        vitesse
  X:00E6H         SYMBOL        tab
  D:0006H         SYMBOL        j
  -------         ENDDO         
  C:45C8H         LINE#         140
  C:45D3H         LINE#         141
  C:45D3H         LINE#         145
  C:45D9H         LINE#         146
  C:45EEH         LINE#         147
  C:45EEH         LINE#         148
  C:45F1H         LINE#         149
  C:45F1H         LINE#         150
  C:4610H         LINE#         151
  C:461BH         LINE#         152
  C:4624H         LINE#         153
  C:4634H         LINE#         154
  C:4634H         LINE#         155
  C:463BH         LINE#         156
  C:463DH         LINE#         158
  C:463DH         LINE#         159
  C:4642H         LINE#         160
  C:4642H         LINE#         161
  C:4642H         LINE#         162
  C:4644H         LINE#         164
  C:4644H         LINE#         165
  C:464CH         LINE#         166
  C:464CH         LINE#         168
  C:4652H         LINE#         169
  -------         ENDPROC       _TRAITEMENT_B
BL51 BANKED LINKER/LOCATER V6.22                                                      05/15/2018  17:33:30  PAGE 32


  -------         PROC          _TRAITEMENT_C
  X:00C1H         SYMBOL        com
  X:00C4H         SYMBOL        commande
  -------         DO            
  X:00E6H         SYMBOL        angle
  X:00E8H         SYMBOL        tab
  X:00EBH         SYMBOL        j
  -------         ENDDO         
  C:31A8H         LINE#         170
  C:31B3H         LINE#         171
  C:31B3H         LINE#         174
  C:31BAH         LINE#         175
  C:31D9H         LINE#         176
  C:31D9H         LINE#         177
  C:31D9H         LINE#         178
  C:31D9H         LINE#         179
  C:31DFH         LINE#         180
  C:31ECH         LINE#         181
  C:31ECH         LINE#         182
  C:31F4H         LINE#         183
  C:31F4H         LINE#         184
  C:321BH         LINE#         185
  C:3235H         LINE#         186
  C:3246H         LINE#         187
  C:3262H         LINE#         188
  C:3262H         LINE#         189
  C:3266H         LINE#         190
  C:3268H         LINE#         192
  C:3268H         LINE#         193
  C:326DH         LINE#         194
  C:3275H         LINE#         195
  C:3275H         LINE#         196
  C:3278H         LINE#         198
  C:3278H         LINE#         199
  C:327FH         LINE#         200
  C:327FH         LINE#         201
  C:327FH         LINE#         202
  C:3282H         LINE#         203
  C:3282H         LINE#         204
  C:3282H         LINE#         205
  C:3282H         LINE#         206
  C:3288H         LINE#         207
  C:32A0H         LINE#         208
  C:32A0H         LINE#         209
  C:32A8H         LINE#         210
  C:32A8H         LINE#         211
  C:32CFH         LINE#         212
  C:32E9H         LINE#         213
  C:32FAH         LINE#         214
  C:3316H         LINE#         215
  C:3316H         LINE#         216
  C:331DH         LINE#         217
  C:331FH         LINE#         219
  C:331FH         LINE#         220
  C:3324H         LINE#         221
  C:332CH         LINE#         222
  C:332CH         LINE#         223
BL51 BANKED LINKER/LOCATER V6.22                                                      05/15/2018  17:33:30  PAGE 33


  C:332EH         LINE#         226
  C:332EH         LINE#         227
  C:3335H         LINE#         228
  C:3335H         LINE#         229
  C:3335H         LINE#         231
  C:3337H         LINE#         232
  C:3337H         LINE#         233
  C:3337H         LINE#         234
  C:3337H         LINE#         235
  C:333DH         LINE#         236
  C:3344H         LINE#         237
  C:334DH         LINE#         238
  C:334DH         LINE#         239
  C:334DH         LINE#         240
  C:334DH         LINE#         241
  C:3353H         LINE#         242
  -------         ENDPROC       _TRAITEMENT_C
  -------         PROC          _TRAITEMENT_D
  D:0001H         SYMBOL        com
  X:00C4H         SYMBOL        commande
  C:38F5H         LINE#         243
  C:38F5H         LINE#         244
  C:38F5H         LINE#         245
  C:392BH         LINE#         246
  C:392BH         LINE#         247
  C:392BH         LINE#         248
  C:392BH         LINE#         249
  C:3931H         LINE#         250
  C:393FH         LINE#         251
  C:3945H         LINE#         253
[...]
  X:020DH         SYMBOL        courant_ascii
  X:0211H         SYMBOL        energie_ascii
  -------         ENDDO         
  C:275BH         LINE#         68
  C:275BH         LINE#         69
  C:2760H         LINE#         70
  C:2762H         LINE#         71
  C:2774H         LINE#         72
  C:277AH         LINE#         74
  C:278CH         LINE#         79
  C:27B0H         LINE#         81
  C:27E0H         LINE#         82
  C:27E0H         LINE#         83
  C:27E9H         LINE#         84
  C:27F1H         LINE#         85
  C:27FAH         LINE#         87
  C:280EH         LINE#         88
  C:281DH         LINE#         89
  C:2834H         LINE#         90
  C:2834H         LINE#         91
  C:2837H         LINE#         93
  C:2837H         LINE#         94
  C:283DH         LINE#         95
  C:2845H         LINE#         96
  C:2849H         LINE#         97
  C:2859H         LINE#         98
  C:285CH         LINE#         99
  C:2864H         LINE#         100
  C:2867H         LINE#         102
  C:2886H         LINE#         103
  C:288FH         LINE#         104
  C:2895H         LINE#         105
  C:2898H         LINE#         107
  C:2898H         LINE#         108
  C:28BBH         LINE#         109
BL51 BANKED LINKER/LOCATER V6.22                                                      05/15/2018  17:33:30  PAGE 48


  C:28DFH         LINE#         110
  C:28E8H         LINE#         111
  C:28F1H         LINE#         113
  C:28F6H         LINE#         114
  C:28FAH         LINE#         115
  C:28FAH         LINE#         116
  C:2902H         LINE#         117
  C:2904H         LINE#         118
  C:291BH         LINE#         119
  C:2921H         LINE#         120
  C:2921H         LINE#         121
  C:2928H         LINE#         123
  C:293DH         LINE#         124
  C:2943H         LINE#         125
  C:2946H         LINE#         127
  C:2946H         LINE#         128
  C:295AH         LINE#         129
  C:297DH         LINE#         130
  C:298CH         LINE#         131
  C:2995H         LINE#         132
  C:29A3H         LINE#         133
  C:29ACH         LINE#         134
  C:29C0H         LINE#         135
  C:29C0H         LINE#         137
  C:29C0H         LINE#         138
  C:29CBH         LINE#         139
  C:29E8H         LINE#         140
  C:29F1H         LINE#         141
  C:29F7H         LINE#         142
  C:29F9H         LINE#         143
  C:29F9H         LINE#         144
  C:2A04H         LINE#         145
  C:2A13H         LINE#         146
  C:2A30H         LINE#         147
  C:2A39H         LINE#         148
  C:2A3FH         LINE#         149
  C:2A41H         LINE#         151
  C:2A41H         LINE#         152
  C:2A57H         LINE#         153
  C:2A57H         LINE#         155
  C:2A57H         LINE#         156
  C:2A66H         LINE#         157
  C:2A6FH         LINE#         158
  C:2A6FH         LINE#         160
  C:2A6FH         LINE#         161
  -------         ENDPROC       FONCTIONROUTAGE
  -------         PROC          TEMPO_EMISS
  -------         DO            
  X:023DH         SYMBOL        x
  -------         ENDDO         
  C:4174H         LINE#         163
  C:4174H         LINE#         164
  C:417BH         LINE#         166
  C:41A8H         LINE#         167
  C:41D6H         LINE#         168
  C:4204H         LINE#         169
  C:4232H         LINE#         170
BL51 BANKED LINKER/LOCATER V6.22                                                      05/15/2018  17:33:30  PAGE 49


  -------         ENDPROC       TEMPO_EMISS
  -------         ENDMOD        LIEN_STRUCTURE_COMMANDE

  -------         MODULE        ENCODAGE_SON
  C:0000H         SYMBOL        _ICE_DUMMY_
  D:00E8H         PUBLIC        ADC0CN
  D:00A8H         PUBLIC        IE
  D:00D8H         PUBLIC        PCA0CN
  D:00B8H         PUBLIC        IP
  C:00A6H         PUBLIC        encode_son
  D:00C0H         PUBLIC        SMB0CN
  D:00F8H         PUBLIC        SPI0CN
  D:0088H         PUBLIC        TCON
  D:0098H         PUBLIC        SCON0
  D:00C8H         PUBLIC        T2CON
  D:00D0H         PUBLIC        PSW
  -------         PROC          ENCODE_SON
  X:0215H         SYMBOL        com
  -------         DO            
  X:0237H         SYMBOL        information
  X:0251H         SYMBOL        detection_avant
  X:0255H         SYMBOL        detection_arriere
  X:0259H         SYMBOL        obstacle_avant
  X:0268H         SYMBOL        obstacle_arriere
  X:0277H         SYMBOL        tab
  X:02A9H         SYMBOL        debut_donnee
  X:02ACH         SYMBOL        n
  X:02AEH         SYMBOL        i
  X:02B0H         SYMBOL        angle
  X:02B4H         SYMBOL        angle1
  X:02B8H         SYMBOL        angle2
  X:02BCH         SYMBOL        val
  X:02BDH         SYMBOL        val1
  X:02BEH         SYMBOL        val2
  X:02BFH         SYMBOL        val_proche
  -------         ENDDO         
  C:00A6H         LINE#         12
  C:00A6H         LINE#         14
  C:00B0H         LINE#         15
  C:00BAH         LINE#         19
  C:00C8H         LINE#         31
  C:00D6H         LINE#         32
  C:00D9H         LINE#         33
  C:00F1H         LINE#         34
  C:00F1H         LINE#         35
  C:00FAH         LINE#         38
  C:0103H         LINE#         39
  C:011BH         LINE#         40
  C:0146H         LINE#         41
  C:015AH         LINE#         42
  C:0171H         LINE#         43
  C:0188H         LINE#         44
  C:018EH         LINE#         45
  C:0191H         LINE#         46
  C:0191H         LINE#         47
  C:01A0H         LINE#         48
  C:01A0H         LINE#         49
BL51 BANKED LINKER/LOCATER V6.22                                                      05/15/2018  17:33:30  PAGE 50


  C:01A3H         LINE#         50
  C:01A3H         LINE#         52
  C:01ACH         LINE#         53
  C:01B5H         LINE#         54
  C:01CDH         LINE#         55
  C:01F8H         LINE#         56
  C:020CH         LINE#         57
  C:0223H         LINE#         58
  C:0229H         LINE#         59
  C:0229H         LINE#         60
  C:0244H         LINE#         61
  C:026FH         LINE#         62
  C:0275H         LINE#         63
  C:0293H         LINE#         64
  C:0293H         LINE#         65
  C:0295H         LINE#         66
  C:0295H         LINE#         67
  C:02A9H         LINE#         68
  C:02C0H         LINE#         69
  C:02C0H         LINE#         70
  C:02C6H         LINE#         71
  C:02C6H         LINE#         72
  C:02C6H         LINE#         73
  C:02C9H         LINE#         74
  C:02C9H         LINE#         76
  C:02D4H         LINE#         78
  C:02E7H         LINE#         79
  C:02ECH         LINE#         80
  C:02F5H         LINE#         81
  C:0304H         LINE#         82
  C:031CH         LINE#         83
  C:0347H         LINE#         84
  C:035EH         LINE#         85
  C:0375H         LINE#         86
  C:037BH         LINE#         87
  C:037BH         LINE#         89
  C:03A0H         LINE#         90
  C:03AFH         LINE#         91
  C:03CEH         LINE#         92
  C:03D4H         LINE#         93
  C:03DCH         LINE#         94
  C:03E5H         LINE#         95
  C:03FDH         LINE#         96
  C:0428H         LINE#         97
  C:043FH         LINE#         98
  C:0456H         LINE#         99
  C:045CH         LINE#         100
  C:045CH         LINE#         101
  C:046DH         LINE#         102
  C:046DH         LINE#         104
  C:046DH         LINE#         106
  C:0483H         LINE#         107
  C:0488H         LINE#         108
  C:0497H         LINE#         109
  C:04A0H         LINE#         110
  C:04B8H         LINE#         111
  C:04E3H         LINE#         112
BL51 BANKED LINKER/LOCATER V6.22                                                      05/15/2018  17:33:30  PAGE 51


  C:04FAH         LINE#         113
  C:0511H         LINE#         114
  C:0517H         LINE#         115
  C:0517H         LINE#         116
  C:0520H         LINE#         117
  C:0538H         LINE#         118
  C:0563H         LINE#         119
  C:057AH         LINE#         120
  C:0591H         LINE#         121
  C:0597H         LINE#         122
  C:0597H         LINE#         124
  C:05BBH         LINE#         126
  C:05CCH         LINE#         127
  C:05D3H         LINE#         128
  C:05D8H         LINE#         129
  C:05DAH         LINE#         130
  C:05DAH         LINE#         131
  C:05EFH         LINE#         132
  C:05EFH         LINE#         133
  C:05F4H         LINE#         134
  C:05FDH         LINE#         135
  C:0618H         LINE#         136
  C:0637H         LINE#         137
  C:063DH         LINE#         138
  C:0668H         LINE#         139
  C:067FH         LINE#         140
  C:0696H         LINE#         141
  C:069CH         LINE#         142
  C:069CH         LINE#         143
  C:06A5H         LINE#         144
  C:06C0H         LINE#         145
  C:06DFH         LINE#         146
  C:06E5H         LINE#         147
  C:0710H         LINE#         148
  C:0727H         LINE#         149
  C:073EH         LINE#         150
  C:0744H         LINE#         151
  C:0744H         LINE#         152
  C:0755H         LINE#         153
  C:0755H         LINE#         154
  C:0755H         LINE#         155
  C:0755H         LINE#         157
  C:0760H         LINE#         159
  C:0773H         LINE#         160
  C:0778H         LINE#         161
  C:0781H         LINE#         162
  C:0799H         LINE#         163
  C:07AFH         LINE#         164
  C:07DAH         LINE#         165
  C:07E9H         LINE#         166
  C:0800H         LINE#         167
  C:0800H         LINE#         168
  C:0825H         LINE#         169
  C:0834H         LINE#         170
  C:0853H         LINE#         171
  C:0859H         LINE#         172
  C:0861H         LINE#         173
BL51 BANKED LINKER/LOCATER V6.22                                                      05/15/2018  17:33:30  PAGE 52


  C:086AH         LINE#         174
  C:08A0H         LINE#         175
  C:08CBH         LINE#         176
  C:08DAH         LINE#         177
  C:08F1H         LINE#         178
  C:0907H         LINE#         179
  C:0907H         LINE#         180
  C:0918H         LINE#         181
  C:0918H         LINE#         183
  C:0918H         LINE#         185
  C:092EH         LINE#         186
  C:0933H         LINE#         187
  C:093CH         LINE#         188
  C:0945H         LINE#         189
  C:097CH         LINE#         190
  C:09A7H         LINE#         191
  C:09B6H         LINE#         192
  C:09CDH         LINE#         193
  C:09D0H         LINE#         194
  C:09D2H         LINE#         195
  C:09EAH         LINE#         196
  C:0A15H         LINE#         197
  C:0A24H         LINE#         198
  C:0A3BH         LINE#         199
  C:0A51H         LINE#         200
  C:0A51H         LINE#         201
  C:0A77H         LINE#         203
  C:0A8BH         LINE#         204
  C:0A90H         LINE#         206
  C:0A93H         LINE#         207
  C:0A9CH         LINE#         208
  C:0AA5H         LINE#         209
  C:0AE4H         LINE#         210
  C:0B02H         LINE#         211
  C:0B21H         LINE#         212
  C:0B27H         LINE#         213
  C:0B52H         LINE#         214
  C:0B61H         LINE#         215
  C:0B78H         LINE#         216
  C:0B7BH         LINE#         217
  C:0B7BH         LINE#         218
  C:0B7EH         LINE#         219
  C:0B99H         LINE#         220
  C:0BB7H         LINE#         221
  C:0BD6H         LINE#         222
  C:0BDCH         LINE#         223
  C:0C07H         LINE#         224
  C:0C16H         LINE#         225
  C:0C2DH         LINE#         226
  C:0C43H         LINE#         227
  C:0C43H         LINE#         228
  C:0C43H         LINE#         229
  C:0C54H         LINE#         231
  C:0C54H         LINE#         232
  C:0C54H         LINE#         233
  C:0C54H         LINE#         234
  C:0C5AH         LINE#         235
BL51 BANKED LINKER/LOCATER V6.22                                                      05/15/2018  17:33:30  PAGE 53


  -------         ENDPROC       ENCODE_SON
  -------         ENDMOD        ENCODAGE_SON

  -------         MODULE        SON_SONORE
  C:0000H         SYMBOL        _ICE_DUMMY_
  D:00E8H         PUBLIC        ADC0CN
  D:00A8H         PUBLIC        IE
  D:00D8H         PUBLIC        PCA0CN
  D:00B8H         PUBLIC        IP
  D:00C0H         PUBLIC        SMB0CN
  D:00F8H         PUBLIC        SPI0CN
  D:0088H         PUBLIC        TCON
  C:4F32H         SYMBOL        _?ix1000
  C:48D3H         PUBLIC        son_sonore
  D:0098H         PUBLIC        SCON0
  D:00C8H         PUBLIC        T2CON
  D:00D0H         PUBLIC        PSW
  -------         PROC          SON_SONORE
  X:0215H         SYMBOL        com
  -------         DO            
  X:0237H         SYMBOL        rep
  X:023BH         SYMBOL        commande_SPI
  X:023CH         SYMBOL        taille_trame
  -------         ENDDO         
  C:48D3H         LINE#         10
  C:48D3H         LINE#         11
  C:48E6H         LINE#         12
  C:48EBH         LINE#         13
  C:48EFH         LINE#         15
  C:48F5H         LINE#         16
  C:4902H         LINE#         17
  C:490FH         LINE#         18
  C:491CH         LINE#         19
  C:4929H         LINE#         21
  C:493FH         LINE#         22
  -------         ENDPROC       SON_SONORE
  -------         ENDMOD        SON_SONORE

  -------         MODULE        ?C?FPADD
  C:0C62H         PUBLIC        ?C?FPADD
  C:0C5EH         PUBLIC        ?C?FPSUB
  -------         ENDMOD        ?C?FPADD

  -------         MODULE        ?C?FPMUL
  C:0D53H         PUBLIC        ?C?FPMUL
  -------         ENDMOD        ?C?FPMUL

  -------         MODULE        ?C?FPDIV
  C:0E5CH         PUBLIC        ?C?FPDIV
  -------         ENDMOD        ?C?FPDIV

  -------         MODULE        ?C?FPCMP
  C:0EFBH         PUBLIC        ?C?FPCMP
  C:0EF9H         PUBLIC        ?C?FPCMP3
  -------         ENDMOD        ?C?FPCMP

  -------         MODULE        ?C?FCAST
BL51 BANKED LINKER/LOCATER V6.22                                                      05/15/2018  17:33:30  PAGE 54


  C:0F7CH         PUBLIC        ?C?FCASTC
  C:0F77H         PUBLIC        ?C?FCASTI
  C:0F72H         PUBLIC        ?C?FCASTL
  -------         ENDMOD        ?C?FCAST

  -------         MODULE        ?C?CASTF
  C:0FB0H         PUBLIC        ?C?CASTF
  -------         ENDMOD        ?C?CASTF

  -------         MODULE        PRINTF
  X:02C0H         PUBLIC        ?_PRINTF?BYTE
  X:02C0H         PUBLIC        ?_SPRINTF?BYTE
  C:1BA6H         PUBLIC        _PRINTF
  C:1BA0H         PUBLIC        _SPRINTF
  -------         ENDMOD        PRINTF

  -------         MODULE        CEIL
  C:4085H         PUBLIC        _ceil
  -------         ENDMOD        CEIL

  -------         MODULE        ?C?FPROUND
  C:1031H         PUBLIC        ?C?FPROUND
  -------         ENDMOD        ?C?FPROUND

  -------         MODULE        ?C?FPCONVERT
  C:106EH         PUBLIC        ?C?FPCONVERT
  -------         ENDMOD        ?C?FPCONVERT

  -------         MODULE        ?C?FTNPWR
  C:11A3H         PUBLIC        ?C?FTNPWR
  -------         ENDMOD        ?C?FTNPWR

  -------         MODULE        ?C?COPY
  C:12B3H         PUBLIC        ?C?COPY
  -------         ENDMOD        ?C?COPY

  -------         MODULE        ?C?SCDIV
  C:12D9H         PUBLIC        ?C?SCDIV
  -------         ENDMOD        ?C?SCDIV

  -------         MODULE        ?C?CLDPTR
  C:12FBH         PUBLIC        ?C?CLDPTR
  -------         ENDMOD        ?C?CLDPTR

  -------         MODULE        ?C?CLDOPTR
  C:1314H         PUBLIC        ?C?CLDOPTR
  -------         ENDMOD        ?C?CLDOPTR

  -------         MODULE        ?C?CSTPTR
  C:1341H         PUBLIC        ?C?CSTPTR
  -------         ENDMOD        ?C?CSTPTR

  -------         MODULE        ?C?CSTOPTR
  C:1353H         PUBLIC        ?C?CSTOPTR
  -------         ENDMOD        ?C?CSTOPTR

  -------         MODULE        ?C?IMUL
BL51 BANKED LINKER/LOCATER V6.22                                                      05/15/2018  17:33:30  PAGE 55


  C:1375H         PUBLIC        ?C?IMUL
  -------         ENDMOD        ?C?IMUL

  -------         MODULE        ?C?UIDIV
  C:1387H         PUBLIC        ?C?UIDIV
  -------         ENDMOD        ?C?UIDIV

  -------         MODULE        ?C?SIDIV
  C:13DCH         PUBLIC        ?C?SIDIV
  -------         ENDMOD        ?C?SIDIV

  -------         MODULE        ?C?IILDX
  C:1412H         PUBLIC        ?C?IILDX
  -------         ENDMOD        ?C?IILDX

  -------         MODULE        ?C?LNEG
  C:1428H         PUBLIC        ?C?LNEG
  -------         ENDMOD        ?C?LNEG

  -------         MODULE        ?C?SLCMP
  C:1436H         PUBLIC        ?C?SLCMP
  -------         ENDMOD        ?C?SLCMP

  -------         MODULE        ?C?ULCMP
  C:144CH         PUBLIC        ?C?ULCMP
  -------         ENDMOD        ?C?ULCMP

  -------         MODULE        ?C?LSTXDATA
  C:145DH         PUBLIC        ?C?LSTXDATA
  -------         ENDMOD        ?C?LSTXDATA

  -------         MODULE        ?C?LSTKXDATA
  C:1469H         PUBLIC        ?C?LSTKXDATA
  -------         ENDMOD        ?C?LSTKXDATA

  -------         MODULE        ?C?PLDIXDATA
  C:149AH         PUBLIC        ?C?PLDIXDATA
  -------         ENDMOD        ?C?PLDIXDATA

  -------         MODULE        ?C?PSTXDATA
  C:14B1H         PUBLIC        ?C?PSTXDATA
  -------         ENDMOD        ?C?PSTXDATA

  -------         MODULE        ?C?CCASE
  C:14BAH         PUBLIC        ?C?CCASE
  -------         ENDMOD        ?C?CCASE

  -------         MODULE        PUTCHAR
  C:4D59H         PUBLIC        _PUTCHAR
  -------         ENDMOD        PUTCHAR

  -------         MODULE        STRCAT
  X:02C0H         PUBLIC        ?_strcat?BYTE
  C:4942H         PUBLIC        _strcat
  -------         ENDMOD        STRCAT

  -------         MODULE        ?C?STRCPY
BL51 BANKED LINKER/LOCATER V6.22                                                      05/15/2018  17:33:30  PAGE 56


  C:15ACH         PUBLIC        ?C?STRCPY
  -------         ENDMOD        ?C?STRCPY

  -------         MODULE        STRLEN
  C:4E2AH         PUBLIC        _STRLEN
  -------         ENDMOD        STRLEN

  -------         MODULE        ?C?MEMSET
  C:15C9H         PUBLIC        ?C?MEMSET
  -------         ENDMOD        ?C?MEMSET

  -------         MODULE        ?C?ILDIX
  C:15F5H         PUBLIC        ?C?ILDIX
  -------         ENDMOD        ?C?ILDIX

*** WARNING L16: UNCALLED SEGMENT, IGNORED FOR OVERLAY PROCESS
    SEGMENT: ?PR?_CONV_DISTANCE_TICKS?FONCTIONS_COTE_SERIALIZER

*** WARNING L16: UNCALLED SEGMENT, IGNORED FOR OVERLAY PROCESS
    SEGMENT: ?PR?_ITOS?FONCTIONS_COTE_SERIALIZER

*** WARNING L16: UNCALLED SEGMENT, IGNORED FOR OVERLAY PROCESS
    SEGMENT: ?PR?SERINCHAR?UART0_RINGBUFFER_LIB

*** WARNING L16: UNCALLED SEGMENT, IGNORED FOR OVERLAY PROCESS
    SEGMENT: ?PR?SERINCHAR_BIN?UART0_RINGBUFFER_LIB

*** WARNING L16: UNCALLED SEGMENT, IGNORED FOR OVERLAY PROCESS
    SEGMENT: ?PR?SERINCHAR_BIN1?UART1

Program Size: data=15.3 xdata=1121 code=20272
LINK/LOCATE RUN COMPLETE.  5 WARNING(S),  0 ERROR(S)
