BL51 BANKED LINKER/LOCATER V6.22                                                        05/18/2018  15:52:40  PAGE 1


BL51 BANKED LINKER/LOCATER V6.22, INVOKED BY:
C:\KEIL\C51\BIN\BL51.EXE STARTUP.obj, Config_ADC.obj, Config_Globale.obj, Config_SPI.obj, Detect_Obst.obj, Fonctions_cot
>> e_serializer.obj, Generation_son.obj, Gpio.obj, Lien_Structure_commande.obj, main.obj, Mesure_courant.obj, Servomoteu
>> r_Horizontal.obj, Timers.obj, Transmission_SPI.obj, UART0_RingBuffer_lib.obj, UART1.obj, ultrason.obj TO Master RAMSI
>> ZE (256)


MEMORY MODEL: LARGE WITH FLOATING POINT ARITHMETIC


INPUT MODULES INCLUDED:
  STARTUP.obj (?C_STARTUP)
  Config_ADC.obj (CONFIG_ADC)
  Config_Globale.obj (CONFIG_GLOBALE)
  Config_SPI.obj (CONFIG_SPI)
  Detect_Obst.obj (DETECT_OBST)
  Fonctions_cote_serializer.obj (FONCTIONS_COTE_SERIALIZER)
  Generation_son.obj (GENERATION_SON)
  Gpio.obj (GPIO)
  Lien_Structure_commande.obj (LIEN_STRUCTURE_COMMANDE)
  main.obj (MAIN)
  Mesure_courant.obj (MESURE_COURANT)
  Servomoteur_Horizontal.obj (SERVOMOTEUR_HORIZONTAL)
  Timers.obj (TIMERS)
  Transmission_SPI.obj (TRANSMISSION_SPI)
  UART0_RingBuffer_lib.obj (UART0_RINGBUFFER_LIB)
  UART1.obj (UART1)
  ultrason.obj (ULTRASON)
  C:\KEIL\C51\LIB\C51FPL.LIB (?C?FPADD)
  C:\KEIL\C51\LIB\C51FPL.LIB (?C?FPMUL)
  C:\KEIL\C51\LIB\C51FPL.LIB (?C?FPDIV)
  C:\KEIL\C51\LIB\C51FPL.LIB (?C?FPCMP)
  C:\KEIL\C51\LIB\C51FPL.LIB (?C?FCAST)
  C:\KEIL\C51\LIB\C51FPL.LIB (?C?CASTF)
  C:\KEIL\C51\LIB\C51FPL.LIB (PRINTF)
  C:\KEIL\C51\LIB\C51FPL.LIB (ATAN)
  C:\KEIL\C51\LIB\C51FPL.LIB (CEIL)
  C:\KEIL\C51\LIB\C51FPL.LIB (POW)
  C:\KEIL\C51\LIB\C51FPL.LIB (?C?FPGETOPN)
  C:\KEIL\C51\LIB\C51FPL.LIB (?C?CHKFLOAT)
  C:\KEIL\C51\LIB\C51FPL.LIB (?C?FPNEG)
  C:\KEIL\C51\LIB\C51FPL.LIB (?C?FPROUND)
  C:\KEIL\C51\LIB\C51FPL.LIB (?C?FPCONVERT)
  C:\KEIL\C51\LIB\C51FPL.LIB (?C?FPSERIES)
  C:\KEIL\C51\LIB\C51FPL.LIB (EXP)
  C:\KEIL\C51\LIB\C51FPL.LIB (LOG)
  C:\KEIL\C51\LIB\C51FPL.LIB (?C?FTNPWR)
  C:\KEIL\C51\LIB\C51L.LIB (?C_INIT)
  C:\KEIL\C51\LIB\C51L.LIB (?C?COPY)
  C:\KEIL\C51\LIB\C51L.LIB (?C?SCDIV)
  C:\KEIL\C51\LIB\C51L.LIB (?C?CLDPTR)
  C:\KEIL\C51\LIB\C51L.LIB (?C?CLDOPTR)
  C:\KEIL\C51\LIB\C51L.LIB (?C?CSTPTR)
  C:\KEIL\C51\LIB\C51L.LIB (?C?CSTOPTR)
  C:\KEIL\C51\LIB\C51L.LIB (?C?IMUL)
  C:\KEIL\C51\LIB\C51L.LIB (?C?SIDIV)
  C:\KEIL\C51\LIB\C51L.LIB (?C?IILDX)
  C:\KEIL\C51\LIB\C51L.LIB (?C?LNEG)
BL51 BANKED LINKER/LOCATER V6.22                                                      05/18/2018  15:52:40  PAGE 2


  C:\KEIL\C51\LIB\C51L.LIB (?C?SLCMP)
  C:\KEIL\C51\LIB\C51L.LIB (?C?ULCMP)
  C:\KEIL\C51\LIB\C51L.LIB (?C?LLDCODE)
  C:\KEIL\C51\LIB\C51L.LIB (?C?LLDXDATA0)
  C:\KEIL\C51\LIB\C51L.LIB (?C?LLDCODE0)
  C:\KEIL\C51\LIB\C51L.LIB (?C?LSTXDATA)
  C:\KEIL\C51\LIB\C51L.LIB (?C?LSTKXDATA)
  C:\KEIL\C51\LIB\C51L.LIB (?C?PLDIXDATA)
  C:\KEIL\C51\LIB\C51L.LIB (?C?PSTXDATA)
  C:\KEIL\C51\LIB\C51L.LIB (?C?CCASE)
  C:\KEIL\C51\LIB\C51L.LIB (PUTCHAR)
  C:\KEIL\C51\LIB\C51L.LIB (STRCAT)
  C:\KEIL\C51\LIB\C51L.LIB (?C?STRCPY)
  C:\KEIL\C51\LIB\C51L.LIB (STRLEN)
  C:\KEIL\C51\LIB\C51L.LIB (?C?MEMSET)
  C:\KEIL\C51\LIB\C51L.LIB (?C?UIDIV)
  C:\KEIL\C51\LIB\C51L.LIB (?C?ILDIX)


LINK MAP OF MODULE:  Master (?C_STARTUP)


            TYPE    BASE      LENGTH    RELOCATION   SEGMENT NAME
            -----------------------------------------------------

            * * * * * * *   D A T A   M E M O R Y   * * * * * * *
            REG     0000H     0008H     ABSOLUTE     "REG BANK 0"
            DATA    0008H     0005H     UNIT         _DATA_GROUP_
                    000DH     0013H                  *** GAP ***
            BIT     0020H.0   0001H.1   UNIT         _BIT_GROUP_
            BIT     0021H.1   0000H.1   UNIT         ?BI?UART0_RINGBUFFER_LIB
            BIT     0021H.2   0000H.1   UNIT         ?BI?UART1
                    0021H.3   0000H.5                *** GAP ***
            IDATA   0022H     0001H     UNIT         ?STACK

            * * * * * * *  X D A T A   M E M O R Y  * * * * * * *
            XDATA   0000H     058EH     UNIT         _XDATA_GROUP_
            XDATA   058EH     012DH     UNIT         ?XD?DETECT_OBST
            XDATA   06BBH     0086H     UNIT         ?XD?LIEN_STRUCTURE_COMMANDE
            XDATA   0741H     0050H     UNIT         ?XD?UART0_RINGBUFFER_LIB
            XDATA   0791H     0050H     UNIT         ?XD?UART1
            XDATA   07E1H     003BH     UNIT         ?XD?MAIN
            XDATA   081CH     0011H     UNIT         ?XD?_ITOS?FONCTIONS_COTE_SERIALIZER
            XDATA   082DH     0002H     UNIT         ?XD?SERINCHAR_BIN?UART0_RINGBUFFER_LIB
            XDATA   082FH     0002H     UNIT         ?XD?SERINCHAR_BIN1?UART1

            * * * * * * *   C O D E   M E M O R Y   * * * * * * *
            CODE    0000H     0003H     ABSOLUTE     
            CODE    0003H     001DH     UNIT         ?PR?_TRUE_VIT?FONCTIONS_COTE_SERIALIZER
                    0020H     0003H                  *** GAP ***
            CODE    0023H     0003H     ABSOLUTE     
            CODE    0026H     0005H     UNIT         ?PR?ISR_TIMER2?MAIN
            CODE    002BH     0003H     ABSOLUTE     
            CODE    002EH     0043H     UNIT         ?PR?_TRAME_EMISE?TRANSMISSION_SPI
                    0071H     0002H                  *** GAP ***
            CODE    0073H     0003H     ABSOLUTE     
            CODE    0076H     0027H     UNIT         ?PR?PUTCHAR?PUTCHAR
BL51 BANKED LINKER/LOCATER V6.22                                                      05/18/2018  15:52:40  PAGE 3


            CODE    009DH     0004H     UNIT         ?PR?CFG_VREF?CONFIG_ADC
                    00A1H     0002H                  *** GAP ***
            CODE    00A3H     0003H     ABSOLUTE     
            CODE    00A6H     0A54H     UNIT         ?C?LIB_CODE
            CODE    0AFAH     0672H     UNIT         ?PR?FONCTIONROUTAGE?LIEN_STRUCTURE_COMMANDE
            CODE    116CH     0602H     UNIT         ?PR?DETECT_OBST?DETECT_OBST
            CODE    176EH     0530H     UNIT         ?PR?FORMATE_SERIALIZER?FONCTIONS_COTE_SERIALIZER
            CODE    1C9EH     0483H     UNIT         ?PR?PRINTF?PRINTF
            CODE    2121H     032DH     UNIT         ?PR?_TRAITEMENT_M?MAIN
            CODE    244EH     025BH     UNIT         ?PR?_TRAITEMENT_S?MAIN
            CODE    26A9H     0244H     UNIT         ?PR?_MESSAGE?MAIN
            CODE    28EDH     0238H     UNIT         ?PR?TRANSCODE_COMMANDE_TO_SERIALIZER?FONCTIONS_COTE_SERIALIZER
            CODE    2B25H     021EH     UNIT         ?PR?_CONV?MAIN
            CODE    2D43H     01C8H     UNIT         ?C_INITSEG
            CODE    2F0BH     01BDH     UNIT         ?PR?_TRAITEMENT_C?MAIN
            CODE    30C8H     01B3H     UNIT         ?PR?_TRAITEMENT_G?MAIN
            CODE    327BH     0180H     UNIT         ?CO?MAIN
            CODE    33FBH     017EH     UNIT         ?PR?MAIN?MAIN
            CODE    3579H     016DH     UNIT         ?PR?DETECTION_AV_AR?DETECT_OBST
            CODE    36E6H     0166H     UNIT         ?PR?_POW?POW
            CODE    384CH     0159H     UNIT         ?PR?_TRAITEMENT_R?MAIN
            CODE    39A5H     0153H     UNIT         ?PR?_TRAITEMENT_A?MAIN
            CODE    3AF8H     0145H     UNIT         ?CO?LIEN_STRUCTURE_COMMANDE
            CODE    3C3DH     012AH     UNIT         ?PR?_TRAITEMENT_D?MAIN
            CODE    3D67H     0129H     UNIT         ?PR?LOG?LOG
            CODE    3E90H     0127H     UNIT         ?PR?_ITOS?FONCTIONS_COTE_SERIALIZER
            CODE    3FB7H     0123H     UNIT         ?PR?_TRUE_TICKS?FONCTIONS_COTE_SERIALIZER
            CODE    40DAH     0122H     UNIT         ?PR?ATAN?ATAN
            CODE    41FCH     0114H     UNIT         ?PR?MES_DIST_AV?ULTRASON
            CODE    4310H     0114H     UNIT         ?PR?MES_DIST_AR?ULTRASON
            CODE    4424H     00FCH     UNIT         ?PR?UART1_ISR?UART1
            CODE    4520H     00F8H     UNIT         ?PR?UART0_ISR?UART0_RINGBUFFER_LIB
            CODE    4618H     00EFH     UNIT         ?PR?_CEIL?CEIL
            CODE    4707H     00EDH     UNIT         ?PR?DETECTION_AV?DETECT_OBST
            CODE    47F4H     00D2H     UNIT         ?PR?_CONVERSIONANGLE_POSITIF?MAIN
            CODE    48C6H     00BFH     UNIT         ?PR?TEMPO_EMISS?LIEN_STRUCTURE_COMMANDE
            CODE    4985H     009AH     UNIT         ?PR?EXP?EXP
            CODE    4A1FH     0097H     UNIT         ?PR?COURANT_ADC?MESURE_COURANT
            CODE    4AB6H     0095H     UNIT         ?PR?ROUTAGE?LIEN_STRUCTURE_COMMANDE
            CODE    4B4BH     008CH     UNIT         ?C_C51STARTUP
            CODE    4BD7H     008BH     UNIT         ?PR?_TRAITEMENT_B?MAIN
            CODE    4C62H     008BH     UNIT         ?PR?_SEROUTCHAR1?UART1
            CODE    4CEDH     008AH     UNIT         ?PR?_SEROUTCHAR?UART0_RINGBUFFER_LIB
            CODE    4D77H     0082H     UNIT         ?PR?_TRAITEMENT_T?MAIN
            CODE    4DF9H     0081H     UNIT         ?PR?_CDE_SERVO_H?SERVOMOTEUR_HORIZONTAL
            CODE    4E7AH     007DH     UNIT         ?PR?SERINCHAR_BIN?UART0_RINGBUFFER_LIB
            CODE    4EF7H     007DH     UNIT         ?PR?SERINCHAR_BIN1?UART1
            CODE    4F74H     007AH     UNIT         ?PR?_ECHANGE_TRAME?TRANSMISSION_SPI
            CODE    4FEEH     0078H     UNIT         ?PR?ISR_TIMER3?MAIN
            CODE    5066H     006FH     UNIT         ?PR?SON_SONORE?GENERATION_SON
            CODE    50D5H     006BH     UNIT         ?PR?_STRCAT?STRCAT
            CODE    5140H     0064H     UNIT         ?PR?SERINCHAR?UART0_RINGBUFFER_LIB
            CODE    51A4H     0064H     UNIT         ?PR?SERINCHAR1?UART1
            CODE    5208H     005EH     UNIT         ?PR?_SEROUTSTRING?UART0_RINGBUFFER_LIB
            CODE    5266H     005EH     UNIT         ?PR?_SEROUTSTRING1?UART1
            CODE    52C4H     005BH     UNIT         ?PR?INIT_SERIAL_BUFFER?UART0_RINGBUFFER_LIB
            CODE    531FH     005BH     UNIT         ?PR?INIT_SERIAL_BUFFER1?UART1
BL51 BANKED LINKER/LOCATER V6.22                                                      05/18/2018  15:52:40  PAGE 4


            CODE    537AH     0059H     UNIT         ?CO?FONCTIONS_COTE_SERIALIZER
            CODE    53D3H     0055H     UNIT         ?PR?_CONV_ANGLE_TICKS?FONCTIONS_COTE_SERIALIZER
            CODE    5428H     0024H     UNIT         ?PR?_CONVERSIONCOORD?MAIN
            CODE    544CH     0024H     UNIT         ?PR?CONFIG_TIMER2?TIMERS
            CODE    5470H     0024H     UNIT         ?PR?CONFIG_TIMER3?TIMERS
            CODE    5494H     0023H     UNIT         ?PR?_CONV_DISTANCE_TICKS?FONCTIONS_COTE_SERIALIZER
            CODE    54B7H     0022H     UNIT         ?CO?DETECT_OBST
            CODE    54D9H     001AH     UNIT         ?PR?OSCILLATOR_INIT?CONFIG_GLOBALE
            CODE    54F3H     0019H     UNIT         ?PR?GPIO_CONFIG?CONFIG_GLOBALE
            CODE    550CH     0015H     UNIT         ?PR?CONFIG_SPI_MASTER?CONFIG_SPI
            CODE    5521H     0015H     UNIT         ?PR?_STRLEN?STRLEN
            CODE    5536H     0013H     UNIT         ?PR?CFG_ADC0?CONFIG_ADC
            CODE    5549H     0013H     UNIT         ?PR?CFG_CLOCK_UART?UART0_RINGBUFFER_LIB
            CODE    555CH     0012H     UNIT         ?PR?TRAITEMENT_E?MAIN
            CODE    556EH     0012H     UNIT         ?PR?_TRAITEMENT_I?MAIN
            CODE    5580H     0012H     UNIT         ?PR?_TRAITEMENT_P?MAIN
            CODE    5592H     0012H     UNIT         ?PR?CFG_UART0_MODE1?UART0_RINGBUFFER_LIB
            CODE    55A4H     0010H     UNIT         ?PR?_DEBUT_TRAME?TRANSMISSION_SPI
            CODE    55B4H     0010H     UNIT         ?PR?CFG_UART1?UART1
            CODE    55C4H     000DH     UNIT         ?PR?TRAITEMENT_Q?MAIN
            CODE    55D1H     000DH     UNIT         ?PR?TRAME_RECUE?TRANSMISSION_SPI
            CODE    55DEH     000CH     UNIT         ?PR?INIT_DEVICE?CONFIG_GLOBALE
            CODE    55EAH     000BH     UNIT         ?PR?CONFIG_TIMER0?TIMERS
            CODE    55F5H     000AH     UNIT         ?PR?ACQ_ADC?CONFIG_ADC
            CODE    55FFH     000AH     UNIT         ?PR?INITIALISATION_TIMER0?TIMERS
            CODE    5609H     000AH     UNIT         ?PR?FIN_TRAME?TRANSMISSION_SPI
            CODE    5613H     0007H     UNIT         ?PR?DISABLE_WDT?CONFIG_GLOBALE
            CODE    561AH     0007H     UNIT         ?PR?_ECHANGE_OCTET?TRANSMISSION_SPI
            CODE    5621H     0004H     UNIT         ?PR?RESET_SRC?CONFIG_GLOBALE
            CODE    5625H     0004H     UNIT         ?CO?GENERATION_SON



OVERLAY MAP OF MODULE:   Master (?C_STARTUP)


SEGMENT                                             BIT_GROUP          DATA_GROUP          XDATA_GROUP
  +--> CALLED SEGMENT                            START    LENGTH     START    LENGTH     START    LENGTH
--------------------------------------------------------------------------------------------------------
?C_C51STARTUP                                    -----    -----      -----    -----      -----    -----
  +--> ?PR?MAIN?MAIN
  +--> ?C_INITSEG

?PR?MAIN?MAIN                                    -----    -----      -----    -----      0000H    009BH
  +--> ?CO?MAIN
  +--> ?PR?INIT_DEVICE?CONFIG_GLOBALE
  +--> ?PR?CONFIG_TIMER2?TIMERS
  +--> ?PR?CONFIG_TIMER0?TIMERS
  +--> ?PR?CONFIG_TIMER3?TIMERS
  +--> ?PR?CONFIG_SPI_MASTER?CONFIG_SPI
  +--> ?PR?CFG_VREF?CONFIG_ADC
  +--> ?PR?CFG_ADC0?CONFIG_ADC
  +--> ?PR?CFG_CLOCK_UART?UART0_RINGBUFFER_LIB
  +--> ?PR?CFG_UART0_MODE1?UART0_RINGBUFFER_LIB
  +--> ?PR?INIT_SERIAL_BUFFER?UART0_RINGBUFF...
  +--> ?PR?INIT_SERIAL_BUFFER1?UART1
  +--> ?PR?CFG_UART1?UART1
BL51 BANKED LINKER/LOCATER V6.22                                                      05/18/2018  15:52:40  PAGE 5


  +--> ?PR?_SEROUTSTRING?UART0_RINGBUFFER_LIB
  +--> ?PR?_STRLEN?STRLEN
  +--> ?PR?_MESSAGE?MAIN
  +--> ?PR?FONCTIONROUTAGE?LIEN_STRUCTURE_CO...

?PR?INIT_DEVICE?CONFIG_GLOBALE                   -----    -----      -----    -----      -----    -----
  +--> ?PR?RESET_SRC?CONFIG_GLOBALE
  +--> ?PR?DISABLE_WDT?CONFIG_GLOBALE
  +--> ?PR?OSCILLATOR_INIT?CONFIG_GLOBALE
  +--> ?PR?GPIO_CONFIG?CONFIG_GLOBALE

?PR?CONFIG_TIMER3?TIMERS                         -----    -----      -----    -----      -----    -----
  +--> ?PR?_CEIL?CEIL

?PR?_CEIL?CEIL                                   -----    -----      -----    -----      0537H    0008H

?PR?_SEROUTSTRING?UART0_RINGBUFFER_LIB           -----    -----      -----    -----      02BAH    0005H
  +--> ?PR?_STRLEN?STRLEN
  +--> ?PR?_SEROUTCHAR?UART0_RINGBUFFER_LIB

?PR?_MESSAGE?MAIN                                -----    -----      -----    -----      009BH    0028H
  +--> ?PR?_TRAITEMENT_A?MAIN
  +--> ?PR?_TRAITEMENT_T?MAIN
  +--> ?PR?_TRAITEMENT_D?MAIN
  +--> ?PR?TRAITEMENT_E?MAIN
  +--> ?PR?TRAITEMENT_Q?MAIN
  +--> ?PR?_TRAITEMENT_M?MAIN
  +--> ?PR?_TRAITEMENT_I?MAIN
  +--> ?PR?_TRAITEMENT_P?MAIN
  +--> ?PR?_TRAITEMENT_B?MAIN
  +--> ?PR?_TRAITEMENT_S?MAIN
  +--> ?PR?_TRAITEMENT_G?MAIN
  +--> ?PR?_TRAITEMENT_R?MAIN
  +--> ?PR?_TRAITEMENT_C?MAIN

?PR?_TRAITEMENT_A?MAIN                           -----    -----      -----    -----      00C3H    002DH
  +--> ?PR?_CONVERSIONANGLE_POSITIF?MAIN
  +--> ?CO?MAIN

?PR?_CONVERSIONANGLE_POSITIF?MAIN                -----    -----      -----    -----      00F2H    0008H

?PR?_TRAITEMENT_T?MAIN                           -----    -----      -----    -----      00C3H    002BH
  +--> ?PR?_CONVERSIONANGLE_POSITIF?MAIN
  +--> ?CO?MAIN

?PR?_TRAITEMENT_D?MAIN                           -----    -----      -----    -----      00C3H    0028H
  +--> ?CO?MAIN

?PR?TRAITEMENT_E?MAIN                            -----    -----      -----    -----      00C3H    0025H

?PR?TRAITEMENT_Q?MAIN                            -----    -----      -----    -----      00C3H    0025H

?PR?_TRAITEMENT_M?MAIN                           -----    -----      -----    -----      00C3H    002DH
  +--> ?PR?_CONVERSIONCOORD?MAIN

?PR?_TRAITEMENT_I?MAIN                           -----    -----      -----    -----      00C3H    0028H

BL51 BANKED LINKER/LOCATER V6.22                                                      05/18/2018  15:52:40  PAGE 6


?PR?_TRAITEMENT_P?MAIN                           -----    -----      -----    -----      00C3H    0028H

?PR?_TRAITEMENT_B?MAIN                           -----    -----      -----    -----      00C3H    002BH
  +--> ?PR?_CONVERSIONANGLE_POSITIF?MAIN

?PR?_TRAITEMENT_S?MAIN                           -----    -----      -----    -----      00C3H    0030H
  +--> ?PR?_CONVERSIONCOORD?MAIN

?PR?_TRAITEMENT_G?MAIN                           -----    -----      -----    -----      00C3H    0034H
  +--> ?PR?_STRLEN?STRLEN
  +--> ?PR?_CONV?MAIN

?PR?_CONV?MAIN                                   -----    -----      -----    -----      00F7H    000FH
  +--> ?PR?_POW?POW
  +--> ?PR?_CEIL?CEIL

?PR?_POW?POW                                     -----    -----      -----    -----      02BAH    000AH
  +--> ?PR?LOG?LOG
  +--> ?PR?EXP?EXP

?PR?LOG?LOG                                      0020H.0  0000H.1    -----    -----      02C4H    0004H

?PR?_TRAITEMENT_R?MAIN                           -----    -----      -----    -----      00C3H    002FH
  +--> ?PR?_CONVERSIONANGLE_POSITIF?MAIN

?PR?_TRAITEMENT_C?MAIN                           -----    -----      -----    -----      00C3H    002FH
  +--> ?PR?_CONVERSIONANGLE_POSITIF?MAIN

?PR?FONCTIONROUTAGE?LIEN_STRUCTURE_CO...         -----    -----      -----    -----      009BH    021FH
  +--> ?CO?LIEN_STRUCTURE_COMMANDE
  +--> ?PR?ROUTAGE?LIEN_STRUCTURE_COMMANDE
  +--> ?PR?_CDE_SERVO_H?SERVOMOTEUR_HORIZONTAL
  +--> ?PR?_SEROUTSTRING?UART0_RINGBUFFER_LIB
  +--> ?PR?_STRLEN?STRLEN
  +--> ?PR?_STRCAT?STRCAT
  +--> ?PR?_ECHANGE_TRAME?TRANSMISSION_SPI
  +--> ?PR?TEMPO_EMISS?LIEN_STRUCTURE_COMMANDE
  +--> ?PR?TRAME_RECUE?TRANSMISSION_SPI
  +--> ?PR?PRINTF?PRINTF
  +--> ?PR?ATAN?ATAN
  +--> ?PR?_POW?POW
  +--> ?PR?_CEIL?CEIL
  +--> ?PR?TRANSCODE_COMMANDE_TO_SERIALIZER?...
  +--> ?PR?FORMATE_SERIALIZER?FONCTIONS_COTE...
  +--> ?PR?_SEROUTSTRING1?UART1
  +--> ?PR?SERINCHAR1?UART1
  +--> ?PR?DETECT_OBST?DETECT_OBST
  +--> ?PR?COURANT_ADC?MESURE_COURANT
  +--> ?PR?SON_SONORE?GENERATION_SON

?PR?ROUTAGE?LIEN_STRUCTURE_COMMANDE              -----    -----      -----    -----      02BAH    0028H

?PR?_CDE_SERVO_H?SERVOMOTEUR_HORIZONTAL          -----    -----      -----    -----      052FH    0008H
  +--> ?PR?_CEIL?CEIL

?PR?_STRCAT?STRCAT                               -----    -----      -----    -----      0554H    0009H

BL51 BANKED LINKER/LOCATER V6.22                                                      05/18/2018  15:52:40  PAGE 7


?PR?_ECHANGE_TRAME?TRANSMISSION_SPI              -----    -----      -----    -----      02E5H    000BH
  +--> ?PR?_DEBUT_TRAME?TRANSMISSION_SPI
  +--> ?PR?_ECHANGE_OCTET?TRANSMISSION_SPI
  +--> ?PR?FIN_TRAME?TRANSMISSION_SPI

?PR?_DEBUT_TRAME?TRANSMISSION_SPI                -----    -----      -----    -----      02F0H    0001H
  +--> ?PR?_TRAME_EMISE?TRANSMISSION_SPI

?PR?_TRAME_EMISE?TRANSMISSION_SPI                -----    -----      -----    -----      02F1H    0003H

?PR?_ECHANGE_OCTET?TRANSMISSION_SPI              -----    -----      -----    -----      -----    -----
  +--> ?PR?_TRAME_EMISE?TRANSMISSION_SPI
  +--> ?PR?TRAME_RECUE?TRANSMISSION_SPI

?PR?TRAME_RECUE?TRANSMISSION_SPI                 -----    -----      -----    -----      02F0H    0001H
  +--> ?PR?_TRAME_EMISE?TRANSMISSION_SPI

?PR?FIN_TRAME?TRANSMISSION_SPI                   -----    -----      -----    -----      -----    -----
  +--> ?PR?_TRAME_EMISE?TRANSMISSION_SPI

?PR?TEMPO_EMISS?LIEN_STRUCTURE_COMMANDE          -----    -----      -----    -----      02E5H    0002H

?PR?PRINTF?PRINTF                                0020H.0  0001H.1    0008H    0005H      0554H    0030H
  +--> ?PR?PUTCHAR?PUTCHAR

?PR?ATAN?ATAN                                    0020H.0  0000H.2    -----    -----      02BAH    0004H

?PR?TRANSCODE_COMMANDE_TO_SERIALIZER?...         -----    -----      -----    -----      02BAH    0035H
  +--> ?PR?_CONV_ANGLE_TICKS?FONCTIONS_COTE_...
  +--> ?PR?_CONV_DISTANCE_TICKS?FONCTIONS_CO...

?PR?_CONV_ANGLE_TICKS?FONCTIONS_COTE_...         -----    -----      -----    -----      02EFH    0004H
  +--> ?PR?_CEIL?CEIL

?PR?_CONV_DISTANCE_TICKS?FONCTIONS_CO...         -----    -----      -----    -----      -----    -----
  +--> ?PR?_CEIL?CEIL

?PR?FORMATE_SERIALIZER?FONCTIONS_COTE...         -----    -----      -----    -----      02BAH    001BH
  +--> ?CO?FONCTIONS_COTE_SERIALIZER
  +--> ?PR?_TRUE_VIT?FONCTIONS_COTE_SERIALIZER
  +--> ?PR?PRINTF?PRINTF
  +--> ?PR?_STRCAT?STRCAT
  +--> ?PR?_TRUE_TICKS?FONCTIONS_COTE_SERIAL...

?PR?_TRUE_TICKS?FONCTIONS_COTE_SERIAL...         -----    -----      -----    -----      02D5H    000BH
  +--> ?CO?FONCTIONS_COTE_SERIALIZER
  +--> ?PR?PRINTF?PRINTF
  +--> ?PR?_STRCAT?STRCAT
  +--> ?PR?_STRLEN?STRLEN

?PR?_SEROUTSTRING1?UART1                         -----    -----      -----    -----      02BAH    0005H
  +--> ?PR?_STRLEN?STRLEN
  +--> ?PR?_SEROUTCHAR1?UART1

?PR?DETECT_OBST?DETECT_OBST                      -----    -----      -----    -----      02BAH    0275H
  +--> ?PR?DETECTION_AV?DETECT_OBST
  +--> ?PR?DETECTION_AV_AR?DETECT_OBST
BL51 BANKED LINKER/LOCATER V6.22                                                      05/18/2018  15:52:40  PAGE 8


  +--> ?PR?_CDE_SERVO_H?SERVOMOTEUR_HORIZONTAL
  +--> ?CO?DETECT_OBST
  +--> ?PR?PRINTF?PRINTF
  +--> ?PR?_STRCAT?STRCAT

?PR?DETECTION_AV?DETECT_OBST                     -----    -----      -----    -----      052FH    0025H
  +--> ?PR?MES_DIST_AV?ULTRASON
  +--> ?CO?DETECT_OBST
  +--> ?PR?PRINTF?PRINTF
  +--> ?PR?_STRCAT?STRCAT

?PR?MES_DIST_AV?ULTRASON                         -----    -----      -----    -----      0554H    0012H
  +--> ?PR?INITIALISATION_TIMER0?TIMERS

?PR?DETECTION_AV_AR?DETECT_OBST                  -----    -----      -----    -----      052FH    0025H
  +--> ?PR?MES_DIST_AV?ULTRASON
  +--> ?PR?MES_DIST_AR?ULTRASON
  +--> ?CO?DETECT_OBST
  +--> ?PR?PRINTF?PRINTF
  +--> ?PR?_STRCAT?STRCAT

?PR?MES_DIST_AR?ULTRASON                         -----    -----      -----    -----      0554H    0012H
  +--> ?PR?INITIALISATION_TIMER0?TIMERS

?PR?COURANT_ADC?MESURE_COURANT                   -----    -----      -----    -----      0584H    000AH
  +--> ?PR?ACQ_ADC?CONFIG_ADC

?PR?SON_SONORE?GENERATION_SON                    -----    -----      -----    -----      02BAH    002BH
  +--> ?CO?GENERATION_SON
  +--> ?PR?_ECHANGE_OCTET?TRANSMISSION_SPI
  +--> ?PR?_ECHANGE_TRAME?TRANSMISSION_SPI
  +--> ?PR?TEMPO_EMISS?LIEN_STRUCTURE_COMMANDE

*** NEW ROOT ***************************************************

?PR?ISR_TIMER3?MAIN                              -----    -----      -----    -----      -----    -----
  +--> ?PR?COURANT_ADC?MESURE_COURANT



SYMBOL TABLE OF MODULE:  Master (?C_STARTUP)

  VALUE           TYPE          NAME
  ----------------------------------

  -------         MODULE        ?C_STARTUP
  C:4B4BH         SEGMENT       ?C_C51STARTUP
  I:0022H         SEGMENT       ?STACK
  C:0000H         PUBLIC        ?C_STARTUP
  D:00E0H         SYMBOL        ACC
  D:00F0H         SYMBOL        B
  D:0083H         SYMBOL        DPH
  D:0082H         SYMBOL        DPL
  N:0000H         SYMBOL        IBPSTACK
  N:0100H         SYMBOL        IBPSTACKTOP
  N:0080H         SYMBOL        IDATALEN
  C:4B4EH         SYMBOL        IDATALOOP
BL51 BANKED LINKER/LOCATER V6.22                                                      05/18/2018  15:52:40  PAGE 9


  N:0000H         SYMBOL        PBPSTACK
  N:0100H         SYMBOL        PBPSTACKTOP
  N:0000H         SYMBOL        PDATALEN
  N:0000H         SYMBOL        PDATASTART
  N:0000H         SYMBOL        PPAGE
  N:0000H         SYMBOL        PPAGEENABLE
  D:00A0H         SYMBOL        PPAGE_SFR
  D:0081H         SYMBOL        SP
  C:4B4BH         SYMBOL        STARTUP1
  N:0000H         SYMBOL        XBPSTACK
  N:0000H         SYMBOL        XBPSTACKTOP
  N:0000H         SYMBOL        XDATALEN
  N:0000H         SYMBOL        XDATASTART
  C:0000H         LINE#         126
  C:4B4BH         LINE#         133
  C:4B4DH         LINE#         134
  C:4B4EH         LINE#         135
  C:4B4FH         LINE#         136
  C:4B51H         LINE#         185
  C:4B54H         LINE#         196
  -------         ENDMOD        ?C_STARTUP

  -------         MODULE        CONFIG_ADC
  C:0000H         SYMBOL        _ICE_DUMMY_
  C:55F5H         PUBLIC        ACQ_ADC
  D:00BCH         PUBLIC        ADC0CF
  D:00E8H         PUBLIC        ADC0CN
  D:00A8H         PUBLIC        IE
  D:00D8H         PUBLIC        PCA0CN
  D:00B8H         PUBLIC        IP
  D:00D1H         PUBLIC        REF0CN
  D:00BAH         PUBLIC        AMX0CF
  B:00E8H.5       PUBLIC        AD0INT
  D:00C0H         PUBLIC        SMB0CN
  C:5536H         PUBLIC        CFG_ADC0
  D:00F8H         PUBLIC        SPI0CN
  D:0088H         PUBLIC        TCON
  D:00BBH         PUBLIC        AMX0SL
  D:00BFH         PUBLIC        ADC0H
  B:00E8H.7       PUBLIC        AD0EN
  D:0098H         PUBLIC        SCON0
  C:009DH         PUBLIC        CFG_VREF
  D:00C8H         PUBLIC        T2CON
  B:00E8H.0       PUBLIC        AD0LJST
  B:00E8H.2       PUBLIC        AD0CM0
  B:00E8H.3       PUBLIC        AD0CM1
  B:00E8H.4       PUBLIC        AD0BUSY
  D:00D0H         PUBLIC        PSW
  -------         PROC          CFG_VREF
  C:009DH         LINE#         9
  C:009DH         LINE#         10
  C:00A0H         LINE#         11
  -------         ENDPROC       CFG_VREF
  -------         PROC          CFG_ADC0
  C:5536H         LINE#         13
  C:5536H         LINE#         15
  C:5538H         LINE#         17
BL51 BANKED LINKER/LOCATER V6.22                                                      05/18/2018  15:52:40  PAGE 10


  C:553BH         LINE#         18
  C:553BH         LINE#         19
  C:553EH         LINE#         20
  C:553EH         LINE#         22
  C:5540H         LINE#         25
  C:5542H         LINE#         26
  C:5544H         LINE#         28
  C:5546H         LINE#         30
  C:5548H         LINE#         31
  -------         ENDPROC       CFG_ADC0
  -------         PROC          ACQ_ADC
  C:55F5H         LINE#         34
  C:55F5H         LINE#         35
  C:55F7H         LINE#         36
  C:55F9H         LINE#         37
  C:55FCH         LINE#         38
  C:55FEH         LINE#         39
  -------         ENDPROC       ACQ_ADC
  -------         ENDMOD        CONFIG_ADC

  -------         MODULE        CONFIG_GLOBALE
  C:0000H         SYMBOL        _ICE_DUMMY_
  D:0080H         PUBLIC        P0
  D:00FFH         PUBLIC        WDTCN
  D:00A0H         PUBLIC        P2
  C:5613H         PUBLIC        Disable_WDT
  D:00E8H         PUBLIC        ADC0CN
  D:00A4H         PUBLIC        P0MDOUT
  D:00A8H         PUBLIC        IE
  D:00A6H         PUBLIC        P2MDOUT
  D:00D8H         PUBLIC        PCA0CN
  D:00B8H         PUBLIC        IP
  C:54D9H         PUBLIC        Oscillator_Init
  D:00E1H         PUBLIC        XBR0
  D:00E3H         PUBLIC        XBR2
  D:00C0H         PUBLIC        SMB0CN
  D:00F8H         PUBLIC        SPI0CN
  C:5621H         PUBLIC        Reset_src
  D:0088H         PUBLIC        TCON
  D:00B2H         PUBLIC        OSCICN
  C:55DEH         PUBLIC        Init_Device
  D:00B1H         PUBLIC        OSCXCN
  D:00EFH         PUBLIC        RSTSRC
  D:0098H         PUBLIC        SCON0
  D:00C8H         PUBLIC        T2CON
  C:54F3H         PUBLIC        GPIO_Config
  D:00D0H         PUBLIC        PSW
  -------         PROC          INIT_DEVICE
  C:55DEH         LINE#         7
  C:55DEH         LINE#         8
  C:55E1H         LINE#         9
  C:55E4H         LINE#         10
  C:55E7H         LINE#         11
  -------         ENDPROC       INIT_DEVICE
  -------         PROC          OSCILLATOR_INIT
  -------         DO            
  D:0006H         SYMBOL        i
BL51 BANKED LINKER/LOCATER V6.22                                                      05/18/2018  15:52:40  PAGE 11


  -------         ENDDO         
  C:54D9H         LINE#         14
  C:54D9H         LINE#         18
  C:54DCH         LINE#         19
  C:54EAH         LINE#         20
  C:54EFH         LINE#         21
  C:54F2H         LINE#         22
  -------         ENDPROC       OSCILLATOR_INIT
  -------         PROC          RESET_SRC
  C:5621H         LINE#         24
  C:5621H         LINE#         26
  C:5624H         LINE#         27
  -------         ENDPROC       RESET_SRC
  -------         PROC          DISABLE_WDT
  C:5613H         LINE#         29
  C:5613H         LINE#         31
  C:5616H         LINE#         32
  C:5619H         LINE#         33
  -------         ENDPROC       DISABLE_WDT
  -------         PROC          GPIO_CONFIG
  C:54F3H         LINE#         36
  C:54F3H         LINE#         39
  C:54F6H         LINE#         40
  C:54F9H         LINE#         43
  C:54FCH         LINE#         44
  C:54FFH         LINE#         51
  C:5502H         LINE#         52
  C:5505H         LINE#         54
  C:5508H         LINE#         55
  C:550BH         LINE#         59
  -------         ENDPROC       GPIO_CONFIG
  -------         ENDMOD        CONFIG_GLOBALE

  -------         MODULE        CONFIG_SPI
  C:0000H         SYMBOL        _ICE_DUMMY_
  D:009DH         PUBLIC        SPI0CKR
  D:0080H         PUBLIC        P0
  B:00F8H.0       PUBLIC        SPIEN
  D:0090H         PUBLIC        P1
  D:00A0H         PUBLIC        P2
  D:00B0H         PUBLIC        P3
  B:00F8H.1       PUBLIC        MSTEN
  D:00E8H         PUBLIC        ADC0CN
  D:00A8H         PUBLIC        IE
  D:00D8H         PUBLIC        PCA0CN
  D:00B8H         PUBLIC        IP
  D:00C0H         PUBLIC        SMB0CN
  B:00F8H.5       PUBLIC        MODF
  D:00F8H         PUBLIC        SPI0CN
  B:00F8H.7       PUBLIC        SPIF
  D:0088H         PUBLIC        TCON
  B:00F8H.6       PUBLIC        WCOL
  C:550CH         PUBLIC        Config_SPI_MASTER
  D:0098H         PUBLIC        SCON0
  D:00C8H         PUBLIC        T2CON
  D:009AH         PUBLIC        SPI0CFG
  B:00F8H.4       PUBLIC        RXOVRN
BL51 BANKED LINKER/LOCATER V6.22                                                      05/18/2018  15:52:40  PAGE 12


  D:00D0H         PUBLIC        PSW
  -------         PROC          CONFIG_SPI_MASTER
  C:550CH         LINE#         10
  C:550CH         LINE#         12
  C:550EH         LINE#         13
  C:5510H         LINE#         14
  C:5512H         LINE#         15
  C:5514H         LINE#         16
  C:5516H         LINE#         17
  C:5518H         LINE#         20
  C:551BH         LINE#         22
  C:551EH         LINE#         24
  C:5520H         LINE#         25
  -------         ENDPROC       CONFIG_SPI_MASTER
  -------         ENDMOD        CONFIG_SPI

  -------         MODULE        DETECT_OBST
  C:0000H         SYMBOL        _ICE_DUMMY_
  D:00E8H         PUBLIC        ADC0CN
  D:00A8H         PUBLIC        IE
  X:058EH         PUBLIC        affichage
  X:068EH         PUBLIC        detection_arriere
  D:00D8H         PUBLIC        PCA0CN
  D:00B8H         PUBLIC        IP
  X:0692H         PUBLIC        obstacle_arriere
  D:00C0H         PUBLIC        SMB0CN
  X:0697H         PUBLIC        information
  D:00F8H         PUBLIC        SPI0CN
  C:358CH         PUBLIC        detection_AV_AR
  D:0088H         PUBLIC        TCON
  C:471AH         PUBLIC        detection_AV
  X:06B1H         PUBLIC        detection_avant
  X:06B5H         PUBLIC        obstacle_avant
  C:116CH         PUBLIC        Detect_Obst
  D:0098H         PUBLIC        SCON0
  D:00C8H         PUBLIC        T2CON
  D:00D0H         PUBLIC        PSW
  X:06BAH         PUBLIC        Angle_servo
  C:4709H         SYMBOL        L?0069
  -------         PROC          L?0068
  -------         ENDPROC       L?0068
  C:4709H         SYMBOL        L?0069
  -------         PROC          DETECTION_AV
  X:052FH         SYMBOL        com
  C:471AH         LINE#         21
  C:471AH         LINE#         24
  C:4723H         LINE#         25
  C:473BH         LINE#         26
  C:4741H         LINE#         27
  C:4741H         LINE#         28
  C:474CH         LINE#         30
  C:4777H         LINE#         31
  C:479DH         LINE#         33
  C:47B4H         LINE#         34
  C:47CBH         LINE#         35
  C:47E2H         LINE#         36
  C:47E2H         LINE#         38
BL51 BANKED LINKER/LOCATER V6.22                                                      05/18/2018  15:52:40  PAGE 13


  C:47F3H         LINE#         39
  -------         ENDPROC       DETECTION_AV
  C:3579H         SYMBOL        L?0067
  -------         PROC          L?0066
  -------         ENDPROC       L?0066
  C:3579H         SYMBOL        L?0067
  -------         PROC          DETECTION_AV_AR
  X:052FH         SYMBOL        com
  C:358CH         LINE#         42
  C:358CH         LINE#         43
  C:3595H         LINE#         44
  C:359EH         LINE#         45
  C:35B6H         LINE#         46
  C:35BCH         LINE#         47
  C:35BCH         LINE#         48
  C:35D4H         LINE#         49
  C:35DAH         LINE#         50
  C:35DAH         LINE#         51
  C:35E5H         LINE#         54
  C:3610H         LINE#         55
  C:363BH         LINE#         56
  C:3661H         LINE#         58
  C:3678H         LINE#         59
  C:368FH         LINE#         60
  C:36A6H         LINE#         61
  C:36BDH         LINE#         62
  C:36D4H         LINE#         63
  C:36D4H         LINE#         65
  C:36E5H         LINE#         66
  -------         ENDPROC       DETECTION_AV_AR
  -------         PROC          DETECT_OBST
  X:02BAH         SYMBOL        com
  -------         DO            
  X:02DFH         SYMBOL        i
  X:02E1H         SYMBOL        j
  X:02E3H         SYMBOL        k
  X:02E5H         SYMBOL        tab_dist_AV
  X:03ADH         SYMBOL        tab_dist_AR
  X:0475H         SYMBOL        tab_angles
  X:04D9H         SYMBOL        dist_min_AV
  X:04EDH         SYMBOL        dist_min_AR
  X:0501H         SYMBOL        dist_min
  X:0515H         SYMBOL        dist_min_ascii
  X:051AH         SYMBOL        angle
  X:0524H         SYMBOL        angle_ascii
  X:0529H         SYMBOL        min
  X:052BH         SYMBOL        min_AV
  X:052DH         SYMBOL        min_AR
  -------         ENDDO         
  C:116CH         LINE#         69
  C:116CH         LINE#         72
  C:1173H         LINE#         83
  C:1179H         LINE#         84
  C:117DH         LINE#         85
  C:1181H         LINE#         87
  C:1196H         LINE#         88
  C:1196H         LINE#         89
BL51 BANKED LINKER/LOCATER V6.22                                                      05/18/2018  15:52:40  PAGE 14


  C:119CH         LINE#         90
  C:11A0H         LINE#         91
  C:11A3H         LINE#         92
  C:11A3H         LINE#         93
  C:11A6H         LINE#         94
  C:11A6H         LINE#         95
  C:11A9H         LINE#         97
  C:11A9H         LINE#         98
  C:11B1H         LINE#         99
  C:11D0H         LINE#         100
  C:11D3H         LINE#         101
  C:11D6H         LINE#         102
  C:11EAH         LINE#         103
  C:11EAH         LINE#         104
  C:11EAH         LINE#         105
  C:1209H         LINE#         106
  C:120CH         LINE#         107
  C:120FH         LINE#         108
  C:1223H         LINE#         109
  C:1223H         LINE#         110
  C:1223H         LINE#         114
  C:1223H         LINE#         115
  C:122EH         LINE#         116
  C:124AH         LINE#         117
  C:126DH         LINE#         118
  C:12A2H         LINE#         119
  C:12B0H         LINE#         120
  C:12C5H         LINE#         121
  C:12ECH         LINE#         122
  C:1349H         LINE#         123
  C:1358H         LINE#         124
  C:1358H         LINE#         125
  C:1369H         LINE#         126
  C:1396H         LINE#         127
  C:13B3H         LINE#         130
  C:13DEH         LINE#         131
  C:1404H         LINE#         133
  C:141BH         LINE#         134
  C:1428H         LINE#         135
  C:1428H         LINE#         136
  C:142BH         LINE#         137
  C:142BH         LINE#         138
  C:1447H         LINE#         139
  C:146AH         LINE#         140
  C:149FH         LINE#         141
  C:14ADH         LINE#         142
  C:14C2H         LINE#         143
  C:14E9H         LINE#         144
  C:1546H         LINE#         145
  C:1555H         LINE#         146
  C:1555H         LINE#         147
  C:1566H         LINE#         148
  C:1590H         LINE#         149
  C:15B7H         LINE#         150
  C:1614H         LINE#         151
  C:1623H         LINE#         152
  C:1623H         LINE#         153
BL51 BANKED LINKER/LOCATER V6.22                                                      05/18/2018  15:52:40  PAGE 15


  C:1634H         LINE#         154
  C:165EH         LINE#         155
  C:166CH         LINE#         156
  C:1685H         LINE#         157
  C:1685H         LINE#         158
  C:1687H         LINE#         159
  C:1687H         LINE#         160
  C:16B4H         LINE#         161
  C:16D1H         LINE#         162
  C:16D1H         LINE#         165
  C:16FCH         LINE#         166
  C:1722H         LINE#         168
  C:1739H         LINE#         169
  C:1750H         LINE#         170
  C:1767H         LINE#         171
  C:1767H         LINE#         172
  C:1767H         LINE#         173
  C:1767H         LINE#         175
  C:176DH         LINE#         176
  -------         ENDPROC       DETECT_OBST
  -------         ENDMOD        DETECT_OBST

  -------         MODULE        FONCTIONS_COTE_SERIALIZER
  C:0000H         SYMBOL        _ICE_DUMMY_
  D:00E8H         PUBLIC        ADC0CN
  D:00A8H         PUBLIC        IE
  C:176EH         PUBLIC        formate_serializer
  D:00D8H         PUBLIC        PCA0CN
  D:00B8H         PUBLIC        IP
  C:53F0H         PUBLIC        _conv_angle_ticks
  D:00C0H         PUBLIC        SMB0CN
  D:00F8H         PUBLIC        SPI0CN
  D:0088H         PUBLIC        TCON
  C:3E90H         PUBLIC        _itos
  C:53CFH         SYMBOL        _?ix1000
  C:3FDDH         PUBLIC        _true_ticks
  C:28EDH         PUBLIC        transcode_commande_to_serializer
  D:0098H         PUBLIC        SCON0
  D:00C8H         PUBLIC        T2CON
  C:549DH         PUBLIC        _conv_distance_ticks
  C:0003H         PUBLIC        _true_vit
  D:00D0H         PUBLIC        PSW
  -------         PROC          L?0091
  -------         ENDPROC       L?0091
  -------         PROC          _CONV_DISTANCE_TICKS
  D:0006H         SYMBOL        d
  -------         DO            
  D:0006H         SYMBOL        ret
  -------         ENDDO         
  C:549DH         LINE#         40
  C:549DH         LINE#         41
  C:54B6H         LINE#         42
  C:54B6H         LINE#         43
  -------         ENDPROC       _CONV_DISTANCE_TICKS
  -------         PROC          L?0090
  -------         ENDPROC       L?0090
  -------         PROC          _CONV_ANGLE_TICKS
BL51 BANKED LINKER/LOCATER V6.22                                                      05/18/2018  15:52:40  PAGE 16


  D:0006H         SYMBOL        angle
  -------         DO            
  D:0006H         SYMBOL        ret
  X:02EFH         SYMBOL        a
  -------         ENDDO         
  C:53F0H         LINE#         45
  C:53F0H         LINE#         47
  C:5408H         LINE#         48
  C:5427H         LINE#         49
  C:5427H         LINE#         50
  -------         ENDPROC       _CONV_ANGLE_TICKS
  -------         PROC          _ITOS
  X:081CH         SYMBOL        i
  X:081EH         SYMBOL        ret
  -------         DO            
  X:0821H         SYMBOL        nbr3
  X:0824H         SYMBOL        nbr2
  X:0826H         SYMBOL        nbr1
  X:0827H         SYMBOL        c
  X:0829H         SYMBOL        d
  X:082BH         SYMBOL        u
  -------         ENDDO         
  C:3E90H         LINE#         52
  C:3EA1H         LINE#         56
  C:3EB8H         LINE#         57
  C:3EE5H         LINE#         58
  C:3F0CH         LINE#         60
  C:3F1DH         LINE#         61
  C:3F28H         LINE#         62
  C:3F33H         LINE#         63
  C:3F3EH         LINE#         64
  C:3F53H         LINE#         65
  C:3F55H         LINE#         66
  C:3F66H         LINE#         67
  C:3F71H         LINE#         68
  C:3F7CH         LINE#         69
  C:3F91H         LINE#         70
  C:3F93H         LINE#         71
  C:3F93H         LINE#         72
  C:3F9EH         LINE#         73
  C:3FB6H         LINE#         74
  C:3FB6H         LINE#         75
  -------         ENDPROC       _ITOS
  -------         PROC          _TRUE_VIT
  D:0007H         SYMBOL        vit
  -------         DO            
  D:0004H         SYMBOL        ret
  -------         ENDDO         
  C:0003H         LINE#         77
  C:0003H         LINE#         78
  C:0007H         LINE#         80
  C:000CH         LINE#         81
  C:001BH         LINE#         82
  C:001BH         LINE#         83
  C:001FH         LINE#         84
  -------         ENDPROC       _TRUE_VIT
  C:3FD2H         SYMBOL        L?0089
BL51 BANKED LINKER/LOCATER V6.22                                                      05/18/2018  15:52:40  PAGE 17


  -------         PROC          L?0088
  -------         ENDPROC       L?0088
  C:3FD2H         SYMBOL        L?0089
  -------         PROC          _TRUE_TICKS
  X:02D5H         SYMBOL        ticks
  X:02D7H         SYMBOL        ret
  -------         DO            
  X:02DAH         SYMBOL        str
  X:02DEH         SYMBOL        l
  -------         ENDDO         
  C:3FDDH         LINE#         86
  C:3FEEH         LINE#         87
  C:4001H         LINE#         88
  C:4008H         LINE#         90
  C:4018H         LINE#         91
  C:403AH         LINE#         92
  C:403AH         LINE#         93
  C:403AH         LINE#         94
  C:4051H         LINE#         95
  C:4067H         LINE#         96
  C:408DH         LINE#         97
  C:40A9H         LINE#         98
  C:40BFH         LINE#         99
  C:40D9H         LINE#         100
  C:40D9H         LINE#         101
  -------         ENDPROC       _TRUE_TICKS
  -------         PROC          FORMATE_SERIALIZER
  X:02BAH         SYMBOL        com
  X:02C9H         SYMBOL        ret
  -------         DO            
  X:02CCH         SYMBOL        nbr
  -------         ENDDO         
  C:176EH         LINE#         110
  C:176EH         LINE#         113
  C:17CBH         LINE#         114
  C:17CBH         LINE#         115
  C:17E0H         LINE#         116
  C:17E3H         LINE#         117
  C:17E3H         LINE#         118
  C:17E3H         LINE#         119
  C:17E3H         LINE#         120
  C:17E3H         LINE#         121
  C:17E3H         LINE#         122
  C:17E3H         LINE#         123
  C:17E3H         LINE#         124
  C:17E3H         LINE#         125
  C:17E3H         LINE#         126
  C:17E3H         LINE#         127
  C:17E3H         LINE#         128
  C:17E3H         LINE#         129
  C:17E3H         LINE#         130
  C:17E3H         LINE#         131
  C:17E3H         LINE#         132
  C:17E3H         LINE#         133
  C:17E3H         LINE#         134
  C:17E3H         LINE#         135
  C:17E3H         LINE#         136
BL51 BANKED LINKER/LOCATER V6.22                                                      05/18/2018  15:52:40  PAGE 18


  C:17E3H         LINE#         137
  C:17FBH         LINE#         138
  C:17FBH         LINE#         139
  C:17FBH         LINE#         140
  C:17FEH         LINE#         141
  C:17FEH         LINE#         142
  C:17FEH         LINE#         143
  C:1816H         LINE#         144
  C:1816H         LINE#         145
  C:1816H         LINE#         146
  C:1819H         LINE#         147
  C:1819H         LINE#         148
  C:1819H         LINE#         149
  C:1831H         LINE#         150
  C:1858H         LINE#         151
  C:1874H         LINE#         152
  C:1890H         LINE#         153
  C:1890H         LINE#         154
  C:1890H         LINE#         155
  C:1893H         LINE#         156
  C:1893H         LINE#         157
  C:1893H         LINE#         158
  C:18A8H         LINE#         159
  C:18A8H         LINE#         160
  C:18A8H         LINE#         161
  C:18A8H         LINE#         162
  C:18A8H         LINE#         163
  C:18A8H         LINE#         164
  C:18A8H         LINE#         165
  C:18A8H         LINE#         166
  C:18A8H         LINE#         167
  C:18A8H         LINE#         168
  C:18A8H         LINE#         169
  C:18A8H         LINE#         170
  C:18A8H         LINE#         171
  C:18ABH         LINE#         172
  C:18ABH         LINE#         173
  C:18ABH         LINE#         174
  C:18C0H         LINE#         175
  C:18C3H         LINE#         176
  C:18C3H         LINE#         177
  C:18C3H         LINE#         178
  C:18C3H         LINE#         179
  C:18C6H         LINE#         180
  C:18E2H         LINE#         181
  C:18FEH         LINE#         182
  C:1901H         LINE#         183
  C:1901H         LINE#         184
  C:1904H         LINE#         185
  C:1904H         LINE#         186
  C:1904H         LINE#         187
  C:191CH         LINE#         188
  C:1943H         LINE#         189
  C:195FH         LINE#         190
  C:197BH         LINE#         191
  C:1981H         LINE#         192
  C:1981H         LINE#         193
BL51 BANKED LINKER/LOCATER V6.22                                                      05/18/2018  15:52:40  PAGE 19


  C:1984H         LINE#         194
  C:1984H         LINE#         195
  C:1984H         LINE#         196
  C:1984H         LINE#         197
  C:1987H         LINE#         198
  C:19A3H         LINE#         199
  C:19BFH         LINE#         200
  C:19E6H         LINE#         201
  C:1A02H         LINE#         202
  C:1A1EH         LINE#         203
  C:1A24H         LINE#         204
  C:1A40H         LINE#         205
  C:1A5CH         LINE#         206
  C:1A83H         LINE#         207
  C:1A90H         LINE#         208
  C:1A93H         LINE#         209
  C:1A93H         LINE#         210
  C:1A93H         LINE#         211
  C:1AABH         LINE#         212
  C:1AD1H         LINE#         213
  C:1AEDH         LINE#         214
  C:1B09H         LINE#         215
  C:1B2FH         LINE#         216
  C:1B4BH         LINE#         217
  C:1B67H         LINE#         218
  C:1B8DH         LINE#         219
  C:1BA9H         LINE#         220
  C:1BC5H         LINE#         221
  C:1BEBH         LINE#         222
  C:1C07H         LINE#         223
  C:1C23H         LINE#         224
  C:1C25H         LINE#         225
  C:1C25H         LINE#         226
  C:1C25H         LINE#         227
  C:1C3AH         LINE#         228
  C:1C3CH         LINE#         229
  C:1C3CH         LINE#         230
  C:1C3CH         LINE#         231
  C:1C3CH         LINE#         232
  C:1C3CH         LINE#         233
  C:1C3CH         LINE#         234
  C:1C3CH         LINE#         235
  C:1C3CH         LINE#         236
  C:1C3CH         LINE#         237
  C:1C51H         LINE#         238
  C:1C53H         LINE#         239
  C:1C53H         LINE#         240
  C:1C53H         LINE#         241
  C:1C68H         LINE#         242
  C:1C6AH         LINE#         243
  C:1C6AH         LINE#         244
  C:1C6AH         LINE#         245
  C:1C82H         LINE#         246
  C:1C82H         LINE#         247
  C:1C82H         LINE#         248
  C:1C82H         LINE#         249
  C:1C82H         LINE#         250
BL51 BANKED LINKER/LOCATER V6.22                                                      05/18/2018  15:52:40  PAGE 20


  C:1C82H         LINE#         251
  -------         ENDPROC       FORMATE_SERIALIZER
  -------         PROC          TRANSCODE_COMMANDE_TO_SERIALIZER
  X:02BAH         SYMBOL        com
  -------         DO            
  X:02DFH         SYMBOL        ret
  X:02EEH         SYMBOL        v_angl
  D:0007H         SYMBOL        v_line
  -------         ENDDO         
  C:28EDH         LINE#         259
  C:28EDH         LINE#         261
  C:28F3H         LINE#         262
  C:28F5H         LINE#         264
  C:28FDH         LINE#         265
  C:28FDH         LINE#         266
  C:2903H         LINE#         267
  C:2903H         LINE#         268
  C:2903H         LINE#         269
  C:2903H         LINE#         270
  C:2903H         LINE#         271
  C:2903H         LINE#         273
  C:293CH         LINE#         275
  C:293CH         LINE#         276
  C:2942H         LINE#         277
  C:2949H         LINE#         278
  C:294BH         LINE#         279
  C:294BH         LINE#         280
  C:294FH         LINE#         281
  C:294FH         LINE#         282
  C:2951H         LINE#         283
  C:2951H         LINE#         285
  C:2951H         LINE#         286
  C:2957H         LINE#         287
  C:295EH         LINE#         288
  C:2960H         LINE#         289
  C:2960H         LINE#         290
  C:296AH         LINE#         291
  C:296EH         LINE#         292
  C:2971H         LINE#         293
  C:2971H         LINE#         295
  C:2971H         LINE#         296
  C:2977H         LINE#         297
  C:297AH         LINE#         298
  C:297AH         LINE#         300
  C:297AH         LINE#         301
  C:2981H         LINE#         302
  C:2989H         LINE#         303
  C:2989H         LINE#         304
  C:298FH         LINE#         305
  C:2997H         LINE#         306
  C:29ABH         LINE#         307
  C:29B3H         LINE#         308
  C:29B5H         LINE#         309
  C:29B7H         LINE#         310
  C:29B7H         LINE#         312
  C:29B7H         LINE#         313
  C:29BEH         LINE#         314
BL51 BANKED LINKER/LOCATER V6.22                                                      05/18/2018  15:52:40  PAGE 21


  C:29C6H         LINE#         315
  C:29C6H         LINE#         316
  C:29CCH         LINE#         317
  C:29D4H         LINE#         318
  C:29E3H         LINE#         319
  C:29EBH         LINE#         320
  C:29EDH         LINE#         321
  C:29EFH         LINE#         322
  C:29EFH         LINE#         324
  C:29EFH         LINE#         325
  C:29F6H         LINE#         326
  C:29FEH         LINE#         327
  C:29FEH         LINE#         328
  C:2A04H         LINE#         329
  C:2A0CH         LINE#         330
  C:2A20H         LINE#         331
  C:2A28H         LINE#         332
  C:2A2CH         LINE#         333
  C:2A2FH         LINE#         334
  C:2A2FH         LINE#         336
  C:2A2FH         LINE#         337
  C:2A36H         LINE#         338
  C:2A3EH         LINE#         339
  C:2A3EH         LINE#         340
  C:2A44H         LINE#         341
  C:2A4CH         LINE#         342
  C:2A5BH         LINE#         343
  C:2A63H         LINE#         344
  C:2A67H         LINE#         345
  C:2A6AH         LINE#         346
  C:2A6AH         LINE#         349
  C:2A6AH         LINE#         350
  C:2A71H         LINE#         351
  C:2A79H         LINE#         352
  C:2A79H         LINE#         353
  C:2A79H         LINE#         354
  C:2A79H         LINE#         355
  C:2A89H         LINE#         356
  C:2A91H         LINE#         357
  C:2AA3H         LINE#         358
  C:2AA6H         LINE#         359
  C:2AA6H         LINE#         361
  C:2AA6H         LINE#         362
  C:2AADH         LINE#         363
  C:2AB5H         LINE#         364
  C:2AB5H         LINE#         365
  C:2AB5H         LINE#         366
  C:2AB5H         LINE#         367
  C:2AC0H         LINE#         368
  C:2AC8H         LINE#         369
  C:2AE3H         LINE#         370
  C:2AE5H         LINE#         371
  C:2AE5H         LINE#         373
  C:2AE5H         LINE#         374
  C:2AECH         LINE#         375
  C:2AF4H         LINE#         376
  C:2AF4H         LINE#         377
BL51 BANKED LINKER/LOCATER V6.22                                                      05/18/2018  15:52:40  PAGE 22


  C:2AFAH         LINE#         378
  C:2B01H         LINE#         379
  C:2B0CH         LINE#         380
  C:2B13H         LINE#         381
  C:2B1EH         LINE#         383
  C:2B1EH         LINE#         384
  C:2B1EH         LINE#         385
  C:2B1EH         LINE#         386
  C:2B1EH         LINE#         387
  C:2B1EH         LINE#         389
  C:2B24H         LINE#         390
  -------         ENDPROC       TRANSCODE_COMMANDE_TO_SERIALIZER
  -------         ENDMOD        FONCTIONS_COTE_SERIALIZER

  -------         MODULE        GENERATION_SON
  C:0000H         SYMBOL        _ICE_DUMMY_
  D:00E8H         PUBLIC        ADC0CN
  D:00A8H         PUBLIC        IE
  D:00D8H         PUBLIC        PCA0CN
  D:00B8H         PUBLIC        IP
  D:00C0H         PUBLIC        SMB0CN
  D:00F8H         PUBLIC        SPI0CN
  D:0088H         PUBLIC        TCON
  C:5625H         SYMBOL        _?ix1000
  C:5066H         PUBLIC        son_sonore
  D:0098H         PUBLIC        SCON0
  D:00C8H         PUBLIC        T2CON
  D:00D0H         PUBLIC        PSW
  -------         PROC          SON_SONORE
  X:02BAH         SYMBOL        com
  -------         DO            
  X:02DFH         SYMBOL        rep
  X:02E3H         SYMBOL        commande_SPI
  X:02E4H         SYMBOL        taille_trame
  -------         ENDDO         
  C:5066H         LINE#         10
  C:5066H         LINE#         11
  C:5079H         LINE#         12
  C:507EH         LINE#         13
  C:5082H         LINE#         15
  C:5088H         LINE#         16
  C:5095H         LINE#         17
  C:50A2H         LINE#         18
  C:50AFH         LINE#         19
  C:50BCH         LINE#         21
  C:50D2H         LINE#         22
  -------         ENDPROC       SON_SONORE
  -------         ENDMOD        GENERATION_SON

  -------         MODULE        GPIO
  C:0000H         SYMBOL        _ICE_DUMMY_
  D:0080H         PUBLIC        P0
  D:0090H         PUBLIC        P1
  D:00A0H         PUBLIC        P2
  D:00B0H         PUBLIC        P3
  D:00E8H         PUBLIC        ADC0CN
  D:00A8H         PUBLIC        IE
BL51 BANKED LINKER/LOCATER V6.22                                                      05/18/2018  15:52:40  PAGE 23


  D:00D8H         PUBLIC        PCA0CN
  D:00B8H         PUBLIC        IP
  D:00C0H         PUBLIC        SMB0CN
  D:00F8H         PUBLIC        SPI0CN
  D:0088H         PUBLIC        TCON
  D:0098H         PUBLIC        SCON0
  D:00C8H         PUBLIC        T2CON
  D:00D0H         PUBLIC        PSW
  -------         ENDMOD        GPIO

  -------         MODULE        LIEN_STRUCTURE_COMMANDE
  C:0000H         SYMBOL        _ICE_DUMMY_
  D:0080H         PUBLIC        P0
  D:0090H         PUBLIC        P1
  D:00A0H         PUBLIC        P2
  D:00B0H         PUBLIC        P3
  X:06BBH         PUBLIC        dist_arriere
  X:06BFH         PUBLIC        Angle_voulu
  X:06C0H         PUBLIC        angle
  D:00E8H         PUBLIC        ADC0CN
  D:00A8H         PUBLIC        IE
  D:00D8H         PUBLIC        PCA0CN
  D:00B8H         PUBLIC        IP
  D:00C0H         PUBLIC        SMB0CN
  X:06C1H         PUBLIC        msg_Slave
  C:48C6H         PUBLIC        tempo_emiss
  D:00F8H         PUBLIC        SPI0CN
  X:06C2H         PUBLIC        dist_avant
  D:0088H         PUBLIC        TCON
  X:06C6H         PUBLIC        mess
  X:06F8H         PUBLIC        message_s
  C:0AFAH         PUBLIC        fonctionRoutage
  C:3B73H         SYMBOL        _?ix1000
  C:3B75H         SYMBOL        _?ix1001
  C:3BA7H         SYMBOL        _?ix1002
  C:3BD9H         SYMBOL        _?ix1003
  C:3C0BH         SYMBOL        _?ix1004
  X:072AH         PUBLIC        Angle_atteint
  X:072CH         PUBLIC        a
  X:072DH         PUBLIC        courant_actuel
  D:0098H         PUBLIC        SCON0
  D:00C8H         PUBLIC        T2CON
  X:0731H         PUBLIC        i
  X:0732H         PUBLIC        commande_serializer
  D:00D0H         PUBLIC        PSW
  C:4AB6H         PUBLIC        routage
  -------         PROC          ROUTAGE
  X:02BAH         SYMBOL        commande
  X:02DFH         SYMBOL        type
  C:4AB6H         LINE#         44
  C:4AB6H         LINE#         46
  C:4ABEH         LINE#         47
  C:4ACBH         LINE#         48
  C:4ACDH         LINE#         49
  C:4AD1H         LINE#         50
  C:4ADEH         LINE#         51
  C:4AE0H         LINE#         52
BL51 BANKED LINKER/LOCATER V6.22                                                      05/18/2018  15:52:40  PAGE 24


  C:4AE6H         LINE#         53
  C:4AF3H         LINE#         54
  C:4AF5H         LINE#         55
  C:4AFBH         LINE#         56
  C:4B08H         LINE#         57
  C:4B0AH         LINE#         58
  C:4B12H         LINE#         59
  C:4B1FH         LINE#         60
  C:4B21H         LINE#         61
  C:4B25H         LINE#         62
  C:4B32H         LINE#         63
  C:4B34H         LINE#         64
  C:4B3AH         LINE#         65
  C:4B4AH         LINE#         66
  C:4B4AH         LINE#         67
  -------         ENDPROC       ROUTAGE
  -------         PROC          FONCTIONROUTAGE
  X:009BH         SYMBOL        commande
  -------         DO            
  X:00C0H         SYMBOL        route
  X:00C1H         SYMBOL        commande_SPI
  X:00C2H         SYMBOL        trame
  X:00C4H         SYMBOL        taille_trame
  X:00C5H         SYMBOL        alpha
  X:00C9H         SYMBOL        distance
  X:00CBH         SYMBOL        angle_ascii
  X:00CEH         SYMBOL        mess
  X:0100H         SYMBOL        mess1
  X:0132H         SYMBOL        mess2
  X:0164H         SYMBOL        mess3
  X:0196H         SYMBOL        compteur
  X:0198H         SYMBOL        msg_Slave_ascii
  X:0298H         SYMBOL        info
  X:02B2H         SYMBOL        courant_ascii
  X:02B6H         SYMBOL        energie_ascii
  -------         ENDDO         
  C:0AFAH         LINE#         69
  C:0AFAH         LINE#         70
  C:0AFFH         LINE#         71
  C:0B01H         LINE#         72
  C:0B13H         LINE#         73
  C:0B19H         LINE#         77
  C:0B2BH         LINE#         78
  C:0B3EH         LINE#         79
  C:0B51H         LINE#         80
  C:0B64H         LINE#         81
  C:0B6BH         LINE#         87
  C:0B8EH         LINE#         89
  C:0BBEH         LINE#         91
  C:0BBEH         LINE#         92
  C:0BC8H         LINE#         93
  C:0BD7H         LINE#         94
  C:0BE0H         LINE#         96
  C:0BF4H         LINE#         97
  C:0C03H         LINE#         98
  C:0C1AH         LINE#         99
  C:0C1AH         LINE#         100
BL51 BANKED LINKER/LOCATER V6.22                                                      05/18/2018  15:52:40  PAGE 25


  C:0C1DH         LINE#         102
  C:0C1DH         LINE#         103
  C:0C23H         LINE#         104
  C:0C2EH         LINE#         105
  C:0C36H         LINE#         106
  C:0C3AH         LINE#         107
  C:0C40H         LINE#         108
  C:0C42H         LINE#         109
  C:0C42H         LINE#         110
  C:0C48H         LINE#         111
  C:0C48H         LINE#         112
  C:0C4EH         LINE#         113
  C:0C61H         LINE#         114
  C:0C64H         LINE#         115
  C:0C6CH         LINE#         116
  C:0C6FH         LINE#         117
  C:0C8EH         LINE#         118
  C:0C97H         LINE#         119
  C:0C9DH         LINE#         120
  C:0CA0H         LINE#         122
  C:0CA0H         LINE#         123
  C:0CABH         LINE#         124
  C:0CE2H         LINE#         125
  C:0D72H         LINE#         126
  C:0D8AH         LINE#         127
  C:0DA8H         LINE#         130
  C:0DAEH         LINE#         131
  C:0DBDH         LINE#         132
  C:0DE0H         LINE#         133
  C:0E04H         LINE#         136
  C:0E0AH         LINE#         137
  C:0E0EH         LINE#         138
  C:0E31H         LINE#         139
  C:0E55H         LINE#         142
  C:0E5BH         LINE#         143
  C:0E5FH         LINE#         144
  C:0E78H         LINE#         145
  C:0E9BH         LINE#         146
  C:0EBFH         LINE#         148
  C:0EC8H         LINE#         149
  C:0ED1H         LINE#         150
  C:0EDAH         LINE#         151
  C:0EE1H         LINE#         153
  C:0EE7H         LINE#         154
  C:0EE7H         LINE#         155
  C:0EF0H         LINE#         156
  C:0EF0H         LINE#         157
  C:0EF8H         LINE#         158
  C:0EFAH         LINE#         159
  C:0F0EH         LINE#         160
  C:0F1CH         LINE#         161
  C:0F1CH         LINE#         162
  C:0F23H         LINE#         163
  C:0F38H         LINE#         164
  C:0F3FH         LINE#         166
  C:0F48H         LINE#         167
  C:0F51H         LINE#         168
BL51 BANKED LINKER/LOCATER V6.22                                                      05/18/2018  15:52:40  PAGE 26


  C:0F5AH         LINE#         171
  C:0F61H         LINE#         172
  C:0F6AH         LINE#         173
  C:0F6AH         LINE#         174
  C:0F72H         LINE#         175
  C:0F74H         LINE#         176
  C:0F88H         LINE#         177
  C:0F96H         LINE#         178
  C:0F96H         LINE#         179
  C:0F9DH         LINE#         180
  C:0FB2H         LINE#         181
  C:0FB9H         LINE#         183
  C:0FC2H         LINE#         184
  C:0FCBH         LINE#         185
  C:0FD4H         LINE#         187
  C:0FD7H         LINE#         189
  C:0FD7H         LINE#         190
  C:0FFAH         LINE#         191
  C:101EH         LINE#         192
  C:1027H         LINE#         193
  C:1030H         LINE#         195
  C:1035H         LINE#         196
  C:1039H         LINE#         198
  C:1039H         LINE#         199
  C:1041H         LINE#         200
  C:1043H         LINE#         201
  C:105AH         LINE#         202
  C:1060H         LINE#         203
  C:1060H         LINE#         204
  C:1067H         LINE#         205
  C:1067H         LINE#         208
  C:107CH         LINE#         209
  C:1082H         LINE#         210
  C:1085H         LINE#         213
  C:1085H         LINE#         214
  C:109BH         LINE#         215
  C:10A4H         LINE#         216
  C:10ADH         LINE#         217
  C:10BCH         LINE#         218
  C:10BCH         LINE#         220
  C:10BCH         LINE#         221
  C:10C7H         LINE#         222
  C:10E4H         LINE#         223
  C:10EDH         LINE#         224
  C:10F3H         LINE#         225
  C:10F5H         LINE#         226
  C:10F5H         LINE#         227
  C:1100H         LINE#         228
  C:110FH         LINE#         229
  C:112CH         LINE#         230
  C:1135H         LINE#         231
  C:113BH         LINE#         232
  C:113DH         LINE#         234
  C:113DH         LINE#         235
  C:1153H         LINE#         236
  C:1153H         LINE#         238
  C:1153H         LINE#         239
BL51 BANKED LINKER/LOCATER V6.22                                                      05/18/2018  15:52:40  PAGE 27


  C:1162H         LINE#         240
  C:116BH         LINE#         241
  C:116BH         LINE#         243
  C:116BH         LINE#         244
  -------         ENDPROC       FONCTIONROUTAGE
  -------         PROC          TEMPO_EMISS
  -------         DO            
  X:02E5H         SYMBOL        x
  -------         ENDDO         
  C:48C6H         LINE#         246
  C:48C6H         LINE#         247
  C:48CDH         LINE#         249
  C:48FAH         LINE#         250
  C:4928H         LINE#         251
  C:4956H         LINE#         252
  C:4984H         LINE#         253
  -------         ENDPROC       TEMPO_EMISS
  -------         ENDMOD        LIEN_STRUCTURE_COMMANDE

  -------         MODULE        MAIN
  C:0000H         SYMBOL        _ICE_DUMMY_
  X:07E1H         PUBLIC        message_PC_com
  D:0080H         PUBLIC        P0
  D:0090H         PUBLIC        P1
  D:00A0H         PUBLIC        P2
  D:00B0H         PUBLIC        P3
  C:0026H         PUBLIC        ISR_Timer2
  B:00A8H.7       PUBLIC        EA
  C:4FEEH         PUBLIC        ISR_Timer3
  B:00A0H.0       PUBLIC        PWM_servo
  X:0813H         PUBLIC        vitesse_par_defaut
  D:00E8H         PUBLIC        ADC0CN
  D:00A8H         PUBLIC        IE
  D:00D8H         PUBLIC        PCA0CN
  D:00B8H         PUBLIC        IP
  X:0815H         PUBLIC        commande_correct
  D:00C0H         PUBLIC        SMB0CN
  C:33FBH         PUBLIC        main
  D:00F8H         PUBLIC        SPI0CN
  D:0088H         PUBLIC        TCON
  C:2B2FH         PUBLIC        _conv
  D:0091H         PUBLIC        TMR3CN
  C:47FAH         PUBLIC        _conversionangle_positif
  C:338EH         SYMBOL        _?ix1000
  C:33C0H         SYMBOL        _?ix1001
  C:33C6H         SYMBOL        _?ix1002
  X:0817H         PUBLIC        epreuve_en_cours
  C:33C9H         SYMBOL        _?ix1003
  C:26A9H         PUBLIC        _Message
  B:00C8H.7       PUBLIC        TF2
  B:00C8H.2       PUBLIC        TR2
  X:0818H         PUBLIC        energie
  D:0098H         PUBLIC        SCON0
  C:39A5H         PUBLIC        _traitement_A
  C:4BD7H         PUBLIC        _traitement_B
  C:2F0BH         PUBLIC        _traitement_C
  D:00C8H         PUBLIC        T2CON
BL51 BANKED LINKER/LOCATER V6.22                                                      05/18/2018  15:52:40  PAGE 28


  C:3C3DH         PUBLIC        _traitement_D
  C:542EH         PUBLIC        _conversioncoord
  C:555CH         PUBLIC        traitement_E
  C:30C8H         PUBLIC        _traitement_G
  C:556EH         PUBLIC        _traitement_I
  C:2121H         PUBLIC        _traitement_M
  B:00A0H.5       PUBLIC        NSS_slave
  C:5580H         PUBLIC        _traitement_P
  C:55C4H         PUBLIC        traitement_Q
  C:384CH         PUBLIC        _traitement_R
  C:244EH         PUBLIC        _traitement_S
  C:4D77H         PUBLIC        _traitement_T
  D:00D0H         PUBLIC        PSW
  C:5428H         SYMBOL        L?0299
  -------         PROC          L?0298
  -------         ENDPROC       L?0298
  C:5428H         SYMBOL        L?0299
  -------         PROC          _CONVERSIONCOORD
  D:0001H         SYMBOL        tableau
  -------         DO            
  D:0006H         SYMBOL        dizaine
  D:0004H         SYMBOL        unite
  D:0007H         SYMBOL        valeur
  -------         ENDDO         
  C:542EH         LINE#         37
  C:542EH         LINE#         38
  C:542FH         LINE#         39
  C:5430H         LINE#         42
  C:543FH         LINE#         43
  C:5448H         LINE#         45
  C:544BH         LINE#         46
  C:544BH         LINE#         47
  -------         ENDPROC       _CONVERSIONCOORD
  C:2B25H         SYMBOL        L?0297
  -------         PROC          L?0296
  -------         ENDPROC       L?0296
  C:2B25H         SYMBOL        L?0297
  -------         PROC          _CONV
  X:00F7H         SYMBOL        nbr
  X:00FAH         SYMBOL        taille
  -------         DO            
  X:00FCH         SYMBOL        k
  X:00FEH         SYMBOL        t1
  X:0102H         SYMBOL        ret
  X:0104H         SYMBOL        numero
  -------         ENDDO         
  C:2B2FH         LINE#         63
  C:2B42H         LINE#         64
  C:2B42H         LINE#         65
  C:2B49H         LINE#         66
  C:2B51H         LINE#         67
  C:2B58H         LINE#         68
  C:2B5CH         LINE#         70
  C:2B66H         LINE#         71
  C:2B66H         LINE#         72
  C:2B8BH         LINE#         73
  C:2B8BH         LINE#         74
BL51 BANKED LINKER/LOCATER V6.22                                                      05/18/2018  15:52:40  PAGE 29


  C:2BB7H         LINE#         75
  C:2BEEH         LINE#         76
  C:2C4CH         LINE#         77
  C:2C58H         LINE#         78
  C:2C6CH         LINE#         79
  C:2C83H         LINE#         80
  C:2C86H         LINE#         82
  C:2C86H         LINE#         83
  C:2CAAH         LINE#         84
  C:2CAAH         LINE#         85
  C:2D1DH         LINE#         86
  C:2D29H         LINE#         87
  C:2D3AH         LINE#         88
  C:2D3AH         LINE#         89
  C:2D42H         LINE#         90
  -------         ENDPROC       _CONV
  -------         PROC          L?0300
  -------         ENDPROC       L?0300
  -------         PROC          _CONVERSIONANGLE_POSITIF
  D:0001H         SYMBOL        tableau
  -------         DO            
  X:00F2H         SYMBOL        centaine
  X:00F4H         SYMBOL        dizaine
  X:00F6H         SYMBOL        unite
  X:00F8H         SYMBOL        valeur
  -------         ENDDO         
  C:47FAH         LINE#         91
  C:47FAH         LINE#         92
  C:4801H         LINE#         93
  C:4805H         LINE#         94
  C:4809H         LINE#         97
  C:4810H         LINE#         98
  C:482EH         LINE#         99
  C:4841H         LINE#         100
  C:4855H         LINE#         101
  C:4857H         LINE#         102
  C:4857H         LINE#         103
  C:4870H         LINE#         104
  C:488AH         LINE#         105
  C:489EH         LINE#         106
  C:48BDH         LINE#         107
  C:48BDH         LINE#         108
  C:48C5H         LINE#         109
  -------         ENDPROC       _CONVERSIONANGLE_POSITIF
  -------         PROC          _TRAITEMENT_A
  X:00C3H         SYMBOL        com
  X:00C6H         SYMBOL        commande
  -------         DO            
  D:0007H         SYMBOL        vitesse
  X:00EBH         SYMBOL        tab
  X:00EEH         SYMBOL        j
  D:0007H         SYMBOL        duree
  -------         ENDDO         
  C:39A5H         LINE#         111
  C:39B0H         LINE#         117
  C:39C1H         LINE#         118
  C:39C1H         LINE#         119
BL51 BANKED LINKER/LOCATER V6.22                                                      05/18/2018  15:52:40  PAGE 30


  C:39C1H         LINE#         120
  C:39C1H         LINE#         121
  C:39C8H         LINE#         122
  C:39D0H         LINE#         123
  C:39D0H         LINE#         124
  C:39F7H         LINE#         125
  C:3A11H         LINE#         126
  C:3A14H         LINE#         127
  C:3A24H         LINE#         128
  C:3A24H         LINE#         129
  C:3A24H         LINE#         130
  C:3A27H         LINE#         131
  C:3A2CH         LINE#         132
  C:3A2FH         LINE#         133
  C:3A2FH         LINE#         134
  C:3A2FH         LINE#         135
  C:3A2FH         LINE#         136
  C:3A3AH         LINE#         137
  C:3A3FH         LINE#         139
  C:3A57H         LINE#         140
  C:3A57H         LINE#         141
  C:3A60H         LINE#         142
  C:3A60H         LINE#         143
  C:3A87H         LINE#         144
  C:3AA1H         LINE#         145
  C:3AA4H         LINE#         146
  C:3AB3H         LINE#         147
  C:3AB3H         LINE#         148
  C:3ABAH         LINE#         149
  C:3ABCH         LINE#         151
  C:3ABCH         LINE#         152
  C:3AC0H         LINE#         153
  C:3AC0H         LINE#         155
  C:3AC2H         LINE#         163
  C:3AC2H         LINE#         164
  C:3AC2H         LINE#         165
  C:3AC2H         LINE#         166
  C:3AC9H         LINE#         167
  C:3ACFH         LINE#         168
  C:3AD9H         LINE#         169
  C:3AD9H         LINE#         170
  C:3AE2H         LINE#         171
  C:3AF1H         LINE#         172
  C:3AF1H         LINE#         173
  C:3AF1H         LINE#         174
  C:3AF7H         LINE#         175
  -------         ENDPROC       _TRAITEMENT_A
  -------         PROC          _TRAITEMENT_B
  X:00C3H         SYMBOL        com
  X:00C6H         SYMBOL        commande
  -------         DO            
  D:0007H         SYMBOL        vitesse
  X:00EBH         SYMBOL        tab
  D:0006H         SYMBOL        j
  -------         ENDDO         
  C:4BD7H         LINE#         176
  C:4BE2H         LINE#         177
BL51 BANKED LINKER/LOCATER V6.22                                                      05/18/2018  15:52:40  PAGE 31


  C:4BE2H         LINE#         181
  C:4BE8H         LINE#         182
  C:4BFDH         LINE#         183
  C:4BFDH         LINE#         184
  C:4C00H         LINE#         185
  C:4C00H         LINE#         186
  C:4C1FH         LINE#         187
  C:4C2AH         LINE#         188
  C:4C33H         LINE#         189
  C:4C43H         LINE#         190
  C:4C43H         LINE#         191
  C:4C4AH         LINE#         192
  C:4C4CH         LINE#         194
  C:4C4CH         LINE#         195
  C:4C51H         LINE#         196
  C:4C51H         LINE#         197
  C:4C51H         LINE#         198
  C:4C53H         LINE#         200
  C:4C53H         LINE#         201
  C:4C5BH         LINE#         202
  C:4C5BH         LINE#         204
  C:4C61H         LINE#         205
  -------         ENDPROC       _TRAITEMENT_B
  -------         PROC          _TRAITEMENT_C
  X:00C3H         SYMBOL        com
  X:00C6H         SYMBOL        commande
  -------         DO            
  X:00EBH         SYMBOL        angle
  X:00EDH         SYMBOL        tab
  X:00F0H         SYMBOL        j
  -------         ENDDO         
  C:2F0BH         LINE#         206
  C:2F16H         LINE#         207
  C:2F16H         LINE#         210
  C:2F1DH         LINE#         211
  C:2F3CH         LINE#         212
  C:2F3CH         LINE#         213
  C:2F3CH         LINE#         214
  C:2F3CH         LINE#         215
  C:2F42H         LINE#         216
  C:2F4FH         LINE#         217
  C:2F4FH         LINE#         218
  C:2F57H         LINE#         219
  C:2F57H         LINE#         220
  C:2F7EH         LINE#         221
  C:2F98H         LINE#         222
  C:2FA9H         LINE#         223
  C:2FC5H         LINE#         224
  C:2FC5H         LINE#         225
  C:2FC9H         LINE#         226
  C:2FCBH         LINE#         228
  C:2FCBH         LINE#         229
  C:2FD3H         LINE#         230
  C:2FDBH         LINE#         231
  C:2FDBH         LINE#         232
  C:2FDDH         LINE#         234
  C:2FDDH         LINE#         235
BL51 BANKED LINKER/LOCATER V6.22                                                      05/18/2018  15:52:40  PAGE 32


  C:2FE4H         LINE#         236
  C:2FE4H         LINE#         237
  C:2FF3H         LINE#         238
  C:2FF6H         LINE#         239
  C:2FF6H         LINE#         240
  C:2FF6H         LINE#         241
  C:2FF6H         LINE#         242
  C:2FFCH         LINE#         243
  C:3014H         LINE#         244
  C:3014H         LINE#         245
  C:301CH         LINE#         246
  C:301CH         LINE#         247
  C:3043H         LINE#         248
  C:305DH         LINE#         249
  C:306EH         LINE#         250
  C:308AH         LINE#         251
  C:308AH         LINE#         252
  C:308EH         LINE#         253
  C:3090H         LINE#         255
  C:3090H         LINE#         256
  C:3098H         LINE#         257
  C:30A0H         LINE#         258
  C:30A0H         LINE#         259
  C:30A2H         LINE#         262
  C:30A2H         LINE#         263
  C:30A9H         LINE#         264
  C:30ACH         LINE#         265
  C:30ACH         LINE#         267
  C:30AEH         LINE#         268
  C:30AEH         LINE#         269
  C:30AEH         LINE#         270
  C:30AEH         LINE#         271
  C:30B4H         LINE#         272
  C:30BBH         LINE#         273
  C:30C1H         LINE#         274
  C:30C1H         LINE#         275
  C:30C1H         LINE#         276
  C:30C1H         LINE#         277
  C:30C7H         LINE#         278
  -------         ENDPROC       _TRAITEMENT_C
  -------         PROC          _TRAITEMENT_D
  D:0001H         SYMBOL        com
  X:00C6H         SYMBOL        commande
  C:3C3DH         LINE#         279
  C:3C3DH         LINE#         280
  C:3C3DH         LINE#         281
  C:3C73H         LINE#         282
  C:3C73H         LINE#         283
  C:3C73H         LINE#         284
  C:3C73H         LINE#         285
  C:3C79H         LINE#         286
  C:3C87H         LINE#         287
  C:3C8DH         LINE#         289
  C:3C90H         LINE#         291
  C:3C90H         LINE#         292
  C:3C90H         LINE#         293
  C:3C90H         LINE#         294
BL51 BANKED LINKER/LOCATER V6.22                                                      05/18/2018  15:52:40  PAGE 33


  C:3C96H         LINE#         295
  C:3CA5H         LINE#         296
  C:3CABH         LINE#         298
  C:3CAEH         LINE#         300
  C:3CAEH         LINE#         301
  C:3CAEH         LINE#         302
  C:3CAEH         LINE#         303
  C:3CB4H         LINE#         304
  C:3CB8H         LINE#         305
  C:3CC4H         LINE#         307
  C:3CC7H         LINE#         309
  C:3CC7H         LINE#         310
  C:3CC7H         LINE#         311
  C:3CC7H         LINE#         312
  C:3CCDH         LINE#         313
  C:3CD1H         LINE#         314
  C:3CDDH         LINE#         316
  C:3CDFH         LINE#         318
  C:3CDFH         LINE#         319
  C:3CDFH         LINE#         320
  C:3CDFH         LINE#         321
  C:3CE5H         LINE#         322
  C:3CE9H         LINE#         323
  C:3CF5H         LINE#         325
[...]
  C:4D41H         LINE#         173
  C:4D6AH         LINE#         175
  C:4D6DH         LINE#         176
  C:4D6FH         LINE#         177
  C:4D71H         LINE#         178
BL51 BANKED LINKER/LOCATER V6.22                                                      05/18/2018  15:52:40  PAGE 50


  C:4D71H         LINE#         179
  C:4D74H         LINE#         180
  C:4D74H         LINE#         181
  C:4D76H         LINE#         182
  -------         ENDPROC       _SEROUTCHAR
  -------         PROC          SERINCHAR
  -------         DO            
  D:0005H         SYMBOL        c
  -------         ENDDO         
  C:5140H         LINE#         188
  C:5140H         LINE#         191
  C:515CH         LINE#         192
  C:515CH         LINE#         194
  C:516AH         LINE#         195
  C:519EH         LINE#         196
  C:51A1H         LINE#         197
  C:51A1H         LINE#         198
  C:51A3H         LINE#         199
  -------         ENDPROC       SERINCHAR
  -------         PROC          SERINCHAR_BIN
  -------         DO            
  D:0005H         SYMBOL        c
  X:082DH         SYMBOL        return_code
  -------         ENDDO         
  C:4E7AH         LINE#         207
  C:4E7AH         LINE#         209
  C:4E81H         LINE#         211
  C:4E9DH         LINE#         212
  C:4E9DH         LINE#         214
  C:4EABH         LINE#         215
  C:4EDFH         LINE#         216
  C:4EEEH         LINE#         217
  C:4EEEH         LINE#         219
  C:4EF6H         LINE#         220
  -------         ENDPROC       SERINCHAR_BIN
  -------         PROC          _SEROUTSTRING
  X:02BAH         SYMBOL        buf
  -------         DO            
  X:02BDH         SYMBOL        len
  X:02BEH         SYMBOL        code_err
  -------         ENDDO         
  C:5208H         LINE#         224
  C:5213H         LINE#         225
  C:5218H         LINE#         227
  C:5239H         LINE#         228
  C:5260H         LINE#         229
  C:5265H         LINE#         230
  -------         ENDPROC       _SEROUTSTRING
  -------         PROC          CFG_CLOCK_UART
  C:5549H         LINE#         244
  C:5549H         LINE#         245
  C:554CH         LINE#         246
  C:554FH         LINE#         247
  C:5552H         LINE#         248
  C:5554H         LINE#         250
  C:5557H         LINE#         251
  C:5559H         LINE#         252
BL51 BANKED LINKER/LOCATER V6.22                                                      05/18/2018  15:52:40  PAGE 51


  C:555BH         LINE#         253
  -------         ENDPROC       CFG_CLOCK_UART
  -------         PROC          CFG_UART0_MODE1
  C:5592H         LINE#         259
  C:5592H         LINE#         260
  C:5594H         LINE#         261
  C:5596H         LINE#         262
  C:5599H         LINE#         263
  C:559CH         LINE#         264
  C:559FH         LINE#         265
  C:55A1H         LINE#         267
  C:55A3H         LINE#         268
  -------         ENDPROC       CFG_UART0_MODE1
  -------         ENDMOD        UART0_RINGBUFFER_LIB

  -------         MODULE        UART1
  C:0000H         SYMBOL        _ICE_DUMMY_
  D:00E7H         PUBLIC        EIE2
  D:00E8H         PUBLIC        ADC0CN
  D:00A8H         PUBLIC        IE
  X:0791H         SYMBOL        inbuf
  D:00D8H         PUBLIC        PCA0CN
  X:07B1H         SYMBOL        outbuf
  D:00B8H         PUBLIC        IP
  C:55B4H         PUBLIC        CFG_UART1
  D:00C0H         PUBLIC        SMB0CN
  B:0021H.2       SYMBOL        TXactive
  D:00F8H         PUBLIC        SPI0CN
  D:0087H         PUBLIC        PCON
  D:0088H         PUBLIC        TCON
  C:4424H         PUBLIC        UART1_ISR
  C:4EF7H         PUBLIC        serInchar_Bin1
  C:5266H         PUBLIC        _serOutstring1
  C:51A4H         PUBLIC        serInchar1
  X:07D1H         SYMBOL        in
  C:4C62H         PUBLIC        _serOutchar1
  X:07D9H         SYMBOL        out
  D:00F2H         PUBLIC        SBUF1
  D:0098H         PUBLIC        SCON0
  D:00F1H         PUBLIC        SCON1
  D:00C8H         PUBLIC        T2CON
  D:00C9H         PUBLIC        T4CON
  C:531FH         PUBLIC        init_Serial_Buffer1
  D:00D0H         PUBLIC        PSW
  -------         PROC          UART1_ISR
  C:4424H         LINE#         86
  C:4437H         LINE#         95
  C:443CH         LINE#         96
  C:443CH         LINE#         97
  C:4458H         LINE#         98
  C:4467H         LINE#         99
  C:4490H         LINE#         101
  C:4492H         LINE#         102
  C:4494H         LINE#         103
  C:4497H         LINE#         105
  C:4499H         LINE#         107
  C:4499H         LINE#         108
BL51 BANKED LINKER/LOCATER V6.22                                                      05/18/2018  15:52:40  PAGE 52


  C:44D4H         LINE#         109
  C:44E3H         LINE#         110
  C:450CH         LINE#         112
  C:450CH         LINE#         113
  C:450FH         LINE#         114
  C:450FH         LINE#         115
  -------         ENDPROC       UART1_ISR
  -------         PROC          INIT_SERIAL_BUFFER1
  C:531FH         LINE#         120
  C:531FH         LINE#         121
  C:534CH         LINE#         122
  C:5379H         LINE#         123
  -------         ENDPROC       INIT_SERIAL_BUFFER1
  -------         PROC          _SEROUTCHAR1
  D:0007H         SYMBOL        c
  C:4C62H         LINE#         127
  C:4C62H         LINE#         129
  C:4CA8H         LINE#         130
  C:4CA8H         LINE#         131
  C:4CB6H         LINE#         132
  C:4CDFH         LINE#         134
  C:4CE2H         LINE#         135
  C:4CE4H         LINE#         136
  C:4CE7H         LINE#         138
  C:4CE7H         LINE#         139
  C:4CEAH         LINE#         140
  C:4CEAH         LINE#         142
  C:4CECH         LINE#         143
  -------         ENDPROC       _SEROUTCHAR1
  -------         PROC          SERINCHAR1
  -------         DO            
  D:0005H         SYMBOL        c
  -------         ENDDO         
  C:51A4H         LINE#         149
  C:51A4H         LINE#         152
  C:51C0H         LINE#         153
  C:51C0H         LINE#         154
  C:51CEH         LINE#         155
  C:5202H         LINE#         156
  C:5205H         LINE#         157
  C:5205H         LINE#         159
  C:5207H         LINE#         160
  -------         ENDPROC       SERINCHAR1
  -------         PROC          SERINCHAR_BIN1
  -------         DO            
  D:0005H         SYMBOL        c
  X:082FH         SYMBOL        return_code
  -------         ENDDO         
  C:4EF7H         LINE#         168
  C:4EF7H         LINE#         170
  C:4EFEH         LINE#         172
  C:4F1AH         LINE#         174
  C:4F28H         LINE#         175
  C:4F5CH         LINE#         176
  C:4F6BH         LINE#         177
  C:4F6BH         LINE#         180
  C:4F73H         LINE#         181
BL51 BANKED LINKER/LOCATER V6.22                                                      05/18/2018  15:52:40  PAGE 53


  -------         ENDPROC       SERINCHAR_BIN1
  -------         PROC          _SEROUTSTRING1
  X:02BAH         SYMBOL        buf
  -------         DO            
  X:02BDH         SYMBOL        len
  X:02BEH         SYMBOL        code_err
  -------         ENDDO         
  C:5266H         LINE#         185
  C:5271H         LINE#         186
  C:5276H         LINE#         188
  C:5297H         LINE#         189
  C:52BEH         LINE#         190
  C:52C3H         LINE#         191
  -------         ENDPROC       _SEROUTSTRING1
  -------         PROC          CFG_UART1
  C:55B4H         LINE#         225
  C:55B4H         LINE#         226
  C:55B7H         LINE#         227
  C:55BAH         LINE#         228
  C:55BDH         LINE#         229
  C:55C0H         LINE#         231
  C:55C3H         LINE#         232
  -------         ENDPROC       CFG_UART1
  -------         ENDMOD        UART1

  -------         MODULE        ULTRASON
  C:0000H         SYMBOL        _ICE_DUMMY_
  D:0080H         PUBLIC        P0
  D:0090H         PUBLIC        P1
  D:00A0H         PUBLIC        P2
  D:00B0H         PUBLIC        P3
  D:00E8H         PUBLIC        ADC0CN
  D:00A8H         PUBLIC        IE
  B:00A0H.4       PUBLIC        Echo_ultrason_ar
  D:00D8H         PUBLIC        PCA0CN
  B:00A0H.2       PUBLIC        Echo_ultrason_av
  D:00B8H         PUBLIC        IP
  D:00C0H         PUBLIC        SMB0CN
  B:00A0H.3       PUBLIC        Trig_ultrason_ar
  B:00A0H.1       PUBLIC        Trig_ultrason_av
  D:00F8H         PUBLIC        SPI0CN
  D:0088H         PUBLIC        TCON
  B:0088H.5       PUBLIC        TF0
  D:008CH         PUBLIC        TH0
  C:4310H         PUBLIC        MES_Dist_AR
  D:008AH         PUBLIC        TL0
  C:41FCH         PUBLIC        MES_Dist_AV
  B:0088H.4       PUBLIC        TR0
  D:0098H         PUBLIC        SCON0
  D:00C8H         PUBLIC        T2CON
  D:00D0H         PUBLIC        PSW
  -------         PROC          MES_DIST_AV
  -------         DO            
  D:0004H         SYMBOL        Delta
  X:0554H         SYMBOL        TL0_tmp
  X:0558H         SYMBOL        TH0_tmp
  D:0004H         SYMBOL        Duree
BL51 BANKED LINKER/LOCATER V6.22                                                      05/18/2018  15:52:40  PAGE 54


  X:055CH         SYMBOL        Dist
  D:0004H         SYMBOL        Duree2
  X:0560H         SYMBOL        i
  X:0562H         SYMBOL        RegistreTemp
  -------         ENDDO         
  C:41FCH         LINE#         12
  C:41FCH         LINE#         19
  C:4203H         LINE#         22
  C:4206H         LINE#         23
  C:4208H         LINE#         24
  C:4212H         LINE#         25
  C:421CH         LINE#         27
  C:422DH         LINE#         28
  C:422EH         LINE#         29
  C:423AH         LINE#         30
  C:423CH         LINE#         32
  C:423EH         LINE#         33
  C:4240H         LINE#         35
  C:4246H         LINE#         37
  C:4249H         LINE#         38
  C:4253H         LINE#         39
  C:4256H         LINE#         41
  C:4256H         LINE#         42
  C:4262H         LINE#         43
  C:426EH         LINE#         44
  C:4271H         LINE#         45
  C:4273H         LINE#         46
  C:42A2H         LINE#         47
  C:42D3H         LINE#         49
  C:42E4H         LINE#         50
  C:42EFH         LINE#         51
  C:42FFH         LINE#         52
  C:4301H         LINE#         53
  C:4301H         LINE#         55
  C:430FH         LINE#         56
  -------         ENDPROC       MES_DIST_AV
  -------         PROC          MES_DIST_AR
  -------         DO            
  D:0004H         SYMBOL        Delta
  X:0554H         SYMBOL        TL0_tmp
  X:0558H         SYMBOL        TH0_tmp
  D:0004H         SYMBOL        Duree
  X:055CH         SYMBOL        Dist
  D:0004H         SYMBOL        Duree2
  X:0560H         SYMBOL        i
  X:0562H         SYMBOL        RegistreTemp
  -------         ENDDO         
  C:4310H         LINE#         58
  C:4310H         LINE#         59
  C:4310H         LINE#         66
  C:4317H         LINE#         69
  C:431AH         LINE#         70
  C:431CH         LINE#         71
  C:4326H         LINE#         72
  C:4330H         LINE#         74
  C:4341H         LINE#         75
  C:4342H         LINE#         76
BL51 BANKED LINKER/LOCATER V6.22                                                      05/18/2018  15:52:40  PAGE 55


  C:434EH         LINE#         77
  C:4350H         LINE#         79
  C:4352H         LINE#         80
  C:4354H         LINE#         82
  C:435AH         LINE#         84
  C:435DH         LINE#         85
  C:4367H         LINE#         86
  C:436AH         LINE#         88
  C:436AH         LINE#         89
  C:4376H         LINE#         90
  C:4382H         LINE#         91
  C:4385H         LINE#         92
  C:4387H         LINE#         93
  C:43B6H         LINE#         94
  C:43E7H         LINE#         96
  C:43F8H         LINE#         97
  C:4403H         LINE#         98
  C:4413H         LINE#         99
  C:4415H         LINE#         100
  C:4415H         LINE#         102
  C:4423H         LINE#         103
  -------         ENDPROC       MES_DIST_AR
  -------         ENDMOD        ULTRASON

  -------         MODULE        ?C?FPADD
  C:00ADH         PUBLIC        ?C?FPADD
  C:00A9H         PUBLIC        ?C?FPSUB
  -------         ENDMOD        ?C?FPADD

  -------         MODULE        ?C?FPMUL
  C:019EH         PUBLIC        ?C?FPMUL
  -------         ENDMOD        ?C?FPMUL

  -------         MODULE        ?C?FPDIV
  C:02A7H         PUBLIC        ?C?FPDIV
  -------         ENDMOD        ?C?FPDIV

  -------         MODULE        ?C?FPCMP
  C:0346H         PUBLIC        ?C?FPCMP
  C:0344H         PUBLIC        ?C?FPCMP3
  -------         ENDMOD        ?C?FPCMP

  -------         MODULE        ?C?FCAST
  C:03C7H         PUBLIC        ?C?FCASTC
  C:03C2H         PUBLIC        ?C?FCASTI
  C:03BDH         PUBLIC        ?C?FCASTL
  -------         ENDMOD        ?C?FCAST

  -------         MODULE        ?C?CASTF
  C:03FBH         PUBLIC        ?C?CASTF
  -------         ENDMOD        ?C?CASTF

  -------         MODULE        PRINTF
  X:0554H         PUBLIC        ?_PRINTF?BYTE
  X:0554H         PUBLIC        ?_SPRINTF?BYTE
  C:1D09H         PUBLIC        _PRINTF
  C:1D03H         PUBLIC        _SPRINTF
BL51 BANKED LINKER/LOCATER V6.22                                                      05/18/2018  15:52:40  PAGE 56


  -------         ENDMOD        PRINTF

  -------         MODULE        ATAN
  C:40FAH         PUBLIC        _ATAN
  -------         ENDMOD        ATAN

  -------         MODULE        CEIL
  C:4618H         PUBLIC        _ceil
  -------         ENDMOD        CEIL

  -------         MODULE        POW
  X:02BAH         PUBLIC        ?_pow?BYTE
  C:36E6H         PUBLIC        _pow
  -------         ENDMOD        POW

  -------         MODULE        ?C?CHKFLOAT
  C:047CH         PUBLIC        ?C?CHKFLOAT
  -------         ENDMOD        ?C?CHKFLOAT

  -------         MODULE        ?C?FPNEG
  C:0496H         PUBLIC        ?C?FPNEG
  -------         ENDMOD        ?C?FPNEG

  -------         MODULE        ?C?FPROUND
  C:04A7H         PUBLIC        ?C?FPROUND
  -------         ENDMOD        ?C?FPROUND

  -------         MODULE        ?C?FPCONVERT
  C:04E4H         PUBLIC        ?C?FPCONVERT
  -------         ENDMOD        ?C?FPCONVERT

  -------         MODULE        EXP
  C:49BDH         PUBLIC        _EXP
  -------         ENDMOD        EXP

  -------         MODULE        LOG
  C:3D9BH         PUBLIC        _LOG
  C:3D97H         PUBLIC        _LOG10
  -------         ENDMOD        LOG

  -------         MODULE        ?C?FTNPWR
  C:0666H         PUBLIC        ?C?FTNPWR
  -------         ENDMOD        ?C?FTNPWR

  -------         MODULE        ?C?COPY
  C:0776H         PUBLIC        ?C?COPY
  -------         ENDMOD        ?C?COPY

  -------         MODULE        ?C?SCDIV
  C:079CH         PUBLIC        ?C?SCDIV
  -------         ENDMOD        ?C?SCDIV

  -------         MODULE        ?C?CLDPTR
  C:07BEH         PUBLIC        ?C?CLDPTR
  -------         ENDMOD        ?C?CLDPTR

  -------         MODULE        ?C?CLDOPTR
BL51 BANKED LINKER/LOCATER V6.22                                                      05/18/2018  15:52:40  PAGE 57


  C:07D7H         PUBLIC        ?C?CLDOPTR
  -------         ENDMOD        ?C?CLDOPTR

  -------         MODULE        ?C?CSTPTR
  C:0804H         PUBLIC        ?C?CSTPTR
  -------         ENDMOD        ?C?CSTPTR

  -------         MODULE        ?C?CSTOPTR
  C:0816H         PUBLIC        ?C?CSTOPTR
  -------         ENDMOD        ?C?CSTOPTR

  -------         MODULE        ?C?IMUL
  C:0838H         PUBLIC        ?C?IMUL
  -------         ENDMOD        ?C?IMUL

  -------         MODULE        ?C?SIDIV
  C:084AH         PUBLIC        ?C?SIDIV
  -------         ENDMOD        ?C?SIDIV

  -------         MODULE        ?C?IILDX
  C:0880H         PUBLIC        ?C?IILDX
  -------         ENDMOD        ?C?IILDX

  -------         MODULE        ?C?LNEG
  C:0896H         PUBLIC        ?C?LNEG
  -------         ENDMOD        ?C?LNEG

  -------         MODULE        ?C?SLCMP
  C:08A4H         PUBLIC        ?C?SLCMP
  -------         ENDMOD        ?C?SLCMP

  -------         MODULE        ?C?ULCMP
  C:08BAH         PUBLIC        ?C?ULCMP
  -------         ENDMOD        ?C?ULCMP

  -------         MODULE        ?C?LLDCODE
  C:08CBH         PUBLIC        ?C?LLDCODE
  -------         ENDMOD        ?C?LLDCODE

  -------         MODULE        ?C?LLDXDATA0
  C:08DBH         PUBLIC        ?C?LLDXDATA0
  -------         ENDMOD        ?C?LLDXDATA0

  -------         MODULE        ?C?LLDCODE0
  C:08E7H         PUBLIC        ?C?LLDCODE0
  -------         ENDMOD        ?C?LLDCODE0

  -------         MODULE        ?C?LSTXDATA
  C:08F7H         PUBLIC        ?C?LSTXDATA
  -------         ENDMOD        ?C?LSTXDATA

  -------         MODULE        ?C?LSTKXDATA
  C:0903H         PUBLIC        ?C?LSTKXDATA
  -------         ENDMOD        ?C?LSTKXDATA

  -------         MODULE        ?C?PLDIXDATA
  C:0934H         PUBLIC        ?C?PLDIXDATA
BL51 BANKED LINKER/LOCATER V6.22                                                      05/18/2018  15:52:40  PAGE 58


  -------         ENDMOD        ?C?PLDIXDATA

  -------         MODULE        ?C?PSTXDATA
  C:094BH         PUBLIC        ?C?PSTXDATA
  -------         ENDMOD        ?C?PSTXDATA

  -------         MODULE        ?C?CCASE
  C:0954H         PUBLIC        ?C?CCASE
  -------         ENDMOD        ?C?CCASE

  -------         MODULE        PUTCHAR
  C:0076H         PUBLIC        _PUTCHAR
  -------         ENDMOD        PUTCHAR

  -------         MODULE        STRCAT
  X:0554H         PUBLIC        ?_strcat?BYTE
  C:50D5H         PUBLIC        _strcat
  -------         ENDMOD        STRCAT

  -------         MODULE        ?C?STRCPY
  C:0A46H         PUBLIC        ?C?STRCPY
  -------         ENDMOD        ?C?STRCPY

  -------         MODULE        STRLEN
  C:5521H         PUBLIC        _STRLEN
  -------         ENDMOD        STRLEN

  -------         MODULE        ?C?MEMSET
  C:0A63H         PUBLIC        ?C?MEMSET
  -------         ENDMOD        ?C?MEMSET

  -------         MODULE        ?C?UIDIV
  C:0A8FH         PUBLIC        ?C?UIDIV
  -------         ENDMOD        ?C?UIDIV

  -------         MODULE        ?C?ILDIX
  C:0AE4H         PUBLIC        ?C?ILDIX
  -------         ENDMOD        ?C?ILDIX

*** WARNING L16: UNCALLED SEGMENT, IGNORED FOR OVERLAY PROCESS
    SEGMENT: ?PR?_ITOS?FONCTIONS_COTE_SERIALIZER

*** WARNING L16: UNCALLED SEGMENT, IGNORED FOR OVERLAY PROCESS
    SEGMENT: ?PR?SERINCHAR?UART0_RINGBUFFER_LIB

*** WARNING L16: UNCALLED SEGMENT, IGNORED FOR OVERLAY PROCESS
    SEGMENT: ?PR?SERINCHAR_BIN?UART0_RINGBUFFER_LIB

*** WARNING L16: UNCALLED SEGMENT, IGNORED FOR OVERLAY PROCESS
    SEGMENT: ?PR?SERINCHAR_BIN1?UART1

*** WARNING L15: MULTIPLE CALL TO SEGMENT
    SEGMENT: ?PR?COURANT_ADC?MESURE_COURANT
    CALLER1: ?C_C51STARTUP
    CALLER2: ?PR?ISR_TIMER3?MAIN

Program Size: data=15.3 xdata=2097 code=22050
BL51 BANKED LINKER/LOCATER V6.22                                                      05/18/2018  15:52:40  PAGE 59


LINK/LOCATE RUN COMPLETE.  5 WARNING(S),  0 ERROR(S)
