BL51 BANKED LINKER/LOCATER V6.22                                                        05/24/2018  14:45:11  PAGE 1


BL51 BANKED LINKER/LOCATER V6.22, INVOKED BY:
C:\KEIL\C51\BIN\BL51.EXE STARTUP.obj, Config_ADC.obj, Config_Globale.obj, Config_SPI.obj, Detect_Obst.obj, Fonctions_cot
>> e_serializer.obj, Generation_son.obj, Gpio.obj, Lien_Structure_commande.obj, main.obj, Mesure_courant.obj, Servomoteu
>> r_Horizontal.obj, Timers.obj, Transmission_SPI.obj, UART0_RingBuffer_lib.obj, UART1.obj, ultrason.obj, Encodage_Point
>> eur_lum.obj TO Master RAMSIZE (256)


MEMORY MODEL: LARGE WITH FLOATING POINT ARITHMETIC


INPUT MODULES INCLUDED:
  STARTUP.obj (?C_STARTUP)
  Config_ADC.obj (CONFIG_ADC)
  Config_Globale.obj (CONFIG_GLOBALE)
  Config_SPI.obj (CONFIG_SPI)
  Detect_Obst.obj (DETECT_OBST)
  Fonctions_cote_serializer.obj (FONCTIONS_COTE_SERIALIZER)
  Generation_son.obj (GENERATION_SON)
  Gpio.obj (GPIO)
  Lien_Structure_commande.obj (LIEN_STRUCTURE_COMMANDE)
  main.obj (MAIN)
  Mesure_courant.obj (MESURE_COURANT)
  Servomoteur_Horizontal.obj (SERVOMOTEUR_HORIZONTAL)
  Timers.obj (TIMERS)
  Transmission_SPI.obj (TRANSMISSION_SPI)
  UART0_RingBuffer_lib.obj (UART0_RINGBUFFER_LIB)
  UART1.obj (UART1)
  ultrason.obj (ULTRASON)
  Encodage_Pointeur_lum.obj (ENCODAGE_POINTEUR_LUM)
  C:\KEIL\C51\LIB\C51FPL.LIB (?C?FPADD)
  C:\KEIL\C51\LIB\C51FPL.LIB (?C?FPMUL)
  C:\KEIL\C51\LIB\C51FPL.LIB (?C?FPDIV)
  C:\KEIL\C51\LIB\C51FPL.LIB (?C?FPCMP)
  C:\KEIL\C51\LIB\C51FPL.LIB (?C?FCAST)
  C:\KEIL\C51\LIB\C51FPL.LIB (?C?CASTF)
  C:\KEIL\C51\LIB\C51FPL.LIB (PRINTF)
  C:\KEIL\C51\LIB\C51FPL.LIB (ATAN)
  C:\KEIL\C51\LIB\C51FPL.LIB (CEIL)
  C:\KEIL\C51\LIB\C51FPL.LIB (POW)
  C:\KEIL\C51\LIB\C51FPL.LIB (?C?FPGETOPN)
  C:\KEIL\C51\LIB\C51FPL.LIB (?C?CHKFLOAT)
  C:\KEIL\C51\LIB\C51FPL.LIB (?C?FPNEG)
  C:\KEIL\C51\LIB\C51FPL.LIB (?C?FPROUND)
  C:\KEIL\C51\LIB\C51FPL.LIB (?C?FPCONVERT)
  C:\KEIL\C51\LIB\C51FPL.LIB (?C?FPSERIES)
  C:\KEIL\C51\LIB\C51FPL.LIB (EXP)
  C:\KEIL\C51\LIB\C51FPL.LIB (LOG)
  C:\KEIL\C51\LIB\C51FPL.LIB (?C?FTNPWR)
  C:\KEIL\C51\LIB\C51L.LIB (?C_INIT)
  C:\KEIL\C51\LIB\C51L.LIB (?C?COPY)
  C:\KEIL\C51\LIB\C51L.LIB (?C?SCDIV)
  C:\KEIL\C51\LIB\C51L.LIB (?C?CLDPTR)
  C:\KEIL\C51\LIB\C51L.LIB (?C?CLDOPTR)
  C:\KEIL\C51\LIB\C51L.LIB (?C?CSTPTR)
  C:\KEIL\C51\LIB\C51L.LIB (?C?CSTOPTR)
  C:\KEIL\C51\LIB\C51L.LIB (?C?IMUL)
  C:\KEIL\C51\LIB\C51L.LIB (?C?SIDIV)
  C:\KEIL\C51\LIB\C51L.LIB (?C?IILDX)
BL51 BANKED LINKER/LOCATER V6.22                                                      05/24/2018  14:45:11  PAGE 2


  C:\KEIL\C51\LIB\C51L.LIB (?C?LNEG)
  C:\KEIL\C51\LIB\C51L.LIB (?C?SLCMP)
  C:\KEIL\C51\LIB\C51L.LIB (?C?ULCMP)
  C:\KEIL\C51\LIB\C51L.LIB (?C?LLDCODE)
  C:\KEIL\C51\LIB\C51L.LIB (?C?LLDXDATA0)
  C:\KEIL\C51\LIB\C51L.LIB (?C?LLDCODE0)
  C:\KEIL\C51\LIB\C51L.LIB (?C?LSTXDATA)
  C:\KEIL\C51\LIB\C51L.LIB (?C?LSTKXDATA)
  C:\KEIL\C51\LIB\C51L.LIB (?C?PLDIXDATA)
  C:\KEIL\C51\LIB\C51L.LIB (?C?PSTXDATA)
  C:\KEIL\C51\LIB\C51L.LIB (?C?CCASE)
  C:\KEIL\C51\LIB\C51L.LIB (PUTCHAR)
  C:\KEIL\C51\LIB\C51L.LIB (STRCAT)
  C:\KEIL\C51\LIB\C51L.LIB (?C?STRCPY)
  C:\KEIL\C51\LIB\C51L.LIB (STRLEN)
  C:\KEIL\C51\LIB\C51L.LIB (?C?MEMSET)
  C:\KEIL\C51\LIB\C51L.LIB (?C?UIDIV)
  C:\KEIL\C51\LIB\C51L.LIB (?C?ILDIX)


LINK MAP OF MODULE:  Master (?C_STARTUP)


            TYPE    BASE      LENGTH    RELOCATION   SEGMENT NAME
            -----------------------------------------------------

            * * * * * * *   D A T A   M E M O R Y   * * * * * * *
            REG     0000H     0008H     ABSOLUTE     "REG BANK 0"
            DATA    0008H     0005H     UNIT         _DATA_GROUP_
                    000DH     0013H                  *** GAP ***
            BIT     0020H.0   0001H.1   UNIT         _BIT_GROUP_
            BIT     0021H.1   0000H.1   UNIT         ?BI?UART0_RINGBUFFER_LIB
            BIT     0021H.2   0000H.1   UNIT         ?BI?UART1
                    0021H.3   0000H.5                *** GAP ***
            IDATA   0022H     0001H     UNIT         ?STACK

            * * * * * * *  X D A T A   M E M O R Y  * * * * * * *
            XDATA   0000H     072CH     UNIT         _XDATA_GROUP_
            XDATA   072CH     0369H     UNIT         ?XD?DETECT_OBST
            XDATA   0A95H     0086H     UNIT         ?XD?LIEN_STRUCTURE_COMMANDE
            XDATA   0B1BH     0050H     UNIT         ?XD?UART0_RINGBUFFER_LIB
            XDATA   0B6BH     0050H     UNIT         ?XD?UART1
            XDATA   0BBBH     003DH     UNIT         ?XD?MAIN
            XDATA   0BF8H     0011H     UNIT         ?XD?_ITOS?FONCTIONS_COTE_SERIALIZER
            XDATA   0C09H     0002H     UNIT         ?XD?SERINCHAR_BIN?UART0_RINGBUFFER_LIB
            XDATA   0C0BH     0002H     UNIT         ?XD?SERINCHAR_BIN1?UART1

            * * * * * * *   C O D E   M E M O R Y   * * * * * * *
            CODE    0000H     0003H     ABSOLUTE     
            CODE    0003H     001DH     UNIT         ?PR?_TRUE_VIT?FONCTIONS_COTE_SERIALIZER
                    0020H     0003H                  *** GAP ***
            CODE    0023H     0003H     ABSOLUTE     
            CODE    0026H     0005H     UNIT         ?PR?ISR_TIMER2?MAIN
            CODE    002BH     0003H     ABSOLUTE     
            CODE    002EH     0043H     UNIT         ?PR?_TRAME_EMISE?TRANSMISSION_SPI
                    0071H     0002H                  *** GAP ***
            CODE    0073H     0003H     ABSOLUTE     
BL51 BANKED LINKER/LOCATER V6.22                                                      05/24/2018  14:45:11  PAGE 3


            CODE    0076H     0027H     UNIT         ?PR?PUTCHAR?PUTCHAR
            CODE    009DH     0004H     UNIT         ?PR?CFG_VREF?CONFIG_ADC
                    00A1H     0002H                  *** GAP ***
            CODE    00A3H     0003H     ABSOLUTE     
            CODE    00A6H     0A54H     UNIT         ?C?LIB_CODE
            CODE    0AFAH     0787H     UNIT         ?PR?FONCTIONROUTAGE?LIEN_STRUCTURE_COMMANDE
            CODE    1281H     064BH     UNIT         ?PR?DETECT_OBST?DETECT_OBST
            CODE    18CCH     0530H     UNIT         ?PR?FORMATE_SERIALIZER?FONCTIONS_COTE_SERIALIZER
            CODE    1DFCH     04EEH     UNIT         ?CO?LIEN_STRUCTURE_COMMANDE
            CODE    22EAH     0483H     UNIT         ?PR?PRINTF?PRINTF
            CODE    276DH     0320H     UNIT         ?PR?_TRAITEMENT_M?MAIN
            CODE    2A8DH     025BH     UNIT         ?PR?_TRAITEMENT_S?MAIN
            CODE    2CE8H     0238H     UNIT         ?PR?TRANSCODE_COMMANDE_TO_SERIALIZER?FONCTIONS_COTE_SERIALIZER
            CODE    2F20H     0227H     UNIT         ?PR?_TRAITEMENT_L?MAIN
            CODE    3147H     0223H     UNIT         ?PR?_MESSAGE?MAIN
            CODE    336AH     021EH     UNIT         ?PR?_CONV?MAIN
            CODE    3588H     01E8H     UNIT         ?C_INITSEG
            CODE    3770H     01BFH     UNIT         ?PR?MAIN?MAIN
            CODE    392FH     01BDH     UNIT         ?PR?_TRAITEMENT_C?MAIN
            CODE    3AECH     01B3H     UNIT         ?PR?_TRAITEMENT_G?MAIN
            CODE    3C9FH     0177H     UNIT         ?CO?MAIN
            CODE    3E16H     0166H     UNIT         ?PR?_POW?POW
            CODE    3F7CH     0159H     UNIT         ?PR?_TRAITEMENT_R?MAIN
            CODE    40D5H     0153H     UNIT         ?PR?_TRAITEMENT_A?MAIN
            CODE    4228H     012AH     UNIT         ?PR?_TRAITEMENT_D?MAIN
            CODE    4352H     0129H     UNIT         ?PR?LOG?LOG
            CODE    447BH     0127H     UNIT         ?PR?_ITOS?FONCTIONS_COTE_SERIALIZER
            CODE    45A2H     0123H     UNIT         ?PR?_TRUE_TICKS?FONCTIONS_COTE_SERIALIZER
            CODE    46C5H     0122H     UNIT         ?PR?ATAN?ATAN
            CODE    47E7H     011DH     UNIT         ?PR?DETECTION_AV_AR?DETECT_OBST
            CODE    4904H     0114H     UNIT         ?PR?MES_DIST_AV?ULTRASON
            CODE    4A18H     0114H     UNIT         ?PR?MES_DIST_AR?ULTRASON
            CODE    4B2CH     00FCH     UNIT         ?PR?UART1_ISR?UART1
            CODE    4C28H     00F8H     UNIT         ?PR?UART0_ISR?UART0_RINGBUFFER_LIB
            CODE    4D20H     00EFH     UNIT         ?PR?_CEIL?CEIL
            CODE    4E0FH     00D2H     UNIT         ?PR?_CONVERSIONANGLE_POSITIF?MAIN
            CODE    4EE1H     00BFH     UNIT         ?PR?TEMPO_EMISS?LIEN_STRUCTURE_COMMANDE
            CODE    4FA0H     00BCH     UNIT         ?PR?DETECTION_AV?DETECT_OBST
            CODE    505CH     00B9H     UNIT         ?PR?_AFFICHAGE_AV_AR?DETECT_OBST
            CODE    5115H     00ACH     UNIT         ?PR?ROUTAGE?LIEN_STRUCTURE_COMMANDE
            CODE    51C1H     00A3H     UNIT         ?PR?_CDE_SERVO_H?SERVOMOTEUR_HORIZONTAL
            CODE    5264H     009AH     UNIT         ?PR?EXP?EXP
            CODE    52FEH     0097H     UNIT         ?PR?COURANT_ADC?MESURE_COURANT
            CODE    5395H     008CH     UNIT         ?C_C51STARTUP
            CODE    5421H     008BH     UNIT         ?PR?_TRAITEMENT_B?MAIN
            CODE    54ACH     008BH     UNIT         ?PR?_SEROUTCHAR1?UART1
            CODE    5537H     008AH     UNIT         ?PR?_SEROUTCHAR?UART0_RINGBUFFER_LIB
            CODE    55C1H     0084H     UNIT         ?PR?ISR_TIMER3?MAIN
            CODE    5645H     0082H     UNIT         ?PR?_AFFICHAGE?DETECT_OBST
            CODE    56C7H     0082H     UNIT         ?PR?_TRAITEMENT_T?MAIN
            CODE    5749H     007DH     UNIT         ?PR?SERINCHAR_BIN?UART0_RINGBUFFER_LIB
            CODE    57C6H     007DH     UNIT         ?PR?SERINCHAR_BIN1?UART1
            CODE    5843H     007AH     UNIT         ?PR?_ECHANGE_TRAME?TRANSMISSION_SPI
            CODE    58BDH     006BH     UNIT         ?PR?_STRCAT?STRCAT
            CODE    5928H     0064H     UNIT         ?PR?SERINCHAR?UART0_RINGBUFFER_LIB
            CODE    598CH     0064H     UNIT         ?PR?SERINCHAR1?UART1
            CODE    59F0H     005EH     UNIT         ?PR?_SEROUTSTRING?UART0_RINGBUFFER_LIB
BL51 BANKED LINKER/LOCATER V6.22                                                      05/24/2018  14:45:11  PAGE 4


            CODE    5A4EH     005EH     UNIT         ?PR?_SEROUTSTRING1?UART1
            CODE    5AACH     005BH     UNIT         ?PR?INIT_SERIAL_BUFFER?UART0_RINGBUFFER_LIB
            CODE    5B07H     005BH     UNIT         ?PR?INIT_SERIAL_BUFFER1?UART1
            CODE    5B62H     0059H     UNIT         ?CO?FONCTIONS_COTE_SERIALIZER
            CODE    5BBBH     0055H     UNIT         ?PR?_CONV_ANGLE_TICKS?FONCTIONS_COTE_SERIALIZER
            CODE    5C10H     004AH     UNIT         ?PR?SON_SONORE?GENERATION_SON
            CODE    5C5AH     004AH     UNIT         ?PR?POINTEUR_LUM?ENCODAGE_POINTEUR_LUM
            CODE    5CA4H     0049H     UNIT         ?PR?_CONVERSIONCOORD_2?MAIN
            CODE    5CEDH     0024H     UNIT         ?PR?_CONVERSIONCOORD?MAIN
            CODE    5D11H     0024H     UNIT         ?PR?CONFIG_TIMER2?TIMERS
            CODE    5D35H     0024H     UNIT         ?PR?CONFIG_TIMER3?TIMERS
            CODE    5D59H     0023H     UNIT         ?PR?_CONV_DISTANCE_TICKS?FONCTIONS_COTE_SERIALIZER
            CODE    5D7CH     001AH     UNIT         ?PR?OSCILLATOR_INIT?CONFIG_GLOBALE
            CODE    5D96H     0019H     UNIT         ?PR?GPIO_CONFIG?CONFIG_GLOBALE
            CODE    5DAFH     0015H     UNIT         ?PR?CONFIG_SPI_MASTER?CONFIG_SPI
            CODE    5DC4H     0015H     UNIT         ?PR?_STRLEN?STRLEN
            CODE    5DD9H     0013H     UNIT         ?PR?CFG_ADC0?CONFIG_ADC
            CODE    5DECH     0013H     UNIT         ?PR?CFG_CLOCK_UART?UART0_RINGBUFFER_LIB
            CODE    5DFFH     0012H     UNIT         ?PR?TRAITEMENT_E?MAIN
            CODE    5E11H     0012H     UNIT         ?PR?CFG_UART0_MODE1?UART0_RINGBUFFER_LIB
            CODE    5E23H     0011H     UNIT         ?CO?DETECT_OBST
            CODE    5E34H     0010H     UNIT         ?PR?_DEBUT_TRAME?TRANSMISSION_SPI
            CODE    5E44H     0010H     UNIT         ?PR?CFG_UART1?UART1
            CODE    5E54H     000DH     UNIT         ?PR?TRAITEMENT_Q?MAIN
            CODE    5E61H     000DH     UNIT         ?PR?TRAME_RECUE?TRANSMISSION_SPI
            CODE    5E6EH     000CH     UNIT         ?PR?INIT_DEVICE?CONFIG_GLOBALE
            CODE    5E7AH     000BH     UNIT         ?PR?CONFIG_TIMER0?TIMERS
            CODE    5E85H     000AH     UNIT         ?PR?ACQ_ADC?CONFIG_ADC
            CODE    5E8FH     000AH     UNIT         ?PR?INITIALISATION_TIMER0?TIMERS
            CODE    5E99H     000AH     UNIT         ?PR?FIN_TRAME?TRANSMISSION_SPI
            CODE    5EA3H     0007H     UNIT         ?PR?DISABLE_WDT?CONFIG_GLOBALE
            CODE    5EAAH     0007H     UNIT         ?PR?_ECHANGE_OCTET?TRANSMISSION_SPI
            CODE    5EB1H     0004H     UNIT         ?PR?RESET_SRC?CONFIG_GLOBALE
            CODE    5EB5H     0004H     UNIT         ?CO?GENERATION_SON
            CODE    5EB9H     0004H     UNIT         ?CO?ENCODAGE_POINTEUR_LUM



OVERLAY MAP OF MODULE:   Master (?C_STARTUP)


SEGMENT                                             BIT_GROUP          DATA_GROUP          XDATA_GROUP
  +--> CALLED SEGMENT                            START    LENGTH     START    LENGTH     START    LENGTH
--------------------------------------------------------------------------------------------------------
?C_C51STARTUP                                    -----    -----      -----    -----      -----    -----
  +--> ?PR?MAIN?MAIN
  +--> ?C_INITSEG

?PR?MAIN?MAIN                                    -----    -----      -----    -----      0000H    009CH
  +--> ?CO?MAIN
  +--> ?PR?INIT_DEVICE?CONFIG_GLOBALE
  +--> ?PR?CONFIG_TIMER2?TIMERS
  +--> ?PR?CONFIG_TIMER0?TIMERS
  +--> ?PR?CONFIG_TIMER3?TIMERS
  +--> ?PR?CONFIG_SPI_MASTER?CONFIG_SPI
  +--> ?PR?CFG_VREF?CONFIG_ADC
  +--> ?PR?CFG_ADC0?CONFIG_ADC
BL51 BANKED LINKER/LOCATER V6.22                                                      05/24/2018  14:45:11  PAGE 5


  +--> ?PR?CFG_CLOCK_UART?UART0_RINGBUFFER_LIB
  +--> ?PR?CFG_UART0_MODE1?UART0_RINGBUFFER_LIB
  +--> ?PR?INIT_SERIAL_BUFFER?UART0_RINGBUFF...
  +--> ?PR?INIT_SERIAL_BUFFER1?UART1
  +--> ?PR?CFG_UART1?UART1
  +--> ?PR?_SEROUTSTRING?UART0_RINGBUFFER_LIB
  +--> ?PR?_STRLEN?STRLEN
  +--> ?PR?SERINCHAR?UART0_RINGBUFFER_LIB
  +--> ?PR?_MESSAGE?MAIN
  +--> ?PR?FONCTIONROUTAGE?LIEN_STRUCTURE_CO...

?PR?INIT_DEVICE?CONFIG_GLOBALE                   -----    -----      -----    -----      -----    -----
  +--> ?PR?RESET_SRC?CONFIG_GLOBALE
  +--> ?PR?DISABLE_WDT?CONFIG_GLOBALE
  +--> ?PR?OSCILLATOR_INIT?CONFIG_GLOBALE
  +--> ?PR?GPIO_CONFIG?CONFIG_GLOBALE

?PR?CONFIG_TIMER3?TIMERS                         -----    -----      -----    -----      -----    -----
  +--> ?PR?_CEIL?CEIL

?PR?_CEIL?CEIL                                   -----    -----      -----    -----      06E0H    0008H

?PR?_SEROUTSTRING?UART0_RINGBUFFER_LIB           -----    -----      -----    -----      06FBH    0005H
  +--> ?PR?_STRLEN?STRLEN
  +--> ?PR?_SEROUTCHAR?UART0_RINGBUFFER_LIB

?PR?_MESSAGE?MAIN                                -----    -----      -----    -----      009CH    0029H
  +--> ?PR?_TRAITEMENT_A?MAIN
  +--> ?PR?_TRAITEMENT_T?MAIN
  +--> ?PR?_TRAITEMENT_D?MAIN
  +--> ?PR?TRAITEMENT_E?MAIN
  +--> ?PR?TRAITEMENT_Q?MAIN
  +--> ?PR?_TRAITEMENT_L?MAIN
  +--> ?PR?_TRAITEMENT_M?MAIN
  +--> ?PR?_TRAITEMENT_B?MAIN
  +--> ?PR?_TRAITEMENT_S?MAIN
  +--> ?PR?_TRAITEMENT_G?MAIN
  +--> ?PR?_TRAITEMENT_R?MAIN
  +--> ?PR?_TRAITEMENT_C?MAIN

?PR?_TRAITEMENT_A?MAIN                           -----    -----      -----    -----      00C5H    002EH
  +--> ?PR?_CONVERSIONANGLE_POSITIF?MAIN
  +--> ?CO?MAIN

?PR?_CONVERSIONANGLE_POSITIF?MAIN                -----    -----      -----    -----      00F5H    0008H

?PR?_TRAITEMENT_T?MAIN                           -----    -----      -----    -----      00C5H    002CH
  +--> ?PR?_CONVERSIONANGLE_POSITIF?MAIN
  +--> ?CO?MAIN

?PR?_TRAITEMENT_D?MAIN                           -----    -----      -----    -----      00C5H    0029H
  +--> ?CO?MAIN

?PR?TRAITEMENT_E?MAIN                            -----    -----      -----    -----      00C5H    0026H

?PR?TRAITEMENT_Q?MAIN                            -----    -----      -----    -----      00C5H    0026H

BL51 BANKED LINKER/LOCATER V6.22                                                      05/24/2018  14:45:11  PAGE 6


?PR?_TRAITEMENT_L?MAIN                           -----    -----      -----    -----      00C5H    002FH
  +--> ?PR?_CONVERSIONCOORD_2?MAIN

?PR?_CONVERSIONCOORD_2?MAIN                      -----    -----      -----    -----      00F4H    0002H

?PR?_TRAITEMENT_M?MAIN                           -----    -----      -----    -----      00C5H    002EH
  +--> ?PR?_CONVERSIONCOORD?MAIN

?PR?_TRAITEMENT_B?MAIN                           -----    -----      -----    -----      00C5H    002CH
  +--> ?PR?_CONVERSIONANGLE_POSITIF?MAIN

?PR?_TRAITEMENT_S?MAIN                           -----    -----      -----    -----      00C5H    0031H
  +--> ?PR?_CONVERSIONCOORD?MAIN

?PR?_TRAITEMENT_G?MAIN                           -----    -----      -----    -----      00C5H    0035H
  +--> ?PR?_STRLEN?STRLEN
  +--> ?PR?_CONV?MAIN

?PR?_CONV?MAIN                                   -----    -----      -----    -----      00FAH    000FH
  +--> ?PR?_POW?POW
  +--> ?PR?_CEIL?CEIL

?PR?_POW?POW                                     -----    -----      -----    -----      06A6H    000AH
  +--> ?PR?LOG?LOG
  +--> ?PR?EXP?EXP

?PR?LOG?LOG                                      0020H.0  0000H.1    -----    -----      06B0H    0004H

?PR?_TRAITEMENT_R?MAIN                           -----    -----      -----    -----      00C5H    0030H
  +--> ?PR?_CONVERSIONANGLE_POSITIF?MAIN

?PR?_TRAITEMENT_C?MAIN                           -----    -----      -----    -----      00C5H    0030H
  +--> ?PR?_CONVERSIONANGLE_POSITIF?MAIN

?PR?FONCTIONROUTAGE?LIEN_STRUCTURE_CO...         -----    -----      -----    -----      009CH    060AH
  +--> ?CO?LIEN_STRUCTURE_COMMANDE
  +--> ?PR?ROUTAGE?LIEN_STRUCTURE_COMMANDE
  +--> ?PR?_CDE_SERVO_H?SERVOMOTEUR_HORIZONTAL
  +--> ?PR?_SEROUTSTRING?UART0_RINGBUFFER_LIB
  +--> ?PR?_STRLEN?STRLEN
  +--> ?PR?_STRCAT?STRCAT
  +--> ?PR?_ECHANGE_TRAME?TRANSMISSION_SPI
  +--> ?PR?TEMPO_EMISS?LIEN_STRUCTURE_COMMANDE
  +--> ?PR?TRAME_RECUE?TRANSMISSION_SPI
  +--> ?PR?PRINTF?PRINTF
  +--> ?PR?ATAN?ATAN
  +--> ?PR?_POW?POW
  +--> ?PR?_CEIL?CEIL
  +--> ?PR?TRANSCODE_COMMANDE_TO_SERIALIZER?...
  +--> ?PR?FORMATE_SERIALIZER?FONCTIONS_COTE...
  +--> ?PR?_SEROUTSTRING1?UART1
  +--> ?PR?SERINCHAR1?UART1
  +--> ?PR?DETECT_OBST?DETECT_OBST
  +--> ?PR?SON_SONORE?GENERATION_SON
  +--> ?PR?POINTEUR_LUM?ENCODAGE_POINTEUR_LUM

?PR?ROUTAGE?LIEN_STRUCTURE_COMMANDE              -----    -----      -----    -----      06A6H    0029H
BL51 BANKED LINKER/LOCATER V6.22                                                      05/24/2018  14:45:11  PAGE 7



?PR?_CDE_SERVO_H?SERVOMOTEUR_HORIZONTAL          -----    -----      -----    -----      06CCH    0008H
  +--> ?PR?_CEIL?CEIL

?PR?_STRCAT?STRCAT                               -----    -----      -----    -----      06FBH    0009H

?PR?_ECHANGE_TRAME?TRANSMISSION_SPI              -----    -----      -----    -----      06D0H    000BH
  +--> ?PR?_DEBUT_TRAME?TRANSMISSION_SPI
  +--> ?PR?_ECHANGE_OCTET?TRANSMISSION_SPI
  +--> ?PR?FIN_TRAME?TRANSMISSION_SPI

?PR?_DEBUT_TRAME?TRANSMISSION_SPI                -----    -----      -----    -----      06DBH    0001H
  +--> ?PR?_TRAME_EMISE?TRANSMISSION_SPI

?PR?_TRAME_EMISE?TRANSMISSION_SPI                -----    -----      -----    -----      06DCH    0003H

?PR?_ECHANGE_OCTET?TRANSMISSION_SPI              -----    -----      -----    -----      -----    -----
  +--> ?PR?_TRAME_EMISE?TRANSMISSION_SPI
  +--> ?PR?TRAME_RECUE?TRANSMISSION_SPI

?PR?TRAME_RECUE?TRANSMISSION_SPI                 -----    -----      -----    -----      06DBH    0001H
  +--> ?PR?_TRAME_EMISE?TRANSMISSION_SPI

?PR?FIN_TRAME?TRANSMISSION_SPI                   -----    -----      -----    -----      -----    -----
  +--> ?PR?_TRAME_EMISE?TRANSMISSION_SPI

?PR?TEMPO_EMISS?LIEN_STRUCTURE_COMMANDE          -----    -----      -----    -----      06D0H    0002H

?PR?PRINTF?PRINTF                                0020H.0  0001H.1    0008H    0005H      06F2H    0030H
  +--> ?PR?PUTCHAR?PUTCHAR

?PR?ATAN?ATAN                                    0020H.0  0000H.2    -----    -----      06A6H    0004H

?PR?TRANSCODE_COMMANDE_TO_SERIALIZER?...         -----    -----      -----    -----      06A6H    0036H
  +--> ?PR?_CONV_ANGLE_TICKS?FONCTIONS_COTE_...
  +--> ?PR?_CONV_DISTANCE_TICKS?FONCTIONS_CO...

?PR?_CONV_ANGLE_TICKS?FONCTIONS_COTE_...         -----    -----      -----    -----      06DCH    0004H
  +--> ?PR?_CEIL?CEIL

?PR?_CONV_DISTANCE_TICKS?FONCTIONS_CO...         -----    -----      -----    -----      -----    -----
  +--> ?PR?_CEIL?CEIL

?PR?FORMATE_SERIALIZER?FONCTIONS_COTE...         -----    -----      -----    -----      06A6H    001BH
  +--> ?CO?FONCTIONS_COTE_SERIALIZER
  +--> ?PR?_TRUE_VIT?FONCTIONS_COTE_SERIALIZER
  +--> ?PR?PRINTF?PRINTF
  +--> ?PR?_STRCAT?STRCAT
  +--> ?PR?_TRUE_TICKS?FONCTIONS_COTE_SERIAL...

?PR?_TRUE_TICKS?FONCTIONS_COTE_SERIAL...         -----    -----      -----    -----      06C1H    000BH
  +--> ?CO?FONCTIONS_COTE_SERIALIZER
  +--> ?PR?PRINTF?PRINTF
  +--> ?PR?_STRCAT?STRCAT
  +--> ?PR?_STRLEN?STRLEN

?PR?_SEROUTSTRING1?UART1                         -----    -----      -----    -----      06A6H    0005H
BL51 BANKED LINKER/LOCATER V6.22                                                      05/24/2018  14:45:11  PAGE 8


  +--> ?PR?_STRLEN?STRLEN
  +--> ?PR?_SEROUTCHAR1?UART1

?PR?DETECT_OBST?DETECT_OBST                      -----    -----      -----    -----      06A6H    0026H
  +--> ?PR?DETECTION_AV?DETECT_OBST
  +--> ?PR?DETECTION_AV_AR?DETECT_OBST
  +--> ?PR?_CDE_SERVO_H?SERVOMOTEUR_HORIZONTAL
  +--> ?CO?DETECT_OBST
  +--> ?PR?PRINTF?PRINTF
  +--> ?PR?_AFFICHAGE?DETECT_OBST

?PR?DETECTION_AV?DETECT_OBST                     -----    -----      -----    -----      06CCH    0026H
  +--> ?PR?MES_DIST_AV?ULTRASON
  +--> ?CO?DETECT_OBST
  +--> ?PR?PRINTF?PRINTF
  +--> ?PR?_AFFICHAGE?DETECT_OBST

?PR?MES_DIST_AV?ULTRASON                         -----    -----      -----    -----      06F2H    0012H
  +--> ?PR?INITIALISATION_TIMER0?TIMERS

?PR?_AFFICHAGE?DETECT_OBST                       -----    -----      -----    -----      06F2H    0006H
  +--> ?PR?_STRCAT?STRCAT
  +--> ?CO?DETECT_OBST
  +--> ?PR?_SEROUTSTRING?UART0_RINGBUFFER_LIB
  +--> ?PR?_STRLEN?STRLEN

?PR?DETECTION_AV_AR?DETECT_OBST                  -----    -----      -----    -----      06CCH    0026H
  +--> ?PR?MES_DIST_AV?ULTRASON
  +--> ?PR?MES_DIST_AR?ULTRASON
  +--> ?CO?DETECT_OBST
  +--> ?PR?PRINTF?PRINTF
  +--> ?PR?_AFFICHAGE_AV_AR?DETECT_OBST

?PR?MES_DIST_AR?ULTRASON                         -----    -----      -----    -----      06F2H    0012H
  +--> ?PR?INITIALISATION_TIMER0?TIMERS

?PR?_AFFICHAGE_AV_AR?DETECT_OBST                 -----    -----      -----    -----      06F2H    0009H
  +--> ?PR?_STRCAT?STRCAT
  +--> ?CO?DETECT_OBST
  +--> ?PR?_SEROUTSTRING?UART0_RINGBUFFER_LIB
  +--> ?PR?_STRLEN?STRLEN

?PR?SON_SONORE?GENERATION_SON                    -----    -----      -----    -----      06A6H    002AH
  +--> ?CO?GENERATION_SON
  +--> ?PR?_ECHANGE_TRAME?TRANSMISSION_SPI
  +--> ?PR?TEMPO_EMISS?LIEN_STRUCTURE_COMMANDE

?PR?POINTEUR_LUM?ENCODAGE_POINTEUR_LUM           -----    -----      -----    -----      06A6H    002AH
  +--> ?CO?ENCODAGE_POINTEUR_LUM
  +--> ?PR?_ECHANGE_TRAME?TRANSMISSION_SPI
  +--> ?PR?TEMPO_EMISS?LIEN_STRUCTURE_COMMANDE

*** NEW ROOT ***************************************************

?PR?ISR_TIMER3?MAIN                              -----    -----      -----    -----      -----    -----
  +--> ?PR?COURANT_ADC?MESURE_COURANT

BL51 BANKED LINKER/LOCATER V6.22                                                      05/24/2018  14:45:11  PAGE 9


?PR?COURANT_ADC?MESURE_COURANT                   -----    -----      -----    -----      0722H    000AH
  +--> ?PR?ACQ_ADC?CONFIG_ADC



SYMBOL TABLE OF MODULE:  Master (?C_STARTUP)

  VALUE           TYPE          NAME
  ----------------------------------

  -------         MODULE        ?C_STARTUP
  C:5395H         SEGMENT       ?C_C51STARTUP
  I:0022H         SEGMENT       ?STACK
  C:0000H         PUBLIC        ?C_STARTUP
  D:00E0H         SYMBOL        ACC
  D:00F0H         SYMBOL        B
  D:0083H         SYMBOL        DPH
  D:0082H         SYMBOL        DPL
  N:0000H         SYMBOL        IBPSTACK
  N:0100H         SYMBOL        IBPSTACKTOP
  N:0080H         SYMBOL        IDATALEN
  C:5398H         SYMBOL        IDATALOOP
  N:0000H         SYMBOL        PBPSTACK
  N:0100H         SYMBOL        PBPSTACKTOP
  N:0000H         SYMBOL        PDATALEN
  N:0000H         SYMBOL        PDATASTART
  N:0000H         SYMBOL        PPAGE
  N:0000H         SYMBOL        PPAGEENABLE
  D:00A0H         SYMBOL        PPAGE_SFR
  D:0081H         SYMBOL        SP
  C:5395H         SYMBOL        STARTUP1
  N:0000H         SYMBOL        XBPSTACK
  N:0000H         SYMBOL        XBPSTACKTOP
  N:0000H         SYMBOL        XDATALEN
  N:0000H         SYMBOL        XDATASTART
  C:0000H         LINE#         126
  C:5395H         LINE#         133
  C:5397H         LINE#         134
  C:5398H         LINE#         135
  C:5399H         LINE#         136
  C:539BH         LINE#         185
  C:539EH         LINE#         196
  -------         ENDMOD        ?C_STARTUP

  -------         MODULE        CONFIG_ADC
  C:0000H         SYMBOL        _ICE_DUMMY_
  C:5E85H         PUBLIC        ACQ_ADC
  D:00BCH         PUBLIC        ADC0CF
  D:00E8H         PUBLIC        ADC0CN
  D:00A8H         PUBLIC        IE
  D:00D8H         PUBLIC        PCA0CN
  D:00B8H         PUBLIC        IP
  D:00D1H         PUBLIC        REF0CN
  D:00BAH         PUBLIC        AMX0CF
  B:00E8H.5       PUBLIC        AD0INT
  D:00C0H         PUBLIC        SMB0CN
  C:5DD9H         PUBLIC        CFG_ADC0
BL51 BANKED LINKER/LOCATER V6.22                                                      05/24/2018  14:45:11  PAGE 10


  D:00F8H         PUBLIC        SPI0CN
  D:0088H         PUBLIC        TCON
  D:00BBH         PUBLIC        AMX0SL
  D:00BFH         PUBLIC        ADC0H
  B:00E8H.7       PUBLIC        AD0EN
  D:0098H         PUBLIC        SCON0
  C:009DH         PUBLIC        CFG_VREF
  D:00C8H         PUBLIC        T2CON
  B:00E8H.0       PUBLIC        AD0LJST
  B:00E8H.2       PUBLIC        AD0CM0
  B:00E8H.3       PUBLIC        AD0CM1
  B:00E8H.4       PUBLIC        AD0BUSY
  D:00D0H         PUBLIC        PSW
  -------         PROC          CFG_VREF
  C:009DH         LINE#         9
  C:009DH         LINE#         10
  C:00A0H         LINE#         11
  -------         ENDPROC       CFG_VREF
  -------         PROC          CFG_ADC0
  C:5DD9H         LINE#         13
  C:5DD9H         LINE#         15
  C:5DDBH         LINE#         17
  C:5DDEH         LINE#         18
  C:5DDEH         LINE#         19
  C:5DE1H         LINE#         20
  C:5DE1H         LINE#         22
  C:5DE3H         LINE#         25
  C:5DE5H         LINE#         26
  C:5DE7H         LINE#         28
  C:5DE9H         LINE#         30
  C:5DEBH         LINE#         31
  -------         ENDPROC       CFG_ADC0
  -------         PROC          ACQ_ADC
  C:5E85H         LINE#         34
  C:5E85H         LINE#         35
  C:5E87H         LINE#         36
  C:5E89H         LINE#         37
  C:5E8CH         LINE#         38
  C:5E8EH         LINE#         39
  -------         ENDPROC       ACQ_ADC
  -------         ENDMOD        CONFIG_ADC

  -------         MODULE        CONFIG_GLOBALE
  C:0000H         SYMBOL        _ICE_DUMMY_
  D:0080H         PUBLIC        P0
  D:00FFH         PUBLIC        WDTCN
  D:00A0H         PUBLIC        P2
  C:5EA3H         PUBLIC        Disable_WDT
  D:00E8H         PUBLIC        ADC0CN
  D:00A4H         PUBLIC        P0MDOUT
  D:00A8H         PUBLIC        IE
  D:00A6H         PUBLIC        P2MDOUT
  D:00D8H         PUBLIC        PCA0CN
  D:00B8H         PUBLIC        IP
  C:5D7CH         PUBLIC        Oscillator_Init
  D:00E1H         PUBLIC        XBR0
  D:00E3H         PUBLIC        XBR2
BL51 BANKED LINKER/LOCATER V6.22                                                      05/24/2018  14:45:11  PAGE 11


  D:00C0H         PUBLIC        SMB0CN
  D:00F8H         PUBLIC        SPI0CN
  C:5EB1H         PUBLIC        Reset_src
  D:0088H         PUBLIC        TCON
  D:00B2H         PUBLIC        OSCICN
  C:5E6EH         PUBLIC        Init_Device
  D:00B1H         PUBLIC        OSCXCN
  D:00EFH         PUBLIC        RSTSRC
  D:0098H         PUBLIC        SCON0
  D:00C8H         PUBLIC        T2CON
  C:5D96H         PUBLIC        GPIO_Config
  D:00D0H         PUBLIC        PSW
  -------         PROC          INIT_DEVICE
  C:5E6EH         LINE#         7
  C:5E6EH         LINE#         8
  C:5E71H         LINE#         9
  C:5E74H         LINE#         10
  C:5E77H         LINE#         11
  -------         ENDPROC       INIT_DEVICE
  -------         PROC          OSCILLATOR_INIT
  -------         DO            
  D:0006H         SYMBOL        i
  -------         ENDDO         
  C:5D7CH         LINE#         14
  C:5D7CH         LINE#         18
  C:5D7FH         LINE#         19
  C:5D8DH         LINE#         20
  C:5D92H         LINE#         21
  C:5D95H         LINE#         22
  -------         ENDPROC       OSCILLATOR_INIT
  -------         PROC          RESET_SRC
  C:5EB1H         LINE#         24
  C:5EB1H         LINE#         26
  C:5EB4H         LINE#         27
  -------         ENDPROC       RESET_SRC
  -------         PROC          DISABLE_WDT
  C:5EA3H         LINE#         29
  C:5EA3H         LINE#         31
  C:5EA6H         LINE#         32
  C:5EA9H         LINE#         33
  -------         ENDPROC       DISABLE_WDT
  -------         PROC          GPIO_CONFIG
  C:5D96H         LINE#         36
  C:5D96H         LINE#         39
  C:5D99H         LINE#         40
  C:5D9CH         LINE#         43
  C:5D9FH         LINE#         44
  C:5DA2H         LINE#         51
  C:5DA5H         LINE#         52
  C:5DA8H         LINE#         54
  C:5DABH         LINE#         55
  C:5DAEH         LINE#         59
  -------         ENDPROC       GPIO_CONFIG
  -------         ENDMOD        CONFIG_GLOBALE

  -------         MODULE        CONFIG_SPI
  C:0000H         SYMBOL        _ICE_DUMMY_
BL51 BANKED LINKER/LOCATER V6.22                                                      05/24/2018  14:45:11  PAGE 12


  D:009DH         PUBLIC        SPI0CKR
  D:0080H         PUBLIC        P0
  B:00F8H.0       PUBLIC        SPIEN
  D:0090H         PUBLIC        P1
  D:00A0H         PUBLIC        P2
  D:00B0H         PUBLIC        P3
  B:00F8H.1       PUBLIC        MSTEN
  D:00E8H         PUBLIC        ADC0CN
  D:00A8H         PUBLIC        IE
  D:00D8H         PUBLIC        PCA0CN
  D:00B8H         PUBLIC        IP
  D:00C0H         PUBLIC        SMB0CN
  B:00F8H.5       PUBLIC        MODF
  D:00F8H         PUBLIC        SPI0CN
  B:00F8H.7       PUBLIC        SPIF
  D:0088H         PUBLIC        TCON
  B:00F8H.6       PUBLIC        WCOL
  C:5DAFH         PUBLIC        Config_SPI_MASTER
  D:0098H         PUBLIC        SCON0
  D:00C8H         PUBLIC        T2CON
  D:009AH         PUBLIC        SPI0CFG
  B:00F8H.4       PUBLIC        RXOVRN
  D:00D0H         PUBLIC        PSW
  -------         PROC          CONFIG_SPI_MASTER
  C:5DAFH         LINE#         10
  C:5DAFH         LINE#         12
  C:5DB1H         LINE#         13
  C:5DB3H         LINE#         14
  C:5DB5H         LINE#         15
  C:5DB7H         LINE#         16
  C:5DB9H         LINE#         17
  C:5DBBH         LINE#         20
  C:5DBEH         LINE#         22
  C:5DC1H         LINE#         24
  C:5DC3H         LINE#         25
  -------         ENDPROC       CONFIG_SPI_MASTER
  -------         ENDMOD        CONFIG_SPI

  -------         MODULE        DETECT_OBST
  C:0000H         SYMBOL        _ICE_DUMMY_
  D:00E8H         PUBLIC        ADC0CN
  D:00A8H         PUBLIC        IE
  X:072CH         PUBLIC        affichage
  X:082CH         PUBLIC        detection_arriere
  X:0830H         PUBLIC        tab_angles
  D:00D8H         PUBLIC        PCA0CN
  D:00B8H         PUBLIC        IP
  X:0894H         PUBLIC        obstacle_arriere
  D:00C0H         PUBLIC        SMB0CN
  X:0899H         PUBLIC        information
  D:00F8H         PUBLIC        SPI0CN
  X:08B3H         PUBLIC        angle_min
  C:47FAH         PUBLIC        detection_AV_AR
  D:0088H         PUBLIC        TCON
  X:08B5H         PUBLIC        min_AR
  X:08B7H         PUBLIC        min_AV
  C:4FB3H         PUBLIC        detection_AV
BL51 BANKED LINKER/LOCATER V6.22                                                      05/24/2018  14:45:11  PAGE 13


  X:08B9H         PUBLIC        tab_dist_AR
  X:0981H         PUBLIC        detection_avant
  X:0985H         PUBLIC        min
  X:0987H         PUBLIC        tab_dist_AV
  X:0A4FH         PUBLIC        dist_min_ascii
  X:0A54H         PUBLIC        dist_min_AR
  X:0A68H         PUBLIC        obstacle_avant
  X:0A6DH         PUBLIC        dist_min_AV
  C:1281H         PUBLIC        Detect_Obst
  X:0A81H         PUBLIC        dist_min
  C:505CH         PUBLIC        _Affichage_AV_AR
  X:0A85H         PUBLIC        c
  D:0098H         PUBLIC        SCON0
  D:00C8H         PUBLIC        T2CON
  X:0A87H         PUBLIC        j
  X:0A89H         PUBLIC        k
  C:5645H         PUBLIC        _Affichage
  X:0A8BH         PUBLIC        angle_ascii
  X:0A90H         PUBLIC        z
  D:00D0H         PUBLIC        PSW
  X:0A92H         PUBLIC        Angle_servo
  -------         PROC          _AFFICHAGE
  X:06F2H         SYMBOL        obst_AV
  X:06F5H         SYMBOL        Serv
  C:5645H         LINE#         40
  C:5650H         LINE#         41
  C:566CH         LINE#         42
  C:5683H         LINE#         43
  C:56A1H         LINE#         45
  C:56AAH         LINE#         46
  C:56B3H         LINE#         47
  -------         ENDPROC       _AFFICHAGE
  -------         PROC          _AFFICHAGE_AV_AR
  X:06F2H         SYMBOL        obst_AV
  X:06F5H         SYMBOL        obst_AR
  X:06F8H         SYMBOL        Serv
  C:505CH         LINE#         50
  C:5067H         LINE#         51
  C:5085H         LINE#         52
  C:509CH         LINE#         53
  C:50BAH         LINE#         54
  C:50D1H         LINE#         55
  C:50EFH         LINE#         57
  C:50F8H         LINE#         58
  C:5101H         LINE#         59
  -------         ENDPROC       _AFFICHAGE_AV_AR
  -------         PROC          L?0088
  -------         ENDPROC       L?0088
  -------         PROC          DETECTION_AV
  X:06CCH         SYMBOL        com
  C:4FB3H         LINE#         64
  C:4FB3H         LINE#         66
  C:4FBCH         LINE#         67
  C:4FD4H         LINE#         68
  C:4FDAH         LINE#         69
  C:4FDAH         LINE#         70
  C:4FE2H         LINE#         71
BL51 BANKED LINKER/LOCATER V6.22                                                      05/24/2018  14:45:11  PAGE 14


  C:500DH         LINE#         72
  C:5033H         LINE#         74
  C:504AH         LINE#         75
  C:504AH         LINE#         76
  C:505BH         LINE#         77
  -------         ENDPROC       DETECTION_AV
  -------         PROC          L?0089
  -------         ENDPROC       L?0089
  -------         PROC          DETECTION_AV_AR
  X:06CCH         SYMBOL        com
  C:47FAH         LINE#         80
  C:47FAH         LINE#         81
  C:4803H         LINE#         82
  C:480CH         LINE#         83
  C:4824H         LINE#         84
  C:482AH         LINE#         85
  C:482AH         LINE#         86
  C:4842H         LINE#         87
  C:4848H         LINE#         88
  C:4848H         LINE#         89
  C:4853H         LINE#         90
  C:487EH         LINE#         91
  C:48A9H         LINE#         92
  C:48CFH         LINE#         94
  C:48F2H         LINE#         95
  C:48F2H         LINE#         97
  C:4903H         LINE#         98
  -------         ENDPROC       DETECTION_AV_AR
  -------         PROC          DETECT_OBST
  X:06A6H         SYMBOL        com
  C:1281H         LINE#         102
  C:1281H         LINE#         105
  C:1296H         LINE#         106
  C:1296H         LINE#         107
  C:129CH         LINE#         108
  C:12B1H         LINE#         109
  C:12B1H         LINE#         110
  C:12B1H         LINE#         111
  C:12C7H         LINE#         112
  C:12C7H         LINE#         113
  C:12C7H         LINE#         115
  C:12C7H         LINE#         116
  C:12CFH         LINE#         117
  C:12EEH         LINE#         118
  C:12F9H         LINE#         119
  C:131AH         LINE#         120
  C:131DH         LINE#         121
  C:1333H         LINE#         122
  C:1333H         LINE#         123
  C:1333H         LINE#         124
  C:1352H         LINE#         125
  C:135DH         LINE#         126
  C:137EH         LINE#         127
  C:1381H         LINE#         128
  C:1397H         LINE#         129
  C:1397H         LINE#         130
  C:1397H         LINE#         133
BL51 BANKED LINKER/LOCATER V6.22                                                      05/24/2018  14:45:11  PAGE 15


  C:1397H         LINE#         134
  C:13A2H         LINE#         135
  C:13C1H         LINE#         136
  C:13E4H         LINE#         137
  C:1405H         LINE#         138
  C:143AH         LINE#         139
  C:1448H         LINE#         140
  C:145FH         LINE#         141
  C:148BH         LINE#         142
  C:14E8H         LINE#         143
  C:14F7H         LINE#         144
  C:14F7H         LINE#         145
  C:1508H         LINE#         146
  C:1535H         LINE#         147
  C:1552H         LINE#         150
  C:157DH         LINE#         151
  C:158AH         LINE#         153
  C:158AH         LINE#         155
  C:158DH         LINE#         156
  C:158DH         LINE#         157
  C:15ACH         LINE#         158
  C:15CFH         LINE#         159
  C:15F0H         LINE#         160
  C:1625H         LINE#         161
  C:1633H         LINE#         162
  C:164AH         LINE#         163
  C:1676H         LINE#         164
  C:16D3H         LINE#         165
  C:16E2H         LINE#         166
  C:16E2H         LINE#         167
  C:16F3H         LINE#         168
  C:171DH         LINE#         169
  C:1749H         LINE#         170
  C:17A6H         LINE#         171
  C:17B5H         LINE#         172
  C:17B5H         LINE#         173
  C:17C6H         LINE#         174
  C:17F0H         LINE#         176
  C:17FEH         LINE#         177
  C:1817H         LINE#         178
  C:1817H         LINE#         179
  C:1819H         LINE#         180
  C:1819H         LINE#         181
  C:1846H         LINE#         182
  C:1863H         LINE#         183
  C:1863H         LINE#         185
  C:188EH         LINE#         186
  C:18B4H         LINE#         188
  C:18CBH         LINE#         189
  C:18CBH         LINE#         190
  C:18CBH         LINE#         191
  C:18CBH         LINE#         193
  -------         ENDPROC       DETECT_OBST
  -------         ENDMOD        DETECT_OBST

  -------         MODULE        FONCTIONS_COTE_SERIALIZER
  C:0000H         SYMBOL        _ICE_DUMMY_
BL51 BANKED LINKER/LOCATER V6.22                                                      05/24/2018  14:45:11  PAGE 16


  D:00E8H         PUBLIC        ADC0CN
  D:00A8H         PUBLIC        IE
  C:18CCH         PUBLIC        formate_serializer
  D:00D8H         PUBLIC        PCA0CN
  D:00B8H         PUBLIC        IP
  C:5BD8H         PUBLIC        _conv_angle_ticks
  D:00C0H         PUBLIC        SMB0CN
  D:00F8H         PUBLIC        SPI0CN
  D:0088H         PUBLIC        TCON
  C:447BH         PUBLIC        _itos
  C:5BB7H         SYMBOL        _?ix1000
  C:45C8H         PUBLIC        _true_ticks
  C:2CE8H         PUBLIC        transcode_commande_to_serializer
  D:0098H         PUBLIC        SCON0
  D:00C8H         PUBLIC        T2CON
  C:5D62H         PUBLIC        _conv_distance_ticks
  C:0003H         PUBLIC        _true_vit
  D:00D0H         PUBLIC        PSW
  -------         PROC          L?0091
  -------         ENDPROC       L?0091
  -------         PROC          _CONV_DISTANCE_TICKS
  D:0006H         SYMBOL        d
  -------         DO            
  D:0006H         SYMBOL        ret
  -------         ENDDO         
  C:5D62H         LINE#         40
  C:5D62H         LINE#         41
  C:5D7BH         LINE#         42
  C:5D7BH         LINE#         43
  -------         ENDPROC       _CONV_DISTANCE_TICKS
  -------         PROC          L?0090
  -------         ENDPROC       L?0090
  -------         PROC          _CONV_ANGLE_TICKS
  D:0006H         SYMBOL        angle
  -------         DO            
  D:0006H         SYMBOL        ret
  X:06DCH         SYMBOL        a
  -------         ENDDO         
  C:5BD8H         LINE#         45
  C:5BD8H         LINE#         47
  C:5BF0H         LINE#         48
  C:5C0FH         LINE#         49
  C:5C0FH         LINE#         50
  -------         ENDPROC       _CONV_ANGLE_TICKS
  -------         PROC          _ITOS
  X:0BF8H         SYMBOL        i
  X:0BFAH         SYMBOL        ret
  -------         DO            
  X:0BFDH         SYMBOL        nbr3
  X:0C00H         SYMBOL        nbr2
  X:0C02H         SYMBOL        nbr1
  X:0C03H         SYMBOL        c
  X:0C05H         SYMBOL        d
  X:0C07H         SYMBOL        u
  -------         ENDDO         
  C:447BH         LINE#         52
  C:448CH         LINE#         56
BL51 BANKED LINKER/LOCATER V6.22                                                      05/24/2018  14:45:11  PAGE 17


  C:44A3H         LINE#         57
  C:44D0H         LINE#         58
  C:44F7H         LINE#         60
  C:4508H         LINE#         61
  C:4513H         LINE#         62
  C:451EH         LINE#         63
  C:4529H         LINE#         64
  C:453EH         LINE#         65
  C:4540H         LINE#         66
  C:4551H         LINE#         67
  C:455CH         LINE#         68
  C:4567H         LINE#         69
  C:457CH         LINE#         70
  C:457EH         LINE#         71
  C:457EH         LINE#         72
  C:4589H         LINE#         73
  C:45A1H         LINE#         74
  C:45A1H         LINE#         75
  -------         ENDPROC       _ITOS
  -------         PROC          _TRUE_VIT
  D:0007H         SYMBOL        vit
  -------         DO            
  D:0004H         SYMBOL        ret
  -------         ENDDO         
  C:0003H         LINE#         77
  C:0003H         LINE#         78
  C:0007H         LINE#         80
  C:000CH         LINE#         81
  C:001BH         LINE#         82
  C:001BH         LINE#         83
  C:001FH         LINE#         84
  -------         ENDPROC       _TRUE_VIT
  C:45BDH         SYMBOL        L?0089
  -------         PROC          L?0088
  -------         ENDPROC       L?0088
  C:45BDH         SYMBOL        L?0089
  -------         PROC          _TRUE_TICKS
  X:06C1H         SYMBOL        ticks
  X:06C3H         SYMBOL        ret
  -------         DO            
  X:06C6H         SYMBOL        str
  X:06CAH         SYMBOL        l
  -------         ENDDO         
  C:45C8H         LINE#         86
  C:45D9H         LINE#         87
  C:45ECH         LINE#         88
  C:45F3H         LINE#         90
  C:4603H         LINE#         91
  C:4625H         LINE#         92
  C:4625H         LINE#         93
  C:4625H         LINE#         94
  C:463CH         LINE#         95
  C:4652H         LINE#         96
  C:4678H         LINE#         97
  C:4694H         LINE#         98
  C:46AAH         LINE#         99
  C:46C4H         LINE#         100
BL51 BANKED LINKER/LOCATER V6.22                                                      05/24/2018  14:45:11  PAGE 18


  C:46C4H         LINE#         101
  -------         ENDPROC       _TRUE_TICKS
  -------         PROC          FORMATE_SERIALIZER
  X:06A6H         SYMBOL        com
  X:06B5H         SYMBOL        ret
  -------         DO            
  X:06B8H         SYMBOL        nbr
  -------         ENDDO         
  C:18CCH         LINE#         110
  C:18CCH         LINE#         113
  C:1929H         LINE#         114
  C:1929H         LINE#         115
  C:193EH         LINE#         116
  C:1941H         LINE#         117
  C:1941H         LINE#         118
  C:1941H         LINE#         119
  C:1941H         LINE#         120
  C:1941H         LINE#         121
  C:1941H         LINE#         122
  C:1941H         LINE#         123
  C:1941H         LINE#         124
  C:1941H         LINE#         125
  C:1941H         LINE#         126
  C:1941H         LINE#         127
  C:1941H         LINE#         128
  C:1941H         LINE#         129
  C:1941H         LINE#         130
  C:1941H         LINE#         131
  C:1941H         LINE#         132
  C:1941H         LINE#         133
  C:1941H         LINE#         134
  C:1941H         LINE#         135
  C:1941H         LINE#         136
  C:1941H         LINE#         137
  C:1959H         LINE#         138
  C:1959H         LINE#         139
  C:1959H         LINE#         140
  C:195CH         LINE#         141
  C:195CH         LINE#         142
  C:195CH         LINE#         143
  C:1974H         LINE#         144
  C:1974H         LINE#         145
  C:1974H         LINE#         146
  C:1977H         LINE#         147
  C:1977H         LINE#         148
  C:1977H         LINE#         149
  C:198FH         LINE#         150
  C:19B6H         LINE#         151
  C:19D2H         LINE#         152
  C:19EEH         LINE#         153
  C:19EEH         LINE#         154
  C:19EEH         LINE#         155
  C:19F1H         LINE#         156
  C:19F1H         LINE#         157
  C:19F1H         LINE#         158
  C:1A06H         LINE#         159
  C:1A06H         LINE#         160
BL51 BANKED LINKER/LOCATER V6.22                                                      05/24/2018  14:45:11  PAGE 19


  C:1A06H         LINE#         161
  C:1A06H         LINE#         162
  C:1A06H         LINE#         163
  C:1A06H         LINE#         164
  C:1A06H         LINE#         165
  C:1A06H         LINE#         166
  C:1A06H         LINE#         167
  C:1A06H         LINE#         168
  C:1A06H         LINE#         169
  C:1A06H         LINE#         170
  C:1A06H         LINE#         171
  C:1A09H         LINE#         172
  C:1A09H         LINE#         173
  C:1A09H         LINE#         174
  C:1A1EH         LINE#         175
  C:1A21H         LINE#         176
  C:1A21H         LINE#         177
  C:1A21H         LINE#         178
  C:1A21H         LINE#         179
  C:1A24H         LINE#         180
  C:1A40H         LINE#         181
  C:1A5CH         LINE#         182
  C:1A5FH         LINE#         183
  C:1A5FH         LINE#         184
  C:1A62H         LINE#         185
  C:1A62H         LINE#         186
  C:1A62H         LINE#         187
  C:1A7AH         LINE#         188
  C:1AA1H         LINE#         189
  C:1ABDH         LINE#         190
  C:1AD9H         LINE#         191
  C:1ADFH         LINE#         192
  C:1ADFH         LINE#         193
  C:1AE2H         LINE#         194
  C:1AE2H         LINE#         195
  C:1AE2H         LINE#         196
  C:1AE2H         LINE#         197
  C:1AE5H         LINE#         198
  C:1B01H         LINE#         199
  C:1B1DH         LINE#         200
  C:1B44H         LINE#         201
  C:1B60H         LINE#         202
  C:1B7CH         LINE#         203
  C:1B82H         LINE#         204
  C:1B9EH         LINE#         205
  C:1BBAH         LINE#         206
  C:1BE1H         LINE#         207
  C:1BEEH         LINE#         208
  C:1BF1H         LINE#         209
  C:1BF1H         LINE#         210
  C:1BF1H         LINE#         211
  C:1C09H         LINE#         212
  C:1C2FH         LINE#         213
  C:1C4BH         LINE#         214
  C:1C67H         LINE#         215
  C:1C8DH         LINE#         216
  C:1CA9H         LINE#         217
BL51 BANKED LINKER/LOCATER V6.22                                                      05/24/2018  14:45:11  PAGE 20


  C:1CC5H         LINE#         218
  C:1CEBH         LINE#         219
  C:1D07H         LINE#         220
  C:1D23H         LINE#         221
  C:1D49H         LINE#         222
  C:1D65H         LINE#         223
  C:1D81H         LINE#         224
  C:1D83H         LINE#         225
  C:1D83H         LINE#         226
  C:1D83H         LINE#         227
  C:1D98H         LINE#         228
  C:1D9AH         LINE#         229
  C:1D9AH         LINE#         230
  C:1D9AH         LINE#         231
  C:1D9AH         LINE#         232
  C:1D9AH         LINE#         233
  C:1D9AH         LINE#         234
  C:1D9AH         LINE#         235
  C:1D9AH         LINE#         236
  C:1D9AH         LINE#         237
  C:1DAFH         LINE#         238
  C:1DB1H         LINE#         239
  C:1DB1H         LINE#         240
  C:1DB1H         LINE#         241
  C:1DC6H         LINE#         242
  C:1DC8H         LINE#         243
  C:1DC8H         LINE#         244
  C:1DC8H         LINE#         245
  C:1DE0H         LINE#         246
  C:1DE0H         LINE#         247
  C:1DE0H         LINE#         248
  C:1DE0H         LINE#         249
  C:1DE0H         LINE#         250
  C:1DE0H         LINE#         251
  -------         ENDPROC       FORMATE_SERIALIZER
  -------         PROC          TRANSCODE_COMMANDE_TO_SERIALIZER
  X:06A6H         SYMBOL        com
  -------         DO            
  X:06CCH         SYMBOL        ret
  X:06DBH         SYMBOL        v_angl
  D:0007H         SYMBOL        v_line
  -------         ENDDO         
  C:2CE8H         LINE#         259
  C:2CE8H         LINE#         261
  C:2CEEH         LINE#         262
  C:2CF0H         LINE#         264
  C:2CF8H         LINE#         265
  C:2CF8H         LINE#         266
  C:2CFEH         LINE#         267
  C:2CFEH         LINE#         268
  C:2CFEH         LINE#         269
  C:2CFEH         LINE#         270
  C:2CFEH         LINE#         271
  C:2CFEH         LINE#         273
  C:2D37H         LINE#         275
  C:2D37H         LINE#         276
  C:2D3DH         LINE#         277
BL51 BANKED LINKER/LOCATER V6.22                                                      05/24/2018  14:45:11  PAGE 21


  C:2D44H         LINE#         278
  C:2D46H         LINE#         279
  C:2D46H         LINE#         280
  C:2D4AH         LINE#         281
  C:2D4AH         LINE#         282
  C:2D4CH         LINE#         283
  C:2D4CH         LINE#         285
  C:2D4CH         LINE#         286
  C:2D52H         LINE#         287
  C:2D59H         LINE#         288
  C:2D5BH         LINE#         289
  C:2D5BH         LINE#         290
  C:2D65H         LINE#         291
  C:2D69H         LINE#         292
  C:2D6CH         LINE#         293
  C:2D6CH         LINE#         295
  C:2D6CH         LINE#         296
  C:2D72H         LINE#         297
  C:2D75H         LINE#         298
  C:2D75H         LINE#         300
  C:2D75H         LINE#         301
  C:2D7CH         LINE#         302
  C:2D84H         LINE#         303
  C:2D84H         LINE#         304
  C:2D8AH         LINE#         305
  C:2D92H         LINE#         306
  C:2DA6H         LINE#         307
  C:2DAEH         LINE#         308
  C:2DB0H         LINE#         309
  C:2DB2H         LINE#         310
  C:2DB2H         LINE#         312
  C:2DB2H         LINE#         313
  C:2DB9H         LINE#         314
  C:2DC1H         LINE#         315
  C:2DC1H         LINE#         316
  C:2DC7H         LINE#         317
  C:2DCFH         LINE#         318
  C:2DDEH         LINE#         319
  C:2DE6H         LINE#         320
  C:2DE8H         LINE#         321
  C:2DEAH         LINE#         322
  C:2DEAH         LINE#         324
  C:2DEAH         LINE#         325
  C:2DF1H         LINE#         326
  C:2DF9H         LINE#         327
  C:2DF9H         LINE#         328
  C:2DFFH         LINE#         329
  C:2E07H         LINE#         330
  C:2E1BH         LINE#         331
  C:2E23H         LINE#         332
  C:2E27H         LINE#         333
  C:2E2AH         LINE#         334
  C:2E2AH         LINE#         336
  C:2E2AH         LINE#         337
  C:2E31H         LINE#         338
  C:2E39H         LINE#         339
  C:2E39H         LINE#         340
BL51 BANKED LINKER/LOCATER V6.22                                                      05/24/2018  14:45:11  PAGE 22


  C:2E3FH         LINE#         341
  C:2E47H         LINE#         342
  C:2E56H         LINE#         343
  C:2E5EH         LINE#         344
  C:2E62H         LINE#         345
  C:2E65H         LINE#         346
  C:2E65H         LINE#         349
  C:2E65H         LINE#         350
  C:2E6CH         LINE#         351
  C:2E74H         LINE#         352
  C:2E74H         LINE#         353
  C:2E74H         LINE#         354
  C:2E74H         LINE#         355
  C:2E84H         LINE#         356
  C:2E8CH         LINE#         357
  C:2E9EH         LINE#         358
  C:2EA1H         LINE#         359
  C:2EA1H         LINE#         361
  C:2EA1H         LINE#         362
  C:2EA8H         LINE#         363
  C:2EB0H         LINE#         364
  C:2EB0H         LINE#         365
  C:2EB0H         LINE#         366
  C:2EB0H         LINE#         367
  C:2EBBH         LINE#         368
  C:2EC3H         LINE#         369
  C:2EDEH         LINE#         370
  C:2EE0H         LINE#         371
  C:2EE0H         LINE#         373
  C:2EE0H         LINE#         374
  C:2EE7H         LINE#         375
  C:2EEFH         LINE#         376
  C:2EEFH         LINE#         377
  C:2EF5H         LINE#         378
  C:2EFCH         LINE#         379
  C:2F07H         LINE#         380
  C:2F0EH         LINE#         381
  C:2F19H         LINE#         383
  C:2F19H         LINE#         384
  C:2F19H         LINE#         385
  C:2F19H         LINE#         386
  C:2F19H         LINE#         387
  C:2F19H         LINE#         389
  C:2F1FH         LINE#         390
  -------         ENDPROC       TRANSCODE_COMMANDE_TO_SERIALIZER
  -------         ENDMOD        FONCTIONS_COTE_SERIALIZER

  -------         MODULE        GENERATION_SON
  C:0000H         SYMBOL        _ICE_DUMMY_
  D:00E8H         PUBLIC        ADC0CN
  D:00A8H         PUBLIC        IE
  D:00D8H         PUBLIC        PCA0CN
  D:00B8H         PUBLIC        IP
  D:00C0H         PUBLIC        SMB0CN
  D:00F8H         PUBLIC        SPI0CN
  D:0088H         PUBLIC        TCON
  C:5EB5H         SYMBOL        _?ix1000
BL51 BANKED LINKER/LOCATER V6.22                                                      05/24/2018  14:45:11  PAGE 23


  C:5C10H         PUBLIC        son_sonore
  D:0098H         PUBLIC        SCON0
  D:00C8H         PUBLIC        T2CON
  D:00D0H         PUBLIC        PSW
  -------         PROC          SON_SONORE
  X:06A6H         SYMBOL        com
  -------         DO            
  X:06CCH         SYMBOL        rep
  D:0007H         SYMBOL        commande_SPI
  D:0006H         SYMBOL        taille_trame
  -------         ENDDO         
  C:5C10H         LINE#         10
  C:5C10H         LINE#         11
  C:5C23H         LINE#         12
  C:5C25H         LINE#         13
  C:5C27H         LINE#         15
  C:5C2FH         LINE#         16
  C:5C37H         LINE#         17
  C:5C3FH         LINE#         18
  C:5C47H         LINE#         20
  C:5C57H         LINE#         21
  -------         ENDPROC       SON_SONORE
  -------         ENDMOD        GENERATION_SON

  -------         MODULE        GPIO
  C:0000H         SYMBOL        _ICE_DUMMY_
  D:0080H         PUBLIC        P0
  D:0090H         PUBLIC        P1
  D:00A0H         PUBLIC        P2
  D:00B0H         PUBLIC        P3
  D:00E8H         PUBLIC        ADC0CN
  D:00A8H         PUBLIC        IE
  D:00D8H         PUBLIC        PCA0CN
  D:00B8H         PUBLIC        IP
  D:00C0H         PUBLIC        SMB0CN
  D:00F8H         PUBLIC        SPI0CN
  D:0088H         PUBLIC        TCON
  D:0098H         PUBLIC        SCON0
  D:00C8H         PUBLIC        T2CON
  D:00D0H         PUBLIC        PSW
  -------         ENDMOD        GPIO

  -------         MODULE        LIEN_STRUCTURE_COMMANDE
  C:0000H         SYMBOL        _ICE_DUMMY_
  D:0080H         PUBLIC        P0
  D:0090H         PUBLIC        P1
  D:00A0H         PUBLIC        P2
  D:00B0H         PUBLIC        P3
  X:0A95H         PUBLIC        dist_arriere
  X:0A99H         PUBLIC        Angle_voulu
  X:0A9AH         PUBLIC        angle
  D:00E8H         PUBLIC        ADC0CN
  D:00A8H         PUBLIC        IE
  D:00D8H         PUBLIC        PCA0CN
  D:00B8H         PUBLIC        IP
  D:00C0H         PUBLIC        SMB0CN
  X:0A9BH         PUBLIC        msg_Slave
BL51 BANKED LINKER/LOCATER V6.22                                                      05/24/2018  14:45:11  PAGE 24


  C:4EE1H         PUBLIC        tempo_emiss
  D:00F8H         PUBLIC        SPI0CN
  X:0A9CH         PUBLIC        dist_avant
  D:0088H         PUBLIC        TCON
  X:0AA0H         PUBLIC        mess
  X:0AD2H         PUBLIC        message_s
  C:0AFAH         PUBLIC        fonctionRoutage
  C:1E38H         SYMBOL        _?ix1000
  C:1E3AH         SYMBOL        _?ix1001
  C:1E6CH         SYMBOL        _?ix1002
  C:1E9EH         SYMBOL        _?ix1003
  C:1ED0H         SYMBOL        _?ix1004
  C:1F02H         SYMBOL        _?ix1005
  X:0B04H         PUBLIC        Angle_atteint
  X:0B06H         PUBLIC        a
  X:0B07H         PUBLIC        courant_actuel
  D:0098H         PUBLIC        SCON0
  D:00C8H         PUBLIC        T2CON
  X:0B0BH         PUBLIC        i
  X:0B0CH         PUBLIC        commande_serializer
  D:00D0H         PUBLIC        PSW
  C:5115H         PUBLIC        routage
  -------         PROC          ROUTAGE
  X:06A6H         SYMBOL        commande
  X:06CCH         SYMBOL        type
  C:5115H         LINE#         47
  C:5115H         LINE#         49
  C:511DH         LINE#         50
  C:512AH         LINE#         51
  C:512DH         LINE#         52
  C:5131H         LINE#         53
  C:513EH         LINE#         54
  C:5140H         LINE#         55
  C:5146H         LINE#         56
  C:5153H         LINE#         57
  C:5155H         LINE#         58
  C:515BH         LINE#         59
  C:5168H         LINE#         60
  C:516AH         LINE#         61
  C:5172H         LINE#         62
  C:517FH         LINE#         63
  C:5181H         LINE#         64
  C:5185H         LINE#         65
  C:5192H         LINE#         66
  C:5194H         LINE#         67
  C:519AH         LINE#         68
  C:51A7H         LINE#         69
  C:51A9H         LINE#         70
  C:51B0H         LINE#         71
  C:51C0H         LINE#         72
  C:51C0H         LINE#         73
  -------         ENDPROC       ROUTAGE
  -------         PROC          FONCTIONROUTAGE
  X:009CH         SYMBOL        commande
  -------         DO            
  X:00C2H         SYMBOL        route
  X:00C3H         SYMBOL        commande_SPI
BL51 BANKED LINKER/LOCATER V6.22                                                      05/24/2018  14:45:11  PAGE 25


  X:00C4H         SYMBOL        trame
  X:00C6H         SYMBOL        taille_trame
  X:00C7H         SYMBOL        alpha
  X:00CBH         SYMBOL        distance
  X:00CDH         SYMBOL        angle_ascii
  X:00D0H         SYMBOL        mess
  X:0102H         SYMBOL        mess1
  X:0134H         SYMBOL        mess2
  X:0166H         SYMBOL        mess3
  X:0198H         SYMBOL        compteur
  X:019AH         SYMBOL        msg_Slave_ascii
  X:029AH         SYMBOL        info
  X:02B4H         SYMBOL        courant_ascii
  X:02B8H         SYMBOL        energie_ascii
  X:02BCH         SYMBOL        string_s
  X:06A4H         SYMBOL        cpt
  -------         ENDDO         
  C:0AFAH         LINE#         75
  C:0AFAH         LINE#         76
  C:0AFFH         LINE#         77
  C:0B01H         LINE#         78
  C:0B13H         LINE#         79
  C:0B19H         LINE#         83
  C:0B2BH         LINE#         84
  C:0B3EH         LINE#         85
  C:0B51H         LINE#         86
  C:0B64H         LINE#         87
  C:0B6BH         LINE#         93
  C:0B7EH         LINE#         94
  C:0B85H         LINE#         95
  C:0BA8H         LINE#         97
  C:0BDBH         LINE#         100
  C:0BDBH         LINE#         101
  C:0BE5H         LINE#         102
  C:0BF4H         LINE#         103
  C:0BFDH         LINE#         105
  C:0C11H         LINE#         106
  C:0C20H         LINE#         107
  C:0C37H         LINE#         108
  C:0C37H         LINE#         109
  C:0C3AH         LINE#         112
  C:0C3AH         LINE#         113
  C:0C40H         LINE#         114
  C:0C4BH         LINE#         115
  C:0C53H         LINE#         116
  C:0C57H         LINE#         117
  C:0C5DH         LINE#         118
  C:0C5FH         LINE#         119
  C:0C5FH         LINE#         120
  C:0C65H         LINE#         121
  C:0C65H         LINE#         122
  C:0C6BH         LINE#         123
  C:0C7EH         LINE#         124
  C:0C81H         LINE#         125
  C:0C89H         LINE#         126
  C:0C8CH         LINE#         127
  C:0CABH         LINE#         128
BL51 BANKED LINKER/LOCATER V6.22                                                      05/24/2018  14:45:11  PAGE 26


  C:0CB4H         LINE#         129
  C:0CB4H         LINE#         130
  C:0CB7H         LINE#         133
  C:0CB7H         LINE#         134
  C:0CC2H         LINE#         135
  C:0CF9H         LINE#         136
  C:0D89H         LINE#         137
  C:0DA1H         LINE#         138
  C:0DBFH         LINE#         141
  C:0DC5H         LINE#         142
  C:0DD4H         LINE#         143
  C:0DF7H         LINE#         144
  C:0E1BH         LINE#         146
  C:0E21H         LINE#         147
  C:0E25H         LINE#         148
  C:0E48H         LINE#         149
  C:0E6CH         LINE#         151
  C:0E72H         LINE#         152
  C:0E76H         LINE#         153
  C:0E8FH         LINE#         154
  C:0EB2H         LINE#         155
  C:0ED6H         LINE#         156
  C:0EDFH         LINE#         157
  C:0EE8H         LINE#         158
  C:0EF1H         LINE#         159
  C:0EF8H         LINE#         160
  C:0F0CH         LINE#         161
  C:0F13H         LINE#         162
  C:0F13H         LINE#         163
  C:0F14H         LINE#         164
  C:0F2EH         LINE#         165
  C:0F2EH         LINE#         166
  C:0F37H         LINE#         167
  C:0F40H         LINE#         168
  C:0F47H         LINE#         169
  C:0F47H         LINE#         170
  C:0F48H         LINE#         171
  C:0F62H         LINE#         172
  C:0F62H         LINE#         173
  C:0F6AH         LINE#         174
  C:0F6CH         LINE#         175
  C:0F80H         LINE#         176
  C:0F8EH         LINE#         177
  C:0F8EH         LINE#         178
  C:0FB0H         LINE#         179
  C:0FB7H         LINE#         180
  C:0FCFH         LINE#         181
  C:0FD6H         LINE#         182
  C:0FDFH         LINE#         183
  C:0FE8H         LINE#         184
  C:0FF1H         LINE#         185
  C:0FF8H         LINE#         186
  C:0FF8H         LINE#         187
  C:0FF9H         LINE#         188
  C:1013H         LINE#         189
  C:101AH         LINE#         190
  C:101AH         LINE#         192
BL51 BANKED LINKER/LOCATER V6.22                                                      05/24/2018  14:45:11  PAGE 27


  C:1023H         LINE#         193
  C:102AH         LINE#         194
  C:102AH         LINE#         195
  C:102BH         LINE#         196
  C:1045H         LINE#         197
  C:1045H         LINE#         198
  C:104DH         LINE#         199
  C:104FH         LINE#         200
  C:1063H         LINE#         201
  C:1071H         LINE#         202
  C:1071H         LINE#         203
  C:1078H         LINE#         204
  C:1078H         LINE#         205
  C:1080H         LINE#         206
  C:1082H         LINE#         207
  C:1096H         LINE#         208
  C:10A4H         LINE#         209
  C:10A4H         LINE#         210
  C:10ABH         LINE#         212
  C:10C3H         LINE#         213
  C:10CAH         LINE#         214
  C:10D3H         LINE#         215
  C:10DCH         LINE#         216
  C:10E5H         LINE#         217
  C:10E8H         LINE#         218
  C:10E8H         LINE#         219
  C:110BH         LINE#         220
  C:112FH         LINE#         221
  C:1138H         LINE#         222
  C:1141H         LINE#         223
  C:1146H         LINE#         224
  C:114AH         LINE#         225
  C:114AH         LINE#         226
  C:1152H         LINE#         227
  C:1154H         LINE#         228
  C:116BH         LINE#         229
  C:1171H         LINE#         230
  C:1171H         LINE#         231
  C:1178H         LINE#         232
  C:1178H         LINE#         233
  C:118DH         LINE#         234
  C:118DH         LINE#         235
  C:1190H         LINE#         239
  C:1190H         LINE#         240
  C:11A6H         LINE#         241
  C:11A6H         LINE#         244
  C:11A6H         LINE#         245
  C:11B6H         LINE#         246
  C:11D3H         LINE#         247
  C:11DCH         LINE#         248
  C:11E2H         LINE#         249
  C:11E5H         LINE#         252
  C:11E5H         LINE#         253
  C:11FEH         LINE#         254
  C:121BH         LINE#         255
  C:1224H         LINE#         256
  C:122AH         LINE#         257
BL51 BANKED LINKER/LOCATER V6.22                                                      05/24/2018  14:45:11  PAGE 28


  C:122CH         LINE#         260
  C:122CH         LINE#         261
  C:1242H         LINE#         262
  C:1248H         LINE#         263
  C:124AH         LINE#         266
  C:124AH         LINE#         267
  C:1260H         LINE#         268
  C:1266H         LINE#         269
  C:1268H         LINE#         271
  C:1268H         LINE#         272
  C:1277H         LINE#         273
  C:1280H         LINE#         274
  C:1280H         LINE#         276
  C:1280H         LINE#         277
  -------         ENDPROC       FONCTIONROUTAGE
  -------         PROC          TEMPO_EMISS
  -------         DO            
  X:06D0H         SYMBOL        x
  -------         ENDDO         
  C:4EE1H         LINE#         279
  C:4EE1H         LINE#         280
  C:4EE8H         LINE#         282
  C:4F15H         LINE#         283
  C:4F43H         LINE#         284
  C:4F71H         LINE#         285
  C:4F9FH         LINE#         286
  -------         ENDPROC       TEMPO_EMISS
  -------         ENDMOD        LIEN_STRUCTURE_COMMANDE

  -------         MODULE        MAIN
  C:0000H         SYMBOL        _ICE_DUMMY_
  X:0BBBH         PUBLIC        message_PC_com
  D:0080H         PUBLIC        P0
  X:0BEDH         PUBLIC        courant
  D:0090H         PUBLIC        P1
  D:00A0H         PUBLIC        P2
  D:00B0H         PUBLIC        P3
  C:0026H         PUBLIC        ISR_Timer2
  B:00A8H.7       PUBLIC        EA
  C:55C1H         PUBLIC        ISR_Timer3
  B:00A0H.0       PUBLIC        PWM_servo
  X:0BEFH         PUBLIC        vitesse_par_defaut
  D:00E8H         PUBLIC        ADC0CN
  D:00A8H         PUBLIC        IE
  D:00D8H         PUBLIC        PCA0CN
  D:00B8H         PUBLIC        IP
  X:0BF1H         PUBLIC        commande_correct
  D:00C0H         PUBLIC        SMB0CN
  C:3770H         PUBLIC        main
  D:00F8H         PUBLIC        SPI0CN
  D:0088H         PUBLIC        TCON
  C:3374H         PUBLIC        _conv
  D:0091H         PUBLIC        TMR3CN
  C:4E15H         PUBLIC        _conversionangle_positif
  C:3DA9H         SYMBOL        _?ix1000
  C:3DDBH         SYMBOL        _?ix1001
  C:3DE1H         SYMBOL        _?ix1002
BL51 BANKED LINKER/LOCATER V6.22                                                      05/24/2018  14:45:11  PAGE 29


  X:0BF3H         PUBLIC        epreuve_en_cours
  C:3DE4H         SYMBOL        _?ix1003
  C:3147H         PUBLIC        _Message
  B:00C8H.7       PUBLIC        TF2
  B:00C8H.2       PUBLIC        TR2
  X:0BF4H         PUBLIC        energie
  D:0098H         PUBLIC        SCON0
  C:40D5H         PUBLIC        _traitement_A
  C:5421H         PUBLIC        _traitement_B
  C:392FH         PUBLIC        _traitement_C
  D:00C8H         PUBLIC        T2CON
  C:4228H         PUBLIC        _traitement_D
  C:5CF3H         PUBLIC        _conversioncoord
  C:5DFFH         PUBLIC        traitement_E
  C:3AECH         PUBLIC        _traitement_G
  C:2F20H         PUBLIC        _traitement_L
  C:276DH         PUBLIC        _traitement_M
  B:00A0H.5       PUBLIC        NSS_slave
  C:5E54H         PUBLIC        traitement_Q
  C:3F7CH         PUBLIC        _traitement_R
  C:2A8DH         PUBLIC        _traitement_S
  C:56C7H         PUBLIC        _traitement_T
  C:5CAAH         PUBLIC        _conversioncoord_2
  D:00D0H         PUBLIC        PSW
  C:5CEDH         SYMBOL        L?0341
  -------         PROC          L?0340
  -------         ENDPROC       L?0340
  C:5CEDH         SYMBOL        L?0341
  -------         PROC          _CONVERSIONCOORD
  D:0001H         SYMBOL        tableau
  -------         DO            
  D:0006H         SYMBOL        dizaine
  D:0004H         SYMBOL        unite
  D:0007H         SYMBOL        valeur
  -------         ENDDO         
  C:5CF3H         LINE#         38
  C:5CF3H         LINE#         39
  C:5CF4H         LINE#         40
  C:5CF5H         LINE#         43
  C:5D04H         LINE#         44
  C:5D0DH         LINE#         46
  C:5D10H         LINE#         47
  C:5D10H         LINE#         48
  -------         ENDPROC       _CONVERSIONCOORD
  C:5CA4H         SYMBOL        L?0339
  -------         PROC          L?0338
  -------         ENDPROC       L?0338
  C:5CA4H         SYMBOL        L?0339
  -------         PROC          _CONVERSIONCOORD_2
  D:0001H         SYMBOL        tableau
  -------         DO            
  D:0006H         SYMBOL        dizaine
  D:0004H         SYMBOL        unite
  X:00F4H         SYMBOL        centaine
  D:0007H         SYMBOL        valeur
  -------         ENDDO         
  C:5CAAH         LINE#         50
BL51 BANKED LINKER/LOCATER V6.22                                                      05/24/2018  14:45:11  PAGE 30


  C:5CAAH         LINE#         51
  C:5CABH         LINE#         52
  C:5CACH         LINE#         53
  C:5CB2H         LINE#         56
  C:5CC9H         LINE#         57
  C:5CDBH         LINE#         58
  C:5CE4H         LINE#         60
  C:5CECH         LINE#         61
  C:5CECH         LINE#         62
  -------         ENDPROC       _CONVERSIONCOORD_2
  C:336AH         SYMBOL        L?0337
  -------         PROC          L?0336
  -------         ENDPROC       L?0336
  C:336AH         SYMBOL        L?0337
  -------         PROC          _CONV
  X:00FAH         SYMBOL        nbr
  X:00FDH         SYMBOL        taille
  -------         DO            
  X:00FFH         SYMBOL        k
  X:0101H         SYMBOL        t1
  X:0105H         SYMBOL        ret
  X:0107H         SYMBOL        numero
  -------         ENDDO         
  C:3374H         LINE#         78
  C:3387H         LINE#         79
  C:3387H         LINE#         80
  C:338EH         LINE#         81
  C:3396H         LINE#         82
  C:339DH         LINE#         83
  C:33A1H         LINE#         85
  C:33ABH         LINE#         86
  C:33ABH         LINE#         87
  C:33D0H         LINE#         88
  C:33D0H         LINE#         89
  C:33FCH         LINE#         90
  C:3433H         LINE#         91
  C:3491H         LINE#         92
  C:349DH         LINE#         93
  C:34B1H         LINE#         94
  C:34C8H         LINE#         95
  C:34CBH         LINE#         97
  C:34CBH         LINE#         98
  C:34EFH         LINE#         99
  C:34EFH         LINE#         100
  C:3562H         LINE#         101
  C:356EH         LINE#         102
  C:357FH         LINE#         103
  C:357FH         LINE#         104
  C:3587H         LINE#         105
  -------         ENDPROC       _CONV
  -------         PROC          L?0342
  -------         ENDPROC       L?0342
  -------         PROC          _CONVERSIONANGLE_POSITIF
  D:0001H         SYMBOL        tableau
  -------         DO            
  X:00F5H         SYMBOL        centaine
  X:00F7H         SYMBOL        dizaine
BL51 BANKED LINKER/LOCATER V6.22                                                      05/24/2018  14:45:11  PAGE 31


  X:00F9H         SYMBOL        unite
  X:00FBH         SYMBOL        valeur
  -------         ENDDO         
  C:4E15H         LINE#         106
  C:4E15H         LINE#         107
  C:4E1CH         LINE#         108
  C:4E20H         LINE#         109
  C:4E24H         LINE#         112
  C:4E2BH         LINE#         113
  C:4E49H         LINE#         114
  C:4E5CH         LINE#         115
  C:4E70H         LINE#         116
  C:4E72H         LINE#         117
  C:4E72H         LINE#         118
  C:4E8BH         LINE#         119
  C:4EA5H         LINE#         120
  C:4EB9H         LINE#         121
  C:4ED8H         LINE#         122
  C:4ED8H         LINE#         123
  C:4EE0H         LINE#         124
  -------         ENDPROC       _CONVERSIONANGLE_POSITIF
  -------         PROC          _TRAITEMENT_A
  X:00C5H         SYMBOL        com
  X:00C8H         SYMBOL        commande
  -------         DO            
  D:0007H         SYMBOL        vitesse
  X:00EEH         SYMBOL        tab
  X:00F1H         SYMBOL        j
  D:0007H         SYMBOL        duree
  -------         ENDDO         
  C:40D5H         LINE#         126
  C:40E0H         LINE#         132
  C:40F1H         LINE#         133
  C:40F1H         LINE#         134
  C:40F1H         LINE#         135
  C:40F1H         LINE#         136
  C:40F8H         LINE#         137
  C:4100H         LINE#         138
  C:4100H         LINE#         139
  C:4127H         LINE#         140
  C:4141H         LINE#         141
  C:4144H         LINE#         142
  C:4154H         LINE#         143
  C:4154H         LINE#         144
  C:4154H         LINE#         145
  C:4157H         LINE#         146
  C:415CH         LINE#         147
  C:415FH         LINE#         148
  C:415FH         LINE#         149
  C:415FH         LINE#         150
  C:415FH         LINE#         151
  C:416AH         LINE#         152
  C:416FH         LINE#         154
  C:4187H         LINE#         155
  C:4187H         LINE#         156
  C:4190H         LINE#         157
  C:4190H         LINE#         158
BL51 BANKED LINKER/LOCATER V6.22                                                      05/24/2018  14:45:11  PAGE 32


  C:41B7H         LINE#         159
  C:41D1H         LINE#         160
  C:41D4H         LINE#         161
  C:41E3H         LINE#         162
  C:41E3H         LINE#         163
  C:41EAH         LINE#         164
  C:41ECH         LINE#         166
  C:41ECH         LINE#         167
  C:41F0H         LINE#         168
  C:41F0H         LINE#         170
  C:41F2H         LINE#         178
  C:41F2H         LINE#         179
  C:41F2H         LINE#         180
  C:41F2H         LINE#         181
  C:41F9H         LINE#         182
  C:41FFH         LINE#         183
  C:4209H         LINE#         184
  C:4209H         LINE#         185
  C:4212H         LINE#         186
  C:4221H         LINE#         187
  C:4221H         LINE#         188
  C:4221H         LINE#         189
  C:4227H         LINE#         190
  -------         ENDPROC       _TRAITEMENT_A
  -------         PROC          _TRAITEMENT_B
  X:00C5H         SYMBOL        com
  X:00C8H         SYMBOL        commande
  -------         DO            
  D:0007H         SYMBOL        vitesse
  X:00EEH         SYMBOL        tab
  D:0006H         SYMBOL        j
  -------         ENDDO         
  C:5421H         LINE#         191
  C:542CH         LINE#         192
  C:542CH         LINE#         196
  C:5432H         LINE#         197
  C:5447H         LINE#         198
  C:5447H         LINE#         199
  C:544AH         LINE#         200
  C:544AH         LINE#         201
  C:5469H         LINE#         202
  C:5474H         LINE#         203
  C:547DH         LINE#         204
  C:548DH         LINE#         205
  C:548DH         LINE#         206
  C:5494H         LINE#         207
  C:5496H         LINE#         209
  C:5496H         LINE#         210
  C:549BH         LINE#         211
  C:549BH         LINE#         212
  C:549BH         LINE#         213
  C:549DH         LINE#         215
  C:549DH         LINE#         216
  C:54A5H         LINE#         217
  C:54A5H         LINE#         219
  C:54ABH         LINE#         220
  -------         ENDPROC       _TRAITEMENT_B
BL51 BANKED LINKER/LOCATER V6.22                                                      05/24/2018  14:45:11  PAGE 33


  -------         PROC          _TRAITEMENT_C
  X:00C5H         SYMBOL        com
  X:00C8H         SYMBOL        commande
  -------         DO            
  X:00EEH         SYMBOL        angle
  X:00F0H         SYMBOL        tab
  X:00F3H         SYMBOL        j
  -------         ENDDO         
  C:392FH         LINE#         221
  C:393AH         LINE#         222
  C:393AH         LINE#         225
[...]
  -------         DO            
  D:0005H         SYMBOL        c
  X:0C09H         SYMBOL        return_code
  -------         ENDDO         
  C:5749H         LINE#         207
  C:5749H         LINE#         209
  C:5750H         LINE#         211
  C:576CH         LINE#         212
  C:576CH         LINE#         214
  C:577AH         LINE#         215
  C:57AEH         LINE#         216
  C:57BDH         LINE#         217
  C:57BDH         LINE#         219
  C:57C5H         LINE#         220
  -------         ENDPROC       SERINCHAR_BIN
  -------         PROC          _SEROUTSTRING
  X:06FBH         SYMBOL        buf
  -------         DO            
  X:06FEH         SYMBOL        len
  X:06FFH         SYMBOL        code_err
  -------         ENDDO         
  C:59F0H         LINE#         224
  C:59FBH         LINE#         225
  C:5A00H         LINE#         227
  C:5A21H         LINE#         228
  C:5A48H         LINE#         229
  C:5A4DH         LINE#         230
  -------         ENDPROC       _SEROUTSTRING
BL51 BANKED LINKER/LOCATER V6.22                                                      05/24/2018  14:45:11  PAGE 54


  -------         PROC          CFG_CLOCK_UART
  C:5DECH         LINE#         244
  C:5DECH         LINE#         245
  C:5DEFH         LINE#         246
  C:5DF2H         LINE#         247
  C:5DF5H         LINE#         248
  C:5DF7H         LINE#         250
  C:5DFAH         LINE#         251
  C:5DFCH         LINE#         252
  C:5DFEH         LINE#         253
  -------         ENDPROC       CFG_CLOCK_UART
  -------         PROC          CFG_UART0_MODE1
  C:5E11H         LINE#         259
  C:5E11H         LINE#         260
  C:5E13H         LINE#         261
  C:5E15H         LINE#         262
  C:5E18H         LINE#         263
  C:5E1BH         LINE#         264
  C:5E1EH         LINE#         265
  C:5E20H         LINE#         267
  C:5E22H         LINE#         268
  -------         ENDPROC       CFG_UART0_MODE1
  -------         ENDMOD        UART0_RINGBUFFER_LIB

  -------         MODULE        UART1
  C:0000H         SYMBOL        _ICE_DUMMY_
  D:00E7H         PUBLIC        EIE2
  D:00E8H         PUBLIC        ADC0CN
  D:00A8H         PUBLIC        IE
  X:0B6BH         SYMBOL        inbuf
  D:00D8H         PUBLIC        PCA0CN
  X:0B8BH         SYMBOL        outbuf
  D:00B8H         PUBLIC        IP
  C:5E44H         PUBLIC        CFG_UART1
  D:00C0H         PUBLIC        SMB0CN
  B:0021H.2       SYMBOL        TXactive
  D:00F8H         PUBLIC        SPI0CN
  D:0087H         PUBLIC        PCON
  D:0088H         PUBLIC        TCON
  C:4B2CH         PUBLIC        UART1_ISR
  C:57C6H         PUBLIC        serInchar_Bin1
  C:5A4EH         PUBLIC        _serOutstring1
  C:598CH         PUBLIC        serInchar1
  X:0BABH         SYMBOL        in
  C:54ACH         PUBLIC        _serOutchar1
  X:0BB3H         SYMBOL        out
  D:00F2H         PUBLIC        SBUF1
  D:0098H         PUBLIC        SCON0
  D:00F1H         PUBLIC        SCON1
  D:00C8H         PUBLIC        T2CON
  D:00C9H         PUBLIC        T4CON
  C:5B07H         PUBLIC        init_Serial_Buffer1
  D:00D0H         PUBLIC        PSW
  -------         PROC          UART1_ISR
  C:4B2CH         LINE#         86
  C:4B3FH         LINE#         95
  C:4B44H         LINE#         96
BL51 BANKED LINKER/LOCATER V6.22                                                      05/24/2018  14:45:11  PAGE 55


  C:4B44H         LINE#         97
  C:4B60H         LINE#         98
  C:4B6FH         LINE#         99
  C:4B98H         LINE#         101
  C:4B9AH         LINE#         102
  C:4B9CH         LINE#         103
  C:4B9FH         LINE#         105
  C:4BA1H         LINE#         107
  C:4BA1H         LINE#         108
  C:4BDCH         LINE#         109
  C:4BEBH         LINE#         110
  C:4C14H         LINE#         112
  C:4C14H         LINE#         113
  C:4C17H         LINE#         114
  C:4C17H         LINE#         115
  -------         ENDPROC       UART1_ISR
  -------         PROC          INIT_SERIAL_BUFFER1
  C:5B07H         LINE#         120
  C:5B07H         LINE#         121
  C:5B34H         LINE#         122
  C:5B61H         LINE#         123
  -------         ENDPROC       INIT_SERIAL_BUFFER1
  -------         PROC          _SEROUTCHAR1
  D:0007H         SYMBOL        c
  C:54ACH         LINE#         127
  C:54ACH         LINE#         129
  C:54F2H         LINE#         130
  C:54F2H         LINE#         131
  C:5500H         LINE#         132
  C:5529H         LINE#         134
  C:552CH         LINE#         135
  C:552EH         LINE#         136
  C:5531H         LINE#         138
  C:5531H         LINE#         139
  C:5534H         LINE#         140
  C:5534H         LINE#         142
  C:5536H         LINE#         143
  -------         ENDPROC       _SEROUTCHAR1
  -------         PROC          SERINCHAR1
  -------         DO            
  D:0005H         SYMBOL        c
  -------         ENDDO         
  C:598CH         LINE#         149
  C:598CH         LINE#         152
  C:59A8H         LINE#         153
  C:59A8H         LINE#         154
  C:59B6H         LINE#         155
  C:59EAH         LINE#         156
  C:59EDH         LINE#         157
  C:59EDH         LINE#         159
  C:59EFH         LINE#         160
  -------         ENDPROC       SERINCHAR1
  -------         PROC          SERINCHAR_BIN1
  -------         DO            
  D:0005H         SYMBOL        c
  X:0C0BH         SYMBOL        return_code
  -------         ENDDO         
BL51 BANKED LINKER/LOCATER V6.22                                                      05/24/2018  14:45:11  PAGE 56


  C:57C6H         LINE#         168
  C:57C6H         LINE#         170
  C:57CDH         LINE#         172
  C:57E9H         LINE#         174
  C:57F7H         LINE#         175
  C:582BH         LINE#         176
  C:583AH         LINE#         177
  C:583AH         LINE#         180
  C:5842H         LINE#         181
  -------         ENDPROC       SERINCHAR_BIN1
  -------         PROC          _SEROUTSTRING1
  X:06A6H         SYMBOL        buf
  -------         DO            
  X:06A9H         SYMBOL        len
  X:06AAH         SYMBOL        code_err
  -------         ENDDO         
  C:5A4EH         LINE#         185
  C:5A59H         LINE#         186
  C:5A5EH         LINE#         188
  C:5A7FH         LINE#         189
  C:5AA6H         LINE#         190
  C:5AABH         LINE#         191
  -------         ENDPROC       _SEROUTSTRING1
  -------         PROC          CFG_UART1
  C:5E44H         LINE#         195
  C:5E44H         LINE#         196
  C:5E47H         LINE#         197
  C:5E4AH         LINE#         198
  C:5E4DH         LINE#         199
  C:5E50H         LINE#         201
  C:5E53H         LINE#         202
  -------         ENDPROC       CFG_UART1
  -------         ENDMOD        UART1

  -------         MODULE        ULTRASON
  C:0000H         SYMBOL        _ICE_DUMMY_
  D:0080H         PUBLIC        P0
  D:0090H         PUBLIC        P1
  D:00A0H         PUBLIC        P2
  D:00B0H         PUBLIC        P3
  D:00E8H         PUBLIC        ADC0CN
  D:00A8H         PUBLIC        IE
  B:00A0H.4       PUBLIC        Echo_ultrason_ar
  D:00D8H         PUBLIC        PCA0CN
  B:00A0H.2       PUBLIC        Echo_ultrason_av
  D:00B8H         PUBLIC        IP
  D:00C0H         PUBLIC        SMB0CN
  B:00A0H.3       PUBLIC        Trig_ultrason_ar
  B:00A0H.1       PUBLIC        Trig_ultrason_av
  D:00F8H         PUBLIC        SPI0CN
  D:0088H         PUBLIC        TCON
  B:0088H.5       PUBLIC        TF0
  D:008CH         PUBLIC        TH0
  C:4A18H         PUBLIC        MES_Dist_AR
  D:008AH         PUBLIC        TL0
  C:4904H         PUBLIC        MES_Dist_AV
  B:0088H.4       PUBLIC        TR0
BL51 BANKED LINKER/LOCATER V6.22                                                      05/24/2018  14:45:11  PAGE 57


  D:0098H         PUBLIC        SCON0
  D:00C8H         PUBLIC        T2CON
  D:00D0H         PUBLIC        PSW
  -------         PROC          MES_DIST_AV
  -------         DO            
  D:0004H         SYMBOL        Delta
  X:06F2H         SYMBOL        TL0_tmp
  X:06F6H         SYMBOL        TH0_tmp
  D:0004H         SYMBOL        Duree
  X:06FAH         SYMBOL        Dist
  D:0004H         SYMBOL        Duree2
  X:06FEH         SYMBOL        i
  X:0700H         SYMBOL        RegistreTemp
  -------         ENDDO         
  C:4904H         LINE#         12
  C:4904H         LINE#         19
  C:490BH         LINE#         22
  C:490EH         LINE#         23
  C:4910H         LINE#         24
  C:491AH         LINE#         25
  C:4924H         LINE#         27
  C:4935H         LINE#         28
  C:4936H         LINE#         29
  C:4942H         LINE#         30
  C:4944H         LINE#         32
  C:4946H         LINE#         33
  C:4948H         LINE#         35
  C:494EH         LINE#         37
  C:4951H         LINE#         38
  C:495BH         LINE#         39
  C:495EH         LINE#         41
  C:495EH         LINE#         42
  C:496AH         LINE#         43
  C:4976H         LINE#         44
  C:4979H         LINE#         45
  C:497BH         LINE#         46
  C:49AAH         LINE#         47
  C:49DBH         LINE#         49
  C:49ECH         LINE#         50
  C:49F7H         LINE#         51
  C:4A07H         LINE#         52
  C:4A09H         LINE#         53
  C:4A09H         LINE#         55
  C:4A17H         LINE#         56
  -------         ENDPROC       MES_DIST_AV
  -------         PROC          MES_DIST_AR
  -------         DO            
  D:0004H         SYMBOL        Delta
  X:06F2H         SYMBOL        TL0_tmp
  X:06F6H         SYMBOL        TH0_tmp
  D:0004H         SYMBOL        Duree
  X:06FAH         SYMBOL        Dist
  D:0004H         SYMBOL        Duree2
  X:06FEH         SYMBOL        i
  X:0700H         SYMBOL        RegistreTemp
  -------         ENDDO         
  C:4A18H         LINE#         58
BL51 BANKED LINKER/LOCATER V6.22                                                      05/24/2018  14:45:11  PAGE 58


  C:4A18H         LINE#         59
  C:4A18H         LINE#         66
  C:4A1FH         LINE#         69
  C:4A22H         LINE#         70
  C:4A24H         LINE#         71
  C:4A2EH         LINE#         72
  C:4A38H         LINE#         74
  C:4A49H         LINE#         75
  C:4A4AH         LINE#         76
  C:4A56H         LINE#         77
  C:4A58H         LINE#         79
  C:4A5AH         LINE#         80
  C:4A5CH         LINE#         82
  C:4A62H         LINE#         84
  C:4A65H         LINE#         85
  C:4A6FH         LINE#         86
  C:4A72H         LINE#         88
  C:4A72H         LINE#         89
  C:4A7EH         LINE#         90
  C:4A8AH         LINE#         91
  C:4A8DH         LINE#         92
  C:4A8FH         LINE#         93
  C:4ABEH         LINE#         94
  C:4AEFH         LINE#         96
  C:4B00H         LINE#         97
  C:4B0BH         LINE#         98
  C:4B1BH         LINE#         99
  C:4B1DH         LINE#         100
  C:4B1DH         LINE#         102
  C:4B2BH         LINE#         103
  -------         ENDPROC       MES_DIST_AR
  -------         ENDMOD        ULTRASON

  -------         MODULE        ENCODAGE_POINTEUR_LUM
  C:0000H         SYMBOL        _ICE_DUMMY_
  D:00E8H         PUBLIC        ADC0CN
  D:00A8H         PUBLIC        IE
  D:00D8H         PUBLIC        PCA0CN
  D:00B8H         PUBLIC        IP
  D:00C0H         PUBLIC        SMB0CN
  C:5C5AH         PUBLIC        pointeur_lum
  D:00F8H         PUBLIC        SPI0CN
  D:0088H         PUBLIC        TCON
  C:5EB9H         SYMBOL        _?ix1000
  D:0098H         PUBLIC        SCON0
  D:00C8H         PUBLIC        T2CON
  D:00D0H         PUBLIC        PSW
  -------         PROC          POINTEUR_LUM
  X:06A6H         SYMBOL        com
  -------         DO            
  X:06CCH         SYMBOL        rep
  D:0007H         SYMBOL        commande_SPI
  D:0006H         SYMBOL        taille_trame
  -------         ENDDO         
  C:5C5AH         LINE#         9
  C:5C5AH         LINE#         10
  C:5C6DH         LINE#         11
BL51 BANKED LINKER/LOCATER V6.22                                                      05/24/2018  14:45:11  PAGE 59


  C:5C6FH         LINE#         12
  C:5C71H         LINE#         14
  C:5C79H         LINE#         15
  C:5C81H         LINE#         16
  C:5C89H         LINE#         17
  C:5C91H         LINE#         19
  C:5CA1H         LINE#         20
  -------         ENDPROC       POINTEUR_LUM
  -------         ENDMOD        ENCODAGE_POINTEUR_LUM

  -------         MODULE        ?C?FPADD
  C:00ADH         PUBLIC        ?C?FPADD
  C:00A9H         PUBLIC        ?C?FPSUB
  -------         ENDMOD        ?C?FPADD

  -------         MODULE        ?C?FPMUL
  C:019EH         PUBLIC        ?C?FPMUL
  -------         ENDMOD        ?C?FPMUL

  -------         MODULE        ?C?FPDIV
  C:02A7H         PUBLIC        ?C?FPDIV
  -------         ENDMOD        ?C?FPDIV

  -------         MODULE        ?C?FPCMP
  C:0346H         PUBLIC        ?C?FPCMP
  C:0344H         PUBLIC        ?C?FPCMP3
  -------         ENDMOD        ?C?FPCMP

  -------         MODULE        ?C?FCAST
  C:03C7H         PUBLIC        ?C?FCASTC
  C:03C2H         PUBLIC        ?C?FCASTI
  C:03BDH         PUBLIC        ?C?FCASTL
  -------         ENDMOD        ?C?FCAST

  -------         MODULE        ?C?CASTF
  C:03FBH         PUBLIC        ?C?CASTF
  -------         ENDMOD        ?C?CASTF

  -------         MODULE        PRINTF
  X:06F2H         PUBLIC        ?_PRINTF?BYTE
  X:06F2H         PUBLIC        ?_SPRINTF?BYTE
  C:2355H         PUBLIC        _PRINTF
  C:234FH         PUBLIC        _SPRINTF
  -------         ENDMOD        PRINTF

  -------         MODULE        ATAN
  C:46E5H         PUBLIC        _ATAN
  -------         ENDMOD        ATAN

  -------         MODULE        CEIL
  C:4D20H         PUBLIC        _ceil
  -------         ENDMOD        CEIL

  -------         MODULE        POW
  X:06A6H         PUBLIC        ?_pow?BYTE
  C:3E16H         PUBLIC        _pow
  -------         ENDMOD        POW
BL51 BANKED LINKER/LOCATER V6.22                                                      05/24/2018  14:45:11  PAGE 60



  -------         MODULE        ?C?CHKFLOAT
  C:047CH         PUBLIC        ?C?CHKFLOAT
  -------         ENDMOD        ?C?CHKFLOAT

  -------         MODULE        ?C?FPNEG
  C:0496H         PUBLIC        ?C?FPNEG
  -------         ENDMOD        ?C?FPNEG

  -------         MODULE        ?C?FPROUND
  C:04A7H         PUBLIC        ?C?FPROUND
  -------         ENDMOD        ?C?FPROUND

  -------         MODULE        ?C?FPCONVERT
  C:04E4H         PUBLIC        ?C?FPCONVERT
  -------         ENDMOD        ?C?FPCONVERT

  -------         MODULE        EXP
  C:529CH         PUBLIC        _EXP
  -------         ENDMOD        EXP

  -------         MODULE        LOG
  C:4386H         PUBLIC        _LOG
  C:4382H         PUBLIC        _LOG10
  -------         ENDMOD        LOG

  -------         MODULE        ?C?FTNPWR
  C:0666H         PUBLIC        ?C?FTNPWR
  -------         ENDMOD        ?C?FTNPWR

  -------         MODULE        ?C?COPY
  C:0776H         PUBLIC        ?C?COPY
  -------         ENDMOD        ?C?COPY

  -------         MODULE        ?C?SCDIV
  C:079CH         PUBLIC        ?C?SCDIV
  -------         ENDMOD        ?C?SCDIV

  -------         MODULE        ?C?CLDPTR
  C:07BEH         PUBLIC        ?C?CLDPTR
  -------         ENDMOD        ?C?CLDPTR

  -------         MODULE        ?C?CLDOPTR
  C:07D7H         PUBLIC        ?C?CLDOPTR
  -------         ENDMOD        ?C?CLDOPTR

  -------         MODULE        ?C?CSTPTR
  C:0804H         PUBLIC        ?C?CSTPTR
  -------         ENDMOD        ?C?CSTPTR

  -------         MODULE        ?C?CSTOPTR
  C:0816H         PUBLIC        ?C?CSTOPTR
  -------         ENDMOD        ?C?CSTOPTR

  -------         MODULE        ?C?IMUL
  C:0838H         PUBLIC        ?C?IMUL
  -------         ENDMOD        ?C?IMUL
BL51 BANKED LINKER/LOCATER V6.22                                                      05/24/2018  14:45:11  PAGE 61



  -------         MODULE        ?C?SIDIV
  C:084AH         PUBLIC        ?C?SIDIV
  -------         ENDMOD        ?C?SIDIV

  -------         MODULE        ?C?IILDX
  C:0880H         PUBLIC        ?C?IILDX
  -------         ENDMOD        ?C?IILDX

  -------         MODULE        ?C?LNEG
  C:0896H         PUBLIC        ?C?LNEG
  -------         ENDMOD        ?C?LNEG

  -------         MODULE        ?C?SLCMP
  C:08A4H         PUBLIC        ?C?SLCMP
  -------         ENDMOD        ?C?SLCMP

  -------         MODULE        ?C?ULCMP
  C:08BAH         PUBLIC        ?C?ULCMP
  -------         ENDMOD        ?C?ULCMP

  -------         MODULE        ?C?LLDCODE
  C:08CBH         PUBLIC        ?C?LLDCODE
  -------         ENDMOD        ?C?LLDCODE

  -------         MODULE        ?C?LLDXDATA0
  C:08DBH         PUBLIC        ?C?LLDXDATA0
  -------         ENDMOD        ?C?LLDXDATA0

  -------         MODULE        ?C?LLDCODE0
  C:08E7H         PUBLIC        ?C?LLDCODE0
  -------         ENDMOD        ?C?LLDCODE0

  -------         MODULE        ?C?LSTXDATA
  C:08F7H         PUBLIC        ?C?LSTXDATA
  -------         ENDMOD        ?C?LSTXDATA

  -------         MODULE        ?C?LSTKXDATA
  C:0903H         PUBLIC        ?C?LSTKXDATA
  -------         ENDMOD        ?C?LSTKXDATA

  -------         MODULE        ?C?PLDIXDATA
  C:0934H         PUBLIC        ?C?PLDIXDATA
  -------         ENDMOD        ?C?PLDIXDATA

  -------         MODULE        ?C?PSTXDATA
  C:094BH         PUBLIC        ?C?PSTXDATA
  -------         ENDMOD        ?C?PSTXDATA

  -------         MODULE        ?C?CCASE
  C:0954H         PUBLIC        ?C?CCASE
  -------         ENDMOD        ?C?CCASE

  -------         MODULE        PUTCHAR
  C:0076H         PUBLIC        _PUTCHAR
  -------         ENDMOD        PUTCHAR

BL51 BANKED LINKER/LOCATER V6.22                                                      05/24/2018  14:45:11  PAGE 62


  -------         MODULE        STRCAT
  X:06FBH         PUBLIC        ?_strcat?BYTE
  C:58BDH         PUBLIC        _strcat
  -------         ENDMOD        STRCAT

  -------         MODULE        ?C?STRCPY
  C:0A46H         PUBLIC        ?C?STRCPY
  -------         ENDMOD        ?C?STRCPY

  -------         MODULE        STRLEN
  C:5DC4H         PUBLIC        _STRLEN
  -------         ENDMOD        STRLEN

  -------         MODULE        ?C?MEMSET
  C:0A63H         PUBLIC        ?C?MEMSET
  -------         ENDMOD        ?C?MEMSET

  -------         MODULE        ?C?UIDIV
  C:0A8FH         PUBLIC        ?C?UIDIV
  -------         ENDMOD        ?C?UIDIV

  -------         MODULE        ?C?ILDIX
  C:0AE4H         PUBLIC        ?C?ILDIX
  -------         ENDMOD        ?C?ILDIX

*** WARNING L16: UNCALLED SEGMENT, IGNORED FOR OVERLAY PROCESS
    SEGMENT: ?PR?_ITOS?FONCTIONS_COTE_SERIALIZER

*** WARNING L16: UNCALLED SEGMENT, IGNORED FOR OVERLAY PROCESS
    SEGMENT: ?PR?SERINCHAR_BIN?UART0_RINGBUFFER_LIB

*** WARNING L16: UNCALLED SEGMENT, IGNORED FOR OVERLAY PROCESS
    SEGMENT: ?PR?SERINCHAR_BIN1?UART1

Program Size: data=15.3 xdata=3085 code=24246
LINK/LOCATE RUN COMPLETE.  3 WARNING(S),  0 ERROR(S)
