BL51 BANKED LINKER/LOCATER V6.22                                                        05/24/2018  19:09:46  PAGE 1


BL51 BANKED LINKER/LOCATER V6.22, INVOKED BY:
C:\KEIL\C51\BIN\BL51.EXE STARTUP.obj, Config_ADC.obj, Config_Globale.obj, Config_SPI.obj, Detect_Obst.obj, Encodage_Poin
>> teur_lum.obj, Fonctions_cote_serializer.obj, Generation_son.obj, Gpio.obj, Lien_Structure_commande.obj, main.obj, Mes
>> ure_courant.obj, Servomoteur_Horizontal.obj, Timers.obj, Transmission_SPI.obj, UART0_RingBuffer_lib.obj, UART1.obj, u
>> ltrason.obj TO Master RAMSIZE (256)


MEMORY MODEL: LARGE WITH FLOATING POINT ARITHMETIC


INPUT MODULES INCLUDED:
  STARTUP.obj (?C_STARTUP)
  Config_ADC.obj (CONFIG_ADC)
  Config_Globale.obj (CONFIG_GLOBALE)
  Config_SPI.obj (CONFIG_SPI)
  Detect_Obst.obj (DETECT_OBST)
  Encodage_Pointeur_lum.obj (ENCODAGE_POINTEUR_LUM)
  Fonctions_cote_serializer.obj (FONCTIONS_COTE_SERIALIZER)
  Generation_son.obj (GENERATION_SON)
  Gpio.obj (GPIO)
  Lien_Structure_commande.obj (LIEN_STRUCTURE_COMMANDE)
  main.obj (MAIN)
  Mesure_courant.obj (MESURE_COURANT)
  Servomoteur_Horizontal.obj (SERVOMOTEUR_HORIZONTAL)
  Timers.obj (TIMERS)
  Transmission_SPI.obj (TRANSMISSION_SPI)
  UART0_RingBuffer_lib.obj (UART0_RINGBUFFER_LIB)
  UART1.obj (UART1)
  ultrason.obj (ULTRASON)
  C:\KEIL\C51\LIB\C51FPL.LIB (?C?FPADD)
  C:\KEIL\C51\LIB\C51FPL.LIB (?C?FPMUL)
  C:\KEIL\C51\LIB\C51FPL.LIB (?C?FPDIV)
  C:\KEIL\C51\LIB\C51FPL.LIB (?C?FPCMP)
  C:\KEIL\C51\LIB\C51FPL.LIB (?C?FCAST)
  C:\KEIL\C51\LIB\C51FPL.LIB (?C?CASTF)
  C:\KEIL\C51\LIB\C51FPL.LIB (PRINTF)
  C:\KEIL\C51\LIB\C51FPL.LIB (CEIL)
  C:\KEIL\C51\LIB\C51FPL.LIB (POW)
  C:\KEIL\C51\LIB\C51FPL.LIB (?C?FPGETOPN)
  C:\KEIL\C51\LIB\C51FPL.LIB (?C?CHKFLOAT)
  C:\KEIL\C51\LIB\C51FPL.LIB (?C?FPNEG)
  C:\KEIL\C51\LIB\C51FPL.LIB (?C?FPROUND)
  C:\KEIL\C51\LIB\C51FPL.LIB (?C?FPCONVERT)
  C:\KEIL\C51\LIB\C51FPL.LIB (EXP)
  C:\KEIL\C51\LIB\C51FPL.LIB (LOG)
  C:\KEIL\C51\LIB\C51FPL.LIB (?C?FTNPWR)
  C:\KEIL\C51\LIB\C51FPL.LIB (?C?FPSERIES)
  C:\KEIL\C51\LIB\C51L.LIB (?C_INIT)
  C:\KEIL\C51\LIB\C51L.LIB (?C?COPY)
  C:\KEIL\C51\LIB\C51L.LIB (?C?SCDIV)
  C:\KEIL\C51\LIB\C51L.LIB (?C?CLDPTR)
  C:\KEIL\C51\LIB\C51L.LIB (?C?CLDOPTR)
  C:\KEIL\C51\LIB\C51L.LIB (?C?CSTPTR)
  C:\KEIL\C51\LIB\C51L.LIB (?C?CSTOPTR)
  C:\KEIL\C51\LIB\C51L.LIB (?C?IMUL)
  C:\KEIL\C51\LIB\C51L.LIB (?C?SIDIV)
  C:\KEIL\C51\LIB\C51L.LIB (?C?IILDX)
  C:\KEIL\C51\LIB\C51L.LIB (?C?LNEG)
BL51 BANKED LINKER/LOCATER V6.22                                                      05/24/2018  19:09:46  PAGE 2


  C:\KEIL\C51\LIB\C51L.LIB (?C?SLCMP)
  C:\KEIL\C51\LIB\C51L.LIB (?C?ULCMP)
  C:\KEIL\C51\LIB\C51L.LIB (?C?LLDCODE)
  C:\KEIL\C51\LIB\C51L.LIB (?C?LLDXDATA0)
  C:\KEIL\C51\LIB\C51L.LIB (?C?LLDCODE0)
  C:\KEIL\C51\LIB\C51L.LIB (?C?LSTXDATA)
  C:\KEIL\C51\LIB\C51L.LIB (?C?LSTKXDATA)
  C:\KEIL\C51\LIB\C51L.LIB (?C?PLDIXDATA)
  C:\KEIL\C51\LIB\C51L.LIB (?C?PSTXDATA)
  C:\KEIL\C51\LIB\C51L.LIB (?C?CCASE)
  C:\KEIL\C51\LIB\C51L.LIB (PUTCHAR)
  C:\KEIL\C51\LIB\C51L.LIB (STRCAT)
  C:\KEIL\C51\LIB\C51L.LIB (?C?STRCPY)
  C:\KEIL\C51\LIB\C51L.LIB (STRLEN)
  C:\KEIL\C51\LIB\C51L.LIB (?C?MEMSET)
  C:\KEIL\C51\LIB\C51L.LIB (?C?UIDIV)
  C:\KEIL\C51\LIB\C51L.LIB (?C?ILDIX)


LINK MAP OF MODULE:  Master (?C_STARTUP)


            TYPE    BASE      LENGTH    RELOCATION   SEGMENT NAME
            -----------------------------------------------------

            * * * * * * *   D A T A   M E M O R Y   * * * * * * *
            REG     0000H     0008H     ABSOLUTE     "REG BANK 0"
            DATA    0008H     0005H     UNIT         _DATA_GROUP_
                    000DH     0013H                  *** GAP ***
            BIT     0020H.0   0001H.1   UNIT         _BIT_GROUP_
            BIT     0021H.1   0000H.1   UNIT         ?BI?UART0_RINGBUFFER_LIB
            BIT     0021H.2   0000H.1   UNIT         ?BI?UART1
                    0021H.3   0000H.5                *** GAP ***
            IDATA   0022H     0001H     UNIT         ?STACK

            * * * * * * *  X D A T A   M E M O R Y  * * * * * * *
            XDATA   0000H     0726H     UNIT         _XDATA_GROUP_
            XDATA   0726H     0369H     UNIT         ?XD?DETECT_OBST
            XDATA   0A8FH     0086H     UNIT         ?XD?LIEN_STRUCTURE_COMMANDE
            XDATA   0B15H     0050H     UNIT         ?XD?UART0_RINGBUFFER_LIB
            XDATA   0B65H     0050H     UNIT         ?XD?UART1
            XDATA   0BB5H     003DH     UNIT         ?XD?MAIN
            XDATA   0BF2H     0011H     UNIT         ?XD?_ITOS?FONCTIONS_COTE_SERIALIZER
            XDATA   0C03H     0002H     UNIT         ?XD?SERINCHAR_BIN?UART0_RINGBUFFER_LIB
            XDATA   0C05H     0002H     UNIT         ?XD?SERINCHAR_BIN1?UART1

            * * * * * * *   C O D E   M E M O R Y   * * * * * * *
            CODE    0000H     0003H     ABSOLUTE     
            CODE    0003H     001DH     UNIT         ?PR?_TRUE_VIT?FONCTIONS_COTE_SERIALIZER
                    0020H     0003H                  *** GAP ***
            CODE    0023H     0003H     ABSOLUTE     
            CODE    0026H     0005H     UNIT         ?PR?ISR_TIMER2?MAIN
            CODE    002BH     0003H     ABSOLUTE     
            CODE    002EH     0043H     UNIT         ?PR?_TRAME_EMISE?TRANSMISSION_SPI
                    0071H     0002H                  *** GAP ***
            CODE    0073H     0003H     ABSOLUTE     
            CODE    0076H     0027H     UNIT         ?PR?PUTCHAR?PUTCHAR
BL51 BANKED LINKER/LOCATER V6.22                                                      05/24/2018  19:09:46  PAGE 3


            CODE    009DH     0004H     UNIT         ?PR?CFG_VREF?CONFIG_ADC
                    00A1H     0002H                  *** GAP ***
            CODE    00A3H     0003H     ABSOLUTE     
            CODE    00A6H     0A54H     UNIT         ?C?LIB_CODE
            CODE    0AFAH     064BH     UNIT         ?PR?DETECT_OBST?DETECT_OBST
            CODE    1145H     0530H     UNIT         ?PR?FORMATE_SERIALIZER?FONCTIONS_COTE_SERIALIZER
            CODE    1675H     04DEH     UNIT         ?CO?LIEN_STRUCTURE_COMMANDE
            CODE    1B53H     0484H     UNIT         ?PR?FONCTIONROUTAGE?LIEN_STRUCTURE_COMMANDE
            CODE    1FD7H     0483H     UNIT         ?PR?PRINTF?PRINTF
            CODE    245AH     0320H     UNIT         ?PR?_TRAITEMENT_M?MAIN
            CODE    277AH     025BH     UNIT         ?PR?_TRAITEMENT_S?MAIN
            CODE    29D5H     023FH     UNIT         ?PR?_TRAITEMENT_L?MAIN
            CODE    2C14H     0238H     UNIT         ?PR?TRANSCODE_COMMANDE_TO_SERIALIZER?FONCTIONS_COTE_SERIALIZER
            CODE    2E4CH     0223H     UNIT         ?PR?_MESSAGE?MAIN
            CODE    306FH     0214H     UNIT         ?PR?_CONV?MAIN
            CODE    3283H     01E8H     UNIT         ?C_INITSEG
            CODE    346BH     01BFH     UNIT         ?PR?MAIN?MAIN
            CODE    362AH     01BDH     UNIT         ?PR?_TRAITEMENT_C?MAIN
            CODE    37E7H     0177H     UNIT         ?CO?MAIN
            CODE    395EH     0166H     UNIT         ?PR?_POW?POW
            CODE    3AC4H     0159H     UNIT         ?PR?_TRAITEMENT_R?MAIN
            CODE    3C1DH     0153H     UNIT         ?PR?_TRAITEMENT_A?MAIN
            CODE    3D70H     012AH     UNIT         ?PR?_TRAITEMENT_D?MAIN
            CODE    3E9AH     0129H     UNIT         ?PR?LOG?LOG
            CODE    3FC3H     0127H     UNIT         ?PR?_ITOS?FONCTIONS_COTE_SERIALIZER
            CODE    40EAH     0123H     UNIT         ?PR?_TRUE_TICKS?FONCTIONS_COTE_SERIALIZER
            CODE    420DH     011DH     UNIT         ?PR?DETECTION_AV_AR?DETECT_OBST
            CODE    432AH     0114H     UNIT         ?PR?MES_DIST_AV?ULTRASON
            CODE    443EH     0114H     UNIT         ?PR?MES_DIST_AR?ULTRASON
            CODE    4552H     00FCH     UNIT         ?PR?UART1_ISR?UART1
            CODE    464EH     00F8H     UNIT         ?PR?UART0_ISR?UART0_RINGBUFFER_LIB
            CODE    4746H     00EFH     UNIT         ?PR?_CEIL?CEIL
            CODE    4835H     00D8H     UNIT         ?PR?_TRAITEMENT_G?MAIN
            CODE    490DH     00D2H     UNIT         ?PR?_CONVERSIONANGLE_POSITIF?MAIN
            CODE    49DFH     00BFH     UNIT         ?PR?TEMPO_EMISS?LIEN_STRUCTURE_COMMANDE
            CODE    4A9EH     00BCH     UNIT         ?PR?DETECTION_AV?DETECT_OBST
            CODE    4B5AH     00B9H     UNIT         ?PR?_AFFICHAGE_AV_AR?DETECT_OBST
            CODE    4C13H     00ACH     UNIT         ?PR?ROUTAGE?LIEN_STRUCTURE_COMMANDE
            CODE    4CBFH     00A3H     UNIT         ?PR?_CDE_SERVO_H?SERVOMOTEUR_HORIZONTAL
            CODE    4D62H     009AH     UNIT         ?PR?EXP?EXP
            CODE    4DFCH     0097H     UNIT         ?PR?COURANT_ADC?MESURE_COURANT
            CODE    4E93H     008CH     UNIT         ?C_C51STARTUP
            CODE    4F1FH     008BH     UNIT         ?PR?_TRAITEMENT_B?MAIN
            CODE    4FAAH     008BH     UNIT         ?PR?_SEROUTCHAR1?UART1
            CODE    5035H     008AH     UNIT         ?PR?_SEROUTCHAR?UART0_RINGBUFFER_LIB
            CODE    50BFH     0084H     UNIT         ?PR?ISR_TIMER3?MAIN
            CODE    5143H     0082H     UNIT         ?PR?_AFFICHAGE?DETECT_OBST
            CODE    51C5H     0082H     UNIT         ?PR?_TRAITEMENT_T?MAIN
            CODE    5247H     007DH     UNIT         ?PR?SERINCHAR_BIN?UART0_RINGBUFFER_LIB
            CODE    52C4H     007DH     UNIT         ?PR?SERINCHAR_BIN1?UART1
            CODE    5341H     007AH     UNIT         ?PR?_ECHANGE_TRAME?TRANSMISSION_SPI
            CODE    53BBH     006BH     UNIT         ?PR?_STRCAT?STRCAT
            CODE    5426H     0064H     UNIT         ?PR?SERINCHAR?UART0_RINGBUFFER_LIB
            CODE    548AH     0064H     UNIT         ?PR?SERINCHAR1?UART1
            CODE    54EEH     005EH     UNIT         ?PR?_SEROUTSTRING?UART0_RINGBUFFER_LIB
            CODE    554CH     005EH     UNIT         ?PR?_SEROUTSTRING1?UART1
            CODE    55AAH     005BH     UNIT         ?PR?INIT_SERIAL_BUFFER?UART0_RINGBUFFER_LIB
BL51 BANKED LINKER/LOCATER V6.22                                                      05/24/2018  19:09:46  PAGE 4


            CODE    5605H     005BH     UNIT         ?PR?INIT_SERIAL_BUFFER1?UART1
            CODE    5660H     0059H     UNIT         ?CO?FONCTIONS_COTE_SERIALIZER
            CODE    56B9H     0055H     UNIT         ?PR?_CONV_ANGLE_TICKS?FONCTIONS_COTE_SERIALIZER
            CODE    570EH     004AH     UNIT         ?PR?POINTEUR_LUM?ENCODAGE_POINTEUR_LUM
            CODE    5758H     004AH     UNIT         ?PR?SON_SONORE?GENERATION_SON
            CODE    57A2H     0049H     UNIT         ?PR?_CONVERSIONCOORD_2?MAIN
            CODE    57EBH     0024H     UNIT         ?PR?_CONVERSIONCOORD?MAIN
            CODE    580FH     0024H     UNIT         ?PR?CONFIG_TIMER2?TIMERS
            CODE    5833H     0024H     UNIT         ?PR?CONFIG_TIMER3?TIMERS
            CODE    5857H     0023H     UNIT         ?PR?_CONV_DISTANCE_TICKS?FONCTIONS_COTE_SERIALIZER
            CODE    587AH     001AH     UNIT         ?PR?OSCILLATOR_INIT?CONFIG_GLOBALE
            CODE    5894H     0019H     UNIT         ?PR?GPIO_CONFIG?CONFIG_GLOBALE
            CODE    58ADH     0015H     UNIT         ?PR?CONFIG_SPI_MASTER?CONFIG_SPI
            CODE    58C2H     0015H     UNIT         ?PR?_STRLEN?STRLEN
            CODE    58D7H     0013H     UNIT         ?PR?CFG_ADC0?CONFIG_ADC
            CODE    58EAH     0013H     UNIT         ?PR?CFG_CLOCK_UART?UART0_RINGBUFFER_LIB
            CODE    58FDH     0012H     UNIT         ?PR?TRAITEMENT_E?MAIN
            CODE    590FH     0012H     UNIT         ?PR?CFG_UART0_MODE1?UART0_RINGBUFFER_LIB
            CODE    5921H     0011H     UNIT         ?CO?DETECT_OBST
            CODE    5932H     0010H     UNIT         ?PR?_DEBUT_TRAME?TRANSMISSION_SPI
            CODE    5942H     0010H     UNIT         ?PR?CFG_UART1?UART1
            CODE    5952H     000DH     UNIT         ?PR?TRAITEMENT_Q?MAIN
            CODE    595FH     000DH     UNIT         ?PR?TRAME_RECUE?TRANSMISSION_SPI
            CODE    596CH     000CH     UNIT         ?PR?INIT_DEVICE?CONFIG_GLOBALE
            CODE    5978H     000BH     UNIT         ?PR?CONFIG_TIMER0?TIMERS
            CODE    5983H     000AH     UNIT         ?PR?ACQ_ADC?CONFIG_ADC
            CODE    598DH     000AH     UNIT         ?PR?INITIALISATION_TIMER0?TIMERS
            CODE    5997H     000AH     UNIT         ?PR?FIN_TRAME?TRANSMISSION_SPI
            CODE    59A1H     0007H     UNIT         ?PR?DISABLE_WDT?CONFIG_GLOBALE
            CODE    59A8H     0007H     UNIT         ?PR?_ECHANGE_OCTET?TRANSMISSION_SPI
            CODE    59AFH     0004H     UNIT         ?PR?RESET_SRC?CONFIG_GLOBALE
            CODE    59B3H     0004H     UNIT         ?CO?ENCODAGE_POINTEUR_LUM
            CODE    59B7H     0004H     UNIT         ?CO?GENERATION_SON



OVERLAY MAP OF MODULE:   Master (?C_STARTUP)


SEGMENT                                             BIT_GROUP          DATA_GROUP          XDATA_GROUP
  +--> CALLED SEGMENT                            START    LENGTH     START    LENGTH     START    LENGTH
--------------------------------------------------------------------------------------------------------
?C_C51STARTUP                                    -----    -----      -----    -----      -----    -----
  +--> ?PR?MAIN?MAIN
  +--> ?C_INITSEG

?PR?MAIN?MAIN                                    -----    -----      -----    -----      0000H    009CH
  +--> ?CO?MAIN
  +--> ?PR?INIT_DEVICE?CONFIG_GLOBALE
  +--> ?PR?CONFIG_TIMER2?TIMERS
  +--> ?PR?CONFIG_TIMER0?TIMERS
  +--> ?PR?CONFIG_TIMER3?TIMERS
  +--> ?PR?CONFIG_SPI_MASTER?CONFIG_SPI
  +--> ?PR?CFG_VREF?CONFIG_ADC
  +--> ?PR?CFG_ADC0?CONFIG_ADC
  +--> ?PR?CFG_CLOCK_UART?UART0_RINGBUFFER_LIB
  +--> ?PR?CFG_UART0_MODE1?UART0_RINGBUFFER_LIB
BL51 BANKED LINKER/LOCATER V6.22                                                      05/24/2018  19:09:46  PAGE 5


  +--> ?PR?INIT_SERIAL_BUFFER?UART0_RINGBUFF...
  +--> ?PR?INIT_SERIAL_BUFFER1?UART1
  +--> ?PR?CFG_UART1?UART1
  +--> ?PR?_SEROUTSTRING?UART0_RINGBUFFER_LIB
  +--> ?PR?_STRLEN?STRLEN
  +--> ?PR?SERINCHAR?UART0_RINGBUFFER_LIB
  +--> ?PR?_MESSAGE?MAIN
  +--> ?PR?FONCTIONROUTAGE?LIEN_STRUCTURE_CO...

?PR?INIT_DEVICE?CONFIG_GLOBALE                   -----    -----      -----    -----      -----    -----
  +--> ?PR?RESET_SRC?CONFIG_GLOBALE
  +--> ?PR?DISABLE_WDT?CONFIG_GLOBALE
  +--> ?PR?OSCILLATOR_INIT?CONFIG_GLOBALE
  +--> ?PR?GPIO_CONFIG?CONFIG_GLOBALE

?PR?CONFIG_TIMER3?TIMERS                         -----    -----      -----    -----      -----    -----
  +--> ?PR?_CEIL?CEIL

?PR?_CEIL?CEIL                                   -----    -----      -----    -----      06DAH    0008H

?PR?_SEROUTSTRING?UART0_RINGBUFFER_LIB           -----    -----      -----    -----      06F5H    0005H
  +--> ?PR?_STRLEN?STRLEN
  +--> ?PR?_SEROUTCHAR?UART0_RINGBUFFER_LIB

?PR?_MESSAGE?MAIN                                -----    -----      -----    -----      009CH    0029H
  +--> ?PR?_TRAITEMENT_A?MAIN
  +--> ?PR?_TRAITEMENT_T?MAIN
  +--> ?PR?_TRAITEMENT_D?MAIN
  +--> ?PR?TRAITEMENT_E?MAIN
  +--> ?PR?TRAITEMENT_Q?MAIN
  +--> ?PR?_TRAITEMENT_L?MAIN
  +--> ?PR?_TRAITEMENT_M?MAIN
  +--> ?PR?_TRAITEMENT_B?MAIN
  +--> ?PR?_TRAITEMENT_S?MAIN
  +--> ?PR?_TRAITEMENT_G?MAIN
  +--> ?PR?_TRAITEMENT_R?MAIN
  +--> ?PR?_TRAITEMENT_C?MAIN

?PR?_TRAITEMENT_A?MAIN                           -----    -----      -----    -----      00C5H    002EH
  +--> ?PR?_CONVERSIONANGLE_POSITIF?MAIN
  +--> ?CO?MAIN

?PR?_CONVERSIONANGLE_POSITIF?MAIN                -----    -----      -----    -----      00F5H    0008H

?PR?_TRAITEMENT_T?MAIN                           -----    -----      -----    -----      00C5H    002CH
  +--> ?PR?_CONVERSIONANGLE_POSITIF?MAIN
  +--> ?CO?MAIN

?PR?_TRAITEMENT_D?MAIN                           -----    -----      -----    -----      00C5H    0029H
  +--> ?CO?MAIN

?PR?TRAITEMENT_E?MAIN                            -----    -----      -----    -----      00C5H    0026H

?PR?TRAITEMENT_Q?MAIN                            -----    -----      -----    -----      00C5H    0026H

?PR?_TRAITEMENT_L?MAIN                           -----    -----      -----    -----      00C5H    002FH
  +--> ?PR?_CONVERSIONCOORD_2?MAIN
BL51 BANKED LINKER/LOCATER V6.22                                                      05/24/2018  19:09:46  PAGE 6



?PR?_CONVERSIONCOORD_2?MAIN                      -----    -----      -----    -----      00F4H    0002H

?PR?_TRAITEMENT_M?MAIN                           -----    -----      -----    -----      00C5H    002EH
  +--> ?PR?_CONVERSIONCOORD?MAIN

?PR?_TRAITEMENT_B?MAIN                           -----    -----      -----    -----      00C5H    002CH
  +--> ?PR?_CONVERSIONANGLE_POSITIF?MAIN

?PR?_TRAITEMENT_S?MAIN                           -----    -----      -----    -----      00C5H    0031H
  +--> ?PR?_CONVERSIONCOORD?MAIN

?PR?_TRAITEMENT_G?MAIN                           -----    -----      -----    -----      00C5H    0035H
  +--> ?PR?_STRLEN?STRLEN
  +--> ?PR?_CONV?MAIN

?PR?_CONV?MAIN                                   -----    -----      -----    -----      00FAH    000FH
  +--> ?PR?_POW?POW
  +--> ?PR?_CEIL?CEIL

?PR?_POW?POW                                     -----    -----      -----    -----      06A0H    000AH
  +--> ?PR?LOG?LOG
  +--> ?PR?EXP?EXP

?PR?LOG?LOG                                      0020H.0  0000H.1    -----    -----      06AAH    0004H

?PR?_TRAITEMENT_R?MAIN                           -----    -----      -----    -----      00C5H    0030H
  +--> ?PR?_CONVERSIONANGLE_POSITIF?MAIN

?PR?_TRAITEMENT_C?MAIN                           -----    -----      -----    -----      00C5H    0030H
  +--> ?PR?_CONVERSIONANGLE_POSITIF?MAIN

?PR?FONCTIONROUTAGE?LIEN_STRUCTURE_CO...         -----    -----      -----    -----      009CH    0604H
  +--> ?CO?LIEN_STRUCTURE_COMMANDE
  +--> ?PR?ROUTAGE?LIEN_STRUCTURE_COMMANDE
  +--> ?PR?_CDE_SERVO_H?SERVOMOTEUR_HORIZONTAL
  +--> ?PR?_SEROUTSTRING?UART0_RINGBUFFER_LIB
  +--> ?PR?_STRLEN?STRLEN
  +--> ?PR?_STRCAT?STRCAT
  +--> ?PR?_ECHANGE_TRAME?TRANSMISSION_SPI
  +--> ?PR?TEMPO_EMISS?LIEN_STRUCTURE_COMMANDE
  +--> ?PR?TRAME_RECUE?TRANSMISSION_SPI
  +--> ?PR?PRINTF?PRINTF
  +--> ?PR?_POW?POW
  +--> ?PR?_CEIL?CEIL
  +--> ?PR?TRANSCODE_COMMANDE_TO_SERIALIZER?...
  +--> ?PR?FORMATE_SERIALIZER?FONCTIONS_COTE...
  +--> ?PR?_SEROUTSTRING1?UART1
  +--> ?PR?SERINCHAR1?UART1
  +--> ?PR?DETECT_OBST?DETECT_OBST
  +--> ?PR?SON_SONORE?GENERATION_SON
  +--> ?PR?POINTEUR_LUM?ENCODAGE_POINTEUR_LUM

?PR?ROUTAGE?LIEN_STRUCTURE_COMMANDE              -----    -----      -----    -----      06A0H    0029H

?PR?_CDE_SERVO_H?SERVOMOTEUR_HORIZONTAL          -----    -----      -----    -----      06C6H    0008H
  +--> ?PR?_CEIL?CEIL
BL51 BANKED LINKER/LOCATER V6.22                                                      05/24/2018  19:09:46  PAGE 7



?PR?_STRCAT?STRCAT                               -----    -----      -----    -----      06F5H    0009H

?PR?_ECHANGE_TRAME?TRANSMISSION_SPI              -----    -----      -----    -----      06CAH    000BH
  +--> ?PR?_DEBUT_TRAME?TRANSMISSION_SPI
  +--> ?PR?_ECHANGE_OCTET?TRANSMISSION_SPI
  +--> ?PR?FIN_TRAME?TRANSMISSION_SPI

?PR?_DEBUT_TRAME?TRANSMISSION_SPI                -----    -----      -----    -----      06D5H    0001H
  +--> ?PR?_TRAME_EMISE?TRANSMISSION_SPI

?PR?_TRAME_EMISE?TRANSMISSION_SPI                -----    -----      -----    -----      06D6H    0003H

?PR?_ECHANGE_OCTET?TRANSMISSION_SPI              -----    -----      -----    -----      -----    -----
  +--> ?PR?_TRAME_EMISE?TRANSMISSION_SPI
  +--> ?PR?TRAME_RECUE?TRANSMISSION_SPI

?PR?TRAME_RECUE?TRANSMISSION_SPI                 -----    -----      -----    -----      06D5H    0001H
  +--> ?PR?_TRAME_EMISE?TRANSMISSION_SPI

?PR?FIN_TRAME?TRANSMISSION_SPI                   -----    -----      -----    -----      -----    -----
  +--> ?PR?_TRAME_EMISE?TRANSMISSION_SPI

?PR?TEMPO_EMISS?LIEN_STRUCTURE_COMMANDE          -----    -----      -----    -----      06CAH    0002H

?PR?PRINTF?PRINTF                                0020H.0  0001H.1    0008H    0005H      06ECH    0030H
  +--> ?PR?PUTCHAR?PUTCHAR

?PR?TRANSCODE_COMMANDE_TO_SERIALIZER?...         -----    -----      -----    -----      06A0H    0036H
  +--> ?PR?_CONV_ANGLE_TICKS?FONCTIONS_COTE_...
  +--> ?PR?_CONV_DISTANCE_TICKS?FONCTIONS_CO...

?PR?_CONV_ANGLE_TICKS?FONCTIONS_COTE_...         -----    -----      -----    -----      06D6H    0004H
  +--> ?PR?_CEIL?CEIL

?PR?_CONV_DISTANCE_TICKS?FONCTIONS_CO...         -----    -----      -----    -----      -----    -----
  +--> ?PR?_CEIL?CEIL

?PR?FORMATE_SERIALIZER?FONCTIONS_COTE...         -----    -----      -----    -----      06A0H    001BH
  +--> ?CO?FONCTIONS_COTE_SERIALIZER
  +--> ?PR?_TRUE_VIT?FONCTIONS_COTE_SERIALIZER
  +--> ?PR?PRINTF?PRINTF
  +--> ?PR?_STRCAT?STRCAT
  +--> ?PR?_TRUE_TICKS?FONCTIONS_COTE_SERIAL...

?PR?_TRUE_TICKS?FONCTIONS_COTE_SERIAL...         -----    -----      -----    -----      06BBH    000BH
  +--> ?CO?FONCTIONS_COTE_SERIALIZER
  +--> ?PR?PRINTF?PRINTF
  +--> ?PR?_STRCAT?STRCAT
  +--> ?PR?_STRLEN?STRLEN

?PR?_SEROUTSTRING1?UART1                         -----    -----      -----    -----      06A0H    0005H
  +--> ?PR?_STRLEN?STRLEN
  +--> ?PR?_SEROUTCHAR1?UART1

?PR?DETECT_OBST?DETECT_OBST                      -----    -----      -----    -----      06A0H    0026H
  +--> ?PR?DETECTION_AV?DETECT_OBST
BL51 BANKED LINKER/LOCATER V6.22                                                      05/24/2018  19:09:46  PAGE 8


  +--> ?PR?DETECTION_AV_AR?DETECT_OBST
  +--> ?PR?_CDE_SERVO_H?SERVOMOTEUR_HORIZONTAL
  +--> ?CO?DETECT_OBST
  +--> ?PR?PRINTF?PRINTF
  +--> ?PR?_AFFICHAGE?DETECT_OBST

?PR?DETECTION_AV?DETECT_OBST                     -----    -----      -----    -----      06C6H    0026H
  +--> ?PR?MES_DIST_AV?ULTRASON
  +--> ?CO?DETECT_OBST
  +--> ?PR?PRINTF?PRINTF
  +--> ?PR?_AFFICHAGE?DETECT_OBST

?PR?MES_DIST_AV?ULTRASON                         -----    -----      -----    -----      06ECH    0012H
  +--> ?PR?INITIALISATION_TIMER0?TIMERS

?PR?_AFFICHAGE?DETECT_OBST                       -----    -----      -----    -----      06ECH    0006H
  +--> ?PR?_STRCAT?STRCAT
  +--> ?CO?DETECT_OBST
  +--> ?PR?_SEROUTSTRING?UART0_RINGBUFFER_LIB
  +--> ?PR?_STRLEN?STRLEN

?PR?DETECTION_AV_AR?DETECT_OBST                  -----    -----      -----    -----      06C6H    0026H
  +--> ?PR?MES_DIST_AV?ULTRASON
  +--> ?PR?MES_DIST_AR?ULTRASON
  +--> ?CO?DETECT_OBST
  +--> ?PR?PRINTF?PRINTF
  +--> ?PR?_AFFICHAGE_AV_AR?DETECT_OBST

?PR?MES_DIST_AR?ULTRASON                         -----    -----      -----    -----      06ECH    0012H
  +--> ?PR?INITIALISATION_TIMER0?TIMERS

?PR?_AFFICHAGE_AV_AR?DETECT_OBST                 -----    -----      -----    -----      06ECH    0009H
  +--> ?PR?_STRCAT?STRCAT
  +--> ?CO?DETECT_OBST
  +--> ?PR?_SEROUTSTRING?UART0_RINGBUFFER_LIB
  +--> ?PR?_STRLEN?STRLEN

?PR?SON_SONORE?GENERATION_SON                    -----    -----      -----    -----      06A0H    002AH
  +--> ?CO?GENERATION_SON
  +--> ?PR?_ECHANGE_TRAME?TRANSMISSION_SPI
  +--> ?PR?TEMPO_EMISS?LIEN_STRUCTURE_COMMANDE

?PR?POINTEUR_LUM?ENCODAGE_POINTEUR_LUM           -----    -----      -----    -----      06A0H    002AH
  +--> ?CO?ENCODAGE_POINTEUR_LUM
  +--> ?PR?_ECHANGE_TRAME?TRANSMISSION_SPI
  +--> ?PR?TEMPO_EMISS?LIEN_STRUCTURE_COMMANDE

*** NEW ROOT ***************************************************

?PR?ISR_TIMER3?MAIN                              -----    -----      -----    -----      -----    -----
  +--> ?PR?COURANT_ADC?MESURE_COURANT

?PR?COURANT_ADC?MESURE_COURANT                   -----    -----      -----    -----      071CH    000AH
  +--> ?PR?ACQ_ADC?CONFIG_ADC



BL51 BANKED LINKER/LOCATER V6.22                                                      05/24/2018  19:09:46  PAGE 9


SYMBOL TABLE OF MODULE:  Master (?C_STARTUP)

  VALUE           TYPE          NAME
  ----------------------------------

  -------         MODULE        ?C_STARTUP
  C:4E93H         SEGMENT       ?C_C51STARTUP
  I:0022H         SEGMENT       ?STACK
  C:0000H         PUBLIC        ?C_STARTUP
  D:00E0H         SYMBOL        ACC
  D:00F0H         SYMBOL        B
  D:0083H         SYMBOL        DPH
  D:0082H         SYMBOL        DPL
  N:0000H         SYMBOL        IBPSTACK
  N:0100H         SYMBOL        IBPSTACKTOP
  N:0080H         SYMBOL        IDATALEN
  C:4E96H         SYMBOL        IDATALOOP
  N:0000H         SYMBOL        PBPSTACK
  N:0100H         SYMBOL        PBPSTACKTOP
  N:0000H         SYMBOL        PDATALEN
  N:0000H         SYMBOL        PDATASTART
  N:0000H         SYMBOL        PPAGE
  N:0000H         SYMBOL        PPAGEENABLE
  D:00A0H         SYMBOL        PPAGE_SFR
  D:0081H         SYMBOL        SP
  C:4E93H         SYMBOL        STARTUP1
  N:0000H         SYMBOL        XBPSTACK
  N:0000H         SYMBOL        XBPSTACKTOP
  N:0000H         SYMBOL        XDATALEN
  N:0000H         SYMBOL        XDATASTART
  C:0000H         LINE#         126
  C:4E93H         LINE#         133
  C:4E95H         LINE#         134
  C:4E96H         LINE#         135
  C:4E97H         LINE#         136
  C:4E99H         LINE#         185
  C:4E9CH         LINE#         196
  -------         ENDMOD        ?C_STARTUP

  -------         MODULE        CONFIG_ADC
  C:0000H         SYMBOL        _ICE_DUMMY_
  C:5983H         PUBLIC        ACQ_ADC
  D:00BCH         PUBLIC        ADC0CF
  D:00E8H         PUBLIC        ADC0CN
  D:00A8H         PUBLIC        IE
  D:00D8H         PUBLIC        PCA0CN
  D:00B8H         PUBLIC        IP
  D:00D1H         PUBLIC        REF0CN
  D:00BAH         PUBLIC        AMX0CF
  B:00E8H.5       PUBLIC        AD0INT
  D:00C0H         PUBLIC        SMB0CN
  C:58D7H         PUBLIC        CFG_ADC0
  D:00F8H         PUBLIC        SPI0CN
  D:0088H         PUBLIC        TCON
  D:00BBH         PUBLIC        AMX0SL
  D:00BFH         PUBLIC        ADC0H
  B:00E8H.7       PUBLIC        AD0EN
BL51 BANKED LINKER/LOCATER V6.22                                                      05/24/2018  19:09:46  PAGE 10


  D:0098H         PUBLIC        SCON0
  C:009DH         PUBLIC        CFG_VREF
  D:00C8H         PUBLIC        T2CON
  B:00E8H.0       PUBLIC        AD0LJST
  B:00E8H.2       PUBLIC        AD0CM0
  B:00E8H.3       PUBLIC        AD0CM1
  B:00E8H.4       PUBLIC        AD0BUSY
  D:00D0H         PUBLIC        PSW
  -------         PROC          CFG_VREF
  C:009DH         LINE#         9
  C:009DH         LINE#         10
  C:00A0H         LINE#         11
  -------         ENDPROC       CFG_VREF
  -------         PROC          CFG_ADC0
  C:58D7H         LINE#         13
  C:58D7H         LINE#         15
  C:58D9H         LINE#         17
  C:58DCH         LINE#         18
  C:58DCH         LINE#         19
  C:58DFH         LINE#         20
  C:58DFH         LINE#         22
  C:58E1H         LINE#         25
  C:58E3H         LINE#         26
  C:58E5H         LINE#         28
  C:58E7H         LINE#         30
  C:58E9H         LINE#         31
  -------         ENDPROC       CFG_ADC0
  -------         PROC          ACQ_ADC
  C:5983H         LINE#         34
  C:5983H         LINE#         35
  C:5985H         LINE#         36
  C:5987H         LINE#         37
  C:598AH         LINE#         38
  C:598CH         LINE#         39
  -------         ENDPROC       ACQ_ADC
  -------         ENDMOD        CONFIG_ADC

  -------         MODULE        CONFIG_GLOBALE
  C:0000H         SYMBOL        _ICE_DUMMY_
  D:0080H         PUBLIC        P0
  D:00FFH         PUBLIC        WDTCN
  D:00A0H         PUBLIC        P2
  C:59A1H         PUBLIC        Disable_WDT
  D:00E8H         PUBLIC        ADC0CN
  D:00A4H         PUBLIC        P0MDOUT
  D:00A8H         PUBLIC        IE
  D:00A6H         PUBLIC        P2MDOUT
  D:00D8H         PUBLIC        PCA0CN
  D:00B8H         PUBLIC        IP
  C:587AH         PUBLIC        Oscillator_Init
  D:00E1H         PUBLIC        XBR0
  D:00E3H         PUBLIC        XBR2
  D:00C0H         PUBLIC        SMB0CN
  D:00F8H         PUBLIC        SPI0CN
  C:59AFH         PUBLIC        Reset_src
  D:0088H         PUBLIC        TCON
  D:00B2H         PUBLIC        OSCICN
BL51 BANKED LINKER/LOCATER V6.22                                                      05/24/2018  19:09:46  PAGE 11


  C:596CH         PUBLIC        Init_Device
  D:00B1H         PUBLIC        OSCXCN
  D:00EFH         PUBLIC        RSTSRC
  D:0098H         PUBLIC        SCON0
  D:00C8H         PUBLIC        T2CON
  C:5894H         PUBLIC        GPIO_Config
  D:00D0H         PUBLIC        PSW
  -------         PROC          INIT_DEVICE
  C:596CH         LINE#         7
  C:596CH         LINE#         8
  C:596FH         LINE#         9
  C:5972H         LINE#         10
  C:5975H         LINE#         11
  -------         ENDPROC       INIT_DEVICE
  -------         PROC          OSCILLATOR_INIT
  -------         DO            
  D:0006H         SYMBOL        i
  -------         ENDDO         
  C:587AH         LINE#         14
  C:587AH         LINE#         18
  C:587DH         LINE#         19
  C:588BH         LINE#         20
  C:5890H         LINE#         21
  C:5893H         LINE#         22
  -------         ENDPROC       OSCILLATOR_INIT
  -------         PROC          RESET_SRC
  C:59AFH         LINE#         24
  C:59AFH         LINE#         26
  C:59B2H         LINE#         27
  -------         ENDPROC       RESET_SRC
  -------         PROC          DISABLE_WDT
  C:59A1H         LINE#         29
  C:59A1H         LINE#         31
  C:59A4H         LINE#         32
  C:59A7H         LINE#         33
  -------         ENDPROC       DISABLE_WDT
  -------         PROC          GPIO_CONFIG
  C:5894H         LINE#         36
  C:5894H         LINE#         39
  C:5897H         LINE#         40
  C:589AH         LINE#         43
  C:589DH         LINE#         44
  C:58A0H         LINE#         51
  C:58A3H         LINE#         52
  C:58A6H         LINE#         54
  C:58A9H         LINE#         55
  C:58ACH         LINE#         59
  -------         ENDPROC       GPIO_CONFIG
  -------         ENDMOD        CONFIG_GLOBALE

  -------         MODULE        CONFIG_SPI
  C:0000H         SYMBOL        _ICE_DUMMY_
  D:009DH         PUBLIC        SPI0CKR
  D:0080H         PUBLIC        P0
  B:00F8H.0       PUBLIC        SPIEN
  D:0090H         PUBLIC        P1
  D:00A0H         PUBLIC        P2
BL51 BANKED LINKER/LOCATER V6.22                                                      05/24/2018  19:09:46  PAGE 12


  D:00B0H         PUBLIC        P3
  B:00F8H.1       PUBLIC        MSTEN
  D:00E8H         PUBLIC        ADC0CN
  D:00A8H         PUBLIC        IE
  D:00D8H         PUBLIC        PCA0CN
  D:00B8H         PUBLIC        IP
  D:00C0H         PUBLIC        SMB0CN
  B:00F8H.5       PUBLIC        MODF
  D:00F8H         PUBLIC        SPI0CN
  B:00F8H.7       PUBLIC        SPIF
  D:0088H         PUBLIC        TCON
  B:00F8H.6       PUBLIC        WCOL
  C:58ADH         PUBLIC        Config_SPI_MASTER
  D:0098H         PUBLIC        SCON0
  D:00C8H         PUBLIC        T2CON
  D:009AH         PUBLIC        SPI0CFG
  B:00F8H.4       PUBLIC        RXOVRN
  D:00D0H         PUBLIC        PSW
  -------         PROC          CONFIG_SPI_MASTER
  C:58ADH         LINE#         10
  C:58ADH         LINE#         12
  C:58AFH         LINE#         13
  C:58B1H         LINE#         14
  C:58B3H         LINE#         15
  C:58B5H         LINE#         16
  C:58B7H         LINE#         17
  C:58B9H         LINE#         20
  C:58BCH         LINE#         22
  C:58BFH         LINE#         24
  C:58C1H         LINE#         25
  -------         ENDPROC       CONFIG_SPI_MASTER
  -------         ENDMOD        CONFIG_SPI

  -------         MODULE        DETECT_OBST
  C:0000H         SYMBOL        _ICE_DUMMY_
  D:00E8H         PUBLIC        ADC0CN
  D:00A8H         PUBLIC        IE
  X:0726H         PUBLIC        affichage
  X:0826H         PUBLIC        detection_arriere
  X:082AH         PUBLIC        tab_angles
  D:00D8H         PUBLIC        PCA0CN
  D:00B8H         PUBLIC        IP
  X:088EH         PUBLIC        obstacle_arriere
  D:00C0H         PUBLIC        SMB0CN
  X:0893H         PUBLIC        information
  D:00F8H         PUBLIC        SPI0CN
  X:08ADH         PUBLIC        angle_min
  C:4220H         PUBLIC        detection_AV_AR
  D:0088H         PUBLIC        TCON
  X:08AFH         PUBLIC        min_AR
  X:08B1H         PUBLIC        min_AV
  C:4AB1H         PUBLIC        detection_AV
  X:08B3H         PUBLIC        tab_dist_AR
  X:097BH         PUBLIC        detection_avant
  X:097FH         PUBLIC        min
  X:0981H         PUBLIC        tab_dist_AV
  X:0A49H         PUBLIC        dist_min_ascii
BL51 BANKED LINKER/LOCATER V6.22                                                      05/24/2018  19:09:46  PAGE 13


  X:0A4EH         PUBLIC        dist_min_AR
  X:0A62H         PUBLIC        obstacle_avant
  X:0A67H         PUBLIC        dist_min_AV
  C:0AFAH         PUBLIC        Detect_Obst
  X:0A7BH         PUBLIC        dist_min
  C:4B5AH         PUBLIC        _Affichage_AV_AR
  X:0A7FH         PUBLIC        c
  D:0098H         PUBLIC        SCON0
  D:00C8H         PUBLIC        T2CON
  X:0A81H         PUBLIC        j
  X:0A83H         PUBLIC        k
  C:5143H         PUBLIC        _Affichage
  X:0A85H         PUBLIC        angle_ascii
  X:0A8AH         PUBLIC        z
  D:00D0H         PUBLIC        PSW
  X:0A8CH         PUBLIC        Angle_servo
  -------         PROC          _AFFICHAGE
  X:06ECH         SYMBOL        obst_AV
  X:06EFH         SYMBOL        Serv
  C:5143H         LINE#         40
  C:514EH         LINE#         41
  C:516AH         LINE#         42
  C:5181H         LINE#         43
  C:519FH         LINE#         45
  C:51A8H         LINE#         46
  C:51B1H         LINE#         47
  -------         ENDPROC       _AFFICHAGE
  -------         PROC          _AFFICHAGE_AV_AR
  X:06ECH         SYMBOL        obst_AV
  X:06EFH         SYMBOL        obst_AR
  X:06F2H         SYMBOL        Serv
  C:4B5AH         LINE#         50
  C:4B65H         LINE#         51
  C:4B83H         LINE#         52
  C:4B9AH         LINE#         53
  C:4BB8H         LINE#         54
  C:4BCFH         LINE#         55
  C:4BEDH         LINE#         57
  C:4BF6H         LINE#         58
  C:4BFFH         LINE#         59
  -------         ENDPROC       _AFFICHAGE_AV_AR
  -------         PROC          L?0088
  -------         ENDPROC       L?0088
  -------         PROC          DETECTION_AV
  X:06C6H         SYMBOL        com
  C:4AB1H         LINE#         64
  C:4AB1H         LINE#         66
  C:4ABAH         LINE#         67
  C:4AD2H         LINE#         68
  C:4AD8H         LINE#         69
  C:4AD8H         LINE#         70
  C:4AE0H         LINE#         71
  C:4B0BH         LINE#         72
  C:4B31H         LINE#         74
  C:4B48H         LINE#         75
  C:4B48H         LINE#         76
  C:4B59H         LINE#         77
BL51 BANKED LINKER/LOCATER V6.22                                                      05/24/2018  19:09:46  PAGE 14


  -------         ENDPROC       DETECTION_AV
  -------         PROC          L?0089
  -------         ENDPROC       L?0089
  -------         PROC          DETECTION_AV_AR
  X:06C6H         SYMBOL        com
  C:4220H         LINE#         80
  C:4220H         LINE#         81
  C:4229H         LINE#         82
  C:4232H         LINE#         83
  C:424AH         LINE#         84
  C:4250H         LINE#         85
  C:4250H         LINE#         86
  C:4268H         LINE#         87
  C:426EH         LINE#         88
  C:426EH         LINE#         89
  C:4279H         LINE#         90
  C:42A4H         LINE#         91
  C:42CFH         LINE#         92
  C:42F5H         LINE#         94
  C:4318H         LINE#         95
  C:4318H         LINE#         97
  C:4329H         LINE#         98
  -------         ENDPROC       DETECTION_AV_AR
  -------         PROC          DETECT_OBST
  X:06A0H         SYMBOL        com
  C:0AFAH         LINE#         102
  C:0AFAH         LINE#         105
  C:0B0FH         LINE#         106
  C:0B0FH         LINE#         107
  C:0B15H         LINE#         108
  C:0B2AH         LINE#         109
  C:0B2AH         LINE#         110
  C:0B2AH         LINE#         111
  C:0B40H         LINE#         112
  C:0B40H         LINE#         113
  C:0B40H         LINE#         115
  C:0B40H         LINE#         116
  C:0B48H         LINE#         117
  C:0B67H         LINE#         118
  C:0B72H         LINE#         119
  C:0B93H         LINE#         120
  C:0B96H         LINE#         121
  C:0BACH         LINE#         122
  C:0BACH         LINE#         123
  C:0BACH         LINE#         124
  C:0BCBH         LINE#         125
  C:0BD6H         LINE#         126
  C:0BF7H         LINE#         127
  C:0BFAH         LINE#         128
  C:0C10H         LINE#         129
  C:0C10H         LINE#         130
  C:0C10H         LINE#         133
  C:0C10H         LINE#         134
  C:0C1BH         LINE#         135
  C:0C3AH         LINE#         136
  C:0C5DH         LINE#         137
  C:0C7EH         LINE#         138
BL51 BANKED LINKER/LOCATER V6.22                                                      05/24/2018  19:09:46  PAGE 15


  C:0CB3H         LINE#         139
  C:0CC1H         LINE#         140
  C:0CD8H         LINE#         141
  C:0D04H         LINE#         142
  C:0D61H         LINE#         143
  C:0D70H         LINE#         144
  C:0D70H         LINE#         145
  C:0D81H         LINE#         146
  C:0DAEH         LINE#         147
  C:0DCBH         LINE#         150
  C:0DF6H         LINE#         151
  C:0E03H         LINE#         153
  C:0E03H         LINE#         155
  C:0E06H         LINE#         156
  C:0E06H         LINE#         157
  C:0E25H         LINE#         158
  C:0E48H         LINE#         159
  C:0E69H         LINE#         160
  C:0E9EH         LINE#         161
  C:0EACH         LINE#         162
  C:0EC3H         LINE#         163
  C:0EEFH         LINE#         164
  C:0F4CH         LINE#         165
  C:0F5BH         LINE#         166
  C:0F5BH         LINE#         167
  C:0F6CH         LINE#         168
  C:0F96H         LINE#         169
  C:0FC2H         LINE#         170
  C:101FH         LINE#         171
  C:102EH         LINE#         172
  C:102EH         LINE#         173
  C:103FH         LINE#         174
  C:1069H         LINE#         176
  C:1077H         LINE#         177
  C:1090H         LINE#         178
  C:1090H         LINE#         179
  C:1092H         LINE#         180
  C:1092H         LINE#         181
  C:10BFH         LINE#         182
  C:10DCH         LINE#         183
  C:10DCH         LINE#         185
  C:1107H         LINE#         186
  C:112DH         LINE#         188
  C:1144H         LINE#         189
  C:1144H         LINE#         190
  C:1144H         LINE#         191
  C:1144H         LINE#         193
  -------         ENDPROC       DETECT_OBST
  -------         ENDMOD        DETECT_OBST

  -------         MODULE        ENCODAGE_POINTEUR_LUM
  C:0000H         SYMBOL        _ICE_DUMMY_
  D:00E8H         PUBLIC        ADC0CN
  D:00A8H         PUBLIC        IE
  D:00D8H         PUBLIC        PCA0CN
  D:00B8H         PUBLIC        IP
  D:00C0H         PUBLIC        SMB0CN
BL51 BANKED LINKER/LOCATER V6.22                                                      05/24/2018  19:09:46  PAGE 16


  C:570EH         PUBLIC        pointeur_lum
  D:00F8H         PUBLIC        SPI0CN
  D:0088H         PUBLIC        TCON
  C:59B3H         SYMBOL        _?ix1000
  D:0098H         PUBLIC        SCON0
  D:00C8H         PUBLIC        T2CON
  D:00D0H         PUBLIC        PSW
  -------         PROC          POINTEUR_LUM
  X:06A0H         SYMBOL        com
  -------         DO            
  X:06C6H         SYMBOL        rep
  D:0007H         SYMBOL        commande_SPI
  D:0006H         SYMBOL        taille_trame
  -------         ENDDO         
  C:570EH         LINE#         9
  C:570EH         LINE#         10
  C:5721H         LINE#         11
  C:5723H         LINE#         12
  C:5725H         LINE#         14
  C:572DH         LINE#         15
  C:5735H         LINE#         16
  C:573DH         LINE#         17
  C:5745H         LINE#         19
  C:5755H         LINE#         20
  -------         ENDPROC       POINTEUR_LUM
  -------         ENDMOD        ENCODAGE_POINTEUR_LUM

  -------         MODULE        FONCTIONS_COTE_SERIALIZER
  C:0000H         SYMBOL        _ICE_DUMMY_
  D:00E8H         PUBLIC        ADC0CN
  D:00A8H         PUBLIC        IE
  C:1145H         PUBLIC        formate_serializer
  D:00D8H         PUBLIC        PCA0CN
  D:00B8H         PUBLIC        IP
  C:56D6H         PUBLIC        _conv_angle_ticks
  D:00C0H         PUBLIC        SMB0CN
  D:00F8H         PUBLIC        SPI0CN
  D:0088H         PUBLIC        TCON
  C:3FC3H         PUBLIC        _itos
  C:56B5H         SYMBOL        _?ix1000
  C:4110H         PUBLIC        _true_ticks
  C:2C14H         PUBLIC        transcode_commande_to_serializer
  D:0098H         PUBLIC        SCON0
  D:00C8H         PUBLIC        T2CON
  C:5860H         PUBLIC        _conv_distance_ticks
  C:0003H         PUBLIC        _true_vit
  D:00D0H         PUBLIC        PSW
  -------         PROC          L?0091
  -------         ENDPROC       L?0091
  -------         PROC          _CONV_DISTANCE_TICKS
  D:0006H         SYMBOL        d
  -------         DO            
  D:0006H         SYMBOL        ret
  -------         ENDDO         
  C:5860H         LINE#         40
  C:5860H         LINE#         41
  C:5879H         LINE#         42
BL51 BANKED LINKER/LOCATER V6.22                                                      05/24/2018  19:09:46  PAGE 17


  C:5879H         LINE#         43
  -------         ENDPROC       _CONV_DISTANCE_TICKS
  -------         PROC          L?0090
  -------         ENDPROC       L?0090
  -------         PROC          _CONV_ANGLE_TICKS
  D:0006H         SYMBOL        angle
  -------         DO            
  D:0006H         SYMBOL        ret
  X:06D6H         SYMBOL        a
  -------         ENDDO         
  C:56D6H         LINE#         45
  C:56D6H         LINE#         47
  C:56EEH         LINE#         48
  C:570DH         LINE#         49
  C:570DH         LINE#         50
  -------         ENDPROC       _CONV_ANGLE_TICKS
  -------         PROC          _ITOS
  X:0BF2H         SYMBOL        i
  X:0BF4H         SYMBOL        ret
  -------         DO            
  X:0BF7H         SYMBOL        nbr3
  X:0BFAH         SYMBOL        nbr2
  X:0BFCH         SYMBOL        nbr1
  X:0BFDH         SYMBOL        c
  X:0BFFH         SYMBOL        d
  X:0C01H         SYMBOL        u
  -------         ENDDO         
  C:3FC3H         LINE#         52
  C:3FD4H         LINE#         56
  C:3FEBH         LINE#         57
  C:4018H         LINE#         58
  C:403FH         LINE#         60
  C:4050H         LINE#         61
  C:405BH         LINE#         62
  C:4066H         LINE#         63
  C:4071H         LINE#         64
  C:4086H         LINE#         65
  C:4088H         LINE#         66
  C:4099H         LINE#         67
  C:40A4H         LINE#         68
  C:40AFH         LINE#         69
  C:40C4H         LINE#         70
  C:40C6H         LINE#         71
  C:40C6H         LINE#         72
  C:40D1H         LINE#         73
  C:40E9H         LINE#         74
  C:40E9H         LINE#         75
  -------         ENDPROC       _ITOS
  -------         PROC          _TRUE_VIT
  D:0007H         SYMBOL        vit
  -------         DO            
  D:0004H         SYMBOL        ret
  -------         ENDDO         
  C:0003H         LINE#         77
  C:0003H         LINE#         78
  C:0007H         LINE#         80
  C:000CH         LINE#         81
BL51 BANKED LINKER/LOCATER V6.22                                                      05/24/2018  19:09:46  PAGE 18


  C:001BH         LINE#         82
  C:001BH         LINE#         83
  C:001FH         LINE#         84
  -------         ENDPROC       _TRUE_VIT
  C:4105H         SYMBOL        L?0089
  -------         PROC          L?0088
  -------         ENDPROC       L?0088
  C:4105H         SYMBOL        L?0089
  -------         PROC          _TRUE_TICKS
  X:06BBH         SYMBOL        ticks
  X:06BDH         SYMBOL        ret
  -------         DO            
  X:06C0H         SYMBOL        str
  X:06C4H         SYMBOL        l
  -------         ENDDO         
  C:4110H         LINE#         86
  C:4121H         LINE#         87
  C:4134H         LINE#         88
  C:413BH         LINE#         90
  C:414BH         LINE#         91
  C:416DH         LINE#         92
  C:416DH         LINE#         93
  C:416DH         LINE#         94
  C:4184H         LINE#         95
  C:419AH         LINE#         96
  C:41C0H         LINE#         97
  C:41DCH         LINE#         98
  C:41F2H         LINE#         99
  C:420CH         LINE#         100
  C:420CH         LINE#         101
  -------         ENDPROC       _TRUE_TICKS
  -------         PROC          FORMATE_SERIALIZER
  X:06A0H         SYMBOL        com
  X:06AFH         SYMBOL        ret
  -------         DO            
  X:06B2H         SYMBOL        nbr
  -------         ENDDO         
  C:1145H         LINE#         110
  C:1145H         LINE#         113
  C:11A2H         LINE#         114
  C:11A2H         LINE#         115
  C:11B7H         LINE#         116
  C:11BAH         LINE#         117
  C:11BAH         LINE#         118
  C:11BAH         LINE#         119
  C:11BAH         LINE#         120
  C:11BAH         LINE#         121
  C:11BAH         LINE#         122
  C:11BAH         LINE#         123
  C:11BAH         LINE#         124
  C:11BAH         LINE#         125
  C:11BAH         LINE#         126
  C:11BAH         LINE#         127
  C:11BAH         LINE#         128
  C:11BAH         LINE#         129
  C:11BAH         LINE#         130
  C:11BAH         LINE#         131
BL51 BANKED LINKER/LOCATER V6.22                                                      05/24/2018  19:09:46  PAGE 19


  C:11BAH         LINE#         132
  C:11BAH         LINE#         133
  C:11BAH         LINE#         134
  C:11BAH         LINE#         135
  C:11BAH         LINE#         136
  C:11BAH         LINE#         137
  C:11D2H         LINE#         138
  C:11D2H         LINE#         139
  C:11D2H         LINE#         140
  C:11D5H         LINE#         141
  C:11D5H         LINE#         142
  C:11D5H         LINE#         143
  C:11EDH         LINE#         144
  C:11EDH         LINE#         145
  C:11EDH         LINE#         146
  C:11F0H         LINE#         147
  C:11F0H         LINE#         148
  C:11F0H         LINE#         149
  C:1208H         LINE#         150
  C:122FH         LINE#         151
  C:124BH         LINE#         152
  C:1267H         LINE#         153
  C:1267H         LINE#         154
  C:1267H         LINE#         155
  C:126AH         LINE#         156
  C:126AH         LINE#         157
  C:126AH         LINE#         158
  C:127FH         LINE#         159
  C:127FH         LINE#         160
  C:127FH         LINE#         161
  C:127FH         LINE#         162
  C:127FH         LINE#         163
  C:127FH         LINE#         164
  C:127FH         LINE#         165
  C:127FH         LINE#         166
  C:127FH         LINE#         167
  C:127FH         LINE#         168
  C:127FH         LINE#         169
  C:127FH         LINE#         170
  C:127FH         LINE#         171
  C:1282H         LINE#         172
  C:1282H         LINE#         173
  C:1282H         LINE#         174
  C:1297H         LINE#         175
  C:129AH         LINE#         176
  C:129AH         LINE#         177
  C:129AH         LINE#         178
  C:129AH         LINE#         179
  C:129DH         LINE#         180
  C:12B9H         LINE#         181
  C:12D5H         LINE#         182
  C:12D8H         LINE#         183
  C:12D8H         LINE#         184
  C:12DBH         LINE#         185
  C:12DBH         LINE#         186
  C:12DBH         LINE#         187
  C:12F3H         LINE#         188
BL51 BANKED LINKER/LOCATER V6.22                                                      05/24/2018  19:09:46  PAGE 20


  C:131AH         LINE#         189
  C:1336H         LINE#         190
  C:1352H         LINE#         191
  C:1358H         LINE#         192
  C:1358H         LINE#         193
  C:135BH         LINE#         194
  C:135BH         LINE#         195
  C:135BH         LINE#         196
  C:135BH         LINE#         197
  C:135EH         LINE#         198
  C:137AH         LINE#         199
  C:1396H         LINE#         200
  C:13BDH         LINE#         201
  C:13D9H         LINE#         202
  C:13F5H         LINE#         203
  C:13FBH         LINE#         204
  C:1417H         LINE#         205
  C:1433H         LINE#         206
  C:145AH         LINE#         207
  C:1467H         LINE#         208
  C:146AH         LINE#         209
  C:146AH         LINE#         210
  C:146AH         LINE#         211
  C:1482H         LINE#         212
  C:14A8H         LINE#         213
  C:14C4H         LINE#         214
  C:14E0H         LINE#         215
  C:1506H         LINE#         216
  C:1522H         LINE#         217
  C:153EH         LINE#         218
  C:1564H         LINE#         219
  C:1580H         LINE#         220
  C:159CH         LINE#         221
  C:15C2H         LINE#         222
  C:15DEH         LINE#         223
  C:15FAH         LINE#         224
  C:15FCH         LINE#         225
  C:15FCH         LINE#         226
  C:15FCH         LINE#         227
  C:1611H         LINE#         228
  C:1613H         LINE#         229
  C:1613H         LINE#         230
  C:1613H         LINE#         231
  C:1613H         LINE#         232
  C:1613H         LINE#         233
  C:1613H         LINE#         234
  C:1613H         LINE#         235
  C:1613H         LINE#         236
  C:1613H         LINE#         237
  C:1628H         LINE#         238
  C:162AH         LINE#         239
  C:162AH         LINE#         240
  C:162AH         LINE#         241
  C:163FH         LINE#         242
  C:1641H         LINE#         243
  C:1641H         LINE#         244
  C:1641H         LINE#         245
BL51 BANKED LINKER/LOCATER V6.22                                                      05/24/2018  19:09:46  PAGE 21


  C:1659H         LINE#         246
  C:1659H         LINE#         247
  C:1659H         LINE#         248
  C:1659H         LINE#         249
  C:1659H         LINE#         250
  C:1659H         LINE#         251
  -------         ENDPROC       FORMATE_SERIALIZER
  -------         PROC          TRANSCODE_COMMANDE_TO_SERIALIZER
  X:06A0H         SYMBOL        com
  -------         DO            
  X:06C6H         SYMBOL        ret
  X:06D5H         SYMBOL        v_angl
  D:0007H         SYMBOL        v_line
  -------         ENDDO         
  C:2C14H         LINE#         259
  C:2C14H         LINE#         261
  C:2C1AH         LINE#         262
  C:2C1CH         LINE#         264
  C:2C24H         LINE#         265
  C:2C24H         LINE#         266
  C:2C2AH         LINE#         267
  C:2C2AH         LINE#         268
  C:2C2AH         LINE#         269
  C:2C2AH         LINE#         270
  C:2C2AH         LINE#         271
  C:2C2AH         LINE#         273
  C:2C63H         LINE#         275
  C:2C63H         LINE#         276
  C:2C69H         LINE#         277
  C:2C70H         LINE#         278
  C:2C72H         LINE#         279
  C:2C72H         LINE#         280
  C:2C76H         LINE#         281
  C:2C76H         LINE#         282
  C:2C78H         LINE#         283
  C:2C78H         LINE#         285
  C:2C78H         LINE#         286
  C:2C7EH         LINE#         287
  C:2C85H         LINE#         288
  C:2C87H         LINE#         289
  C:2C87H         LINE#         290
  C:2C91H         LINE#         291
  C:2C95H         LINE#         292
  C:2C98H         LINE#         293
  C:2C98H         LINE#         295
  C:2C98H         LINE#         296
  C:2C9EH         LINE#         297
  C:2CA1H         LINE#         298
  C:2CA1H         LINE#         300
  C:2CA1H         LINE#         301
  C:2CA8H         LINE#         302
  C:2CB0H         LINE#         303
  C:2CB0H         LINE#         304
  C:2CB6H         LINE#         305
  C:2CBEH         LINE#         306
  C:2CD2H         LINE#         307
  C:2CDAH         LINE#         308
BL51 BANKED LINKER/LOCATER V6.22                                                      05/24/2018  19:09:46  PAGE 22


  C:2CDCH         LINE#         309
  C:2CDEH         LINE#         310
  C:2CDEH         LINE#         312
  C:2CDEH         LINE#         313
  C:2CE5H         LINE#         314
  C:2CEDH         LINE#         315
  C:2CEDH         LINE#         316
  C:2CF3H         LINE#         317
  C:2CFBH         LINE#         318
  C:2D0AH         LINE#         319
  C:2D12H         LINE#         320
  C:2D14H         LINE#         321
  C:2D16H         LINE#         322
  C:2D16H         LINE#         324
  C:2D16H         LINE#         325
  C:2D1DH         LINE#         326
  C:2D25H         LINE#         327
  C:2D25H         LINE#         328
  C:2D2BH         LINE#         329
  C:2D33H         LINE#         330
  C:2D47H         LINE#         331
  C:2D4FH         LINE#         332
  C:2D53H         LINE#         333
  C:2D56H         LINE#         334
  C:2D56H         LINE#         336
  C:2D56H         LINE#         337
  C:2D5DH         LINE#         338
  C:2D65H         LINE#         339
  C:2D65H         LINE#         340
  C:2D6BH         LINE#         341
  C:2D73H         LINE#         342
  C:2D82H         LINE#         343
  C:2D8AH         LINE#         344
  C:2D8EH         LINE#         345
  C:2D91H         LINE#         346
  C:2D91H         LINE#         349
  C:2D91H         LINE#         350
  C:2D98H         LINE#         351
  C:2DA0H         LINE#         352
  C:2DA0H         LINE#         353
  C:2DA0H         LINE#         354
  C:2DA0H         LINE#         355
  C:2DB0H         LINE#         356
  C:2DB8H         LINE#         357
  C:2DCAH         LINE#         358
  C:2DCDH         LINE#         359
  C:2DCDH         LINE#         361
  C:2DCDH         LINE#         362
  C:2DD4H         LINE#         363
  C:2DDCH         LINE#         364
  C:2DDCH         LINE#         365
  C:2DDCH         LINE#         366
  C:2DDCH         LINE#         367
  C:2DE7H         LINE#         368
  C:2DEFH         LINE#         369
  C:2E0AH         LINE#         370
  C:2E0CH         LINE#         371
BL51 BANKED LINKER/LOCATER V6.22                                                      05/24/2018  19:09:46  PAGE 23


  C:2E0CH         LINE#         373
  C:2E0CH         LINE#         374
  C:2E13H         LINE#         375
  C:2E1BH         LINE#         376
  C:2E1BH         LINE#         377
  C:2E21H         LINE#         378
  C:2E28H         LINE#         379
  C:2E33H         LINE#         380
  C:2E3AH         LINE#         381
  C:2E45H         LINE#         383
  C:2E45H         LINE#         384
  C:2E45H         LINE#         385
  C:2E45H         LINE#         386
  C:2E45H         LINE#         387
  C:2E45H         LINE#         389
  C:2E4BH         LINE#         390
  -------         ENDPROC       TRANSCODE_COMMANDE_TO_SERIALIZER
  -------         ENDMOD        FONCTIONS_COTE_SERIALIZER

  -------         MODULE        GENERATION_SON
  C:0000H         SYMBOL        _ICE_DUMMY_
  D:00E8H         PUBLIC        ADC0CN
  D:00A8H         PUBLIC        IE
  D:00D8H         PUBLIC        PCA0CN
  D:00B8H         PUBLIC        IP
  D:00C0H         PUBLIC        SMB0CN
  D:00F8H         PUBLIC        SPI0CN
  D:0088H         PUBLIC        TCON
  C:59B7H         SYMBOL        _?ix1000
  C:5758H         PUBLIC        son_sonore
  D:0098H         PUBLIC        SCON0
  D:00C8H         PUBLIC        T2CON
  D:00D0H         PUBLIC        PSW
  -------         PROC          SON_SONORE
  X:06A0H         SYMBOL        com
  -------         DO            
  X:06C6H         SYMBOL        rep
  D:0007H         SYMBOL        commande_SPI
  D:0006H         SYMBOL        taille_trame
  -------         ENDDO         
  C:5758H         LINE#         10
  C:5758H         LINE#         11
  C:576BH         LINE#         12
  C:576DH         LINE#         13
  C:576FH         LINE#         15
  C:5777H         LINE#         16
  C:577FH         LINE#         17
  C:5787H         LINE#         18
  C:578FH         LINE#         20
  C:579FH         LINE#         21
  -------         ENDPROC       SON_SONORE
  -------         ENDMOD        GENERATION_SON

  -------         MODULE        GPIO
  C:0000H         SYMBOL        _ICE_DUMMY_
  D:0080H         PUBLIC        P0
  D:0090H         PUBLIC        P1
BL51 BANKED LINKER/LOCATER V6.22                                                      05/24/2018  19:09:46  PAGE 24


  D:00A0H         PUBLIC        P2
  D:00B0H         PUBLIC        P3
  D:00E8H         PUBLIC        ADC0CN
  D:00A8H         PUBLIC        IE
  D:00D8H         PUBLIC        PCA0CN
  D:00B8H         PUBLIC        IP
  D:00C0H         PUBLIC        SMB0CN
  D:00F8H         PUBLIC        SPI0CN
  D:0088H         PUBLIC        TCON
  D:0098H         PUBLIC        SCON0
  D:00C8H         PUBLIC        T2CON
  D:00D0H         PUBLIC        PSW
  -------         ENDMOD        GPIO

  -------         MODULE        LIEN_STRUCTURE_COMMANDE
  C:0000H         SYMBOL        _ICE_DUMMY_
  D:0080H         PUBLIC        P0
  D:0090H         PUBLIC        P1
  D:00A0H         PUBLIC        P2
  D:00B0H         PUBLIC        P3
  X:0A8FH         PUBLIC        dist_arriere
  X:0A93H         PUBLIC        Angle_voulu
  X:0A94H         PUBLIC        angle
  D:00E8H         PUBLIC        ADC0CN
  D:00A8H         PUBLIC        IE
  D:00D8H         PUBLIC        PCA0CN
  D:00B8H         PUBLIC        IP
  D:00C0H         PUBLIC        SMB0CN
  X:0A95H         PUBLIC        msg_Slave
  C:49DFH         PUBLIC        tempo_emiss
  D:00F8H         PUBLIC        SPI0CN
  X:0A96H         PUBLIC        dist_avant
  D:0088H         PUBLIC        TCON
  X:0A9AH         PUBLIC        mess
  X:0ACCH         PUBLIC        message_s
  C:1B53H         PUBLIC        fonctionRoutage
  C:16A1H         SYMBOL        _?ix1000
  C:16A3H         SYMBOL        _?ix1001
  C:16D5H         SYMBOL        _?ix1002
  C:1707H         SYMBOL        _?ix1003
  C:1739H         SYMBOL        _?ix1004
  C:176BH         SYMBOL        _?ix1005
  X:0AFEH         PUBLIC        Angle_atteint
  X:0B00H         PUBLIC        a
  X:0B01H         PUBLIC        courant_actuel
  D:0098H         PUBLIC        SCON0
  D:00C8H         PUBLIC        T2CON
  X:0B05H         PUBLIC        i
  X:0B06H         PUBLIC        commande_serializer
  D:00D0H         PUBLIC        PSW
  C:4C13H         PUBLIC        routage
  -------         PROC          ROUTAGE
  X:06A0H         SYMBOL        commande
  X:06C6H         SYMBOL        type
  C:4C13H         LINE#         47
  C:4C13H         LINE#         49
  C:4C1BH         LINE#         50
BL51 BANKED LINKER/LOCATER V6.22                                                      05/24/2018  19:09:46  PAGE 25


  C:4C28H         LINE#         51
  C:4C2BH         LINE#         52
  C:4C2FH         LINE#         53
  C:4C3CH         LINE#         54
  C:4C3EH         LINE#         55
  C:4C44H         LINE#         56
  C:4C51H         LINE#         57
  C:4C53H         LINE#         58
  C:4C59H         LINE#         59
  C:4C66H         LINE#         60
  C:4C68H         LINE#         61
  C:4C70H         LINE#         62
  C:4C7DH         LINE#         63
  C:4C7FH         LINE#         64
  C:4C83H         LINE#         65
  C:4C90H         LINE#         66
  C:4C92H         LINE#         67
  C:4C98H         LINE#         68
  C:4CA5H         LINE#         69
  C:4CA7H         LINE#         70
  C:4CAEH         LINE#         71
  C:4CBEH         LINE#         72
  C:4CBEH         LINE#         73
  -------         ENDPROC       ROUTAGE
  -------         PROC          FONCTIONROUTAGE
  X:009CH         SYMBOL        commande
  -------         DO            
  X:00C2H         SYMBOL        route
  X:00C3H         SYMBOL        commande_SPI
  X:00C4H         SYMBOL        trame
  X:00C6H         SYMBOL        taille_trame
  D:0006H         SYMBOL        distance
  X:00C7H         SYMBOL        angle_ascii
  X:00CAH         SYMBOL        mess
  X:00FCH         SYMBOL        mess1
  X:012EH         SYMBOL        mess2
  X:0160H         SYMBOL        mess3
  X:0192H         SYMBOL        compteur
  X:0194H         SYMBOL        msg_Slave_ascii
  X:0294H         SYMBOL        info
  X:02AEH         SYMBOL        courant_ascii
  X:02B2H         SYMBOL        energie_ascii
  X:02B6H         SYMBOL        string_s
  X:069EH         SYMBOL        cpt
  -------         ENDDO         
  C:1B53H         LINE#         75
  C:1B53H         LINE#         76
  C:1B58H         LINE#         77
  C:1B5AH         LINE#         78
  C:1B6CH         LINE#         79
  C:1B72H         LINE#         83
  C:1B84H         LINE#         84
  C:1B97H         LINE#         85
  C:1BAAH         LINE#         86
  C:1BBDH         LINE#         87
  C:1BC4H         LINE#         93
  C:1BD7H         LINE#         94
BL51 BANKED LINKER/LOCATER V6.22                                                      05/24/2018  19:09:46  PAGE 26


  C:1BDEH         LINE#         95
  C:1C01H         LINE#         97
  C:1C34H         LINE#         100
  C:1C34H         LINE#         101
  C:1C3EH         LINE#         102
  C:1C4DH         LINE#         103
  C:1C56H         LINE#         105
  C:1C6AH         LINE#         106
  C:1C79H         LINE#         107
  C:1C90H         LINE#         108
  C:1C90H         LINE#         109
  C:1C93H         LINE#         112
  C:1C93H         LINE#         113
  C:1C99H         LINE#         114
  C:1CA4H         LINE#         115
  C:1CACH         LINE#         116
  C:1CB0H         LINE#         117
  C:1CB6H         LINE#         118
  C:1CB8H         LINE#         119
  C:1CB8H         LINE#         120
  C:1CBEH         LINE#         121
  C:1CBEH         LINE#         122
  C:1CC4H         LINE#         123
  C:1CD7H         LINE#         124
  C:1CDAH         LINE#         125
  C:1CE2H         LINE#         126
  C:1CE5H         LINE#         127
  C:1D04H         LINE#         128
  C:1D0DH         LINE#         129
  C:1D0DH         LINE#         130
  C:1D10H         LINE#         133
  C:1D10H         LINE#         134
  C:1D1BH         LINE#         135
  C:1DA3H         LINE#         138
  C:1DABH         LINE#         139
  C:1DCEH         LINE#         140
  C:1DF2H         LINE#         141
  C:1DFBH         LINE#         142
  C:1E04H         LINE#         143
  C:1E09H         LINE#         144
  C:1E0DH         LINE#         145
  C:1E0DH         LINE#         146
  C:1E15H         LINE#         147
  C:1E17H         LINE#         148
  C:1E2EH         LINE#         149
  C:1E34H         LINE#         150
  C:1E34H         LINE#         151
  C:1E3BH         LINE#         153
  C:1E3EH         LINE#         154
  C:1E3EH         LINE#         155
  C:1E61H         LINE#         156
  C:1E85H         LINE#         157
  C:1E8EH         LINE#         158
  C:1E97H         LINE#         159
  C:1E9CH         LINE#         160
  C:1EA0H         LINE#         161
  C:1EA0H         LINE#         162
BL51 BANKED LINKER/LOCATER V6.22                                                      05/24/2018  19:09:46  PAGE 27


  C:1EA8H         LINE#         163
  C:1EAAH         LINE#         164
  C:1EC1H         LINE#         165
  C:1EC7H         LINE#         166
  C:1EC7H         LINE#         167
  C:1ECEH         LINE#         168
  C:1ECEH         LINE#         169
  C:1EE3H         LINE#         170
  C:1EE3H         LINE#         171
  C:1EE6H         LINE#         175
  C:1EE6H         LINE#         176
  C:1EFCH         LINE#         177
  C:1EFCH         LINE#         180
  C:1EFCH         LINE#         181
  C:1F0CH         LINE#         182
  C:1F29H         LINE#         183
  C:1F32H         LINE#         184
  C:1F38H         LINE#         185
  C:1F3BH         LINE#         188
  C:1F3BH         LINE#         189
  C:1F54H         LINE#         190
  C:1F71H         LINE#         191
  C:1F7AH         LINE#         192
  C:1F80H         LINE#         193
  C:1F82H         LINE#         196
  C:1F82H         LINE#         197
  C:1F98H         LINE#         198
  C:1F9EH         LINE#         199
  C:1FA0H         LINE#         202
  C:1FA0H         LINE#         203
  C:1FB6H         LINE#         204
  C:1FBCH         LINE#         205
  C:1FBEH         LINE#         207
  C:1FBEH         LINE#         208
  C:1FCDH         LINE#         209
  C:1FD6H         LINE#         210
  C:1FD6H         LINE#         212
  C:1FD6H         LINE#         213
  -------         ENDPROC       FONCTIONROUTAGE
  -------         PROC          TEMPO_EMISS
  -------         DO            
  X:06CAH         SYMBOL        x
  -------         ENDDO         
  C:49DFH         LINE#         215
  C:49DFH         LINE#         216
  C:49E6H         LINE#         218
  C:4A13H         LINE#         219
  C:4A41H         LINE#         220
  C:4A6FH         LINE#         221
  C:4A9DH         LINE#         222
  -------         ENDPROC       TEMPO_EMISS
  -------         ENDMOD        LIEN_STRUCTURE_COMMANDE

  -------         MODULE        MAIN
  C:0000H         SYMBOL        _ICE_DUMMY_
  X:0BB5H         PUBLIC        message_PC_com
  D:0080H         PUBLIC        P0
BL51 BANKED LINKER/LOCATER V6.22                                                      05/24/2018  19:09:46  PAGE 28


  X:0BE7H         PUBLIC        courant
  D:0090H         PUBLIC        P1
  D:00A0H         PUBLIC        P2
  D:00B0H         PUBLIC        P3
  C:0026H         PUBLIC        ISR_Timer2
  B:00A8H.7       PUBLIC        EA
  C:50BFH         PUBLIC        ISR_Timer3
  B:00A0H.0       PUBLIC        PWM_servo
  X:0BE9H         PUBLIC        vitesse_par_defaut
  D:00E8H         PUBLIC        ADC0CN
  D:00A8H         PUBLIC        IE
  D:00D8H         PUBLIC        PCA0CN
  D:00B8H         PUBLIC        IP
  X:0BEBH         PUBLIC        commande_correct
  D:00C0H         PUBLIC        SMB0CN
  C:346BH         PUBLIC        main
  D:00F8H         PUBLIC        SPI0CN
  D:0088H         PUBLIC        TCON
  C:306FH         PUBLIC        _conv
  D:0091H         PUBLIC        TMR3CN
  C:4913H         PUBLIC        _conversionangle_positif
  C:38F1H         SYMBOL        _?ix1000
  C:3923H         SYMBOL        _?ix1001
  C:3929H         SYMBOL        _?ix1002
  X:0BEDH         PUBLIC        epreuve_en_cours
  C:392CH         SYMBOL        _?ix1003
  C:2E4CH         PUBLIC        _Message
  B:00C8H.7       PUBLIC        TF2
  B:00C8H.2       PUBLIC        TR2
  X:0BEEH         PUBLIC        energie
  D:0098H         PUBLIC        SCON0
  C:3C1DH         PUBLIC        _traitement_A
  C:4F1FH         PUBLIC        _traitement_B
  C:362AH         PUBLIC        _traitement_C
  D:00C8H         PUBLIC        T2CON
  C:3D70H         PUBLIC        _traitement_D
  C:57F1H         PUBLIC        _conversioncoord
  C:58FDH         PUBLIC        traitement_E
  C:4835H         PUBLIC        _traitement_G
  C:29D5H         PUBLIC        _traitement_L
  C:245AH         PUBLIC        _traitement_M
  B:00A0H.5       PUBLIC        NSS_slave
  C:5952H         PUBLIC        traitement_Q
  C:3AC4H         PUBLIC        _traitement_R
  C:277AH         PUBLIC        _traitement_S
  C:51C5H         PUBLIC        _traitement_T
  C:57A8H         PUBLIC        _conversioncoord_2
  D:00D0H         PUBLIC        PSW
  C:57EBH         SYMBOL        L?0335
  -------         PROC          L?0334
  -------         ENDPROC       L?0334
  C:57EBH         SYMBOL        L?0335
  -------         PROC          _CONVERSIONCOORD
  D:0001H         SYMBOL        tableau
  -------         DO            
  D:0006H         SYMBOL        dizaine
  D:0004H         SYMBOL        unite
BL51 BANKED LINKER/LOCATER V6.22                                                      05/24/2018  19:09:46  PAGE 29


  D:0007H         SYMBOL        valeur
  -------         ENDDO         
  C:57F1H         LINE#         38
  C:57F1H         LINE#         39
  C:57F2H         LINE#         40
  C:57F3H         LINE#         43
  C:5802H         LINE#         44
  C:580BH         LINE#         46
  C:580EH         LINE#         47
  C:580EH         LINE#         48
  -------         ENDPROC       _CONVERSIONCOORD
  C:57A2H         SYMBOL        L?0333
  -------         PROC          L?0332
  -------         ENDPROC       L?0332
  C:57A2H         SYMBOL        L?0333
  -------         PROC          _CONVERSIONCOORD_2
  D:0001H         SYMBOL        tableau
  -------         DO            
  D:0006H         SYMBOL        dizaine
  D:0004H         SYMBOL        unite
  X:00F4H         SYMBOL        centaine
  D:0007H         SYMBOL        valeur
  -------         ENDDO         
  C:57A8H         LINE#         50
  C:57A8H         LINE#         51
  C:57A9H         LINE#         52
  C:57AAH         LINE#         53
  C:57B0H         LINE#         56
  C:57C7H         LINE#         57
  C:57D9H         LINE#         58
  C:57E2H         LINE#         60
  C:57EAH         LINE#         61
  C:57EAH         LINE#         62
  -------         ENDPROC       _CONVERSIONCOORD_2
  -------         PROC          _CONV
  X:00FAH         SYMBOL        nbr
  X:00FDH         SYMBOL        taille
  -------         DO            
  X:00FFH         SYMBOL        k
  X:0101H         SYMBOL        t1
  X:0105H         SYMBOL        ret
  X:0107H         SYMBOL        numero
  -------         ENDDO         
  C:306FH         LINE#         78
  C:3082H         LINE#         79
  C:3082H         LINE#         80
  C:3089H         LINE#         81
  C:3091H         LINE#         82
  C:3098H         LINE#         83
  C:309CH         LINE#         85
  C:30A6H         LINE#         86
  C:30A6H         LINE#         87
  C:30CBH         LINE#         88
  C:30CBH         LINE#         89
  C:30F7H         LINE#         90
  C:312EH         LINE#         91
  C:318CH         LINE#         92
BL51 BANKED LINKER/LOCATER V6.22                                                      05/24/2018  19:09:46  PAGE 30


  C:3198H         LINE#         93
  C:31ACH         LINE#         94
  C:31C3H         LINE#         95
  C:31C6H         LINE#         97
  C:31C6H         LINE#         98
  C:31EAH         LINE#         99
  C:31EAH         LINE#         100
  C:325DH         LINE#         101
  C:3269H         LINE#         102
  C:327AH         LINE#         103
  C:327AH         LINE#         104
  C:3282H         LINE#         105
  -------         ENDPROC       _CONV
  -------         PROC          L?0336
  -------         ENDPROC       L?0336
  -------         PROC          _CONVERSIONANGLE_POSITIF
  D:0001H         SYMBOL        tableau
  -------         DO            
  X:00F5H         SYMBOL        centaine
  X:00F7H         SYMBOL        dizaine
  X:00F9H         SYMBOL        unite
  X:00FBH         SYMBOL        valeur
  -------         ENDDO         
  C:4913H         LINE#         106
  C:4913H         LINE#         107
  C:491AH         LINE#         108
  C:491EH         LINE#         109
  C:4922H         LINE#         112
  C:4929H         LINE#         113
  C:4947H         LINE#         114
  C:495AH         LINE#         115
  C:496EH         LINE#         116
  C:4970H         LINE#         117
  C:4970H         LINE#         118
  C:4989H         LINE#         119
  C:49A3H         LINE#         120
  C:49B7H         LINE#         121
  C:49D6H         LINE#         122
  C:49D6H         LINE#         123
  C:49DEH         LINE#         124
  -------         ENDPROC       _CONVERSIONANGLE_POSITIF
  -------         PROC          _TRAITEMENT_A
  X:00C5H         SYMBOL        com
  X:00C8H         SYMBOL        commande
  -------         DO            
  D:0007H         SYMBOL        vitesse
  X:00EEH         SYMBOL        tab
  X:00F1H         SYMBOL        j
  D:0007H         SYMBOL        duree
  -------         ENDDO         
  C:3C1DH         LINE#         126
  C:3C28H         LINE#         132
  C:3C39H         LINE#         133
  C:3C39H         LINE#         134
  C:3C39H         LINE#         135
  C:3C39H         LINE#         136
  C:3C40H         LINE#         137
BL51 BANKED LINKER/LOCATER V6.22                                                      05/24/2018  19:09:46  PAGE 31


  C:3C48H         LINE#         138
  C:3C48H         LINE#         139
  C:3C6FH         LINE#         140
  C:3C89H         LINE#         141
  C:3C8CH         LINE#         142
  C:3C9CH         LINE#         143
  C:3C9CH         LINE#         144
  C:3C9CH         LINE#         145
  C:3C9FH         LINE#         146
  C:3CA4H         LINE#         147
  C:3CA7H         LINE#         148
  C:3CA7H         LINE#         149
  C:3CA7H         LINE#         150
  C:3CA7H         LINE#         151
  C:3CB2H         LINE#         152
  C:3CB7H         LINE#         154
  C:3CCFH         LINE#         155
  C:3CCFH         LINE#         156
  C:3CD8H         LINE#         157
  C:3CD8H         LINE#         158
  C:3CFFH         LINE#         159
  C:3D19H         LINE#         160
  C:3D1CH         LINE#         161
  C:3D2BH         LINE#         162
  C:3D2BH         LINE#         163
  C:3D32H         LINE#         164
  C:3D34H         LINE#         166
  C:3D34H         LINE#         167
  C:3D38H         LINE#         168
  C:3D38H         LINE#         170
  C:3D3AH         LINE#         178
  C:3D3AH         LINE#         179
  C:3D3AH         LINE#         180
  C:3D3AH         LINE#         181
  C:3D41H         LINE#         182
  C:3D47H         LINE#         183
  C:3D51H         LINE#         184
  C:3D51H         LINE#         185
  C:3D5AH         LINE#         186
  C:3D69H         LINE#         187
  C:3D69H         LINE#         188
  C:3D69H         LINE#         189
  C:3D6FH         LINE#         190
  -------         ENDPROC       _TRAITEMENT_A
  -------         PROC          _TRAITEMENT_B
  X:00C5H         SYMBOL        com
  X:00C8H         SYMBOL        commande
  -------         DO            
  D:0007H         SYMBOL        vitesse
  X:00EEH         SYMBOL        tab
  D:0006H         SYMBOL        j
  -------         ENDDO         
  C:4F1FH         LINE#         191
  C:4F2AH         LINE#         192
  C:4F2AH         LINE#         196
  C:4F30H         LINE#         197
  C:4F45H         LINE#         198
BL51 BANKED LINKER/LOCATER V6.22                                                      05/24/2018  19:09:46  PAGE 32


  C:4F45H         LINE#         199
  C:4F48H         LINE#         200
  C:4F48H         LINE#         201
  C:4F67H         LINE#         202
  C:4F72H         LINE#         203
  C:4F7BH         LINE#         204
  C:4F8BH         LINE#         205
  C:4F8BH         LINE#         206
  C:4F92H         LINE#         207
  C:4F94H         LINE#         209
  C:4F94H         LINE#         210
  C:4F99H         LINE#         211
  C:4F99H         LINE#         212
  C:4F99H         LINE#         213
  C:4F9BH         LINE#         215
  C:4F9BH         LINE#         216
  C:4FA3H         LINE#         217
  C:4FA3H         LINE#         219
  C:4FA9H         LINE#         220
  -------         ENDPROC       _TRAITEMENT_B
  -------         PROC          _TRAITEMENT_C
  X:00C5H         SYMBOL        com
  X:00C8H         SYMBOL        commande
  -------         DO            
  X:00EEH         SYMBOL        angle
  X:00F0H         SYMBOL        tab
  X:00F3H         SYMBOL        j
  -------         ENDDO         
  C:362AH         LINE#         221
  C:3635H         LINE#         222
  C:3635H         LINE#         225
  C:363CH         LINE#         226
  C:365BH         LINE#         227
  C:365BH         LINE#         228
  C:365BH         LINE#         229
  C:365BH         LINE#         230
  C:3661H         LINE#         231
  C:366EH         LINE#         232
  C:366EH         LINE#         233
  C:3676H         LINE#         234
  C:3676H         LINE#         235
  C:369DH         LINE#         236
  C:36B7H         LINE#         237
  C:36C8H         LINE#         238
  C:36E4H         LINE#         239
  C:36E4H         LINE#         240
  C:36E8H         LINE#         241
  C:36EAH         LINE#         243
  C:36EAH         LINE#         244
  C:36F2H         LINE#         245
  C:36FAH         LINE#         246
  C:36FAH         LINE#         247
  C:36FCH         LINE#         249
  C:36FCH         LINE#         250
  C:3703H         LINE#         251
  C:3703H         LINE#         252
  C:3712H         LINE#         253
BL51 BANKED LINKER/LOCATER V6.22                                                      05/24/2018  19:09:46  PAGE 33


  C:3715H         LINE#         254
  C:3715H         LINE#         255
  C:3715H         LINE#         256
  C:3715H         LINE#         257
  C:371BH         LINE#         258
  C:3733H         LINE#         259
  C:3733H         LINE#         260
  C:373BH         LINE#         261
  C:373BH         LINE#         262
  C:3762H         LINE#         263
  C:377CH         LINE#         264
[...]
  -------         PROC          INIT_SERIAL_BUFFER
  C:55AAH         LINE#         162
  C:55AAH         LINE#         163
  C:55D7H         LINE#         164
  C:5604H         LINE#         165
  -------         ENDPROC       INIT_SERIAL_BUFFER
  -------         PROC          _SEROUTCHAR
BL51 BANKED LINKER/LOCATER V6.22                                                      05/24/2018  19:09:46  PAGE 52


  D:0007H         SYMBOL        c
  C:5035H         LINE#         169
  C:5035H         LINE#         170
  C:507BH         LINE#         171
  C:507BH         LINE#         172
  C:5089H         LINE#         173
  C:50B2H         LINE#         175
  C:50B5H         LINE#         176
  C:50B7H         LINE#         177
  C:50B9H         LINE#         178
  C:50B9H         LINE#         179
  C:50BCH         LINE#         180
  C:50BCH         LINE#         181
  C:50BEH         LINE#         182
  -------         ENDPROC       _SEROUTCHAR
  -------         PROC          SERINCHAR
  -------         DO            
  D:0005H         SYMBOL        c
  -------         ENDDO         
  C:5426H         LINE#         188
  C:5426H         LINE#         191
  C:5442H         LINE#         192
  C:5442H         LINE#         194
  C:5450H         LINE#         195
  C:5484H         LINE#         196
  C:5487H         LINE#         197
  C:5487H         LINE#         198
  C:5489H         LINE#         199
  -------         ENDPROC       SERINCHAR
  -------         PROC          SERINCHAR_BIN
  -------         DO            
  D:0005H         SYMBOL        c
  X:0C03H         SYMBOL        return_code
  -------         ENDDO         
  C:5247H         LINE#         207
  C:5247H         LINE#         209
  C:524EH         LINE#         211
  C:526AH         LINE#         212
  C:526AH         LINE#         214
  C:5278H         LINE#         215
  C:52ACH         LINE#         216
  C:52BBH         LINE#         217
  C:52BBH         LINE#         219
  C:52C3H         LINE#         220
  -------         ENDPROC       SERINCHAR_BIN
  -------         PROC          _SEROUTSTRING
  X:06F5H         SYMBOL        buf
  -------         DO            
  X:06F8H         SYMBOL        len
  X:06F9H         SYMBOL        code_err
  -------         ENDDO         
  C:54EEH         LINE#         224
  C:54F9H         LINE#         225
  C:54FEH         LINE#         227
  C:551FH         LINE#         228
  C:5546H         LINE#         229
  C:554BH         LINE#         230
BL51 BANKED LINKER/LOCATER V6.22                                                      05/24/2018  19:09:46  PAGE 53


  -------         ENDPROC       _SEROUTSTRING
  -------         PROC          CFG_CLOCK_UART
  C:58EAH         LINE#         244
  C:58EAH         LINE#         245
  C:58EDH         LINE#         246
  C:58F0H         LINE#         247
  C:58F3H         LINE#         248
  C:58F5H         LINE#         250
  C:58F8H         LINE#         251
  C:58FAH         LINE#         252
  C:58FCH         LINE#         253
  -------         ENDPROC       CFG_CLOCK_UART
  -------         PROC          CFG_UART0_MODE1
  C:590FH         LINE#         259
  C:590FH         LINE#         260
  C:5911H         LINE#         261
  C:5913H         LINE#         262
  C:5916H         LINE#         263
  C:5919H         LINE#         264
  C:591CH         LINE#         265
  C:591EH         LINE#         267
  C:5920H         LINE#         268
  -------         ENDPROC       CFG_UART0_MODE1
  -------         ENDMOD        UART0_RINGBUFFER_LIB

  -------         MODULE        UART1
  C:0000H         SYMBOL        _ICE_DUMMY_
  D:00E7H         PUBLIC        EIE2
  D:00E8H         PUBLIC        ADC0CN
  D:00A8H         PUBLIC        IE
  X:0B65H         SYMBOL        inbuf
  D:00D8H         PUBLIC        PCA0CN
  X:0B85H         SYMBOL        outbuf
  D:00B8H         PUBLIC        IP
  C:5942H         PUBLIC        CFG_UART1
  D:00C0H         PUBLIC        SMB0CN
  B:0021H.2       SYMBOL        TXactive
  D:00F8H         PUBLIC        SPI0CN
  D:0087H         PUBLIC        PCON
  D:0088H         PUBLIC        TCON
  C:4552H         PUBLIC        UART1_ISR
  C:52C4H         PUBLIC        serInchar_Bin1
  C:554CH         PUBLIC        _serOutstring1
  C:548AH         PUBLIC        serInchar1
  X:0BA5H         SYMBOL        in
  C:4FAAH         PUBLIC        _serOutchar1
  X:0BADH         SYMBOL        out
  D:00F2H         PUBLIC        SBUF1
  D:0098H         PUBLIC        SCON0
  D:00F1H         PUBLIC        SCON1
  D:00C8H         PUBLIC        T2CON
  D:00C9H         PUBLIC        T4CON
  C:5605H         PUBLIC        init_Serial_Buffer1
  D:00D0H         PUBLIC        PSW
  -------         PROC          UART1_ISR
  C:4552H         LINE#         86
  C:4565H         LINE#         95
BL51 BANKED LINKER/LOCATER V6.22                                                      05/24/2018  19:09:46  PAGE 54


  C:456AH         LINE#         96
  C:456AH         LINE#         97
  C:4586H         LINE#         98
  C:4595H         LINE#         99
  C:45BEH         LINE#         101
  C:45C0H         LINE#         102
  C:45C2H         LINE#         103
  C:45C5H         LINE#         105
  C:45C7H         LINE#         107
  C:45C7H         LINE#         108
  C:4602H         LINE#         109
  C:4611H         LINE#         110
  C:463AH         LINE#         112
  C:463AH         LINE#         113
  C:463DH         LINE#         114
  C:463DH         LINE#         115
  -------         ENDPROC       UART1_ISR
  -------         PROC          INIT_SERIAL_BUFFER1
  C:5605H         LINE#         120
  C:5605H         LINE#         121
  C:5632H         LINE#         122
  C:565FH         LINE#         123
  -------         ENDPROC       INIT_SERIAL_BUFFER1
  -------         PROC          _SEROUTCHAR1
  D:0007H         SYMBOL        c
  C:4FAAH         LINE#         127
  C:4FAAH         LINE#         129
  C:4FF0H         LINE#         130
  C:4FF0H         LINE#         131
  C:4FFEH         LINE#         132
  C:5027H         LINE#         134
  C:502AH         LINE#         135
  C:502CH         LINE#         136
  C:502FH         LINE#         138
  C:502FH         LINE#         139
  C:5032H         LINE#         140
  C:5032H         LINE#         142
  C:5034H         LINE#         143
  -------         ENDPROC       _SEROUTCHAR1
  -------         PROC          SERINCHAR1
  -------         DO            
  D:0005H         SYMBOL        c
  -------         ENDDO         
  C:548AH         LINE#         149
  C:548AH         LINE#         152
  C:54A6H         LINE#         153
  C:54A6H         LINE#         154
  C:54B4H         LINE#         155
  C:54E8H         LINE#         156
  C:54EBH         LINE#         157
  C:54EBH         LINE#         159
  C:54EDH         LINE#         160
  -------         ENDPROC       SERINCHAR1
  -------         PROC          SERINCHAR_BIN1
  -------         DO            
  D:0005H         SYMBOL        c
  X:0C05H         SYMBOL        return_code
BL51 BANKED LINKER/LOCATER V6.22                                                      05/24/2018  19:09:46  PAGE 55


  -------         ENDDO         
  C:52C4H         LINE#         168
  C:52C4H         LINE#         170
  C:52CBH         LINE#         172
  C:52E7H         LINE#         174
  C:52F5H         LINE#         175
  C:5329H         LINE#         176
  C:5338H         LINE#         177
  C:5338H         LINE#         180
  C:5340H         LINE#         181
  -------         ENDPROC       SERINCHAR_BIN1
  -------         PROC          _SEROUTSTRING1
  X:06A0H         SYMBOL        buf
  -------         DO            
  X:06A3H         SYMBOL        len
  X:06A4H         SYMBOL        code_err
  -------         ENDDO         
  C:554CH         LINE#         185
  C:5557H         LINE#         186
  C:555CH         LINE#         188
  C:557DH         LINE#         189
  C:55A4H         LINE#         190
  C:55A9H         LINE#         191
  -------         ENDPROC       _SEROUTSTRING1
  -------         PROC          CFG_UART1
  C:5942H         LINE#         195
  C:5942H         LINE#         196
  C:5945H         LINE#         197
  C:5948H         LINE#         198
  C:594BH         LINE#         199
  C:594EH         LINE#         201
  C:5951H         LINE#         202
  -------         ENDPROC       CFG_UART1
  -------         ENDMOD        UART1

  -------         MODULE        ULTRASON
  C:0000H         SYMBOL        _ICE_DUMMY_
  D:0080H         PUBLIC        P0
  D:0090H         PUBLIC        P1
  D:00A0H         PUBLIC        P2
  D:00B0H         PUBLIC        P3
  D:00E8H         PUBLIC        ADC0CN
  D:00A8H         PUBLIC        IE
  B:00A0H.4       PUBLIC        Echo_ultrason_ar
  D:00D8H         PUBLIC        PCA0CN
  B:00A0H.2       PUBLIC        Echo_ultrason_av
  D:00B8H         PUBLIC        IP
  D:00C0H         PUBLIC        SMB0CN
  B:00A0H.3       PUBLIC        Trig_ultrason_ar
  B:00A0H.1       PUBLIC        Trig_ultrason_av
  D:00F8H         PUBLIC        SPI0CN
  D:0088H         PUBLIC        TCON
  B:0088H.5       PUBLIC        TF0
  D:008CH         PUBLIC        TH0
  C:443EH         PUBLIC        MES_Dist_AR
  D:008AH         PUBLIC        TL0
  C:432AH         PUBLIC        MES_Dist_AV
BL51 BANKED LINKER/LOCATER V6.22                                                      05/24/2018  19:09:46  PAGE 56


  B:0088H.4       PUBLIC        TR0
  D:0098H         PUBLIC        SCON0
  D:00C8H         PUBLIC        T2CON
  D:00D0H         PUBLIC        PSW
  -------         PROC          MES_DIST_AV
  -------         DO            
  D:0004H         SYMBOL        Delta
  X:06ECH         SYMBOL        TL0_tmp
  X:06F0H         SYMBOL        TH0_tmp
  D:0004H         SYMBOL        Duree
  X:06F4H         SYMBOL        Dist
  D:0004H         SYMBOL        Duree2
  X:06F8H         SYMBOL        i
  X:06FAH         SYMBOL        RegistreTemp
  -------         ENDDO         
  C:432AH         LINE#         12
  C:432AH         LINE#         19
  C:4331H         LINE#         22
  C:4334H         LINE#         23
  C:4336H         LINE#         24
  C:4340H         LINE#         25
  C:434AH         LINE#         27
  C:435BH         LINE#         28
  C:435CH         LINE#         29
  C:4368H         LINE#         30
  C:436AH         LINE#         32
  C:436CH         LINE#         33
  C:436EH         LINE#         35
  C:4374H         LINE#         37
  C:4377H         LINE#         38
  C:4381H         LINE#         39
  C:4384H         LINE#         41
  C:4384H         LINE#         42
  C:4390H         LINE#         43
  C:439CH         LINE#         44
  C:439FH         LINE#         45
  C:43A1H         LINE#         46
  C:43D0H         LINE#         47
  C:4401H         LINE#         49
  C:4412H         LINE#         50
  C:441DH         LINE#         51
  C:442DH         LINE#         52
  C:442FH         LINE#         53
  C:442FH         LINE#         55
  C:443DH         LINE#         56
  -------         ENDPROC       MES_DIST_AV
  -------         PROC          MES_DIST_AR
  -------         DO            
  D:0004H         SYMBOL        Delta
  X:06ECH         SYMBOL        TL0_tmp
  X:06F0H         SYMBOL        TH0_tmp
  D:0004H         SYMBOL        Duree
  X:06F4H         SYMBOL        Dist
  D:0004H         SYMBOL        Duree2
  X:06F8H         SYMBOL        i
  X:06FAH         SYMBOL        RegistreTemp
  -------         ENDDO         
BL51 BANKED LINKER/LOCATER V6.22                                                      05/24/2018  19:09:46  PAGE 57


  C:443EH         LINE#         58
  C:443EH         LINE#         59
  C:443EH         LINE#         66
  C:4445H         LINE#         69
  C:4448H         LINE#         70
  C:444AH         LINE#         71
  C:4454H         LINE#         72
  C:445EH         LINE#         74
  C:446FH         LINE#         75
  C:4470H         LINE#         76
  C:447CH         LINE#         77
  C:447EH         LINE#         79
  C:4480H         LINE#         80
  C:4482H         LINE#         82
  C:4488H         LINE#         84
  C:448BH         LINE#         85
  C:4495H         LINE#         86
  C:4498H         LINE#         88
  C:4498H         LINE#         89
  C:44A4H         LINE#         90
  C:44B0H         LINE#         91
  C:44B3H         LINE#         92
  C:44B5H         LINE#         93
  C:44E4H         LINE#         94
  C:4515H         LINE#         96
  C:4526H         LINE#         97
  C:4531H         LINE#         98
  C:4541H         LINE#         99
  C:4543H         LINE#         100
  C:4543H         LINE#         102
  C:4551H         LINE#         103
  -------         ENDPROC       MES_DIST_AR
  -------         ENDMOD        ULTRASON

  -------         MODULE        ?C?FPADD
  C:00ADH         PUBLIC        ?C?FPADD
  C:00A9H         PUBLIC        ?C?FPSUB
  -------         ENDMOD        ?C?FPADD

  -------         MODULE        ?C?FPMUL
  C:019EH         PUBLIC        ?C?FPMUL
  -------         ENDMOD        ?C?FPMUL

  -------         MODULE        ?C?FPDIV
  C:02A7H         PUBLIC        ?C?FPDIV
  -------         ENDMOD        ?C?FPDIV

  -------         MODULE        ?C?FPCMP
  C:0346H         PUBLIC        ?C?FPCMP
  C:0344H         PUBLIC        ?C?FPCMP3
  -------         ENDMOD        ?C?FPCMP

  -------         MODULE        ?C?FCAST
  C:03C7H         PUBLIC        ?C?FCASTC
  C:03C2H         PUBLIC        ?C?FCASTI
  C:03BDH         PUBLIC        ?C?FCASTL
  -------         ENDMOD        ?C?FCAST
BL51 BANKED LINKER/LOCATER V6.22                                                      05/24/2018  19:09:46  PAGE 58



  -------         MODULE        ?C?CASTF
  C:03FBH         PUBLIC        ?C?CASTF
  -------         ENDMOD        ?C?CASTF

  -------         MODULE        PRINTF
  X:06ECH         PUBLIC        ?_PRINTF?BYTE
  X:06ECH         PUBLIC        ?_SPRINTF?BYTE
  C:2042H         PUBLIC        _PRINTF
  C:203CH         PUBLIC        _SPRINTF
  -------         ENDMOD        PRINTF

  -------         MODULE        CEIL
  C:4746H         PUBLIC        _ceil
  -------         ENDMOD        CEIL

  -------         MODULE        POW
  X:06A0H         PUBLIC        ?_pow?BYTE
  C:395EH         PUBLIC        _pow
  -------         ENDMOD        POW

  -------         MODULE        ?C?CHKFLOAT
  C:047CH         PUBLIC        ?C?CHKFLOAT
  -------         ENDMOD        ?C?CHKFLOAT

  -------         MODULE        ?C?FPNEG
  C:0496H         PUBLIC        ?C?FPNEG
  -------         ENDMOD        ?C?FPNEG

  -------         MODULE        ?C?FPROUND
  C:04A7H         PUBLIC        ?C?FPROUND
  -------         ENDMOD        ?C?FPROUND

  -------         MODULE        ?C?FPCONVERT
  C:04E4H         PUBLIC        ?C?FPCONVERT
  -------         ENDMOD        ?C?FPCONVERT

  -------         MODULE        EXP
  C:4D9AH         PUBLIC        _EXP
  -------         ENDMOD        EXP

  -------         MODULE        LOG
  C:3ECEH         PUBLIC        _LOG
  C:3ECAH         PUBLIC        _LOG10
  -------         ENDMOD        LOG

  -------         MODULE        ?C?FTNPWR
  C:0619H         PUBLIC        ?C?FTNPWR
  -------         ENDMOD        ?C?FTNPWR

  -------         MODULE        ?C?COPY
  C:0776H         PUBLIC        ?C?COPY
  -------         ENDMOD        ?C?COPY

  -------         MODULE        ?C?SCDIV
  C:079CH         PUBLIC        ?C?SCDIV
  -------         ENDMOD        ?C?SCDIV
BL51 BANKED LINKER/LOCATER V6.22                                                      05/24/2018  19:09:46  PAGE 59



  -------         MODULE        ?C?CLDPTR
  C:07BEH         PUBLIC        ?C?CLDPTR
  -------         ENDMOD        ?C?CLDPTR

  -------         MODULE        ?C?CLDOPTR
  C:07D7H         PUBLIC        ?C?CLDOPTR
  -------         ENDMOD        ?C?CLDOPTR

  -------         MODULE        ?C?CSTPTR
  C:0804H         PUBLIC        ?C?CSTPTR
  -------         ENDMOD        ?C?CSTPTR

  -------         MODULE        ?C?CSTOPTR
  C:0816H         PUBLIC        ?C?CSTOPTR
  -------         ENDMOD        ?C?CSTOPTR

  -------         MODULE        ?C?IMUL
  C:0838H         PUBLIC        ?C?IMUL
  -------         ENDMOD        ?C?IMUL

  -------         MODULE        ?C?SIDIV
  C:084AH         PUBLIC        ?C?SIDIV
  -------         ENDMOD        ?C?SIDIV

  -------         MODULE        ?C?IILDX
  C:0880H         PUBLIC        ?C?IILDX
  -------         ENDMOD        ?C?IILDX

  -------         MODULE        ?C?LNEG
  C:0896H         PUBLIC        ?C?LNEG
  -------         ENDMOD        ?C?LNEG

  -------         MODULE        ?C?SLCMP
  C:08A4H         PUBLIC        ?C?SLCMP
  -------         ENDMOD        ?C?SLCMP

  -------         MODULE        ?C?ULCMP
  C:08BAH         PUBLIC        ?C?ULCMP
  -------         ENDMOD        ?C?ULCMP

  -------         MODULE        ?C?LLDCODE
  C:08CBH         PUBLIC        ?C?LLDCODE
  -------         ENDMOD        ?C?LLDCODE

  -------         MODULE        ?C?LLDXDATA0
  C:08DBH         PUBLIC        ?C?LLDXDATA0
  -------         ENDMOD        ?C?LLDXDATA0

  -------         MODULE        ?C?LLDCODE0
  C:08E7H         PUBLIC        ?C?LLDCODE0
  -------         ENDMOD        ?C?LLDCODE0

  -------         MODULE        ?C?LSTXDATA
  C:08F7H         PUBLIC        ?C?LSTXDATA
  -------         ENDMOD        ?C?LSTXDATA

BL51 BANKED LINKER/LOCATER V6.22                                                      05/24/2018  19:09:46  PAGE 60


  -------         MODULE        ?C?LSTKXDATA
  C:0903H         PUBLIC        ?C?LSTKXDATA
  -------         ENDMOD        ?C?LSTKXDATA

  -------         MODULE        ?C?PLDIXDATA
  C:0934H         PUBLIC        ?C?PLDIXDATA
  -------         ENDMOD        ?C?PLDIXDATA

  -------         MODULE        ?C?PSTXDATA
  C:094BH         PUBLIC        ?C?PSTXDATA
  -------         ENDMOD        ?C?PSTXDATA

  -------         MODULE        ?C?CCASE
  C:0954H         PUBLIC        ?C?CCASE
  -------         ENDMOD        ?C?CCASE

  -------         MODULE        PUTCHAR
  C:0076H         PUBLIC        _PUTCHAR
  -------         ENDMOD        PUTCHAR

  -------         MODULE        STRCAT
  X:06F5H         PUBLIC        ?_strcat?BYTE
  C:53BBH         PUBLIC        _strcat
  -------         ENDMOD        STRCAT

  -------         MODULE        ?C?STRCPY
  C:0A46H         PUBLIC        ?C?STRCPY
  -------         ENDMOD        ?C?STRCPY

  -------         MODULE        STRLEN
  C:58C2H         PUBLIC        _STRLEN
  -------         ENDMOD        STRLEN

  -------         MODULE        ?C?MEMSET
  C:0A63H         PUBLIC        ?C?MEMSET
  -------         ENDMOD        ?C?MEMSET

  -------         MODULE        ?C?UIDIV
  C:0A8FH         PUBLIC        ?C?UIDIV
  -------         ENDMOD        ?C?UIDIV

  -------         MODULE        ?C?ILDIX
  C:0AE4H         PUBLIC        ?C?ILDIX
  -------         ENDMOD        ?C?ILDIX

*** WARNING L16: UNCALLED SEGMENT, IGNORED FOR OVERLAY PROCESS
    SEGMENT: ?PR?_ITOS?FONCTIONS_COTE_SERIALIZER

*** WARNING L16: UNCALLED SEGMENT, IGNORED FOR OVERLAY PROCESS
    SEGMENT: ?PR?SERINCHAR_BIN?UART0_RINGBUFFER_LIB

*** WARNING L16: UNCALLED SEGMENT, IGNORED FOR OVERLAY PROCESS
    SEGMENT: ?PR?SERINCHAR_BIN1?UART1

Program Size: data=15.3 xdata=3079 code=22964
LINK/LOCATE RUN COMPLETE.  3 WARNING(S),  0 ERROR(S)
