BL51 BANKED LINKER/LOCATER V6.22                                                        05/22/2018  19:07:54  PAGE 1


BL51 BANKED LINKER/LOCATER V6.22, INVOKED BY:
C:\KEIL\C51\BIN\BL51.EXE STARTUP.obj, Config_ADC.obj, Config_Globale.obj, Config_SPI.obj, Detect_Obst.obj, Fonctions_cot
>> e_serializer.obj, Generation_son.obj, Gpio.obj, Lien_Structure_commande.obj, main.obj, Mesure_courant.obj, Servomoteu
>> r_Horizontal.obj, Timers.obj, Transmission_SPI.obj, UART0_RingBuffer_lib.obj, UART1.obj, ultrason.obj TO Master RAMSI
>> ZE (256)


MEMORY MODEL: LARGE WITH FLOATING POINT ARITHMETIC


INPUT MODULES INCLUDED:
  STARTUP.obj (?C_STARTUP)
  Config_ADC.obj (CONFIG_ADC)
  Config_Globale.obj (CONFIG_GLOBALE)
  Config_SPI.obj (CONFIG_SPI)
  Detect_Obst.obj (DETECT_OBST)
  Fonctions_cote_serializer.obj (FONCTIONS_COTE_SERIALIZER)
  Generation_son.obj (GENERATION_SON)
  Gpio.obj (GPIO)
  Lien_Structure_commande.obj (LIEN_STRUCTURE_COMMANDE)
  main.obj (MAIN)
  Mesure_courant.obj (MESURE_COURANT)
  Servomoteur_Horizontal.obj (SERVOMOTEUR_HORIZONTAL)
  Timers.obj (TIMERS)
  Transmission_SPI.obj (TRANSMISSION_SPI)
  UART0_RingBuffer_lib.obj (UART0_RINGBUFFER_LIB)
  UART1.obj (UART1)
  ultrason.obj (ULTRASON)
  C:\KEIL\C51\LIB\C51FPL.LIB (?C?FPADD)
  C:\KEIL\C51\LIB\C51FPL.LIB (?C?FPMUL)
  C:\KEIL\C51\LIB\C51FPL.LIB (?C?FPDIV)
  C:\KEIL\C51\LIB\C51FPL.LIB (?C?FPCMP)
  C:\KEIL\C51\LIB\C51FPL.LIB (?C?FCAST)
  C:\KEIL\C51\LIB\C51FPL.LIB (?C?CASTF)
  C:\KEIL\C51\LIB\C51FPL.LIB (PRINTF)
  C:\KEIL\C51\LIB\C51FPL.LIB (ATAN)
  C:\KEIL\C51\LIB\C51FPL.LIB (CEIL)
  C:\KEIL\C51\LIB\C51FPL.LIB (POW)
  C:\KEIL\C51\LIB\C51FPL.LIB (?C?FPGETOPN)
  C:\KEIL\C51\LIB\C51FPL.LIB (?C?CHKFLOAT)
  C:\KEIL\C51\LIB\C51FPL.LIB (?C?FPNEG)
  C:\KEIL\C51\LIB\C51FPL.LIB (?C?FPROUND)
  C:\KEIL\C51\LIB\C51FPL.LIB (?C?FPCONVERT)
  C:\KEIL\C51\LIB\C51FPL.LIB (?C?FPSERIES)
  C:\KEIL\C51\LIB\C51FPL.LIB (EXP)
  C:\KEIL\C51\LIB\C51FPL.LIB (LOG)
  C:\KEIL\C51\LIB\C51FPL.LIB (?C?FTNPWR)
  C:\KEIL\C51\LIB\C51L.LIB (?C_INIT)
  C:\KEIL\C51\LIB\C51L.LIB (?C?COPY)
  C:\KEIL\C51\LIB\C51L.LIB (?C?SCDIV)
  C:\KEIL\C51\LIB\C51L.LIB (?C?CLDPTR)
  C:\KEIL\C51\LIB\C51L.LIB (?C?CLDOPTR)
  C:\KEIL\C51\LIB\C51L.LIB (?C?CSTPTR)
  C:\KEIL\C51\LIB\C51L.LIB (?C?CSTOPTR)
  C:\KEIL\C51\LIB\C51L.LIB (?C?IMUL)
  C:\KEIL\C51\LIB\C51L.LIB (?C?SIDIV)
  C:\KEIL\C51\LIB\C51L.LIB (?C?IILDX)
  C:\KEIL\C51\LIB\C51L.LIB (?C?LNEG)
BL51 BANKED LINKER/LOCATER V6.22                                                      05/22/2018  19:07:54  PAGE 2


  C:\KEIL\C51\LIB\C51L.LIB (?C?SLCMP)
  C:\KEIL\C51\LIB\C51L.LIB (?C?ULCMP)
  C:\KEIL\C51\LIB\C51L.LIB (?C?LLDCODE)
  C:\KEIL\C51\LIB\C51L.LIB (?C?LLDXDATA0)
  C:\KEIL\C51\LIB\C51L.LIB (?C?LLDCODE0)
  C:\KEIL\C51\LIB\C51L.LIB (?C?LSTXDATA)
  C:\KEIL\C51\LIB\C51L.LIB (?C?LSTKXDATA)
  C:\KEIL\C51\LIB\C51L.LIB (?C?PLDIXDATA)
  C:\KEIL\C51\LIB\C51L.LIB (?C?PSTXDATA)
  C:\KEIL\C51\LIB\C51L.LIB (?C?CCASE)
  C:\KEIL\C51\LIB\C51L.LIB (PUTCHAR)
  C:\KEIL\C51\LIB\C51L.LIB (STRCAT)
  C:\KEIL\C51\LIB\C51L.LIB (?C?STRCPY)
  C:\KEIL\C51\LIB\C51L.LIB (STRLEN)
  C:\KEIL\C51\LIB\C51L.LIB (?C?MEMSET)
  C:\KEIL\C51\LIB\C51L.LIB (?C?UIDIV)
  C:\KEIL\C51\LIB\C51L.LIB (?C?ILDIX)


LINK MAP OF MODULE:  Master (?C_STARTUP)


            TYPE    BASE      LENGTH    RELOCATION   SEGMENT NAME
            -----------------------------------------------------

            * * * * * * *   D A T A   M E M O R Y   * * * * * * *
            REG     0000H     0008H     ABSOLUTE     "REG BANK 0"
            DATA    0008H     0005H     UNIT         _DATA_GROUP_
                    000DH     0013H                  *** GAP ***
            BIT     0020H.0   0001H.1   UNIT         _BIT_GROUP_
            BIT     0021H.1   0000H.1   UNIT         ?BI?UART0_RINGBUFFER_LIB
            BIT     0021H.2   0000H.1   UNIT         ?BI?UART1
                    0021H.3   0000H.5                *** GAP ***
            IDATA   0022H     0001H     UNIT         ?STACK

            * * * * * * *  X D A T A   M E M O R Y  * * * * * * *
            XDATA   0000H     0966H     UNIT         _XDATA_GROUP_
            XDATA   0966H     012FH     UNIT         ?XD?DETECT_OBST
            XDATA   0A95H     0086H     UNIT         ?XD?LIEN_STRUCTURE_COMMANDE
            XDATA   0B1BH     0050H     UNIT         ?XD?UART0_RINGBUFFER_LIB
            XDATA   0B6BH     0050H     UNIT         ?XD?UART1
            XDATA   0BBBH     003DH     UNIT         ?XD?MAIN
            XDATA   0BF8H     0011H     UNIT         ?XD?_ITOS?FONCTIONS_COTE_SERIALIZER
            XDATA   0C09H     0002H     UNIT         ?XD?SERINCHAR_BIN?UART0_RINGBUFFER_LIB
            XDATA   0C0BH     0002H     UNIT         ?XD?SERINCHAR_BIN1?UART1

            * * * * * * *   C O D E   M E M O R Y   * * * * * * *
            CODE    0000H     0003H     ABSOLUTE     
            CODE    0003H     001EH     UNIT         ?CO?DETECT_OBST
                    0021H     0002H                  *** GAP ***
            CODE    0023H     0003H     ABSOLUTE     
            CODE    0026H     0005H     UNIT         ?PR?ISR_TIMER2?MAIN
            CODE    002BH     0003H     ABSOLUTE     
            CODE    002EH     0043H     UNIT         ?PR?_TRAME_EMISE?TRANSMISSION_SPI
                    0071H     0002H                  *** GAP ***
            CODE    0073H     0003H     ABSOLUTE     
            CODE    0076H     0027H     UNIT         ?PR?PUTCHAR?PUTCHAR
BL51 BANKED LINKER/LOCATER V6.22                                                      05/22/2018  19:07:54  PAGE 3


            CODE    009DH     0004H     UNIT         ?PR?CFG_VREF?CONFIG_ADC
                    00A1H     0002H                  *** GAP ***
            CODE    00A3H     0003H     ABSOLUTE     
            CODE    00A6H     0A54H     UNIT         ?C?LIB_CODE
            CODE    0AFAH     078BH     UNIT         ?PR?FONCTIONROUTAGE?LIEN_STRUCTURE_COMMANDE
            CODE    1285H     0671H     UNIT         ?PR?DETECT_OBST?DETECT_OBST
            CODE    18F6H     0530H     UNIT         ?PR?FORMATE_SERIALIZER?FONCTIONS_COTE_SERIALIZER
            CODE    1E26H     04EEH     UNIT         ?CO?LIEN_STRUCTURE_COMMANDE
            CODE    2314H     0483H     UNIT         ?PR?PRINTF?PRINTF
            CODE    2797H     0320H     UNIT         ?PR?_TRAITEMENT_M?MAIN
            CODE    2AB7H     025BH     UNIT         ?PR?_TRAITEMENT_S?MAIN
            CODE    2D12H     0238H     UNIT         ?PR?TRANSCODE_COMMANDE_TO_SERIALIZER?FONCTIONS_COTE_SERIALIZER
            CODE    2F4AH     021EH     UNIT         ?PR?_CONV?MAIN
            CODE    3168H     01FCH     UNIT         ?PR?_MESSAGE?MAIN
            CODE    3364H     01D4H     UNIT         ?C_INITSEG
            CODE    3538H     01BFH     UNIT         ?PR?MAIN?MAIN
            CODE    36F7H     01BDH     UNIT         ?PR?_TRAITEMENT_C?MAIN
            CODE    38B4H     01B3H     UNIT         ?PR?_TRAITEMENT_G?MAIN
            CODE    3A67H     0184H     UNIT         ?PR?DETECTION_AV_AR?DETECT_OBST
            CODE    3BEBH     0177H     UNIT         ?CO?MAIN
            CODE    3D62H     0166H     UNIT         ?PR?_POW?POW
            CODE    3EC8H     0159H     UNIT         ?PR?_TRAITEMENT_R?MAIN
            CODE    4021H     0153H     UNIT         ?PR?_TRAITEMENT_A?MAIN
            CODE    4174H     012AH     UNIT         ?PR?_TRAITEMENT_D?MAIN
            CODE    429EH     0129H     UNIT         ?PR?LOG?LOG
            CODE    43C7H     0127H     UNIT         ?PR?_ITOS?FONCTIONS_COTE_SERIALIZER
            CODE    44EEH     0123H     UNIT         ?PR?_TRUE_TICKS?FONCTIONS_COTE_SERIALIZER
            CODE    4611H     0122H     UNIT         ?PR?ATAN?ATAN
            CODE    4733H     0114H     UNIT         ?PR?MES_DIST_AV?ULTRASON
            CODE    4847H     0114H     UNIT         ?PR?MES_DIST_AR?ULTRASON
            CODE    495BH     0104H     UNIT         ?PR?DETECTION_AV?DETECT_OBST
            CODE    4A5FH     00FCH     UNIT         ?PR?UART1_ISR?UART1
            CODE    4B5BH     00F8H     UNIT         ?PR?UART0_ISR?UART0_RINGBUFFER_LIB
            CODE    4C53H     00EFH     UNIT         ?PR?_CEIL?CEIL
            CODE    4D42H     00D2H     UNIT         ?PR?_CONVERSIONANGLE_POSITIF?MAIN
            CODE    4E14H     00BFH     UNIT         ?PR?TEMPO_EMISS?LIEN_STRUCTURE_COMMANDE
            CODE    4ED3H     00A3H     UNIT         ?PR?_CDE_SERVO_H?SERVOMOTEUR_HORIZONTAL
            CODE    4F76H     009AH     UNIT         ?PR?EXP?EXP
            CODE    5010H     0097H     UNIT         ?PR?COURANT_ADC?MESURE_COURANT
            CODE    50A7H     0095H     UNIT         ?PR?ROUTAGE?LIEN_STRUCTURE_COMMANDE
            CODE    513CH     008CH     UNIT         ?C_C51STARTUP
            CODE    51C8H     008BH     UNIT         ?PR?_TRAITEMENT_B?MAIN
            CODE    5253H     008BH     UNIT         ?PR?_SEROUTCHAR1?UART1
            CODE    52DEH     008AH     UNIT         ?PR?_SEROUTCHAR?UART0_RINGBUFFER_LIB
            CODE    5368H     0084H     UNIT         ?PR?ISR_TIMER3?MAIN
            CODE    53ECH     0082H     UNIT         ?PR?_TRAITEMENT_T?MAIN
            CODE    546EH     007DH     UNIT         ?PR?SERINCHAR_BIN?UART0_RINGBUFFER_LIB
            CODE    54EBH     007DH     UNIT         ?PR?SERINCHAR_BIN1?UART1
            CODE    5568H     007AH     UNIT         ?PR?_ECHANGE_TRAME?TRANSMISSION_SPI
            CODE    55E2H     006BH     UNIT         ?PR?_STRCAT?STRCAT
            CODE    564DH     0064H     UNIT         ?PR?SERINCHAR?UART0_RINGBUFFER_LIB
            CODE    56B1H     0064H     UNIT         ?PR?SERINCHAR1?UART1
            CODE    5715H     005EH     UNIT         ?PR?_SEROUTSTRING?UART0_RINGBUFFER_LIB
            CODE    5773H     005EH     UNIT         ?PR?_SEROUTSTRING1?UART1
            CODE    57D1H     005BH     UNIT         ?PR?INIT_SERIAL_BUFFER?UART0_RINGBUFFER_LIB
            CODE    582CH     005BH     UNIT         ?PR?INIT_SERIAL_BUFFER1?UART1
            CODE    5887H     0059H     UNIT         ?CO?FONCTIONS_COTE_SERIALIZER
BL51 BANKED LINKER/LOCATER V6.22                                                      05/22/2018  19:07:54  PAGE 4


            CODE    58E0H     0055H     UNIT         ?PR?_CONV_ANGLE_TICKS?FONCTIONS_COTE_SERIALIZER
            CODE    5935H     004BH     UNIT         ?PR?SON_SONORE?GENERATION_SON
            CODE    5980H     0024H     UNIT         ?PR?_CONVERSIONCOORD?MAIN
            CODE    59A4H     0024H     UNIT         ?PR?CONFIG_TIMER2?TIMERS
            CODE    59C8H     0024H     UNIT         ?PR?CONFIG_TIMER3?TIMERS
            CODE    59ECH     0023H     UNIT         ?PR?_CONV_DISTANCE_TICKS?FONCTIONS_COTE_SERIALIZER
            CODE    5A0FH     001DH     UNIT         ?PR?_TRUE_VIT?FONCTIONS_COTE_SERIALIZER
            CODE    5A2CH     001AH     UNIT         ?PR?OSCILLATOR_INIT?CONFIG_GLOBALE
            CODE    5A46H     0019H     UNIT         ?PR?GPIO_CONFIG?CONFIG_GLOBALE
            CODE    5A5FH     0015H     UNIT         ?PR?CONFIG_SPI_MASTER?CONFIG_SPI
            CODE    5A74H     0015H     UNIT         ?PR?_STRLEN?STRLEN
            CODE    5A89H     0013H     UNIT         ?PR?CFG_ADC0?CONFIG_ADC
            CODE    5A9CH     0013H     UNIT         ?PR?CFG_CLOCK_UART?UART0_RINGBUFFER_LIB
            CODE    5AAFH     0012H     UNIT         ?PR?TRAITEMENT_E?MAIN
            CODE    5AC1H     0012H     UNIT         ?PR?CFG_UART0_MODE1?UART0_RINGBUFFER_LIB
            CODE    5AD3H     0010H     UNIT         ?PR?_DEBUT_TRAME?TRANSMISSION_SPI
            CODE    5AE3H     0010H     UNIT         ?PR?CFG_UART1?UART1
            CODE    5AF3H     000DH     UNIT         ?PR?TRAITEMENT_Q?MAIN
            CODE    5B00H     000DH     UNIT         ?PR?TRAME_RECUE?TRANSMISSION_SPI
            CODE    5B0DH     000CH     UNIT         ?PR?INIT_DEVICE?CONFIG_GLOBALE
            CODE    5B19H     000BH     UNIT         ?PR?CONFIG_TIMER0?TIMERS
            CODE    5B24H     000AH     UNIT         ?PR?ACQ_ADC?CONFIG_ADC
            CODE    5B2EH     000AH     UNIT         ?PR?INITIALISATION_TIMER0?TIMERS
            CODE    5B38H     000AH     UNIT         ?PR?FIN_TRAME?TRANSMISSION_SPI
            CODE    5B42H     0007H     UNIT         ?PR?DISABLE_WDT?CONFIG_GLOBALE
            CODE    5B49H     0007H     UNIT         ?PR?_ECHANGE_OCTET?TRANSMISSION_SPI
            CODE    5B50H     0004H     UNIT         ?PR?RESET_SRC?CONFIG_GLOBALE
            CODE    5B54H     0004H     UNIT         ?CO?GENERATION_SON



OVERLAY MAP OF MODULE:   Master (?C_STARTUP)


SEGMENT                                             BIT_GROUP          DATA_GROUP          XDATA_GROUP
  +--> CALLED SEGMENT                            START    LENGTH     START    LENGTH     START    LENGTH
--------------------------------------------------------------------------------------------------------
?C_C51STARTUP                                    -----    -----      -----    -----      -----    -----
  +--> ?PR?MAIN?MAIN
  +--> ?C_INITSEG

?PR?MAIN?MAIN                                    -----    -----      -----    -----      0000H    009CH
  +--> ?CO?MAIN
  +--> ?PR?INIT_DEVICE?CONFIG_GLOBALE
  +--> ?PR?CONFIG_TIMER2?TIMERS
  +--> ?PR?CONFIG_TIMER0?TIMERS
  +--> ?PR?CONFIG_TIMER3?TIMERS
  +--> ?PR?CONFIG_SPI_MASTER?CONFIG_SPI
  +--> ?PR?CFG_VREF?CONFIG_ADC
  +--> ?PR?CFG_ADC0?CONFIG_ADC
  +--> ?PR?CFG_CLOCK_UART?UART0_RINGBUFFER_LIB
  +--> ?PR?CFG_UART0_MODE1?UART0_RINGBUFFER_LIB
  +--> ?PR?INIT_SERIAL_BUFFER?UART0_RINGBUFF...
  +--> ?PR?INIT_SERIAL_BUFFER1?UART1
  +--> ?PR?CFG_UART1?UART1
  +--> ?PR?_SEROUTSTRING?UART0_RINGBUFFER_LIB
  +--> ?PR?_STRLEN?STRLEN
BL51 BANKED LINKER/LOCATER V6.22                                                      05/22/2018  19:07:54  PAGE 5


  +--> ?PR?SERINCHAR?UART0_RINGBUFFER_LIB
  +--> ?PR?_MESSAGE?MAIN
  +--> ?PR?FONCTIONROUTAGE?LIEN_STRUCTURE_CO...

?PR?INIT_DEVICE?CONFIG_GLOBALE                   -----    -----      -----    -----      -----    -----
  +--> ?PR?RESET_SRC?CONFIG_GLOBALE
  +--> ?PR?DISABLE_WDT?CONFIG_GLOBALE
  +--> ?PR?OSCILLATOR_INIT?CONFIG_GLOBALE
  +--> ?PR?GPIO_CONFIG?CONFIG_GLOBALE

?PR?CONFIG_TIMER3?TIMERS                         -----    -----      -----    -----      -----    -----
  +--> ?PR?_CEIL?CEIL

?PR?_CEIL?CEIL                                   -----    -----      -----    -----      090EH    0008H

?PR?_SEROUTSTRING?UART0_RINGBUFFER_LIB           -----    -----      -----    -----      06A6H    0005H
  +--> ?PR?_STRLEN?STRLEN
  +--> ?PR?_SEROUTCHAR?UART0_RINGBUFFER_LIB

?PR?_MESSAGE?MAIN                                -----    -----      -----    -----      009CH    0029H
  +--> ?PR?_TRAITEMENT_A?MAIN
  +--> ?PR?_TRAITEMENT_T?MAIN
  +--> ?PR?_TRAITEMENT_D?MAIN
  +--> ?PR?TRAITEMENT_E?MAIN
  +--> ?PR?TRAITEMENT_Q?MAIN
  +--> ?PR?_TRAITEMENT_M?MAIN
  +--> ?PR?_TRAITEMENT_B?MAIN
  +--> ?PR?_TRAITEMENT_S?MAIN
  +--> ?PR?_TRAITEMENT_G?MAIN
  +--> ?PR?_TRAITEMENT_R?MAIN
  +--> ?PR?_TRAITEMENT_C?MAIN

?PR?_TRAITEMENT_A?MAIN                           -----    -----      -----    -----      00C5H    002EH
  +--> ?PR?_CONVERSIONANGLE_POSITIF?MAIN
  +--> ?CO?MAIN

?PR?_CONVERSIONANGLE_POSITIF?MAIN                -----    -----      -----    -----      00F5H    0008H

?PR?_TRAITEMENT_T?MAIN                           -----    -----      -----    -----      00C5H    002CH
  +--> ?PR?_CONVERSIONANGLE_POSITIF?MAIN
  +--> ?CO?MAIN

?PR?_TRAITEMENT_D?MAIN                           -----    -----      -----    -----      00C5H    0029H
  +--> ?CO?MAIN

?PR?TRAITEMENT_E?MAIN                            -----    -----      -----    -----      00C5H    0026H

?PR?TRAITEMENT_Q?MAIN                            -----    -----      -----    -----      00C5H    0026H

?PR?_TRAITEMENT_M?MAIN                           -----    -----      -----    -----      00C5H    002EH
  +--> ?PR?_CONVERSIONCOORD?MAIN

?PR?_TRAITEMENT_B?MAIN                           -----    -----      -----    -----      00C5H    002CH
  +--> ?PR?_CONVERSIONANGLE_POSITIF?MAIN

?PR?_TRAITEMENT_S?MAIN                           -----    -----      -----    -----      00C5H    0031H
  +--> ?PR?_CONVERSIONCOORD?MAIN
BL51 BANKED LINKER/LOCATER V6.22                                                      05/22/2018  19:07:54  PAGE 6



?PR?_TRAITEMENT_G?MAIN                           -----    -----      -----    -----      00C5H    0035H
  +--> ?PR?_STRLEN?STRLEN
  +--> ?PR?_CONV?MAIN

?PR?_CONV?MAIN                                   -----    -----      -----    -----      00FAH    000FH
  +--> ?PR?_POW?POW
  +--> ?PR?_CEIL?CEIL

?PR?_POW?POW                                     -----    -----      -----    -----      06A6H    000AH
  +--> ?PR?LOG?LOG
  +--> ?PR?EXP?EXP

?PR?LOG?LOG                                      0020H.0  0000H.1    -----    -----      06B0H    0004H

?PR?_TRAITEMENT_R?MAIN                           -----    -----      -----    -----      00C5H    0030H
  +--> ?PR?_CONVERSIONANGLE_POSITIF?MAIN

?PR?_TRAITEMENT_C?MAIN                           -----    -----      -----    -----      00C5H    0030H
  +--> ?PR?_CONVERSIONANGLE_POSITIF?MAIN

?PR?FONCTIONROUTAGE?LIEN_STRUCTURE_CO...         -----    -----      -----    -----      009CH    060AH
  +--> ?CO?LIEN_STRUCTURE_COMMANDE
  +--> ?PR?ROUTAGE?LIEN_STRUCTURE_COMMANDE
  +--> ?PR?_CDE_SERVO_H?SERVOMOTEUR_HORIZONTAL
  +--> ?PR?_SEROUTSTRING?UART0_RINGBUFFER_LIB
  +--> ?PR?_STRLEN?STRLEN
  +--> ?PR?_STRCAT?STRCAT
  +--> ?PR?_ECHANGE_TRAME?TRANSMISSION_SPI
  +--> ?PR?TEMPO_EMISS?LIEN_STRUCTURE_COMMANDE
  +--> ?PR?TRAME_RECUE?TRANSMISSION_SPI
  +--> ?PR?PRINTF?PRINTF
  +--> ?PR?ATAN?ATAN
  +--> ?PR?_POW?POW
  +--> ?PR?_CEIL?CEIL
  +--> ?PR?TRANSCODE_COMMANDE_TO_SERIALIZER?...
  +--> ?PR?FORMATE_SERIALIZER?FONCTIONS_COTE...
  +--> ?PR?_SEROUTSTRING1?UART1
  +--> ?PR?SERINCHAR1?UART1
  +--> ?PR?DETECT_OBST?DETECT_OBST
  +--> ?PR?SON_SONORE?GENERATION_SON

?PR?ROUTAGE?LIEN_STRUCTURE_COMMANDE              -----    -----      -----    -----      06A6H    0029H

?PR?_CDE_SERVO_H?SERVOMOTEUR_HORIZONTAL          -----    -----      -----    -----      0906H    0008H
  +--> ?PR?_CEIL?CEIL

?PR?_STRCAT?STRCAT                               -----    -----      -----    -----      092CH    0009H

?PR?_ECHANGE_TRAME?TRANSMISSION_SPI              -----    -----      -----    -----      06D0H    000BH
  +--> ?PR?_DEBUT_TRAME?TRANSMISSION_SPI
  +--> ?PR?_ECHANGE_OCTET?TRANSMISSION_SPI
  +--> ?PR?FIN_TRAME?TRANSMISSION_SPI

?PR?_DEBUT_TRAME?TRANSMISSION_SPI                -----    -----      -----    -----      06DBH    0001H
  +--> ?PR?_TRAME_EMISE?TRANSMISSION_SPI

BL51 BANKED LINKER/LOCATER V6.22                                                      05/22/2018  19:07:54  PAGE 7


?PR?_TRAME_EMISE?TRANSMISSION_SPI                -----    -----      -----    -----      06DCH    0003H

?PR?_ECHANGE_OCTET?TRANSMISSION_SPI              -----    -----      -----    -----      -----    -----
  +--> ?PR?_TRAME_EMISE?TRANSMISSION_SPI
  +--> ?PR?TRAME_RECUE?TRANSMISSION_SPI

?PR?TRAME_RECUE?TRANSMISSION_SPI                 -----    -----      -----    -----      06DBH    0001H
  +--> ?PR?_TRAME_EMISE?TRANSMISSION_SPI

?PR?FIN_TRAME?TRANSMISSION_SPI                   -----    -----      -----    -----      -----    -----
  +--> ?PR?_TRAME_EMISE?TRANSMISSION_SPI

?PR?TEMPO_EMISS?LIEN_STRUCTURE_COMMANDE          -----    -----      -----    -----      06D0H    0002H

?PR?PRINTF?PRINTF                                0020H.0  0001H.1    0008H    0005H      092CH    0030H
  +--> ?PR?PUTCHAR?PUTCHAR

?PR?ATAN?ATAN                                    0020H.0  0000H.2    -----    -----      06A6H    0004H

?PR?TRANSCODE_COMMANDE_TO_SERIALIZER?...         -----    -----      -----    -----      06A6H    0036H
  +--> ?PR?_CONV_ANGLE_TICKS?FONCTIONS_COTE_...
  +--> ?PR?_CONV_DISTANCE_TICKS?FONCTIONS_CO...

?PR?_CONV_ANGLE_TICKS?FONCTIONS_COTE_...         -----    -----      -----    -----      06DCH    0004H
  +--> ?PR?_CEIL?CEIL

?PR?_CONV_DISTANCE_TICKS?FONCTIONS_CO...         -----    -----      -----    -----      -----    -----
  +--> ?PR?_CEIL?CEIL

?PR?FORMATE_SERIALIZER?FONCTIONS_COTE...         -----    -----      -----    -----      06A6H    001BH
  +--> ?CO?FONCTIONS_COTE_SERIALIZER
  +--> ?PR?_TRUE_VIT?FONCTIONS_COTE_SERIALIZER
  +--> ?PR?PRINTF?PRINTF
  +--> ?PR?_STRCAT?STRCAT
  +--> ?PR?_TRUE_TICKS?FONCTIONS_COTE_SERIAL...

?PR?_TRUE_TICKS?FONCTIONS_COTE_SERIAL...         -----    -----      -----    -----      06C1H    000BH
  +--> ?CO?FONCTIONS_COTE_SERIALIZER
  +--> ?PR?PRINTF?PRINTF
  +--> ?PR?_STRCAT?STRCAT
  +--> ?PR?_STRLEN?STRLEN

?PR?_SEROUTSTRING1?UART1                         -----    -----      -----    -----      06A6H    0005H
  +--> ?PR?_STRLEN?STRLEN
  +--> ?PR?_SEROUTCHAR1?UART1

?PR?DETECT_OBST?DETECT_OBST                      -----    -----      -----    -----      06A6H    0260H
  +--> ?PR?DETECTION_AV?DETECT_OBST
  +--> ?PR?DETECTION_AV_AR?DETECT_OBST
  +--> ?PR?_CDE_SERVO_H?SERVOMOTEUR_HORIZONTAL
  +--> ?CO?DETECT_OBST
  +--> ?PR?PRINTF?PRINTF
  +--> ?PR?_STRCAT?STRCAT

?PR?DETECTION_AV?DETECT_OBST                     -----    -----      -----    -----      0906H    0026H
  +--> ?PR?MES_DIST_AV?ULTRASON
  +--> ?CO?DETECT_OBST
BL51 BANKED LINKER/LOCATER V6.22                                                      05/22/2018  19:07:54  PAGE 8


  +--> ?PR?PRINTF?PRINTF
  +--> ?PR?_STRCAT?STRCAT

?PR?MES_DIST_AV?ULTRASON                         -----    -----      -----    -----      092CH    0012H
  +--> ?PR?INITIALISATION_TIMER0?TIMERS

?PR?DETECTION_AV_AR?DETECT_OBST                  -----    -----      -----    -----      0906H    0026H
  +--> ?PR?MES_DIST_AV?ULTRASON
  +--> ?PR?MES_DIST_AR?ULTRASON
  +--> ?CO?DETECT_OBST
  +--> ?PR?PRINTF?PRINTF
  +--> ?PR?_STRCAT?STRCAT

?PR?MES_DIST_AR?ULTRASON                         -----    -----      -----    -----      092CH    0012H
  +--> ?PR?INITIALISATION_TIMER0?TIMERS

?PR?SON_SONORE?GENERATION_SON                    -----    -----      -----    -----      06A6H    002AH
  +--> ?CO?GENERATION_SON
  +--> ?PR?_ECHANGE_TRAME?TRANSMISSION_SPI
  +--> ?PR?TEMPO_EMISS?LIEN_STRUCTURE_COMMANDE

*** NEW ROOT ***************************************************

?PR?ISR_TIMER3?MAIN                              -----    -----      -----    -----      -----    -----
  +--> ?PR?COURANT_ADC?MESURE_COURANT

?PR?COURANT_ADC?MESURE_COURANT                   -----    -----      -----    -----      095CH    000AH
  +--> ?PR?ACQ_ADC?CONFIG_ADC



SYMBOL TABLE OF MODULE:  Master (?C_STARTUP)

  VALUE           TYPE          NAME
  ----------------------------------

  -------         MODULE        ?C_STARTUP
  C:513CH         SEGMENT       ?C_C51STARTUP
  I:0022H         SEGMENT       ?STACK
  C:0000H         PUBLIC        ?C_STARTUP
  D:00E0H         SYMBOL        ACC
  D:00F0H         SYMBOL        B
  D:0083H         SYMBOL        DPH
  D:0082H         SYMBOL        DPL
  N:0000H         SYMBOL        IBPSTACK
  N:0100H         SYMBOL        IBPSTACKTOP
  N:0080H         SYMBOL        IDATALEN
  C:513FH         SYMBOL        IDATALOOP
  N:0000H         SYMBOL        PBPSTACK
  N:0100H         SYMBOL        PBPSTACKTOP
  N:0000H         SYMBOL        PDATALEN
  N:0000H         SYMBOL        PDATASTART
  N:0000H         SYMBOL        PPAGE
  N:0000H         SYMBOL        PPAGEENABLE
  D:00A0H         SYMBOL        PPAGE_SFR
  D:0081H         SYMBOL        SP
  C:513CH         SYMBOL        STARTUP1
BL51 BANKED LINKER/LOCATER V6.22                                                      05/22/2018  19:07:54  PAGE 9


  N:0000H         SYMBOL        XBPSTACK
  N:0000H         SYMBOL        XBPSTACKTOP
  N:0000H         SYMBOL        XDATALEN
  N:0000H         SYMBOL        XDATASTART
  C:0000H         LINE#         126
  C:513CH         LINE#         133
  C:513EH         LINE#         134
  C:513FH         LINE#         135
  C:5140H         LINE#         136
  C:5142H         LINE#         185
  C:5145H         LINE#         196
  -------         ENDMOD        ?C_STARTUP

  -------         MODULE        CONFIG_ADC
  C:0000H         SYMBOL        _ICE_DUMMY_
  C:5B24H         PUBLIC        ACQ_ADC
  D:00BCH         PUBLIC        ADC0CF
  D:00E8H         PUBLIC        ADC0CN
  D:00A8H         PUBLIC        IE
  D:00D8H         PUBLIC        PCA0CN
  D:00B8H         PUBLIC        IP
  D:00D1H         PUBLIC        REF0CN
  D:00BAH         PUBLIC        AMX0CF
  B:00E8H.5       PUBLIC        AD0INT
  D:00C0H         PUBLIC        SMB0CN
  C:5A89H         PUBLIC        CFG_ADC0
  D:00F8H         PUBLIC        SPI0CN
  D:0088H         PUBLIC        TCON
  D:00BBH         PUBLIC        AMX0SL
  D:00BFH         PUBLIC        ADC0H
  B:00E8H.7       PUBLIC        AD0EN
  D:0098H         PUBLIC        SCON0
  C:009DH         PUBLIC        CFG_VREF
  D:00C8H         PUBLIC        T2CON
  B:00E8H.0       PUBLIC        AD0LJST
  B:00E8H.2       PUBLIC        AD0CM0
  B:00E8H.3       PUBLIC        AD0CM1
  B:00E8H.4       PUBLIC        AD0BUSY
  D:00D0H         PUBLIC        PSW
  -------         PROC          CFG_VREF
  C:009DH         LINE#         9
  C:009DH         LINE#         10
  C:00A0H         LINE#         11
  -------         ENDPROC       CFG_VREF
  -------         PROC          CFG_ADC0
  C:5A89H         LINE#         13
  C:5A89H         LINE#         15
  C:5A8BH         LINE#         17
  C:5A8EH         LINE#         18
  C:5A8EH         LINE#         19
  C:5A91H         LINE#         20
  C:5A91H         LINE#         22
  C:5A93H         LINE#         25
  C:5A95H         LINE#         26
  C:5A97H         LINE#         28
  C:5A99H         LINE#         30
  C:5A9BH         LINE#         31
BL51 BANKED LINKER/LOCATER V6.22                                                      05/22/2018  19:07:54  PAGE 10


  -------         ENDPROC       CFG_ADC0
  -------         PROC          ACQ_ADC
  C:5B24H         LINE#         34
  C:5B24H         LINE#         35
  C:5B26H         LINE#         36
  C:5B28H         LINE#         37
  C:5B2BH         LINE#         38
  C:5B2DH         LINE#         39
  -------         ENDPROC       ACQ_ADC
  -------         ENDMOD        CONFIG_ADC

  -------         MODULE        CONFIG_GLOBALE
  C:0000H         SYMBOL        _ICE_DUMMY_
  D:0080H         PUBLIC        P0
  D:00FFH         PUBLIC        WDTCN
  D:00A0H         PUBLIC        P2
  C:5B42H         PUBLIC        Disable_WDT
  D:00E8H         PUBLIC        ADC0CN
  D:00A4H         PUBLIC        P0MDOUT
  D:00A8H         PUBLIC        IE
  D:00A6H         PUBLIC        P2MDOUT
  D:00D8H         PUBLIC        PCA0CN
  D:00B8H         PUBLIC        IP
  C:5A2CH         PUBLIC        Oscillator_Init
  D:00E1H         PUBLIC        XBR0
  D:00E3H         PUBLIC        XBR2
  D:00C0H         PUBLIC        SMB0CN
  D:00F8H         PUBLIC        SPI0CN
  C:5B50H         PUBLIC        Reset_src
  D:0088H         PUBLIC        TCON
  D:00B2H         PUBLIC        OSCICN
  C:5B0DH         PUBLIC        Init_Device
  D:00B1H         PUBLIC        OSCXCN
  D:00EFH         PUBLIC        RSTSRC
  D:0098H         PUBLIC        SCON0
  D:00C8H         PUBLIC        T2CON
  C:5A46H         PUBLIC        GPIO_Config
  D:00D0H         PUBLIC        PSW
  -------         PROC          INIT_DEVICE
  C:5B0DH         LINE#         7
  C:5B0DH         LINE#         8
  C:5B10H         LINE#         9
  C:5B13H         LINE#         10
  C:5B16H         LINE#         11
  -------         ENDPROC       INIT_DEVICE
  -------         PROC          OSCILLATOR_INIT
  -------         DO            
  D:0006H         SYMBOL        i
  -------         ENDDO         
  C:5A2CH         LINE#         14
  C:5A2CH         LINE#         18
  C:5A2FH         LINE#         19
  C:5A3DH         LINE#         20
  C:5A42H         LINE#         21
  C:5A45H         LINE#         22
  -------         ENDPROC       OSCILLATOR_INIT
  -------         PROC          RESET_SRC
BL51 BANKED LINKER/LOCATER V6.22                                                      05/22/2018  19:07:54  PAGE 11


  C:5B50H         LINE#         24
  C:5B50H         LINE#         26
  C:5B53H         LINE#         27
  -------         ENDPROC       RESET_SRC
  -------         PROC          DISABLE_WDT
  C:5B42H         LINE#         29
  C:5B42H         LINE#         31
  C:5B45H         LINE#         32
  C:5B48H         LINE#         33
  -------         ENDPROC       DISABLE_WDT
  -------         PROC          GPIO_CONFIG
  C:5A46H         LINE#         36
  C:5A46H         LINE#         39
  C:5A49H         LINE#         40
  C:5A4CH         LINE#         43
  C:5A4FH         LINE#         44
  C:5A52H         LINE#         51
  C:5A55H         LINE#         52
  C:5A58H         LINE#         54
  C:5A5BH         LINE#         55
  C:5A5EH         LINE#         59
  -------         ENDPROC       GPIO_CONFIG
  -------         ENDMOD        CONFIG_GLOBALE

  -------         MODULE        CONFIG_SPI
  C:0000H         SYMBOL        _ICE_DUMMY_
  D:009DH         PUBLIC        SPI0CKR
  D:0080H         PUBLIC        P0
  B:00F8H.0       PUBLIC        SPIEN
  D:0090H         PUBLIC        P1
  D:00A0H         PUBLIC        P2
  D:00B0H         PUBLIC        P3
  B:00F8H.1       PUBLIC        MSTEN
  D:00E8H         PUBLIC        ADC0CN
  D:00A8H         PUBLIC        IE
  D:00D8H         PUBLIC        PCA0CN
  D:00B8H         PUBLIC        IP
  D:00C0H         PUBLIC        SMB0CN
  B:00F8H.5       PUBLIC        MODF
  D:00F8H         PUBLIC        SPI0CN
  B:00F8H.7       PUBLIC        SPIF
  D:0088H         PUBLIC        TCON
  B:00F8H.6       PUBLIC        WCOL
  C:5A5FH         PUBLIC        Config_SPI_MASTER
  D:0098H         PUBLIC        SCON0
  D:00C8H         PUBLIC        T2CON
  D:009AH         PUBLIC        SPI0CFG
  B:00F8H.4       PUBLIC        RXOVRN
  D:00D0H         PUBLIC        PSW
  -------         PROC          CONFIG_SPI_MASTER
  C:5A5FH         LINE#         10
  C:5A5FH         LINE#         12
  C:5A61H         LINE#         13
  C:5A63H         LINE#         14
  C:5A65H         LINE#         15
  C:5A67H         LINE#         16
  C:5A69H         LINE#         17
BL51 BANKED LINKER/LOCATER V6.22                                                      05/22/2018  19:07:54  PAGE 12


  C:5A6BH         LINE#         20
  C:5A6EH         LINE#         22
  C:5A71H         LINE#         24
  C:5A73H         LINE#         25
  -------         ENDPROC       CONFIG_SPI_MASTER
  -------         ENDMOD        CONFIG_SPI

  -------         MODULE        DETECT_OBST
  C:0000H         SYMBOL        _ICE_DUMMY_
  D:00E8H         PUBLIC        ADC0CN
  D:00A8H         PUBLIC        IE
  X:0966H         PUBLIC        affichage
  X:0A66H         PUBLIC        detection_arriere
  D:00D8H         PUBLIC        PCA0CN
  D:00B8H         PUBLIC        IP
  X:0A6AH         PUBLIC        obstacle_arriere
  D:00C0H         PUBLIC        SMB0CN
  X:0A6FH         PUBLIC        information
  D:00F8H         PUBLIC        SPI0CN
  C:3A7AH         PUBLIC        detection_AV_AR
  D:0088H         PUBLIC        TCON
  C:496EH         PUBLIC        detection_AV
  X:0A89H         PUBLIC        detection_avant
  X:0A8DH         PUBLIC        obstacle_avant
  C:1285H         PUBLIC        Detect_Obst
  D:0098H         PUBLIC        SCON0
  D:00C8H         PUBLIC        T2CON
  D:00D0H         PUBLIC        PSW
  X:0A92H         PUBLIC        Angle_servo
  C:495DH         SYMBOL        L?0079
  -------         PROC          L?0078
  -------         ENDPROC       L?0078
  C:495DH         SYMBOL        L?0079
  -------         PROC          DETECTION_AV
  X:0906H         SYMBOL        com
  C:496EH         LINE#         21
  C:496EH         LINE#         24
  C:4977H         LINE#         25
  C:498FH         LINE#         26
  C:4995H         LINE#         27
  C:4995H         LINE#         28
  C:49A0H         LINE#         30
  C:49CBH         LINE#         31
  C:49F1H         LINE#         32
  C:4A08H         LINE#         33
  C:4A1FH         LINE#         34
  C:4A36H         LINE#         35
  C:4A4DH         LINE#         36
  C:4A4DH         LINE#         38
  C:4A5EH         LINE#         39
  -------         ENDPROC       DETECTION_AV
  C:3A67H         SYMBOL        L?0077
  -------         PROC          L?0076
  -------         ENDPROC       L?0076
  C:3A67H         SYMBOL        L?0077
  -------         PROC          DETECTION_AV_AR
  X:0906H         SYMBOL        com
BL51 BANKED LINKER/LOCATER V6.22                                                      05/22/2018  19:07:54  PAGE 13


  C:3A7AH         LINE#         42
  C:3A7AH         LINE#         43
  C:3A83H         LINE#         44
  C:3A8CH         LINE#         45
  C:3AA4H         LINE#         46
  C:3AAAH         LINE#         47
  C:3AAAH         LINE#         48
  C:3AC2H         LINE#         49
  C:3AC8H         LINE#         50
  C:3AC8H         LINE#         51
  C:3AD3H         LINE#         54
  C:3AFEH         LINE#         55
  C:3B29H         LINE#         56
  C:3B4FH         LINE#         58
  C:3B66H         LINE#         59
  C:3B7DH         LINE#         60
  C:3B94H         LINE#         61
  C:3BABH         LINE#         62
  C:3BC2H         LINE#         63
  C:3BD9H         LINE#         65
  C:3BD9H         LINE#         67
  C:3BEAH         LINE#         68
  -------         ENDPROC       DETECTION_AV_AR
  -------         PROC          DETECT_OBST
  X:06A6H         SYMBOL        com
  -------         DO            
  X:06CCH         SYMBOL        i
  X:06CEH         SYMBOL        j
  X:06D0H         SYMBOL        k
  X:06D2H         SYMBOL        tab_dist_AV
  X:079AH         SYMBOL        tab_dist_AR
  X:0862H         SYMBOL        tab_angles
  X:08C6H         SYMBOL        dist_min_AV
  X:08DAH         SYMBOL        dist_min_AR
  X:08EEH         SYMBOL        dist_min
  X:08F2H         SYMBOL        dist_min_ascii
  X:08F7H         SYMBOL        angle
  X:08F9H         SYMBOL        angle_ascii
  X:08FEH         SYMBOL        min
  X:0900H         SYMBOL        min_AV
  X:0902H         SYMBOL        min_AR
  X:0904H         SYMBOL        z
  -------         ENDDO         
  C:1285H         LINE#         71
  C:1285H         LINE#         74
  C:128CH         LINE#         85
  C:1292H         LINE#         86
  C:1296H         LINE#         87
  C:129AH         LINE#         90
  C:12AFH         LINE#         91
  C:12AFH         LINE#         92
  C:12B5H         LINE#         93
  C:12B9H         LINE#         94
  C:12BCH         LINE#         95
  C:12BCH         LINE#         96
  C:12BFH         LINE#         97
  C:12BFH         LINE#         98
BL51 BANKED LINKER/LOCATER V6.22                                                      05/22/2018  19:07:54  PAGE 14


  C:12C2H         LINE#         100
  C:12C2H         LINE#         101
  C:12CAH         LINE#         102
  C:12E9H         LINE#         103
  C:12F4H         LINE#         104
  C:1315H         LINE#         105
  C:1318H         LINE#         106
  C:132EH         LINE#         107
  C:132EH         LINE#         108
  C:132EH         LINE#         109
  C:134DH         LINE#         110
  C:1358H         LINE#         111
  C:1379H         LINE#         112
  C:137CH         LINE#         113
  C:1392H         LINE#         114
  C:1392H         LINE#         115
  C:1392H         LINE#         141
  C:1392H         LINE#         142
  C:139DH         LINE#         143
  C:13BCH         LINE#         144
  C:13DFH         LINE#         145
  C:1414H         LINE#         146
  C:1422H         LINE#         147
  C:1439H         LINE#         148
  C:1465H         LINE#         149
  C:14C2H         LINE#         150
  C:14D1H         LINE#         151
  C:14D1H         LINE#         152
  C:14E2H         LINE#         153
  C:150FH         LINE#         154
  C:152CH         LINE#         157
  C:1557H         LINE#         158
  C:157DH         LINE#         160
  C:1594H         LINE#         161
  C:15A1H         LINE#         162
  C:15A1H         LINE#         163
  C:15A4H         LINE#         164
  C:15A4H         LINE#         165
  C:15C3H         LINE#         166
  C:15E6H         LINE#         167
  C:161BH         LINE#         168
  C:1629H         LINE#         169
  C:1640H         LINE#         170
  C:166CH         LINE#         171
  C:16C9H         LINE#         172
  C:16D8H         LINE#         173
  C:16D8H         LINE#         174
  C:16E9H         LINE#         175
  C:1713H         LINE#         176
  C:173FH         LINE#         177
  C:179CH         LINE#         178
  C:17ABH         LINE#         179
  C:17ABH         LINE#         180
  C:17BCH         LINE#         181
  C:17E6H         LINE#         182
  C:17F4H         LINE#         183
  C:180DH         LINE#         184
BL51 BANKED LINKER/LOCATER V6.22                                                      05/22/2018  19:07:54  PAGE 15


  C:180DH         LINE#         185
  C:180FH         LINE#         186
  C:180FH         LINE#         187
  C:183CH         LINE#         188
  C:1859H         LINE#         189
  C:1859H         LINE#         192
  C:1884H         LINE#         193
  C:18AAH         LINE#         195
  C:18C1H         LINE#         196
  C:18D8H         LINE#         197
  C:18EFH         LINE#         198
  C:18EFH         LINE#         199
  C:18EFH         LINE#         200
  C:18EFH         LINE#         202
  C:18F5H         LINE#         203
  -------         ENDPROC       DETECT_OBST
  -------         ENDMOD        DETECT_OBST

  -------         MODULE        FONCTIONS_COTE_SERIALIZER
  C:0000H         SYMBOL        _ICE_DUMMY_
  D:00E8H         PUBLIC        ADC0CN
  D:00A8H         PUBLIC        IE
  C:18F6H         PUBLIC        formate_serializer
  D:00D8H         PUBLIC        PCA0CN
  D:00B8H         PUBLIC        IP
  C:58FDH         PUBLIC        _conv_angle_ticks
  D:00C0H         PUBLIC        SMB0CN
  D:00F8H         PUBLIC        SPI0CN
  D:0088H         PUBLIC        TCON
  C:43C7H         PUBLIC        _itos
  C:58DCH         SYMBOL        _?ix1000
  C:4514H         PUBLIC        _true_ticks
  C:2D12H         PUBLIC        transcode_commande_to_serializer
  D:0098H         PUBLIC        SCON0
  D:00C8H         PUBLIC        T2CON
  C:59F5H         PUBLIC        _conv_distance_ticks
  C:5A0FH         PUBLIC        _true_vit
  D:00D0H         PUBLIC        PSW
  -------         PROC          L?0091
  -------         ENDPROC       L?0091
  -------         PROC          _CONV_DISTANCE_TICKS
  D:0006H         SYMBOL        d
  -------         DO            
  D:0006H         SYMBOL        ret
  -------         ENDDO         
  C:59F5H         LINE#         40
  C:59F5H         LINE#         41
  C:5A0EH         LINE#         42
  C:5A0EH         LINE#         43
  -------         ENDPROC       _CONV_DISTANCE_TICKS
  -------         PROC          L?0090
  -------         ENDPROC       L?0090
  -------         PROC          _CONV_ANGLE_TICKS
  D:0006H         SYMBOL        angle
  -------         DO            
  D:0006H         SYMBOL        ret
  X:06DCH         SYMBOL        a
BL51 BANKED LINKER/LOCATER V6.22                                                      05/22/2018  19:07:54  PAGE 16


  -------         ENDDO         
  C:58FDH         LINE#         45
  C:58FDH         LINE#         47
  C:5915H         LINE#         48
  C:5934H         LINE#         49
  C:5934H         LINE#         50
  -------         ENDPROC       _CONV_ANGLE_TICKS
  -------         PROC          _ITOS
  X:0BF8H         SYMBOL        i
  X:0BFAH         SYMBOL        ret
  -------         DO            
  X:0BFDH         SYMBOL        nbr3
  X:0C00H         SYMBOL        nbr2
  X:0C02H         SYMBOL        nbr1
  X:0C03H         SYMBOL        c
  X:0C05H         SYMBOL        d
  X:0C07H         SYMBOL        u
  -------         ENDDO         
  C:43C7H         LINE#         52
  C:43D8H         LINE#         56
  C:43EFH         LINE#         57
  C:441CH         LINE#         58
  C:4443H         LINE#         60
  C:4454H         LINE#         61
  C:445FH         LINE#         62
  C:446AH         LINE#         63
  C:4475H         LINE#         64
  C:448AH         LINE#         65
  C:448CH         LINE#         66
  C:449DH         LINE#         67
  C:44A8H         LINE#         68
  C:44B3H         LINE#         69
  C:44C8H         LINE#         70
  C:44CAH         LINE#         71
  C:44CAH         LINE#         72
  C:44D5H         LINE#         73
  C:44EDH         LINE#         74
  C:44EDH         LINE#         75
  -------         ENDPROC       _ITOS
  -------         PROC          _TRUE_VIT
  D:0007H         SYMBOL        vit
  -------         DO            
  D:0004H         SYMBOL        ret
  -------         ENDDO         
  C:5A0FH         LINE#         77
  C:5A0FH         LINE#         78
  C:5A13H         LINE#         80
  C:5A18H         LINE#         81
  C:5A27H         LINE#         82
  C:5A27H         LINE#         83
  C:5A2BH         LINE#         84
  -------         ENDPROC       _TRUE_VIT
  C:4509H         SYMBOL        L?0089
  -------         PROC          L?0088
  -------         ENDPROC       L?0088
  C:4509H         SYMBOL        L?0089
  -------         PROC          _TRUE_TICKS
BL51 BANKED LINKER/LOCATER V6.22                                                      05/22/2018  19:07:54  PAGE 17


  X:06C1H         SYMBOL        ticks
  X:06C3H         SYMBOL        ret
  -------         DO            
  X:06C6H         SYMBOL        str
  X:06CAH         SYMBOL        l
  -------         ENDDO         
  C:4514H         LINE#         86
  C:4525H         LINE#         87
  C:4538H         LINE#         88
  C:453FH         LINE#         90
  C:454FH         LINE#         91
  C:4571H         LINE#         92
  C:4571H         LINE#         93
  C:4571H         LINE#         94
  C:4588H         LINE#         95
  C:459EH         LINE#         96
  C:45C4H         LINE#         97
  C:45E0H         LINE#         98
  C:45F6H         LINE#         99
  C:4610H         LINE#         100
  C:4610H         LINE#         101
  -------         ENDPROC       _TRUE_TICKS
  -------         PROC          FORMATE_SERIALIZER
  X:06A6H         SYMBOL        com
  X:06B5H         SYMBOL        ret
  -------         DO            
  X:06B8H         SYMBOL        nbr
  -------         ENDDO         
  C:18F6H         LINE#         110
  C:18F6H         LINE#         113
  C:1953H         LINE#         114
  C:1953H         LINE#         115
  C:1968H         LINE#         116
  C:196BH         LINE#         117
  C:196BH         LINE#         118
  C:196BH         LINE#         119
  C:196BH         LINE#         120
  C:196BH         LINE#         121
  C:196BH         LINE#         122
  C:196BH         LINE#         123
  C:196BH         LINE#         124
  C:196BH         LINE#         125
  C:196BH         LINE#         126
  C:196BH         LINE#         127
  C:196BH         LINE#         128
  C:196BH         LINE#         129
  C:196BH         LINE#         130
  C:196BH         LINE#         131
  C:196BH         LINE#         132
  C:196BH         LINE#         133
  C:196BH         LINE#         134
  C:196BH         LINE#         135
  C:196BH         LINE#         136
  C:196BH         LINE#         137
  C:1983H         LINE#         138
  C:1983H         LINE#         139
  C:1983H         LINE#         140
BL51 BANKED LINKER/LOCATER V6.22                                                      05/22/2018  19:07:54  PAGE 18


  C:1986H         LINE#         141
  C:1986H         LINE#         142
  C:1986H         LINE#         143
  C:199EH         LINE#         144
  C:199EH         LINE#         145
  C:199EH         LINE#         146
  C:19A1H         LINE#         147
  C:19A1H         LINE#         148
  C:19A1H         LINE#         149
  C:19B9H         LINE#         150
  C:19E0H         LINE#         151
  C:19FCH         LINE#         152
  C:1A18H         LINE#         153
  C:1A18H         LINE#         154
  C:1A18H         LINE#         155
  C:1A1BH         LINE#         156
  C:1A1BH         LINE#         157
  C:1A1BH         LINE#         158
  C:1A30H         LINE#         159
  C:1A30H         LINE#         160
  C:1A30H         LINE#         161
  C:1A30H         LINE#         162
  C:1A30H         LINE#         163
  C:1A30H         LINE#         164
  C:1A30H         LINE#         165
  C:1A30H         LINE#         166
  C:1A30H         LINE#         167
  C:1A30H         LINE#         168
  C:1A30H         LINE#         169
  C:1A30H         LINE#         170
  C:1A30H         LINE#         171
  C:1A33H         LINE#         172
  C:1A33H         LINE#         173
  C:1A33H         LINE#         174
  C:1A48H         LINE#         175
  C:1A4BH         LINE#         176
  C:1A4BH         LINE#         177
  C:1A4BH         LINE#         178
  C:1A4BH         LINE#         179
  C:1A4EH         LINE#         180
  C:1A6AH         LINE#         181
  C:1A86H         LINE#         182
  C:1A89H         LINE#         183
  C:1A89H         LINE#         184
  C:1A8CH         LINE#         185
  C:1A8CH         LINE#         186
  C:1A8CH         LINE#         187
  C:1AA4H         LINE#         188
  C:1ACBH         LINE#         189
  C:1AE7H         LINE#         190
  C:1B03H         LINE#         191
  C:1B09H         LINE#         192
  C:1B09H         LINE#         193
  C:1B0CH         LINE#         194
  C:1B0CH         LINE#         195
  C:1B0CH         LINE#         196
  C:1B0CH         LINE#         197
BL51 BANKED LINKER/LOCATER V6.22                                                      05/22/2018  19:07:54  PAGE 19


  C:1B0FH         LINE#         198
  C:1B2BH         LINE#         199
  C:1B47H         LINE#         200
  C:1B6EH         LINE#         201
  C:1B8AH         LINE#         202
  C:1BA6H         LINE#         203
  C:1BACH         LINE#         204
  C:1BC8H         LINE#         205
  C:1BE4H         LINE#         206
  C:1C0BH         LINE#         207
  C:1C18H         LINE#         208
  C:1C1BH         LINE#         209
  C:1C1BH         LINE#         210
  C:1C1BH         LINE#         211
  C:1C33H         LINE#         212
  C:1C59H         LINE#         213
  C:1C75H         LINE#         214
  C:1C91H         LINE#         215
  C:1CB7H         LINE#         216
  C:1CD3H         LINE#         217
  C:1CEFH         LINE#         218
  C:1D15H         LINE#         219
  C:1D31H         LINE#         220
  C:1D4DH         LINE#         221
  C:1D73H         LINE#         222
  C:1D8FH         LINE#         223
  C:1DABH         LINE#         224
  C:1DADH         LINE#         225
  C:1DADH         LINE#         226
  C:1DADH         LINE#         227
  C:1DC2H         LINE#         228
  C:1DC4H         LINE#         229
  C:1DC4H         LINE#         230
  C:1DC4H         LINE#         231
  C:1DC4H         LINE#         232
  C:1DC4H         LINE#         233
  C:1DC4H         LINE#         234
  C:1DC4H         LINE#         235
  C:1DC4H         LINE#         236
  C:1DC4H         LINE#         237
  C:1DD9H         LINE#         238
  C:1DDBH         LINE#         239
  C:1DDBH         LINE#         240
  C:1DDBH         LINE#         241
  C:1DF0H         LINE#         242
  C:1DF2H         LINE#         243
  C:1DF2H         LINE#         244
  C:1DF2H         LINE#         245
  C:1E0AH         LINE#         246
  C:1E0AH         LINE#         247
  C:1E0AH         LINE#         248
  C:1E0AH         LINE#         249
  C:1E0AH         LINE#         250
  C:1E0AH         LINE#         251
  -------         ENDPROC       FORMATE_SERIALIZER
  -------         PROC          TRANSCODE_COMMANDE_TO_SERIALIZER
  X:06A6H         SYMBOL        com
BL51 BANKED LINKER/LOCATER V6.22                                                      05/22/2018  19:07:54  PAGE 20


  -------         DO            
  X:06CCH         SYMBOL        ret
  X:06DBH         SYMBOL        v_angl
  D:0007H         SYMBOL        v_line
  -------         ENDDO         
  C:2D12H         LINE#         259
  C:2D12H         LINE#         261
  C:2D18H         LINE#         262
  C:2D1AH         LINE#         264
  C:2D22H         LINE#         265
  C:2D22H         LINE#         266
  C:2D28H         LINE#         267
  C:2D28H         LINE#         268
  C:2D28H         LINE#         269
  C:2D28H         LINE#         270
  C:2D28H         LINE#         271
  C:2D28H         LINE#         273
  C:2D61H         LINE#         275
  C:2D61H         LINE#         276
  C:2D67H         LINE#         277
  C:2D6EH         LINE#         278
  C:2D70H         LINE#         279
  C:2D70H         LINE#         280
  C:2D74H         LINE#         281
  C:2D74H         LINE#         282
  C:2D76H         LINE#         283
  C:2D76H         LINE#         285
  C:2D76H         LINE#         286
  C:2D7CH         LINE#         287
  C:2D83H         LINE#         288
  C:2D85H         LINE#         289
  C:2D85H         LINE#         290
  C:2D8FH         LINE#         291
  C:2D93H         LINE#         292
  C:2D96H         LINE#         293
  C:2D96H         LINE#         295
  C:2D96H         LINE#         296
  C:2D9CH         LINE#         297
  C:2D9FH         LINE#         298
  C:2D9FH         LINE#         300
  C:2D9FH         LINE#         301
  C:2DA6H         LINE#         302
  C:2DAEH         LINE#         303
  C:2DAEH         LINE#         304
  C:2DB4H         LINE#         305
  C:2DBCH         LINE#         306
  C:2DD0H         LINE#         307
  C:2DD8H         LINE#         308
  C:2DDAH         LINE#         309
  C:2DDCH         LINE#         310
  C:2DDCH         LINE#         312
  C:2DDCH         LINE#         313
  C:2DE3H         LINE#         314
  C:2DEBH         LINE#         315
  C:2DEBH         LINE#         316
  C:2DF1H         LINE#         317
  C:2DF9H         LINE#         318
BL51 BANKED LINKER/LOCATER V6.22                                                      05/22/2018  19:07:54  PAGE 21


  C:2E08H         LINE#         319
  C:2E10H         LINE#         320
  C:2E12H         LINE#         321
  C:2E14H         LINE#         322
  C:2E14H         LINE#         324
  C:2E14H         LINE#         325
  C:2E1BH         LINE#         326
  C:2E23H         LINE#         327
  C:2E23H         LINE#         328
  C:2E29H         LINE#         329
  C:2E31H         LINE#         330
  C:2E45H         LINE#         331
  C:2E4DH         LINE#         332
  C:2E51H         LINE#         333
  C:2E54H         LINE#         334
  C:2E54H         LINE#         336
  C:2E54H         LINE#         337
  C:2E5BH         LINE#         338
  C:2E63H         LINE#         339
  C:2E63H         LINE#         340
  C:2E69H         LINE#         341
  C:2E71H         LINE#         342
  C:2E80H         LINE#         343
  C:2E88H         LINE#         344
  C:2E8CH         LINE#         345
  C:2E8FH         LINE#         346
  C:2E8FH         LINE#         349
  C:2E8FH         LINE#         350
  C:2E96H         LINE#         351
  C:2E9EH         LINE#         352
  C:2E9EH         LINE#         353
  C:2E9EH         LINE#         354
  C:2E9EH         LINE#         355
  C:2EAEH         LINE#         356
  C:2EB6H         LINE#         357
  C:2EC8H         LINE#         358
  C:2ECBH         LINE#         359
  C:2ECBH         LINE#         361
  C:2ECBH         LINE#         362
  C:2ED2H         LINE#         363
  C:2EDAH         LINE#         364
  C:2EDAH         LINE#         365
  C:2EDAH         LINE#         366
  C:2EDAH         LINE#         367
  C:2EE5H         LINE#         368
  C:2EEDH         LINE#         369
  C:2F08H         LINE#         370
  C:2F0AH         LINE#         371
  C:2F0AH         LINE#         373
  C:2F0AH         LINE#         374
  C:2F11H         LINE#         375
  C:2F19H         LINE#         376
  C:2F19H         LINE#         377
  C:2F1FH         LINE#         378
  C:2F26H         LINE#         379
  C:2F31H         LINE#         380
  C:2F38H         LINE#         381
BL51 BANKED LINKER/LOCATER V6.22                                                      05/22/2018  19:07:54  PAGE 22


  C:2F43H         LINE#         383
  C:2F43H         LINE#         384
  C:2F43H         LINE#         385
  C:2F43H         LINE#         386
  C:2F43H         LINE#         387
  C:2F43H         LINE#         389
  C:2F49H         LINE#         390
  -------         ENDPROC       TRANSCODE_COMMANDE_TO_SERIALIZER
  -------         ENDMOD        FONCTIONS_COTE_SERIALIZER

  -------         MODULE        GENERATION_SON
  C:0000H         SYMBOL        _ICE_DUMMY_
  D:00E8H         PUBLIC        ADC0CN
  D:00A8H         PUBLIC        IE
  D:00D8H         PUBLIC        PCA0CN
  D:00B8H         PUBLIC        IP
  D:00C0H         PUBLIC        SMB0CN
  D:00F8H         PUBLIC        SPI0CN
  D:0088H         PUBLIC        TCON
  C:5B54H         SYMBOL        _?ix1000
  C:5935H         PUBLIC        son_sonore
  D:0098H         PUBLIC        SCON0
  D:00C8H         PUBLIC        T2CON
  D:00D0H         PUBLIC        PSW
  -------         PROC          SON_SONORE
  X:06A6H         SYMBOL        com
  -------         DO            
  X:06CCH         SYMBOL        rep
  D:0007H         SYMBOL        commande_SPI
  D:0006H         SYMBOL        taille_trame
  -------         ENDDO         
  C:5935H         LINE#         10
  C:5935H         LINE#         11
  C:5948H         LINE#         12
  C:5949H         LINE#         13
  C:594BH         LINE#         15
  C:594DH         LINE#         16
  C:5955H         LINE#         17
  C:595DH         LINE#         18
  C:5965H         LINE#         19
  C:596DH         LINE#         21
  C:597DH         LINE#         22
  -------         ENDPROC       SON_SONORE
  -------         ENDMOD        GENERATION_SON

  -------         MODULE        GPIO
  C:0000H         SYMBOL        _ICE_DUMMY_
  D:0080H         PUBLIC        P0
  D:0090H         PUBLIC        P1
  D:00A0H         PUBLIC        P2
  D:00B0H         PUBLIC        P3
  D:00E8H         PUBLIC        ADC0CN
  D:00A8H         PUBLIC        IE
  D:00D8H         PUBLIC        PCA0CN
  D:00B8H         PUBLIC        IP
  D:00C0H         PUBLIC        SMB0CN
  D:00F8H         PUBLIC        SPI0CN
BL51 BANKED LINKER/LOCATER V6.22                                                      05/22/2018  19:07:54  PAGE 23


  D:0088H         PUBLIC        TCON
  D:0098H         PUBLIC        SCON0
  D:00C8H         PUBLIC        T2CON
  D:00D0H         PUBLIC        PSW
  -------         ENDMOD        GPIO

  -------         MODULE        LIEN_STRUCTURE_COMMANDE
  C:0000H         SYMBOL        _ICE_DUMMY_
  D:0080H         PUBLIC        P0
  D:0090H         PUBLIC        P1
  D:00A0H         PUBLIC        P2
  D:00B0H         PUBLIC        P3
  X:0A95H         PUBLIC        dist_arriere
  X:0A99H         PUBLIC        Angle_voulu
  X:0A9AH         PUBLIC        angle
  D:00E8H         PUBLIC        ADC0CN
  D:00A8H         PUBLIC        IE
  D:00D8H         PUBLIC        PCA0CN
  D:00B8H         PUBLIC        IP
  D:00C0H         PUBLIC        SMB0CN
  X:0A9BH         PUBLIC        msg_Slave
  C:4E14H         PUBLIC        tempo_emiss
  D:00F8H         PUBLIC        SPI0CN
  X:0A9CH         PUBLIC        dist_avant
  D:0088H         PUBLIC        TCON
  X:0AA0H         PUBLIC        mess
  X:0AD2H         PUBLIC        message_s
  C:0AFAH         PUBLIC        fonctionRoutage
  C:1E62H         SYMBOL        _?ix1000
  C:1E64H         SYMBOL        _?ix1001
  C:1E96H         SYMBOL        _?ix1002
  C:1EC8H         SYMBOL        _?ix1003
  C:1EFAH         SYMBOL        _?ix1004
  C:1F2CH         SYMBOL        _?ix1005
  X:0B04H         PUBLIC        Angle_atteint
  X:0B06H         PUBLIC        a
  X:0B07H         PUBLIC        courant_actuel
  D:0098H         PUBLIC        SCON0
  D:00C8H         PUBLIC        T2CON
  X:0B0BH         PUBLIC        i
  X:0B0CH         PUBLIC        commande_serializer
  D:00D0H         PUBLIC        PSW
  C:50A7H         PUBLIC        routage
  -------         PROC          ROUTAGE
  X:06A6H         SYMBOL        commande
  X:06CCH         SYMBOL        type
  C:50A7H         LINE#         46
  C:50A7H         LINE#         48
  C:50AFH         LINE#         49
  C:50BCH         LINE#         50
  C:50BEH         LINE#         51
  C:50C2H         LINE#         52
  C:50CFH         LINE#         53
  C:50D1H         LINE#         54
  C:50D7H         LINE#         55
  C:50E4H         LINE#         56
  C:50E6H         LINE#         57
BL51 BANKED LINKER/LOCATER V6.22                                                      05/22/2018  19:07:54  PAGE 24


  C:50ECH         LINE#         58
  C:50F9H         LINE#         59
  C:50FBH         LINE#         60
  C:5103H         LINE#         61
  C:5110H         LINE#         62
  C:5112H         LINE#         63
  C:5116H         LINE#         64
  C:5123H         LINE#         65
  C:5125H         LINE#         66
  C:512BH         LINE#         67
  C:513BH         LINE#         68
  C:513BH         LINE#         69
  -------         ENDPROC       ROUTAGE
  -------         PROC          FONCTIONROUTAGE
  X:009CH         SYMBOL        commande
  -------         DO            
  X:00C2H         SYMBOL        route
  X:00C3H         SYMBOL        commande_SPI
  X:00C4H         SYMBOL        trame
  X:00C6H         SYMBOL        taille_trame
  X:00C7H         SYMBOL        alpha
  X:00CBH         SYMBOL        distance
  X:00CDH         SYMBOL        angle_ascii
  X:00D0H         SYMBOL        mess
  X:0102H         SYMBOL        mess1
  X:0134H         SYMBOL        mess2
  X:0166H         SYMBOL        mess3
  X:0198H         SYMBOL        compteur
  X:019AH         SYMBOL        msg_Slave_ascii
  X:029AH         SYMBOL        info
  X:02B4H         SYMBOL        courant_ascii
  X:02B8H         SYMBOL        energie_ascii
  X:02BCH         SYMBOL        string_s
  X:06A4H         SYMBOL        cpt
  -------         ENDDO         
  C:0AFAH         LINE#         71
  C:0AFAH         LINE#         72
  C:0AFFH         LINE#         73
  C:0B01H         LINE#         74
  C:0B13H         LINE#         75
  C:0B19H         LINE#         79
  C:0B2BH         LINE#         80
  C:0B3EH         LINE#         81
  C:0B51H         LINE#         82
  C:0B64H         LINE#         83
  C:0B6BH         LINE#         89
  C:0B7EH         LINE#         90
  C:0B85H         LINE#         91
  C:0BA8H         LINE#         93
  C:0BD8H         LINE#         96
  C:0BD8H         LINE#         97
  C:0BE2H         LINE#         98
  C:0BF1H         LINE#         99
  C:0BFAH         LINE#         101
  C:0C0EH         LINE#         102
  C:0C1DH         LINE#         103
  C:0C34H         LINE#         104
BL51 BANKED LINKER/LOCATER V6.22                                                      05/22/2018  19:07:54  PAGE 25


  C:0C34H         LINE#         105
  C:0C37H         LINE#         108
  C:0C37H         LINE#         109
  C:0C3DH         LINE#         110
  C:0C48H         LINE#         111
  C:0C50H         LINE#         112
  C:0C54H         LINE#         113
  C:0C5AH         LINE#         114
  C:0C5CH         LINE#         115
  C:0C5CH         LINE#         116
  C:0C62H         LINE#         117
  C:0C62H         LINE#         118
  C:0C68H         LINE#         119
  C:0C7BH         LINE#         120
  C:0C7EH         LINE#         121
  C:0C86H         LINE#         122
  C:0C89H         LINE#         123
  C:0CA8H         LINE#         124
  C:0CB1H         LINE#         125
  C:0CB1H         LINE#         126
  C:0CB4H         LINE#         129
  C:0CB4H         LINE#         130
  C:0CBFH         LINE#         131
  C:0CF6H         LINE#         132
  C:0D86H         LINE#         133
  C:0D9EH         LINE#         134
  C:0DBCH         LINE#         137
  C:0DC2H         LINE#         138
  C:0DD1H         LINE#         139
  C:0DF4H         LINE#         140
  C:0E18H         LINE#         142
  C:0E1EH         LINE#         143
  C:0E22H         LINE#         144
  C:0E45H         LINE#         145
  C:0E69H         LINE#         147
  C:0E6FH         LINE#         148
  C:0E73H         LINE#         149
  C:0E8CH         LINE#         150
  C:0EAFH         LINE#         151
  C:0ED3H         LINE#         152
  C:0EDCH         LINE#         153
  C:0EE5H         LINE#         154
  C:0EEEH         LINE#         155
  C:0EF5H         LINE#         156
  C:0F09H         LINE#         157
  C:0F10H         LINE#         158
  C:0F10H         LINE#         159
  C:0F11H         LINE#         160
  C:0F2BH         LINE#         161
  C:0F2BH         LINE#         162
  C:0F34H         LINE#         163
  C:0F3DH         LINE#         164
  C:0F44H         LINE#         165
  C:0F44H         LINE#         166
  C:0F45H         LINE#         167
  C:0F5FH         LINE#         168
  C:0F5FH         LINE#         169
BL51 BANKED LINKER/LOCATER V6.22                                                      05/22/2018  19:07:54  PAGE 26


  C:0F67H         LINE#         170
  C:0F69H         LINE#         171
  C:0F7DH         LINE#         172
  C:0F8BH         LINE#         173
  C:0F8BH         LINE#         174
  C:0FADH         LINE#         175
  C:0FB4H         LINE#         176
  C:0FCCH         LINE#         177
  C:0FD3H         LINE#         178
  C:0FDCH         LINE#         179
  C:0FE5H         LINE#         180
  C:0FEEH         LINE#         181
  C:0FF5H         LINE#         182
  C:0FF5H         LINE#         183
  C:0FF6H         LINE#         184
  C:1010H         LINE#         185
  C:1017H         LINE#         186
  C:1017H         LINE#         188
  C:1020H         LINE#         189
  C:1027H         LINE#         190
  C:1027H         LINE#         191
  C:1028H         LINE#         192
  C:1042H         LINE#         193
  C:1042H         LINE#         194
  C:104AH         LINE#         195
  C:104CH         LINE#         196
  C:1060H         LINE#         197
  C:106EH         LINE#         198
  C:106EH         LINE#         199
  C:1075H         LINE#         200
  C:1075H         LINE#         201
  C:107DH         LINE#         202
  C:107FH         LINE#         203
  C:1093H         LINE#         204
  C:10A1H         LINE#         205
  C:10A1H         LINE#         206
  C:10A8H         LINE#         208
  C:10C0H         LINE#         209
  C:10C7H         LINE#         210
  C:10D0H         LINE#         211
  C:10D9H         LINE#         212
  C:10E2H         LINE#         213
  C:10E5H         LINE#         214
  C:10E5H         LINE#         215
  C:1108H         LINE#         216
  C:112CH         LINE#         217
  C:1135H         LINE#         218
  C:113EH         LINE#         219
  C:1143H         LINE#         220
  C:1147H         LINE#         221
  C:1147H         LINE#         222
  C:114FH         LINE#         223
  C:1151H         LINE#         224
  C:1168H         LINE#         225
  C:116EH         LINE#         226
  C:116EH         LINE#         227
  C:1175H         LINE#         228
BL51 BANKED LINKER/LOCATER V6.22                                                      05/22/2018  19:07:54  PAGE 27


  C:1175H         LINE#         229
  C:118AH         LINE#         230
  C:118AH         LINE#         231
  C:118DH         LINE#         235
  C:118DH         LINE#         236
  C:11A3H         LINE#         237
  C:11ACH         LINE#         238
  C:11B5H         LINE#         239
  C:11C9H         LINE#         240
  C:11C9H         LINE#         243
  C:11C9H         LINE#         244
  C:11D9H         LINE#         245
  C:11F6H         LINE#         246
  C:11FFH         LINE#         247
  C:1205H         LINE#         248
  C:1207H         LINE#         251
  C:1207H         LINE#         252
  C:1220H         LINE#         253
  C:123DH         LINE#         254
  C:1246H         LINE#         255
  C:124CH         LINE#         256
  C:124EH         LINE#         259
  C:124EH         LINE#         260
  C:1264H         LINE#         261
  C:126AH         LINE#         262
  C:126CH         LINE#         264
  C:126CH         LINE#         265
  C:127BH         LINE#         266
  C:1284H         LINE#         267
  C:1284H         LINE#         269
  C:1284H         LINE#         270
  -------         ENDPROC       FONCTIONROUTAGE
  -------         PROC          TEMPO_EMISS
  -------         DO            
  X:06D0H         SYMBOL        x
  -------         ENDDO         
  C:4E14H         LINE#         272
  C:4E14H         LINE#         273
  C:4E1BH         LINE#         275
  C:4E48H         LINE#         276
  C:4E76H         LINE#         277
  C:4EA4H         LINE#         278
  C:4ED2H         LINE#         279
  -------         ENDPROC       TEMPO_EMISS
  -------         ENDMOD        LIEN_STRUCTURE_COMMANDE

  -------         MODULE        MAIN
  C:0000H         SYMBOL        _ICE_DUMMY_
  X:0BBBH         PUBLIC        message_PC_com
  D:0080H         PUBLIC        P0
  X:0BEDH         PUBLIC        courant
  D:0090H         PUBLIC        P1
  D:00A0H         PUBLIC        P2
  D:00B0H         PUBLIC        P3
  C:0026H         PUBLIC        ISR_Timer2
  B:00A8H.7       PUBLIC        EA
  C:5368H         PUBLIC        ISR_Timer3
BL51 BANKED LINKER/LOCATER V6.22                                                      05/22/2018  19:07:54  PAGE 28


  B:00A0H.0       PUBLIC        PWM_servo
  X:0BEFH         PUBLIC        vitesse_par_defaut
  D:00E8H         PUBLIC        ADC0CN
  D:00A8H         PUBLIC        IE
  D:00D8H         PUBLIC        PCA0CN
  D:00B8H         PUBLIC        IP
  X:0BF1H         PUBLIC        commande_correct
  D:00C0H         PUBLIC        SMB0CN
  C:3538H         PUBLIC        main
  D:00F8H         PUBLIC        SPI0CN
  D:0088H         PUBLIC        TCON
  C:2F54H         PUBLIC        _conv
  D:0091H         PUBLIC        TMR3CN
  C:4D48H         PUBLIC        _conversionangle_positif
  C:3CF5H         SYMBOL        _?ix1000
  C:3D27H         SYMBOL        _?ix1001
  C:3D2DH         SYMBOL        _?ix1002
  X:0BF3H         PUBLIC        epreuve_en_cours
  C:3D30H         SYMBOL        _?ix1003
  C:3168H         PUBLIC        _Message
  B:00C8H.7       PUBLIC        TF2
  B:00C8H.2       PUBLIC        TR2
  X:0BF4H         PUBLIC        energie
  D:0098H         PUBLIC        SCON0
  C:4021H         PUBLIC        _traitement_A
  C:51C8H         PUBLIC        _traitement_B
  C:36F7H         PUBLIC        _traitement_C
  D:00C8H         PUBLIC        T2CON
  C:4174H         PUBLIC        _traitement_D
  C:5986H         PUBLIC        _conversioncoord
  C:5AAFH         PUBLIC        traitement_E
  C:38B4H         PUBLIC        _traitement_G
  C:2797H         PUBLIC        _traitement_M
  B:00A0H.5       PUBLIC        NSS_slave
  C:5AF3H         PUBLIC        traitement_Q
  C:3EC8H         PUBLIC        _traitement_R
  C:2AB7H         PUBLIC        _traitement_S
  C:53ECH         PUBLIC        _traitement_T
  D:00D0H         PUBLIC        PSW
  C:5980H         SYMBOL        L?0302
  -------         PROC          L?0301
  -------         ENDPROC       L?0301
  C:5980H         SYMBOL        L?0302
  -------         PROC          _CONVERSIONCOORD
  D:0001H         SYMBOL        tableau
  -------         DO            
  D:0006H         SYMBOL        dizaine
  D:0004H         SYMBOL        unite
  D:0007H         SYMBOL        valeur
  -------         ENDDO         
  C:5986H         LINE#         38
  C:5986H         LINE#         39
  C:5987H         LINE#         40
  C:5988H         LINE#         43
  C:5997H         LINE#         44
  C:59A0H         LINE#         46
  C:59A3H         LINE#         47
BL51 BANKED LINKER/LOCATER V6.22                                                      05/22/2018  19:07:54  PAGE 29


  C:59A3H         LINE#         48
  -------         ENDPROC       _CONVERSIONCOORD
  C:2F4AH         SYMBOL        L?0300
  -------         PROC          L?0299
  -------         ENDPROC       L?0299
  C:2F4AH         SYMBOL        L?0300
  -------         PROC          _CONV
  X:00FAH         SYMBOL        nbr
  X:00FDH         SYMBOL        taille
  -------         DO            
  X:00FFH         SYMBOL        k
  X:0101H         SYMBOL        t1
  X:0105H         SYMBOL        ret
  X:0107H         SYMBOL        numero
  -------         ENDDO         
  C:2F54H         LINE#         64
  C:2F67H         LINE#         65
  C:2F67H         LINE#         66
  C:2F6EH         LINE#         67
  C:2F76H         LINE#         68
  C:2F7DH         LINE#         69
  C:2F81H         LINE#         71
  C:2F8BH         LINE#         72
  C:2F8BH         LINE#         73
  C:2FB0H         LINE#         74
  C:2FB0H         LINE#         75
  C:2FDCH         LINE#         76
  C:3013H         LINE#         77
  C:3071H         LINE#         78
  C:307DH         LINE#         79
  C:3091H         LINE#         80
  C:30A8H         LINE#         81
  C:30ABH         LINE#         83
  C:30ABH         LINE#         84
  C:30CFH         LINE#         85
  C:30CFH         LINE#         86
  C:3142H         LINE#         87
  C:314EH         LINE#         88
  C:315FH         LINE#         89
  C:315FH         LINE#         90
  C:3167H         LINE#         91
  -------         ENDPROC       _CONV
  -------         PROC          L?0303
  -------         ENDPROC       L?0303
  -------         PROC          _CONVERSIONANGLE_POSITIF
  D:0001H         SYMBOL        tableau
  -------         DO            
  X:00F5H         SYMBOL        centaine
  X:00F7H         SYMBOL        dizaine
  X:00F9H         SYMBOL        unite
  X:00FBH         SYMBOL        valeur
  -------         ENDDO         
  C:4D48H         LINE#         92
  C:4D48H         LINE#         93
  C:4D4FH         LINE#         94
  C:4D53H         LINE#         95
  C:4D57H         LINE#         98
BL51 BANKED LINKER/LOCATER V6.22                                                      05/22/2018  19:07:54  PAGE 30


  C:4D5EH         LINE#         99
  C:4D7CH         LINE#         100
  C:4D8FH         LINE#         101
  C:4DA3H         LINE#         102
  C:4DA5H         LINE#         103
  C:4DA5H         LINE#         104
  C:4DBEH         LINE#         105
  C:4DD8H         LINE#         106
  C:4DECH         LINE#         107
  C:4E0BH         LINE#         108
  C:4E0BH         LINE#         109
  C:4E13H         LINE#         110
  -------         ENDPROC       _CONVERSIONANGLE_POSITIF
  -------         PROC          _TRAITEMENT_A
  X:00C5H         SYMBOL        com
  X:00C8H         SYMBOL        commande
  -------         DO            
  D:0007H         SYMBOL        vitesse
  X:00EEH         SYMBOL        tab
  X:00F1H         SYMBOL        j
  D:0007H         SYMBOL        duree
  -------         ENDDO         
  C:4021H         LINE#         112
  C:402CH         LINE#         118
  C:403DH         LINE#         119
  C:403DH         LINE#         120
  C:403DH         LINE#         121
  C:403DH         LINE#         122
  C:4044H         LINE#         123
  C:404CH         LINE#         124
  C:404CH         LINE#         125
  C:4073H         LINE#         126
  C:408DH         LINE#         127
  C:4090H         LINE#         128
  C:40A0H         LINE#         129
  C:40A0H         LINE#         130
  C:40A0H         LINE#         131
  C:40A3H         LINE#         132
  C:40A8H         LINE#         133
  C:40ABH         LINE#         134
  C:40ABH         LINE#         135
  C:40ABH         LINE#         136
  C:40ABH         LINE#         137
  C:40B6H         LINE#         138
  C:40BBH         LINE#         140
  C:40D3H         LINE#         141
  C:40D3H         LINE#         142
  C:40DCH         LINE#         143
  C:40DCH         LINE#         144
  C:4103H         LINE#         145
  C:411DH         LINE#         146
  C:4120H         LINE#         147
  C:412FH         LINE#         148
  C:412FH         LINE#         149
  C:4136H         LINE#         150
  C:4138H         LINE#         152
  C:4138H         LINE#         153
BL51 BANKED LINKER/LOCATER V6.22                                                      05/22/2018  19:07:54  PAGE 31


  C:413CH         LINE#         154
  C:413CH         LINE#         156
  C:413EH         LINE#         164
  C:413EH         LINE#         165
  C:413EH         LINE#         166
  C:413EH         LINE#         167
  C:4145H         LINE#         168
  C:414BH         LINE#         169
  C:4155H         LINE#         170
  C:4155H         LINE#         171
  C:415EH         LINE#         172
  C:416DH         LINE#         173
  C:416DH         LINE#         174
  C:416DH         LINE#         175
  C:4173H         LINE#         176
  -------         ENDPROC       _TRAITEMENT_A
  -------         PROC          _TRAITEMENT_B
  X:00C5H         SYMBOL        com
  X:00C8H         SYMBOL        commande
  -------         DO            
  D:0007H         SYMBOL        vitesse
  X:00EEH         SYMBOL        tab
  D:0006H         SYMBOL        j
  -------         ENDDO         
  C:51C8H         LINE#         177
  C:51D3H         LINE#         178
  C:51D3H         LINE#         182
  C:51D9H         LINE#         183
  C:51EEH         LINE#         184
  C:51EEH         LINE#         185
  C:51F1H         LINE#         186
  C:51F1H         LINE#         187
  C:5210H         LINE#         188
  C:521BH         LINE#         189
  C:5224H         LINE#         190
  C:5234H         LINE#         191
  C:5234H         LINE#         192
  C:523BH         LINE#         193
  C:523DH         LINE#         195
  C:523DH         LINE#         196
  C:5242H         LINE#         197
  C:5242H         LINE#         198
  C:5242H         LINE#         199
  C:5244H         LINE#         201
  C:5244H         LINE#         202
  C:524CH         LINE#         203
  C:524CH         LINE#         205
  C:5252H         LINE#         206
  -------         ENDPROC       _TRAITEMENT_B
  -------         PROC          _TRAITEMENT_C
  X:00C5H         SYMBOL        com
  X:00C8H         SYMBOL        commande
  -------         DO            
  X:00EEH         SYMBOL        angle
  X:00F0H         SYMBOL        tab
  X:00F3H         SYMBOL        j
  -------         ENDDO         
BL51 BANKED LINKER/LOCATER V6.22                                                      05/22/2018  19:07:54  PAGE 32


  C:36F7H         LINE#         207
  C:3702H         LINE#         208
  C:3702H         LINE#         211
  C:3709H         LINE#         212
  C:3728H         LINE#         213
  C:3728H         LINE#         214
  C:3728H         LINE#         215
  C:3728H         LINE#         216
  C:372EH         LINE#         217
  C:373BH         LINE#         218
  C:373BH         LINE#         219
  C:3743H         LINE#         220
  C:3743H         LINE#         221
  C:376AH         LINE#         222
  C:3784H         LINE#         223
  C:3795H         LINE#         224
  C:37B1H         LINE#         225
  C:37B1H         LINE#         226
  C:37B5H         LINE#         227
  C:37B7H         LINE#         229
  C:37B7H         LINE#         230
  C:37BFH         LINE#         231
  C:37C7H         LINE#         232
  C:37C7H         LINE#         233
  C:37C9H         LINE#         235
  C:37C9H         LINE#         236
  C:37D0H         LINE#         237
  C:37D0H         LINE#         238
  C:37DFH         LINE#         239
  C:37E2H         LINE#         240
  C:37E2H         LINE#         241
  C:37E2H         LINE#         242
  C:37E2H         LINE#         243
  C:37E8H         LINE#         244
  C:3800H         LINE#         245
  C:3800H         LINE#         246
  C:3808H         LINE#         247
  C:3808H         LINE#         248
  C:382FH         LINE#         249
  C:3849H         LINE#         250
  C:385AH         LINE#         251
  C:3876H         LINE#         252
  C:3876H         LINE#         253
  C:387AH         LINE#         254
  C:387CH         LINE#         256
  C:387CH         LINE#         257
  C:3884H         LINE#         258
  C:388CH         LINE#         259
  C:388CH         LINE#         260
  C:388EH         LINE#         263
  C:388EH         LINE#         264
  C:3895H         LINE#         265
  C:3898H         LINE#         266
  C:3898H         LINE#         268
  C:389AH         LINE#         269
  C:389AH         LINE#         270
  C:389AH         LINE#         271
BL51 BANKED LINKER/LOCATER V6.22                                                      05/22/2018  19:07:54  PAGE 33


  C:389AH         LINE#         272
  C:38A0H         LINE#         273
  C:38A7H         LINE#         274
  C:38ADH         LINE#         275
  C:38ADH         LINE#         276
  C:38ADH         LINE#         277
  C:38ADH         LINE#         278
  C:38B3H         LINE#         279
  -------         ENDPROC       _TRAITEMENT_C
  -------         PROC          _TRAITEMENT_D
  D:0001H         SYMBOL        com
  X:00C8H         SYMBOL        commande
  C:4174H         LINE#         280
  C:4174H         LINE#         281
  C:4174H         LINE#         282
  C:41AAH         LINE#         283
  C:41AAH         LINE#         284
  C:41AAH         LINE#         285
  C:41AAH         LINE#         286
  C:41B0H         LINE#         287
  C:41BEH         LINE#         288
  C:41C4H         LINE#         290
  C:41C7H         LINE#         292
  C:41C7H         LINE#         293
  C:41C7H         LINE#         294
  C:41C7H         LINE#         295
  C:41CDH         LINE#         296
  C:41DCH         LINE#         297
[...]
  C:57D1H         LINE#         163
  C:57FEH         LINE#         164
  C:582BH         LINE#         165
  -------         ENDPROC       INIT_SERIAL_BUFFER
  -------         PROC          _SEROUTCHAR
  D:0007H         SYMBOL        c
  C:52DEH         LINE#         169
  C:52DEH         LINE#         170
  C:5324H         LINE#         171
  C:5324H         LINE#         172
  C:5332H         LINE#         173
  C:535BH         LINE#         175
  C:535EH         LINE#         176
  C:5360H         LINE#         177
  C:5362H         LINE#         178
  C:5362H         LINE#         179
  C:5365H         LINE#         180
  C:5365H         LINE#         181
  C:5367H         LINE#         182
  -------         ENDPROC       _SEROUTCHAR
  -------         PROC          SERINCHAR
  -------         DO            
  D:0005H         SYMBOL        c
  -------         ENDDO         
  C:564DH         LINE#         188
  C:564DH         LINE#         191
  C:5669H         LINE#         192
  C:5669H         LINE#         194
  C:5677H         LINE#         195
  C:56ABH         LINE#         196
  C:56AEH         LINE#         197
  C:56AEH         LINE#         198
  C:56B0H         LINE#         199
  -------         ENDPROC       SERINCHAR
  -------         PROC          SERINCHAR_BIN
  -------         DO            
  D:0005H         SYMBOL        c
  X:0C09H         SYMBOL        return_code
  -------         ENDDO         
  C:546EH         LINE#         207
  C:546EH         LINE#         209
  C:5475H         LINE#         211
  C:5491H         LINE#         212
  C:5491H         LINE#         214
BL51 BANKED LINKER/LOCATER V6.22                                                      05/22/2018  19:07:54  PAGE 51


  C:549FH         LINE#         215
  C:54D3H         LINE#         216
  C:54E2H         LINE#         217
  C:54E2H         LINE#         219
  C:54EAH         LINE#         220
  -------         ENDPROC       SERINCHAR_BIN
  -------         PROC          _SEROUTSTRING
  X:06A6H         SYMBOL        buf
  -------         DO            
  X:06A9H         SYMBOL        len
  X:06AAH         SYMBOL        code_err
  -------         ENDDO         
  C:5715H         LINE#         224
  C:5720H         LINE#         225
  C:5725H         LINE#         227
  C:5746H         LINE#         228
  C:576DH         LINE#         229
  C:5772H         LINE#         230
  -------         ENDPROC       _SEROUTSTRING
  -------         PROC          CFG_CLOCK_UART
  C:5A9CH         LINE#         244
  C:5A9CH         LINE#         245
  C:5A9FH         LINE#         246
  C:5AA2H         LINE#         247
  C:5AA5H         LINE#         248
  C:5AA7H         LINE#         250
  C:5AAAH         LINE#         251
  C:5AACH         LINE#         252
  C:5AAEH         LINE#         253
  -------         ENDPROC       CFG_CLOCK_UART
  -------         PROC          CFG_UART0_MODE1
  C:5AC1H         LINE#         259
  C:5AC1H         LINE#         260
  C:5AC3H         LINE#         261
  C:5AC5H         LINE#         262
  C:5AC8H         LINE#         263
  C:5ACBH         LINE#         264
  C:5ACEH         LINE#         265
  C:5AD0H         LINE#         267
  C:5AD2H         LINE#         268
  -------         ENDPROC       CFG_UART0_MODE1
  -------         ENDMOD        UART0_RINGBUFFER_LIB

  -------         MODULE        UART1
  C:0000H         SYMBOL        _ICE_DUMMY_
  D:00E7H         PUBLIC        EIE2
  D:00E8H         PUBLIC        ADC0CN
  D:00A8H         PUBLIC        IE
  X:0B6BH         SYMBOL        inbuf
  D:00D8H         PUBLIC        PCA0CN
  X:0B8BH         SYMBOL        outbuf
  D:00B8H         PUBLIC        IP
  C:5AE3H         PUBLIC        CFG_UART1
  D:00C0H         PUBLIC        SMB0CN
  B:0021H.2       SYMBOL        TXactive
  D:00F8H         PUBLIC        SPI0CN
  D:0087H         PUBLIC        PCON
BL51 BANKED LINKER/LOCATER V6.22                                                      05/22/2018  19:07:54  PAGE 52


  D:0088H         PUBLIC        TCON
  C:4A5FH         PUBLIC        UART1_ISR
  C:54EBH         PUBLIC        serInchar_Bin1
  C:5773H         PUBLIC        _serOutstring1
  C:56B1H         PUBLIC        serInchar1
  X:0BABH         SYMBOL        in
  C:5253H         PUBLIC        _serOutchar1
  X:0BB3H         SYMBOL        out
  D:00F2H         PUBLIC        SBUF1
  D:0098H         PUBLIC        SCON0
  D:00F1H         PUBLIC        SCON1
  D:00C8H         PUBLIC        T2CON
  D:00C9H         PUBLIC        T4CON
  C:582CH         PUBLIC        init_Serial_Buffer1
  D:00D0H         PUBLIC        PSW
  -------         PROC          UART1_ISR
  C:4A5FH         LINE#         86
  C:4A72H         LINE#         95
  C:4A77H         LINE#         96
  C:4A77H         LINE#         97
  C:4A93H         LINE#         98
  C:4AA2H         LINE#         99
  C:4ACBH         LINE#         101
  C:4ACDH         LINE#         102
  C:4ACFH         LINE#         103
  C:4AD2H         LINE#         105
  C:4AD4H         LINE#         107
  C:4AD4H         LINE#         108
  C:4B0FH         LINE#         109
  C:4B1EH         LINE#         110
  C:4B47H         LINE#         112
  C:4B47H         LINE#         113
  C:4B4AH         LINE#         114
  C:4B4AH         LINE#         115
  -------         ENDPROC       UART1_ISR
  -------         PROC          INIT_SERIAL_BUFFER1
  C:582CH         LINE#         120
  C:582CH         LINE#         121
  C:5859H         LINE#         122
  C:5886H         LINE#         123
  -------         ENDPROC       INIT_SERIAL_BUFFER1
  -------         PROC          _SEROUTCHAR1
  D:0007H         SYMBOL        c
  C:5253H         LINE#         127
  C:5253H         LINE#         129
  C:5299H         LINE#         130
  C:5299H         LINE#         131
  C:52A7H         LINE#         132
  C:52D0H         LINE#         134
  C:52D3H         LINE#         135
  C:52D5H         LINE#         136
  C:52D8H         LINE#         138
  C:52D8H         LINE#         139
  C:52DBH         LINE#         140
  C:52DBH         LINE#         142
  C:52DDH         LINE#         143
  -------         ENDPROC       _SEROUTCHAR1
BL51 BANKED LINKER/LOCATER V6.22                                                      05/22/2018  19:07:54  PAGE 53


  -------         PROC          SERINCHAR1
  -------         DO            
  D:0005H         SYMBOL        c
  -------         ENDDO         
  C:56B1H         LINE#         149
  C:56B1H         LINE#         152
  C:56CDH         LINE#         153
  C:56CDH         LINE#         154
  C:56DBH         LINE#         155
  C:570FH         LINE#         156
  C:5712H         LINE#         157
  C:5712H         LINE#         159
  C:5714H         LINE#         160
  -------         ENDPROC       SERINCHAR1
  -------         PROC          SERINCHAR_BIN1
  -------         DO            
  D:0005H         SYMBOL        c
  X:0C0BH         SYMBOL        return_code
  -------         ENDDO         
  C:54EBH         LINE#         168
  C:54EBH         LINE#         170
  C:54F2H         LINE#         172
  C:550EH         LINE#         174
  C:551CH         LINE#         175
  C:5550H         LINE#         176
  C:555FH         LINE#         177
  C:555FH         LINE#         180
  C:5567H         LINE#         181
  -------         ENDPROC       SERINCHAR_BIN1
  -------         PROC          _SEROUTSTRING1
  X:06A6H         SYMBOL        buf
  -------         DO            
  X:06A9H         SYMBOL        len
  X:06AAH         SYMBOL        code_err
  -------         ENDDO         
  C:5773H         LINE#         185
  C:577EH         LINE#         186
  C:5783H         LINE#         188
  C:57A4H         LINE#         189
  C:57CBH         LINE#         190
  C:57D0H         LINE#         191
  -------         ENDPROC       _SEROUTSTRING1
  -------         PROC          CFG_UART1
  C:5AE3H         LINE#         195
  C:5AE3H         LINE#         196
  C:5AE6H         LINE#         197
  C:5AE9H         LINE#         198
  C:5AECH         LINE#         199
  C:5AEFH         LINE#         201
  C:5AF2H         LINE#         202
  -------         ENDPROC       CFG_UART1
  -------         ENDMOD        UART1

  -------         MODULE        ULTRASON
  C:0000H         SYMBOL        _ICE_DUMMY_
  D:0080H         PUBLIC        P0
  D:0090H         PUBLIC        P1
BL51 BANKED LINKER/LOCATER V6.22                                                      05/22/2018  19:07:54  PAGE 54


  D:00A0H         PUBLIC        P2
  D:00B0H         PUBLIC        P3
  D:00E8H         PUBLIC        ADC0CN
  D:00A8H         PUBLIC        IE
  B:00A0H.4       PUBLIC        Echo_ultrason_ar
  D:00D8H         PUBLIC        PCA0CN
  B:00A0H.2       PUBLIC        Echo_ultrason_av
  D:00B8H         PUBLIC        IP
  D:00C0H         PUBLIC        SMB0CN
  B:00A0H.3       PUBLIC        Trig_ultrason_ar
  B:00A0H.1       PUBLIC        Trig_ultrason_av
  D:00F8H         PUBLIC        SPI0CN
  D:0088H         PUBLIC        TCON
  B:0088H.5       PUBLIC        TF0
  D:008CH         PUBLIC        TH0
  C:4847H         PUBLIC        MES_Dist_AR
  D:008AH         PUBLIC        TL0
  C:4733H         PUBLIC        MES_Dist_AV
  B:0088H.4       PUBLIC        TR0
  D:0098H         PUBLIC        SCON0
  D:00C8H         PUBLIC        T2CON
  D:00D0H         PUBLIC        PSW
  -------         PROC          MES_DIST_AV
  -------         DO            
  D:0004H         SYMBOL        Delta
  X:092CH         SYMBOL        TL0_tmp
  X:0930H         SYMBOL        TH0_tmp
  D:0004H         SYMBOL        Duree
  X:0934H         SYMBOL        Dist
  D:0004H         SYMBOL        Duree2
  X:0938H         SYMBOL        i
  X:093AH         SYMBOL        RegistreTemp
  -------         ENDDO         
  C:4733H         LINE#         12
  C:4733H         LINE#         19
  C:473AH         LINE#         22
  C:473DH         LINE#         23
  C:473FH         LINE#         24
  C:4749H         LINE#         25
  C:4753H         LINE#         27
  C:4764H         LINE#         28
  C:4765H         LINE#         29
  C:4771H         LINE#         30
  C:4773H         LINE#         32
  C:4775H         LINE#         33
  C:4777H         LINE#         35
  C:477DH         LINE#         37
  C:4780H         LINE#         38
  C:478AH         LINE#         39
  C:478DH         LINE#         41
  C:478DH         LINE#         42
  C:4799H         LINE#         43
  C:47A5H         LINE#         44
  C:47A8H         LINE#         45
  C:47AAH         LINE#         46
  C:47D9H         LINE#         47
  C:480AH         LINE#         49
BL51 BANKED LINKER/LOCATER V6.22                                                      05/22/2018  19:07:54  PAGE 55


  C:481BH         LINE#         50
  C:4826H         LINE#         51
  C:4836H         LINE#         52
  C:4838H         LINE#         53
  C:4838H         LINE#         55
  C:4846H         LINE#         56
  -------         ENDPROC       MES_DIST_AV
  -------         PROC          MES_DIST_AR
  -------         DO            
  D:0004H         SYMBOL        Delta
  X:092CH         SYMBOL        TL0_tmp
  X:0930H         SYMBOL        TH0_tmp
  D:0004H         SYMBOL        Duree
  X:0934H         SYMBOL        Dist
  D:0004H         SYMBOL        Duree2
  X:0938H         SYMBOL        i
  X:093AH         SYMBOL        RegistreTemp
  -------         ENDDO         
  C:4847H         LINE#         58
  C:4847H         LINE#         59
  C:4847H         LINE#         66
  C:484EH         LINE#         69
  C:4851H         LINE#         70
  C:4853H         LINE#         71
  C:485DH         LINE#         72
  C:4867H         LINE#         74
  C:4878H         LINE#         75
  C:4879H         LINE#         76
  C:4885H         LINE#         77
  C:4887H         LINE#         79
  C:4889H         LINE#         80
  C:488BH         LINE#         82
  C:4891H         LINE#         84
  C:4894H         LINE#         85
  C:489EH         LINE#         86
  C:48A1H         LINE#         88
  C:48A1H         LINE#         89
  C:48ADH         LINE#         90
  C:48B9H         LINE#         91
  C:48BCH         LINE#         92
  C:48BEH         LINE#         93
  C:48EDH         LINE#         94
  C:491EH         LINE#         96
  C:492FH         LINE#         97
  C:493AH         LINE#         98
  C:494AH         LINE#         99
  C:494CH         LINE#         100
  C:494CH         LINE#         102
  C:495AH         LINE#         103
  -------         ENDPROC       MES_DIST_AR
  -------         ENDMOD        ULTRASON

  -------         MODULE        ?C?FPADD
  C:00ADH         PUBLIC        ?C?FPADD
  C:00A9H         PUBLIC        ?C?FPSUB
  -------         ENDMOD        ?C?FPADD

BL51 BANKED LINKER/LOCATER V6.22                                                      05/22/2018  19:07:54  PAGE 56


  -------         MODULE        ?C?FPMUL
  C:019EH         PUBLIC        ?C?FPMUL
  -------         ENDMOD        ?C?FPMUL

  -------         MODULE        ?C?FPDIV
  C:02A7H         PUBLIC        ?C?FPDIV
  -------         ENDMOD        ?C?FPDIV

  -------         MODULE        ?C?FPCMP
  C:0346H         PUBLIC        ?C?FPCMP
  C:0344H         PUBLIC        ?C?FPCMP3
  -------         ENDMOD        ?C?FPCMP

  -------         MODULE        ?C?FCAST
  C:03C7H         PUBLIC        ?C?FCASTC
  C:03C2H         PUBLIC        ?C?FCASTI
  C:03BDH         PUBLIC        ?C?FCASTL
  -------         ENDMOD        ?C?FCAST

  -------         MODULE        ?C?CASTF
  C:03FBH         PUBLIC        ?C?CASTF
  -------         ENDMOD        ?C?CASTF

  -------         MODULE        PRINTF
  X:092CH         PUBLIC        ?_PRINTF?BYTE
  X:092CH         PUBLIC        ?_SPRINTF?BYTE
  C:237FH         PUBLIC        _PRINTF
  C:2379H         PUBLIC        _SPRINTF
  -------         ENDMOD        PRINTF

  -------         MODULE        ATAN
  C:4631H         PUBLIC        _ATAN
  -------         ENDMOD        ATAN

  -------         MODULE        CEIL
  C:4C53H         PUBLIC        _ceil
  -------         ENDMOD        CEIL

  -------         MODULE        POW
  X:06A6H         PUBLIC        ?_pow?BYTE
  C:3D62H         PUBLIC        _pow
  -------         ENDMOD        POW

  -------         MODULE        ?C?CHKFLOAT
  C:047CH         PUBLIC        ?C?CHKFLOAT
  -------         ENDMOD        ?C?CHKFLOAT

  -------         MODULE        ?C?FPNEG
  C:0496H         PUBLIC        ?C?FPNEG
  -------         ENDMOD        ?C?FPNEG

  -------         MODULE        ?C?FPROUND
  C:04A7H         PUBLIC        ?C?FPROUND
  -------         ENDMOD        ?C?FPROUND

  -------         MODULE        ?C?FPCONVERT
  C:04E4H         PUBLIC        ?C?FPCONVERT
BL51 BANKED LINKER/LOCATER V6.22                                                      05/22/2018  19:07:54  PAGE 57


  -------         ENDMOD        ?C?FPCONVERT

  -------         MODULE        EXP
  C:4FAEH         PUBLIC        _EXP
  -------         ENDMOD        EXP

  -------         MODULE        LOG
  C:42D2H         PUBLIC        _LOG
  C:42CEH         PUBLIC        _LOG10
  -------         ENDMOD        LOG

  -------         MODULE        ?C?FTNPWR
  C:0666H         PUBLIC        ?C?FTNPWR
  -------         ENDMOD        ?C?FTNPWR

  -------         MODULE        ?C?COPY
  C:0776H         PUBLIC        ?C?COPY
  -------         ENDMOD        ?C?COPY

  -------         MODULE        ?C?SCDIV
  C:079CH         PUBLIC        ?C?SCDIV
  -------         ENDMOD        ?C?SCDIV

  -------         MODULE        ?C?CLDPTR
  C:07BEH         PUBLIC        ?C?CLDPTR
  -------         ENDMOD        ?C?CLDPTR

  -------         MODULE        ?C?CLDOPTR
  C:07D7H         PUBLIC        ?C?CLDOPTR
  -------         ENDMOD        ?C?CLDOPTR

  -------         MODULE        ?C?CSTPTR
  C:0804H         PUBLIC        ?C?CSTPTR
  -------         ENDMOD        ?C?CSTPTR

  -------         MODULE        ?C?CSTOPTR
  C:0816H         PUBLIC        ?C?CSTOPTR
  -------         ENDMOD        ?C?CSTOPTR

  -------         MODULE        ?C?IMUL
  C:0838H         PUBLIC        ?C?IMUL
  -------         ENDMOD        ?C?IMUL

  -------         MODULE        ?C?SIDIV
  C:084AH         PUBLIC        ?C?SIDIV
  -------         ENDMOD        ?C?SIDIV

  -------         MODULE        ?C?IILDX
  C:0880H         PUBLIC        ?C?IILDX
  -------         ENDMOD        ?C?IILDX

  -------         MODULE        ?C?LNEG
  C:0896H         PUBLIC        ?C?LNEG
  -------         ENDMOD        ?C?LNEG

  -------         MODULE        ?C?SLCMP
  C:08A4H         PUBLIC        ?C?SLCMP
BL51 BANKED LINKER/LOCATER V6.22                                                      05/22/2018  19:07:54  PAGE 58


  -------         ENDMOD        ?C?SLCMP

  -------         MODULE        ?C?ULCMP
  C:08BAH         PUBLIC        ?C?ULCMP
  -------         ENDMOD        ?C?ULCMP

  -------         MODULE        ?C?LLDCODE
  C:08CBH         PUBLIC        ?C?LLDCODE
  -------         ENDMOD        ?C?LLDCODE

  -------         MODULE        ?C?LLDXDATA0
  C:08DBH         PUBLIC        ?C?LLDXDATA0
  -------         ENDMOD        ?C?LLDXDATA0

  -------         MODULE        ?C?LLDCODE0
  C:08E7H         PUBLIC        ?C?LLDCODE0
  -------         ENDMOD        ?C?LLDCODE0

  -------         MODULE        ?C?LSTXDATA
  C:08F7H         PUBLIC        ?C?LSTXDATA
  -------         ENDMOD        ?C?LSTXDATA

  -------         MODULE        ?C?LSTKXDATA
  C:0903H         PUBLIC        ?C?LSTKXDATA
  -------         ENDMOD        ?C?LSTKXDATA

  -------         MODULE        ?C?PLDIXDATA
  C:0934H         PUBLIC        ?C?PLDIXDATA
  -------         ENDMOD        ?C?PLDIXDATA

  -------         MODULE        ?C?PSTXDATA
  C:094BH         PUBLIC        ?C?PSTXDATA
  -------         ENDMOD        ?C?PSTXDATA

  -------         MODULE        ?C?CCASE
  C:0954H         PUBLIC        ?C?CCASE
  -------         ENDMOD        ?C?CCASE

  -------         MODULE        PUTCHAR
  C:0076H         PUBLIC        _PUTCHAR
  -------         ENDMOD        PUTCHAR

  -------         MODULE        STRCAT
  X:092CH         PUBLIC        ?_strcat?BYTE
  C:55E2H         PUBLIC        _strcat
  -------         ENDMOD        STRCAT

  -------         MODULE        ?C?STRCPY
  C:0A46H         PUBLIC        ?C?STRCPY
  -------         ENDMOD        ?C?STRCPY

  -------         MODULE        STRLEN
  C:5A74H         PUBLIC        _STRLEN
  -------         ENDMOD        STRLEN

  -------         MODULE        ?C?MEMSET
  C:0A63H         PUBLIC        ?C?MEMSET
BL51 BANKED LINKER/LOCATER V6.22                                                      05/22/2018  19:07:54  PAGE 59


  -------         ENDMOD        ?C?MEMSET

  -------         MODULE        ?C?UIDIV
  C:0A8FH         PUBLIC        ?C?UIDIV
  -------         ENDMOD        ?C?UIDIV

  -------         MODULE        ?C?ILDIX
  C:0AE4H         PUBLIC        ?C?ILDIX
  -------         ENDMOD        ?C?ILDIX

*** WARNING L16: UNCALLED SEGMENT, IGNORED FOR OVERLAY PROCESS
    SEGMENT: ?PR?_ITOS?FONCTIONS_COTE_SERIALIZER

*** WARNING L16: UNCALLED SEGMENT, IGNORED FOR OVERLAY PROCESS
    SEGMENT: ?PR?SERINCHAR_BIN?UART0_RINGBUFFER_LIB

*** WARNING L16: UNCALLED SEGMENT, IGNORED FOR OVERLAY PROCESS
    SEGMENT: ?PR?SERINCHAR_BIN1?UART1

Program Size: data=15.3 xdata=3085 code=23378
LINK/LOCATE RUN COMPLETE.  3 WARNING(S),  0 ERROR(S)
