BL51 BANKED LINKER/LOCATER V6.22                                                        05/19/2018  16:17:00  PAGE 1


BL51 BANKED LINKER/LOCATER V6.22, INVOKED BY:
C:\KEIL\C51\BIN\BL51.EXE STARTUP.obj, Config_ADC.obj, Config_Globale.obj, Config_SPI.obj, Detect_Obst.obj, Fonctions_cot
>> e_serializer.obj, Generation_son.obj, Gpio.obj, Lien_Structure_commande.obj, main.obj, Mesure_courant.obj, Servomoteu
>> r_Horizontal.obj, Timers.obj, Transmission_SPI.obj, UART0_RingBuffer_lib.obj, UART1.obj, ultrason.obj TO Master RAMSI
>> ZE (256)


MEMORY MODEL: LARGE WITH FLOATING POINT ARITHMETIC


INPUT MODULES INCLUDED:
  STARTUP.obj (?C_STARTUP)
  Config_ADC.obj (CONFIG_ADC)
  Config_Globale.obj (CONFIG_GLOBALE)
  Config_SPI.obj (CONFIG_SPI)
  Detect_Obst.obj (DETECT_OBST)
  Fonctions_cote_serializer.obj (FONCTIONS_COTE_SERIALIZER)
  Generation_son.obj (GENERATION_SON)
  Gpio.obj (GPIO)
  Lien_Structure_commande.obj (LIEN_STRUCTURE_COMMANDE)
  main.obj (MAIN)
  Mesure_courant.obj (MESURE_COURANT)
  Servomoteur_Horizontal.obj (SERVOMOTEUR_HORIZONTAL)
  Timers.obj (TIMERS)
  Transmission_SPI.obj (TRANSMISSION_SPI)
  UART0_RingBuffer_lib.obj (UART0_RINGBUFFER_LIB)
  UART1.obj (UART1)
  ultrason.obj (ULTRASON)
  C:\KEIL\C51\LIB\C51FPL.LIB (?C?FPADD)
  C:\KEIL\C51\LIB\C51FPL.LIB (?C?FPMUL)
  C:\KEIL\C51\LIB\C51FPL.LIB (?C?FPDIV)
  C:\KEIL\C51\LIB\C51FPL.LIB (?C?FPCMP)
  C:\KEIL\C51\LIB\C51FPL.LIB (?C?FCAST)
  C:\KEIL\C51\LIB\C51FPL.LIB (?C?CASTF)
  C:\KEIL\C51\LIB\C51FPL.LIB (PRINTF)
  C:\KEIL\C51\LIB\C51FPL.LIB (ATAN)
  C:\KEIL\C51\LIB\C51FPL.LIB (CEIL)
  C:\KEIL\C51\LIB\C51FPL.LIB (POW)
  C:\KEIL\C51\LIB\C51FPL.LIB (?C?FPGETOPN)
  C:\KEIL\C51\LIB\C51FPL.LIB (?C?CHKFLOAT)
  C:\KEIL\C51\LIB\C51FPL.LIB (?C?FPNEG)
  C:\KEIL\C51\LIB\C51FPL.LIB (?C?FPROUND)
  C:\KEIL\C51\LIB\C51FPL.LIB (?C?FPCONVERT)
  C:\KEIL\C51\LIB\C51FPL.LIB (?C?FPSERIES)
  C:\KEIL\C51\LIB\C51FPL.LIB (EXP)
  C:\KEIL\C51\LIB\C51FPL.LIB (LOG)
  C:\KEIL\C51\LIB\C51FPL.LIB (?C?FTNPWR)
  C:\KEIL\C51\LIB\C51L.LIB (?C_INIT)
  C:\KEIL\C51\LIB\C51L.LIB (?C?COPY)
  C:\KEIL\C51\LIB\C51L.LIB (?C?SCDIV)
  C:\KEIL\C51\LIB\C51L.LIB (?C?CLDPTR)
  C:\KEIL\C51\LIB\C51L.LIB (?C?CLDOPTR)
  C:\KEIL\C51\LIB\C51L.LIB (?C?CSTPTR)
  C:\KEIL\C51\LIB\C51L.LIB (?C?CSTOPTR)
  C:\KEIL\C51\LIB\C51L.LIB (?C?IMUL)
  C:\KEIL\C51\LIB\C51L.LIB (?C?SIDIV)
  C:\KEIL\C51\LIB\C51L.LIB (?C?IILDX)
  C:\KEIL\C51\LIB\C51L.LIB (?C?LNEG)
BL51 BANKED LINKER/LOCATER V6.22                                                      05/19/2018  16:17:00  PAGE 2


  C:\KEIL\C51\LIB\C51L.LIB (?C?SLCMP)
  C:\KEIL\C51\LIB\C51L.LIB (?C?ULCMP)
  C:\KEIL\C51\LIB\C51L.LIB (?C?LLDCODE)
  C:\KEIL\C51\LIB\C51L.LIB (?C?LLDXDATA0)
  C:\KEIL\C51\LIB\C51L.LIB (?C?LLDCODE0)
  C:\KEIL\C51\LIB\C51L.LIB (?C?LSTXDATA)
  C:\KEIL\C51\LIB\C51L.LIB (?C?LSTKXDATA)
  C:\KEIL\C51\LIB\C51L.LIB (?C?PLDIXDATA)
  C:\KEIL\C51\LIB\C51L.LIB (?C?PSTXDATA)
  C:\KEIL\C51\LIB\C51L.LIB (?C?CCASE)
  C:\KEIL\C51\LIB\C51L.LIB (PUTCHAR)
  C:\KEIL\C51\LIB\C51L.LIB (STRCAT)
  C:\KEIL\C51\LIB\C51L.LIB (?C?STRCPY)
  C:\KEIL\C51\LIB\C51L.LIB (STRLEN)
  C:\KEIL\C51\LIB\C51L.LIB (?C?MEMSET)
  C:\KEIL\C51\LIB\C51L.LIB (?C?UIDIV)
  C:\KEIL\C51\LIB\C51L.LIB (?C?ILDIX)


LINK MAP OF MODULE:  Master (?C_STARTUP)


            TYPE    BASE      LENGTH    RELOCATION   SEGMENT NAME
            -----------------------------------------------------

            * * * * * * *   D A T A   M E M O R Y   * * * * * * *
            REG     0000H     0008H     ABSOLUTE     "REG BANK 0"
            DATA    0008H     0005H     UNIT         _DATA_GROUP_
                    000DH     0013H                  *** GAP ***
            BIT     0020H.0   0001H.1   UNIT         _BIT_GROUP_
            BIT     0021H.1   0000H.1   UNIT         ?BI?UART0_RINGBUFFER_LIB
            BIT     0021H.2   0000H.1   UNIT         ?BI?UART1
                    0021H.3   0000H.5                *** GAP ***
            IDATA   0022H     0001H     UNIT         ?STACK

            * * * * * * *  X D A T A   M E M O R Y  * * * * * * *
            XDATA   0000H     0576H     UNIT         _XDATA_GROUP_
            XDATA   0576H     012DH     UNIT         ?XD?DETECT_OBST
            XDATA   06A3H     0086H     UNIT         ?XD?LIEN_STRUCTURE_COMMANDE
            XDATA   0729H     0050H     UNIT         ?XD?UART0_RINGBUFFER_LIB
            XDATA   0779H     0050H     UNIT         ?XD?UART1
            XDATA   07C9H     003BH     UNIT         ?XD?MAIN
            XDATA   0804H     0011H     UNIT         ?XD?_ITOS?FONCTIONS_COTE_SERIALIZER
            XDATA   0815H     0002H     UNIT         ?XD?SERINCHAR_BIN?UART0_RINGBUFFER_LIB
            XDATA   0817H     0002H     UNIT         ?XD?SERINCHAR_BIN1?UART1

            * * * * * * *   C O D E   M E M O R Y   * * * * * * *
            CODE    0000H     0003H     ABSOLUTE     
            CODE    0003H     001DH     UNIT         ?PR?_TRUE_VIT?FONCTIONS_COTE_SERIALIZER
                    0020H     0003H                  *** GAP ***
            CODE    0023H     0003H     ABSOLUTE     
            CODE    0026H     0005H     UNIT         ?PR?ISR_TIMER2?MAIN
            CODE    002BH     0003H     ABSOLUTE     
            CODE    002EH     0043H     UNIT         ?PR?_TRAME_EMISE?TRANSMISSION_SPI
                    0071H     0002H                  *** GAP ***
            CODE    0073H     0003H     ABSOLUTE     
            CODE    0076H     0027H     UNIT         ?PR?PUTCHAR?PUTCHAR
BL51 BANKED LINKER/LOCATER V6.22                                                      05/19/2018  16:17:00  PAGE 3


            CODE    009DH     0004H     UNIT         ?PR?CFG_VREF?CONFIG_ADC
                    00A1H     0002H                  *** GAP ***
            CODE    00A3H     0003H     ABSOLUTE     
            CODE    00A6H     0A54H     UNIT         ?C?LIB_CODE
            CODE    0AFAH     0672H     UNIT         ?PR?FONCTIONROUTAGE?LIEN_STRUCTURE_COMMANDE
            CODE    116CH     060AH     UNIT         ?PR?DETECT_OBST?DETECT_OBST
            CODE    1776H     0530H     UNIT         ?PR?FORMATE_SERIALIZER?FONCTIONS_COTE_SERIALIZER
            CODE    1CA6H     0483H     UNIT         ?PR?PRINTF?PRINTF
            CODE    2129H     0317H     UNIT         ?PR?_TRAITEMENT_M?MAIN
            CODE    2440H     025BH     UNIT         ?PR?_TRAITEMENT_S?MAIN
            CODE    269BH     0244H     UNIT         ?PR?_MESSAGE?MAIN
            CODE    28DFH     0238H     UNIT         ?PR?TRANSCODE_COMMANDE_TO_SERIALIZER?FONCTIONS_COTE_SERIALIZER
            CODE    2B17H     021EH     UNIT         ?PR?_CONV?MAIN
            CODE    2D35H     01C8H     UNIT         ?C_INITSEG
            CODE    2EFDH     01BDH     UNIT         ?PR?_TRAITEMENT_C?MAIN
            CODE    30BAH     01B3H     UNIT         ?PR?_TRAITEMENT_G?MAIN
            CODE    326DH     0186H     UNIT         ?PR?DETECTION_AV_AR?DETECT_OBST
            CODE    33F3H     0177H     UNIT         ?CO?MAIN
            CODE    356AH     016FH     UNIT         ?PR?MAIN?MAIN
            CODE    36D9H     0166H     UNIT         ?PR?_POW?POW
            CODE    383FH     0159H     UNIT         ?PR?_TRAITEMENT_R?MAIN
            CODE    3998H     0153H     UNIT         ?PR?_TRAITEMENT_A?MAIN
            CODE    3AEBH     0145H     UNIT         ?CO?LIEN_STRUCTURE_COMMANDE
            CODE    3C30H     012AH     UNIT         ?PR?_TRAITEMENT_D?MAIN
            CODE    3D5AH     0129H     UNIT         ?PR?LOG?LOG
            CODE    3E83H     0127H     UNIT         ?PR?_ITOS?FONCTIONS_COTE_SERIALIZER
            CODE    3FAAH     0123H     UNIT         ?PR?_TRUE_TICKS?FONCTIONS_COTE_SERIALIZER
            CODE    40CDH     0122H     UNIT         ?PR?ATAN?ATAN
            CODE    41EFH     0114H     UNIT         ?PR?MES_DIST_AV?ULTRASON
            CODE    4303H     0114H     UNIT         ?PR?MES_DIST_AR?ULTRASON
            CODE    4417H     0106H     UNIT         ?PR?DETECTION_AV?DETECT_OBST
            CODE    451DH     00FCH     UNIT         ?PR?UART1_ISR?UART1
            CODE    4619H     00F8H     UNIT         ?PR?UART0_ISR?UART0_RINGBUFFER_LIB
            CODE    4711H     00EFH     UNIT         ?PR?_CEIL?CEIL
            CODE    4800H     00D2H     UNIT         ?PR?_CONVERSIONANGLE_POSITIF?MAIN
            CODE    48D2H     00BFH     UNIT         ?PR?TEMPO_EMISS?LIEN_STRUCTURE_COMMANDE
            CODE    4991H     00A3H     UNIT         ?PR?_CDE_SERVO_H?SERVOMOTEUR_HORIZONTAL
            CODE    4A34H     009AH     UNIT         ?PR?EXP?EXP
            CODE    4ACEH     0097H     UNIT         ?PR?COURANT_ADC?MESURE_COURANT
            CODE    4B65H     0095H     UNIT         ?PR?ROUTAGE?LIEN_STRUCTURE_COMMANDE
            CODE    4BFAH     008CH     UNIT         ?C_C51STARTUP
            CODE    4C86H     008BH     UNIT         ?PR?_TRAITEMENT_B?MAIN
            CODE    4D11H     008BH     UNIT         ?PR?_SEROUTCHAR1?UART1
            CODE    4D9CH     008AH     UNIT         ?PR?_SEROUTCHAR?UART0_RINGBUFFER_LIB
            CODE    4E26H     0082H     UNIT         ?PR?_TRAITEMENT_T?MAIN
            CODE    4EA8H     007DH     UNIT         ?PR?SERINCHAR_BIN?UART0_RINGBUFFER_LIB
            CODE    4F25H     007DH     UNIT         ?PR?SERINCHAR_BIN1?UART1
            CODE    4FA2H     007AH     UNIT         ?PR?_ECHANGE_TRAME?TRANSMISSION_SPI
            CODE    501CH     0078H     UNIT         ?PR?ISR_TIMER3?MAIN
            CODE    5094H     006FH     UNIT         ?PR?SON_SONORE?GENERATION_SON
            CODE    5103H     006BH     UNIT         ?PR?_STRCAT?STRCAT
            CODE    516EH     0064H     UNIT         ?PR?SERINCHAR?UART0_RINGBUFFER_LIB
            CODE    51D2H     0064H     UNIT         ?PR?SERINCHAR1?UART1
            CODE    5236H     005EH     UNIT         ?PR?_SEROUTSTRING?UART0_RINGBUFFER_LIB
            CODE    5294H     005EH     UNIT         ?PR?_SEROUTSTRING1?UART1
            CODE    52F2H     005BH     UNIT         ?PR?INIT_SERIAL_BUFFER?UART0_RINGBUFFER_LIB
            CODE    534DH     005BH     UNIT         ?PR?INIT_SERIAL_BUFFER1?UART1
BL51 BANKED LINKER/LOCATER V6.22                                                      05/19/2018  16:17:00  PAGE 4


            CODE    53A8H     0059H     UNIT         ?CO?FONCTIONS_COTE_SERIALIZER
            CODE    5401H     0055H     UNIT         ?PR?_CONV_ANGLE_TICKS?FONCTIONS_COTE_SERIALIZER
            CODE    5456H     0024H     UNIT         ?PR?_CONVERSIONCOORD?MAIN
            CODE    547AH     0024H     UNIT         ?PR?CONFIG_TIMER2?TIMERS
            CODE    549EH     0024H     UNIT         ?PR?CONFIG_TIMER3?TIMERS
            CODE    54C2H     0023H     UNIT         ?CO?DETECT_OBST
            CODE    54E5H     0023H     UNIT         ?PR?_CONV_DISTANCE_TICKS?FONCTIONS_COTE_SERIALIZER
            CODE    5508H     001AH     UNIT         ?PR?OSCILLATOR_INIT?CONFIG_GLOBALE
            CODE    5522H     0019H     UNIT         ?PR?GPIO_CONFIG?CONFIG_GLOBALE
            CODE    553BH     0015H     UNIT         ?PR?CONFIG_SPI_MASTER?CONFIG_SPI
            CODE    5550H     0015H     UNIT         ?PR?_STRLEN?STRLEN
            CODE    5565H     0013H     UNIT         ?PR?CFG_ADC0?CONFIG_ADC
            CODE    5578H     0013H     UNIT         ?PR?CFG_CLOCK_UART?UART0_RINGBUFFER_LIB
            CODE    558BH     0012H     UNIT         ?PR?TRAITEMENT_E?MAIN
            CODE    559DH     0012H     UNIT         ?PR?_TRAITEMENT_I?MAIN
            CODE    55AFH     0012H     UNIT         ?PR?_TRAITEMENT_P?MAIN
            CODE    55C1H     0012H     UNIT         ?PR?CFG_UART0_MODE1?UART0_RINGBUFFER_LIB
            CODE    55D3H     0010H     UNIT         ?PR?_DEBUT_TRAME?TRANSMISSION_SPI
            CODE    55E3H     0010H     UNIT         ?PR?CFG_UART1?UART1
            CODE    55F3H     000DH     UNIT         ?PR?TRAITEMENT_Q?MAIN
            CODE    5600H     000DH     UNIT         ?PR?TRAME_RECUE?TRANSMISSION_SPI
            CODE    560DH     000CH     UNIT         ?PR?INIT_DEVICE?CONFIG_GLOBALE
            CODE    5619H     000BH     UNIT         ?PR?CONFIG_TIMER0?TIMERS
            CODE    5624H     000AH     UNIT         ?PR?ACQ_ADC?CONFIG_ADC
            CODE    562EH     000AH     UNIT         ?PR?INITIALISATION_TIMER0?TIMERS
            CODE    5638H     000AH     UNIT         ?PR?FIN_TRAME?TRANSMISSION_SPI
            CODE    5642H     0007H     UNIT         ?PR?DISABLE_WDT?CONFIG_GLOBALE
            CODE    5649H     0007H     UNIT         ?PR?_ECHANGE_OCTET?TRANSMISSION_SPI
            CODE    5650H     0004H     UNIT         ?PR?RESET_SRC?CONFIG_GLOBALE
            CODE    5654H     0004H     UNIT         ?CO?GENERATION_SON



OVERLAY MAP OF MODULE:   Master (?C_STARTUP)


SEGMENT                                             BIT_GROUP          DATA_GROUP          XDATA_GROUP
  +--> CALLED SEGMENT                            START    LENGTH     START    LENGTH     START    LENGTH
--------------------------------------------------------------------------------------------------------
?C_C51STARTUP                                    -----    -----      -----    -----      -----    -----
  +--> ?PR?MAIN?MAIN
  +--> ?C_INITSEG

?PR?MAIN?MAIN                                    -----    -----      -----    -----      0000H    009BH
  +--> ?CO?MAIN
  +--> ?PR?INIT_DEVICE?CONFIG_GLOBALE
  +--> ?PR?CONFIG_TIMER2?TIMERS
  +--> ?PR?CONFIG_TIMER0?TIMERS
  +--> ?PR?CONFIG_TIMER3?TIMERS
  +--> ?PR?CONFIG_SPI_MASTER?CONFIG_SPI
  +--> ?PR?CFG_VREF?CONFIG_ADC
  +--> ?PR?CFG_ADC0?CONFIG_ADC
  +--> ?PR?CFG_CLOCK_UART?UART0_RINGBUFFER_LIB
  +--> ?PR?CFG_UART0_MODE1?UART0_RINGBUFFER_LIB
  +--> ?PR?INIT_SERIAL_BUFFER?UART0_RINGBUFF...
  +--> ?PR?INIT_SERIAL_BUFFER1?UART1
  +--> ?PR?CFG_UART1?UART1
BL51 BANKED LINKER/LOCATER V6.22                                                      05/19/2018  16:17:00  PAGE 5


  +--> ?PR?_SEROUTSTRING?UART0_RINGBUFFER_LIB
  +--> ?PR?_STRLEN?STRLEN
  +--> ?PR?_MESSAGE?MAIN
  +--> ?PR?FONCTIONROUTAGE?LIEN_STRUCTURE_CO...

?PR?INIT_DEVICE?CONFIG_GLOBALE                   -----    -----      -----    -----      -----    -----
  +--> ?PR?RESET_SRC?CONFIG_GLOBALE
  +--> ?PR?DISABLE_WDT?CONFIG_GLOBALE
  +--> ?PR?OSCILLATOR_INIT?CONFIG_GLOBALE
  +--> ?PR?GPIO_CONFIG?CONFIG_GLOBALE

?PR?CONFIG_TIMER3?TIMERS                         -----    -----      -----    -----      -----    -----
  +--> ?PR?_CEIL?CEIL

?PR?_CEIL?CEIL                                   -----    -----      -----    -----      051FH    0008H

?PR?_SEROUTSTRING?UART0_RINGBUFFER_LIB           -----    -----      -----    -----      02BAH    0005H
  +--> ?PR?_STRLEN?STRLEN
  +--> ?PR?_SEROUTCHAR?UART0_RINGBUFFER_LIB

?PR?_MESSAGE?MAIN                                -----    -----      -----    -----      009BH    0028H
  +--> ?PR?_TRAITEMENT_A?MAIN
  +--> ?PR?_TRAITEMENT_T?MAIN
  +--> ?PR?_TRAITEMENT_D?MAIN
  +--> ?PR?TRAITEMENT_E?MAIN
  +--> ?PR?TRAITEMENT_Q?MAIN
  +--> ?PR?_TRAITEMENT_M?MAIN
  +--> ?PR?_TRAITEMENT_I?MAIN
  +--> ?PR?_TRAITEMENT_P?MAIN
  +--> ?PR?_TRAITEMENT_B?MAIN
  +--> ?PR?_TRAITEMENT_S?MAIN
  +--> ?PR?_TRAITEMENT_G?MAIN
  +--> ?PR?_TRAITEMENT_R?MAIN
  +--> ?PR?_TRAITEMENT_C?MAIN

?PR?_TRAITEMENT_A?MAIN                           -----    -----      -----    -----      00C3H    002DH
  +--> ?PR?_CONVERSIONANGLE_POSITIF?MAIN
  +--> ?CO?MAIN

?PR?_CONVERSIONANGLE_POSITIF?MAIN                -----    -----      -----    -----      00F2H    0008H

?PR?_TRAITEMENT_T?MAIN                           -----    -----      -----    -----      00C3H    002BH
  +--> ?PR?_CONVERSIONANGLE_POSITIF?MAIN
  +--> ?CO?MAIN

?PR?_TRAITEMENT_D?MAIN                           -----    -----      -----    -----      00C3H    0028H
  +--> ?CO?MAIN

?PR?TRAITEMENT_E?MAIN                            -----    -----      -----    -----      00C3H    0025H

?PR?TRAITEMENT_Q?MAIN                            -----    -----      -----    -----      00C3H    0025H

?PR?_TRAITEMENT_M?MAIN                           -----    -----      -----    -----      00C3H    002DH
  +--> ?PR?_CONVERSIONCOORD?MAIN

?PR?_TRAITEMENT_I?MAIN                           -----    -----      -----    -----      00C3H    0028H

BL51 BANKED LINKER/LOCATER V6.22                                                      05/19/2018  16:17:00  PAGE 6


?PR?_TRAITEMENT_P?MAIN                           -----    -----      -----    -----      00C3H    0028H

?PR?_TRAITEMENT_B?MAIN                           -----    -----      -----    -----      00C3H    002BH
  +--> ?PR?_CONVERSIONANGLE_POSITIF?MAIN

?PR?_TRAITEMENT_S?MAIN                           -----    -----      -----    -----      00C3H    0030H
  +--> ?PR?_CONVERSIONCOORD?MAIN

?PR?_TRAITEMENT_G?MAIN                           -----    -----      -----    -----      00C3H    0034H
  +--> ?PR?_STRLEN?STRLEN
  +--> ?PR?_CONV?MAIN

?PR?_CONV?MAIN                                   -----    -----      -----    -----      00F7H    000FH
  +--> ?PR?_POW?POW
  +--> ?PR?_CEIL?CEIL

?PR?_POW?POW                                     -----    -----      -----    -----      02BAH    000AH
  +--> ?PR?LOG?LOG
  +--> ?PR?EXP?EXP

?PR?LOG?LOG                                      0020H.0  0000H.1    -----    -----      02C4H    0004H

?PR?_TRAITEMENT_R?MAIN                           -----    -----      -----    -----      00C3H    002FH
  +--> ?PR?_CONVERSIONANGLE_POSITIF?MAIN

?PR?_TRAITEMENT_C?MAIN                           -----    -----      -----    -----      00C3H    002FH
  +--> ?PR?_CONVERSIONANGLE_POSITIF?MAIN

?PR?FONCTIONROUTAGE?LIEN_STRUCTURE_CO...         -----    -----      -----    -----      009BH    021FH
  +--> ?CO?LIEN_STRUCTURE_COMMANDE
  +--> ?PR?ROUTAGE?LIEN_STRUCTURE_COMMANDE
  +--> ?PR?_CDE_SERVO_H?SERVOMOTEUR_HORIZONTAL
  +--> ?PR?_SEROUTSTRING?UART0_RINGBUFFER_LIB
  +--> ?PR?_STRLEN?STRLEN
  +--> ?PR?_STRCAT?STRCAT
  +--> ?PR?_ECHANGE_TRAME?TRANSMISSION_SPI
  +--> ?PR?TEMPO_EMISS?LIEN_STRUCTURE_COMMANDE
  +--> ?PR?TRAME_RECUE?TRANSMISSION_SPI
  +--> ?PR?PRINTF?PRINTF
  +--> ?PR?ATAN?ATAN
  +--> ?PR?_POW?POW
  +--> ?PR?_CEIL?CEIL
  +--> ?PR?TRANSCODE_COMMANDE_TO_SERIALIZER?...
  +--> ?PR?FORMATE_SERIALIZER?FONCTIONS_COTE...
  +--> ?PR?_SEROUTSTRING1?UART1
  +--> ?PR?SERINCHAR1?UART1
  +--> ?PR?DETECT_OBST?DETECT_OBST
  +--> ?PR?COURANT_ADC?MESURE_COURANT
  +--> ?PR?SON_SONORE?GENERATION_SON

?PR?ROUTAGE?LIEN_STRUCTURE_COMMANDE              -----    -----      -----    -----      02BAH    0028H

?PR?_CDE_SERVO_H?SERVOMOTEUR_HORIZONTAL          -----    -----      -----    -----      0517H    0008H
  +--> ?PR?_CEIL?CEIL

?PR?_STRCAT?STRCAT                               -----    -----      -----    -----      053CH    0009H

BL51 BANKED LINKER/LOCATER V6.22                                                      05/19/2018  16:17:00  PAGE 7


?PR?_ECHANGE_TRAME?TRANSMISSION_SPI              -----    -----      -----    -----      02E5H    000BH
  +--> ?PR?_DEBUT_TRAME?TRANSMISSION_SPI
  +--> ?PR?_ECHANGE_OCTET?TRANSMISSION_SPI
  +--> ?PR?FIN_TRAME?TRANSMISSION_SPI

?PR?_DEBUT_TRAME?TRANSMISSION_SPI                -----    -----      -----    -----      02F0H    0001H
  +--> ?PR?_TRAME_EMISE?TRANSMISSION_SPI

?PR?_TRAME_EMISE?TRANSMISSION_SPI                -----    -----      -----    -----      02F1H    0003H

?PR?_ECHANGE_OCTET?TRANSMISSION_SPI              -----    -----      -----    -----      -----    -----
  +--> ?PR?_TRAME_EMISE?TRANSMISSION_SPI
  +--> ?PR?TRAME_RECUE?TRANSMISSION_SPI

?PR?TRAME_RECUE?TRANSMISSION_SPI                 -----    -----      -----    -----      02F0H    0001H
  +--> ?PR?_TRAME_EMISE?TRANSMISSION_SPI

?PR?FIN_TRAME?TRANSMISSION_SPI                   -----    -----      -----    -----      -----    -----
  +--> ?PR?_TRAME_EMISE?TRANSMISSION_SPI

?PR?TEMPO_EMISS?LIEN_STRUCTURE_COMMANDE          -----    -----      -----    -----      02E5H    0002H

?PR?PRINTF?PRINTF                                0020H.0  0001H.1    0008H    0005H      053CH    0030H
  +--> ?PR?PUTCHAR?PUTCHAR

?PR?ATAN?ATAN                                    0020H.0  0000H.2    -----    -----      02BAH    0004H

?PR?TRANSCODE_COMMANDE_TO_SERIALIZER?...         -----    -----      -----    -----      02BAH    0035H
  +--> ?PR?_CONV_ANGLE_TICKS?FONCTIONS_COTE_...
  +--> ?PR?_CONV_DISTANCE_TICKS?FONCTIONS_CO...

?PR?_CONV_ANGLE_TICKS?FONCTIONS_COTE_...         -----    -----      -----    -----      02EFH    0004H
  +--> ?PR?_CEIL?CEIL

?PR?_CONV_DISTANCE_TICKS?FONCTIONS_CO...         -----    -----      -----    -----      -----    -----
  +--> ?PR?_CEIL?CEIL

?PR?FORMATE_SERIALIZER?FONCTIONS_COTE...         -----    -----      -----    -----      02BAH    001BH
  +--> ?CO?FONCTIONS_COTE_SERIALIZER
  +--> ?PR?_TRUE_VIT?FONCTIONS_COTE_SERIALIZER
  +--> ?PR?PRINTF?PRINTF
  +--> ?PR?_STRCAT?STRCAT
  +--> ?PR?_TRUE_TICKS?FONCTIONS_COTE_SERIAL...

?PR?_TRUE_TICKS?FONCTIONS_COTE_SERIAL...         -----    -----      -----    -----      02D5H    000BH
  +--> ?CO?FONCTIONS_COTE_SERIALIZER
  +--> ?PR?PRINTF?PRINTF
  +--> ?PR?_STRCAT?STRCAT
  +--> ?PR?_STRLEN?STRLEN

?PR?_SEROUTSTRING1?UART1                         -----    -----      -----    -----      02BAH    0005H
  +--> ?PR?_STRLEN?STRLEN
  +--> ?PR?_SEROUTCHAR1?UART1

?PR?DETECT_OBST?DETECT_OBST                      -----    -----      -----    -----      02BAH    025DH
  +--> ?PR?DETECTION_AV?DETECT_OBST
  +--> ?PR?DETECTION_AV_AR?DETECT_OBST
BL51 BANKED LINKER/LOCATER V6.22                                                      05/19/2018  16:17:00  PAGE 8


  +--> ?PR?_CDE_SERVO_H?SERVOMOTEUR_HORIZONTAL
  +--> ?CO?DETECT_OBST
  +--> ?PR?PRINTF?PRINTF
  +--> ?PR?_STRCAT?STRCAT

?PR?DETECTION_AV?DETECT_OBST                     -----    -----      -----    -----      0517H    0025H
  +--> ?PR?MES_DIST_AV?ULTRASON
  +--> ?CO?DETECT_OBST
  +--> ?PR?PRINTF?PRINTF
  +--> ?PR?_STRCAT?STRCAT

?PR?MES_DIST_AV?ULTRASON                         -----    -----      -----    -----      053CH    0012H
  +--> ?PR?INITIALISATION_TIMER0?TIMERS

?PR?DETECTION_AV_AR?DETECT_OBST                  -----    -----      -----    -----      0517H    0025H
  +--> ?PR?MES_DIST_AV?ULTRASON
  +--> ?PR?MES_DIST_AR?ULTRASON
  +--> ?CO?DETECT_OBST
  +--> ?PR?PRINTF?PRINTF
  +--> ?PR?_STRCAT?STRCAT

?PR?MES_DIST_AR?ULTRASON                         -----    -----      -----    -----      053CH    0012H
  +--> ?PR?INITIALISATION_TIMER0?TIMERS

?PR?COURANT_ADC?MESURE_COURANT                   -----    -----      -----    -----      056CH    000AH
  +--> ?PR?ACQ_ADC?CONFIG_ADC

?PR?SON_SONORE?GENERATION_SON                    -----    -----      -----    -----      02BAH    002BH
  +--> ?CO?GENERATION_SON
  +--> ?PR?_ECHANGE_OCTET?TRANSMISSION_SPI
  +--> ?PR?_ECHANGE_TRAME?TRANSMISSION_SPI
  +--> ?PR?TEMPO_EMISS?LIEN_STRUCTURE_COMMANDE

*** NEW ROOT ***************************************************

?PR?ISR_TIMER3?MAIN                              -----    -----      -----    -----      -----    -----
  +--> ?PR?COURANT_ADC?MESURE_COURANT



SYMBOL TABLE OF MODULE:  Master (?C_STARTUP)

  VALUE           TYPE          NAME
  ----------------------------------

  -------         MODULE        ?C_STARTUP
  C:4BFAH         SEGMENT       ?C_C51STARTUP
  I:0022H         SEGMENT       ?STACK
  C:0000H         PUBLIC        ?C_STARTUP
  D:00E0H         SYMBOL        ACC
  D:00F0H         SYMBOL        B
  D:0083H         SYMBOL        DPH
  D:0082H         SYMBOL        DPL
  N:0000H         SYMBOL        IBPSTACK
  N:0100H         SYMBOL        IBPSTACKTOP
  N:0080H         SYMBOL        IDATALEN
  C:4BFDH         SYMBOL        IDATALOOP
BL51 BANKED LINKER/LOCATER V6.22                                                      05/19/2018  16:17:00  PAGE 9


  N:0000H         SYMBOL        PBPSTACK
  N:0100H         SYMBOL        PBPSTACKTOP
  N:0000H         SYMBOL        PDATALEN
  N:0000H         SYMBOL        PDATASTART
  N:0000H         SYMBOL        PPAGE
  N:0000H         SYMBOL        PPAGEENABLE
  D:00A0H         SYMBOL        PPAGE_SFR
  D:0081H         SYMBOL        SP
  C:4BFAH         SYMBOL        STARTUP1
  N:0000H         SYMBOL        XBPSTACK
  N:0000H         SYMBOL        XBPSTACKTOP
  N:0000H         SYMBOL        XDATALEN
  N:0000H         SYMBOL        XDATASTART
  C:0000H         LINE#         126
  C:4BFAH         LINE#         133
  C:4BFCH         LINE#         134
  C:4BFDH         LINE#         135
  C:4BFEH         LINE#         136
  C:4C00H         LINE#         185
  C:4C03H         LINE#         196
  -------         ENDMOD        ?C_STARTUP

  -------         MODULE        CONFIG_ADC
  C:0000H         SYMBOL        _ICE_DUMMY_
  C:5624H         PUBLIC        ACQ_ADC
  D:00BCH         PUBLIC        ADC0CF
  D:00E8H         PUBLIC        ADC0CN
  D:00A8H         PUBLIC        IE
  D:00D8H         PUBLIC        PCA0CN
  D:00B8H         PUBLIC        IP
  D:00D1H         PUBLIC        REF0CN
  D:00BAH         PUBLIC        AMX0CF
  B:00E8H.5       PUBLIC        AD0INT
  D:00C0H         PUBLIC        SMB0CN
  C:5565H         PUBLIC        CFG_ADC0
  D:00F8H         PUBLIC        SPI0CN
  D:0088H         PUBLIC        TCON
  D:00BBH         PUBLIC        AMX0SL
  D:00BFH         PUBLIC        ADC0H
  B:00E8H.7       PUBLIC        AD0EN
  D:0098H         PUBLIC        SCON0
  C:009DH         PUBLIC        CFG_VREF
  D:00C8H         PUBLIC        T2CON
  B:00E8H.0       PUBLIC        AD0LJST
  B:00E8H.2       PUBLIC        AD0CM0
  B:00E8H.3       PUBLIC        AD0CM1
  B:00E8H.4       PUBLIC        AD0BUSY
  D:00D0H         PUBLIC        PSW
  -------         PROC          CFG_VREF
  C:009DH         LINE#         9
  C:009DH         LINE#         10
  C:00A0H         LINE#         11
  -------         ENDPROC       CFG_VREF
  -------         PROC          CFG_ADC0
  C:5565H         LINE#         13
  C:5565H         LINE#         15
  C:5567H         LINE#         17
BL51 BANKED LINKER/LOCATER V6.22                                                      05/19/2018  16:17:00  PAGE 10


  C:556AH         LINE#         18
  C:556AH         LINE#         19
  C:556DH         LINE#         20
  C:556DH         LINE#         22
  C:556FH         LINE#         25
  C:5571H         LINE#         26
  C:5573H         LINE#         28
  C:5575H         LINE#         30
  C:5577H         LINE#         31
  -------         ENDPROC       CFG_ADC0
  -------         PROC          ACQ_ADC
  C:5624H         LINE#         34
  C:5624H         LINE#         35
  C:5626H         LINE#         36
  C:5628H         LINE#         37
  C:562BH         LINE#         38
  C:562DH         LINE#         39
  -------         ENDPROC       ACQ_ADC
  -------         ENDMOD        CONFIG_ADC

  -------         MODULE        CONFIG_GLOBALE
  C:0000H         SYMBOL        _ICE_DUMMY_
  D:0080H         PUBLIC        P0
  D:00FFH         PUBLIC        WDTCN
  D:00A0H         PUBLIC        P2
  C:5642H         PUBLIC        Disable_WDT
  D:00E8H         PUBLIC        ADC0CN
  D:00A4H         PUBLIC        P0MDOUT
  D:00A8H         PUBLIC        IE
  D:00A6H         PUBLIC        P2MDOUT
  D:00D8H         PUBLIC        PCA0CN
  D:00B8H         PUBLIC        IP
  C:5508H         PUBLIC        Oscillator_Init
  D:00E1H         PUBLIC        XBR0
  D:00E3H         PUBLIC        XBR2
  D:00C0H         PUBLIC        SMB0CN
  D:00F8H         PUBLIC        SPI0CN
  C:5650H         PUBLIC        Reset_src
  D:0088H         PUBLIC        TCON
  D:00B2H         PUBLIC        OSCICN
  C:560DH         PUBLIC        Init_Device
  D:00B1H         PUBLIC        OSCXCN
  D:00EFH         PUBLIC        RSTSRC
  D:0098H         PUBLIC        SCON0
  D:00C8H         PUBLIC        T2CON
  C:5522H         PUBLIC        GPIO_Config
  D:00D0H         PUBLIC        PSW
  -------         PROC          INIT_DEVICE
  C:560DH         LINE#         7
  C:560DH         LINE#         8
  C:5610H         LINE#         9
  C:5613H         LINE#         10
  C:5616H         LINE#         11
  -------         ENDPROC       INIT_DEVICE
  -------         PROC          OSCILLATOR_INIT
  -------         DO            
  D:0006H         SYMBOL        i
BL51 BANKED LINKER/LOCATER V6.22                                                      05/19/2018  16:17:00  PAGE 11


  -------         ENDDO         
  C:5508H         LINE#         14
  C:5508H         LINE#         18
  C:550BH         LINE#         19
  C:5519H         LINE#         20
  C:551EH         LINE#         21
  C:5521H         LINE#         22
  -------         ENDPROC       OSCILLATOR_INIT
  -------         PROC          RESET_SRC
  C:5650H         LINE#         24
  C:5650H         LINE#         26
  C:5653H         LINE#         27
  -------         ENDPROC       RESET_SRC
  -------         PROC          DISABLE_WDT
  C:5642H         LINE#         29
  C:5642H         LINE#         31
  C:5645H         LINE#         32
  C:5648H         LINE#         33
  -------         ENDPROC       DISABLE_WDT
  -------         PROC          GPIO_CONFIG
  C:5522H         LINE#         36
  C:5522H         LINE#         39
  C:5525H         LINE#         40
  C:5528H         LINE#         43
  C:552BH         LINE#         44
  C:552EH         LINE#         51
  C:5531H         LINE#         52
  C:5534H         LINE#         54
  C:5537H         LINE#         55
  C:553AH         LINE#         59
  -------         ENDPROC       GPIO_CONFIG
  -------         ENDMOD        CONFIG_GLOBALE

  -------         MODULE        CONFIG_SPI
  C:0000H         SYMBOL        _ICE_DUMMY_
  D:009DH         PUBLIC        SPI0CKR
  D:0080H         PUBLIC        P0
  B:00F8H.0       PUBLIC        SPIEN
  D:0090H         PUBLIC        P1
  D:00A0H         PUBLIC        P2
  D:00B0H         PUBLIC        P3
  B:00F8H.1       PUBLIC        MSTEN
  D:00E8H         PUBLIC        ADC0CN
  D:00A8H         PUBLIC        IE
  D:00D8H         PUBLIC        PCA0CN
  D:00B8H         PUBLIC        IP
  D:00C0H         PUBLIC        SMB0CN
  B:00F8H.5       PUBLIC        MODF
  D:00F8H         PUBLIC        SPI0CN
  B:00F8H.7       PUBLIC        SPIF
  D:0088H         PUBLIC        TCON
  B:00F8H.6       PUBLIC        WCOL
  C:553BH         PUBLIC        Config_SPI_MASTER
  D:0098H         PUBLIC        SCON0
  D:00C8H         PUBLIC        T2CON
  D:009AH         PUBLIC        SPI0CFG
  B:00F8H.4       PUBLIC        RXOVRN
BL51 BANKED LINKER/LOCATER V6.22                                                      05/19/2018  16:17:00  PAGE 12


  D:00D0H         PUBLIC        PSW
  -------         PROC          CONFIG_SPI_MASTER
  C:553BH         LINE#         10
  C:553BH         LINE#         12
  C:553DH         LINE#         13
  C:553FH         LINE#         14
  C:5541H         LINE#         15
  C:5543H         LINE#         16
  C:5545H         LINE#         17
  C:5547H         LINE#         20
  C:554AH         LINE#         22
  C:554DH         LINE#         24
  C:554FH         LINE#         25
  -------         ENDPROC       CONFIG_SPI_MASTER
  -------         ENDMOD        CONFIG_SPI

  -------         MODULE        DETECT_OBST
  C:0000H         SYMBOL        _ICE_DUMMY_
  D:00E8H         PUBLIC        ADC0CN
  D:00A8H         PUBLIC        IE
  X:0576H         PUBLIC        affichage
  X:0676H         PUBLIC        detection_arriere
  D:00D8H         PUBLIC        PCA0CN
  D:00B8H         PUBLIC        IP
  X:067AH         PUBLIC        obstacle_arriere
  D:00C0H         PUBLIC        SMB0CN
  X:067FH         PUBLIC        information
  D:00F8H         PUBLIC        SPI0CN
  C:3282H         PUBLIC        detection_AV_AR
  D:0088H         PUBLIC        TCON
  C:442CH         PUBLIC        detection_AV
  X:0699H         PUBLIC        detection_avant
  X:069DH         PUBLIC        obstacle_avant
  C:116CH         PUBLIC        Detect_Obst
  D:0098H         PUBLIC        SCON0
  D:00C8H         PUBLIC        T2CON
  D:00D0H         PUBLIC        PSW
  X:06A2H         PUBLIC        Angle_servo
  C:441BH         SYMBOL        L?0069
  -------         PROC          L?0068
  -------         ENDPROC       L?0068
  C:441BH         SYMBOL        L?0069
  -------         PROC          DETECTION_AV
  X:0517H         SYMBOL        com
  C:442CH         LINE#         21
  C:442CH         LINE#         24
  C:4435H         LINE#         25
  C:444DH         LINE#         26
  C:4453H         LINE#         27
  C:4453H         LINE#         28
  C:445EH         LINE#         30
  C:4489H         LINE#         31
  C:44AFH         LINE#         33
  C:44C6H         LINE#         34
  C:44DDH         LINE#         35
  C:44F4H         LINE#         36
  C:450BH         LINE#         37
BL51 BANKED LINKER/LOCATER V6.22                                                      05/19/2018  16:17:00  PAGE 13


  C:450BH         LINE#         39
  C:451CH         LINE#         40
  -------         ENDPROC       DETECTION_AV
  C:326FH         SYMBOL        L?0067
  -------         PROC          L?0066
  -------         ENDPROC       L?0066
  C:326FH         SYMBOL        L?0067
  -------         PROC          DETECTION_AV_AR
  X:0517H         SYMBOL        com
  C:3282H         LINE#         43
  C:3282H         LINE#         44
  C:328BH         LINE#         45
  C:3294H         LINE#         46
  C:32ACH         LINE#         47
  C:32B2H         LINE#         48
  C:32B2H         LINE#         49
  C:32CAH         LINE#         50
  C:32D0H         LINE#         51
  C:32D0H         LINE#         52
  C:32DBH         LINE#         55
  C:3306H         LINE#         56
  C:3331H         LINE#         57
  C:3357H         LINE#         59
  C:336EH         LINE#         60
  C:3385H         LINE#         61
  C:339CH         LINE#         62
  C:33B3H         LINE#         63
  C:33CAH         LINE#         64
  C:33E1H         LINE#         66
  C:33E1H         LINE#         68
  C:33F2H         LINE#         69
  -------         ENDPROC       DETECTION_AV_AR
  -------         PROC          DETECT_OBST
  X:02BAH         SYMBOL        com
  -------         DO            
  X:02DFH         SYMBOL        i
  X:02E1H         SYMBOL        j
  X:02E3H         SYMBOL        k
  X:02E5H         SYMBOL        tab_dist_AV
  X:03ADH         SYMBOL        tab_dist_AR
  X:0475H         SYMBOL        tab_angles
  X:04D9H         SYMBOL        dist_min_AV
  X:04EDH         SYMBOL        dist_min_AR
  X:0501H         SYMBOL        dist_min
  X:0505H         SYMBOL        dist_min_ascii
  X:050AH         SYMBOL        angle
  X:050CH         SYMBOL        angle_ascii
  X:0511H         SYMBOL        min
  X:0513H         SYMBOL        min_AV
  X:0515H         SYMBOL        min_AR
  -------         ENDDO         
  C:116CH         LINE#         72
  C:116CH         LINE#         75
  C:1173H         LINE#         86
  C:1179H         LINE#         87
  C:117DH         LINE#         88
  C:1181H         LINE#         90
BL51 BANKED LINKER/LOCATER V6.22                                                      05/19/2018  16:17:00  PAGE 14


  C:1196H         LINE#         91
  C:1196H         LINE#         92
  C:119CH         LINE#         93
  C:11A0H         LINE#         94
  C:11A3H         LINE#         95
  C:11A3H         LINE#         96
  C:11A6H         LINE#         97
  C:11A6H         LINE#         98
  C:11A9H         LINE#         100
  C:11A9H         LINE#         101
  C:11B1H         LINE#         102
  C:11D0H         LINE#         103
  C:11D9H         LINE#         104
  C:11DCH         LINE#         105
  C:11F0H         LINE#         106
  C:11F0H         LINE#         107
  C:11F0H         LINE#         108
  C:120FH         LINE#         109
  C:1218H         LINE#         110
  C:121BH         LINE#         111
  C:122FH         LINE#         112
  C:122FH         LINE#         113
  C:122FH         LINE#         115
  C:122FH         LINE#         116
  C:123AH         LINE#         117
  C:1256H         LINE#         118
  C:1277H         LINE#         119
  C:12ACH         LINE#         120
  C:12BAH         LINE#         121
  C:12CFH         LINE#         122
  C:12F6H         LINE#         123
  C:1353H         LINE#         124
  C:1362H         LINE#         125
  C:1362H         LINE#         126
  C:1373H         LINE#         127
  C:13A0H         LINE#         128
  C:13BDH         LINE#         131
  C:13E8H         LINE#         132
  C:140EH         LINE#         134
  C:1425H         LINE#         135
  C:1432H         LINE#         136
  C:1432H         LINE#         137
  C:1435H         LINE#         138
  C:1435H         LINE#         139
  C:1451H         LINE#         140
  C:1472H         LINE#         141
  C:14A7H         LINE#         142
  C:14B5H         LINE#         143
  C:14CAH         LINE#         144
  C:14F1H         LINE#         145
  C:154EH         LINE#         146
  C:155DH         LINE#         147
  C:155DH         LINE#         148
  C:156EH         LINE#         149
  C:1598H         LINE#         150
  C:15BFH         LINE#         151
  C:161CH         LINE#         152
BL51 BANKED LINKER/LOCATER V6.22                                                      05/19/2018  16:17:00  PAGE 15


  C:162BH         LINE#         153
  C:162BH         LINE#         154
  C:163CH         LINE#         155
  C:1666H         LINE#         156
  C:1674H         LINE#         157
  C:168DH         LINE#         158
  C:168DH         LINE#         159
  C:168FH         LINE#         160
  C:168FH         LINE#         161
  C:16BCH         LINE#         162
  C:16D9H         LINE#         163
  C:16D9H         LINE#         166
  C:1704H         LINE#         167
  C:172AH         LINE#         169
  C:1741H         LINE#         170
  C:1758H         LINE#         171
  C:176FH         LINE#         172
  C:176FH         LINE#         173
  C:176FH         LINE#         174
  C:176FH         LINE#         176
  C:1775H         LINE#         177
  -------         ENDPROC       DETECT_OBST
  -------         ENDMOD        DETECT_OBST

  -------         MODULE        FONCTIONS_COTE_SERIALIZER
  C:0000H         SYMBOL        _ICE_DUMMY_
  D:00E8H         PUBLIC        ADC0CN
  D:00A8H         PUBLIC        IE
  C:1776H         PUBLIC        formate_serializer
  D:00D8H         PUBLIC        PCA0CN
  D:00B8H         PUBLIC        IP
  C:541EH         PUBLIC        _conv_angle_ticks
  D:00C0H         PUBLIC        SMB0CN
  D:00F8H         PUBLIC        SPI0CN
  D:0088H         PUBLIC        TCON
  C:3E83H         PUBLIC        _itos
  C:53FDH         SYMBOL        _?ix1000
  C:3FD0H         PUBLIC        _true_ticks
  C:28DFH         PUBLIC        transcode_commande_to_serializer
  D:0098H         PUBLIC        SCON0
  D:00C8H         PUBLIC        T2CON
  C:54EEH         PUBLIC        _conv_distance_ticks
  C:0003H         PUBLIC        _true_vit
  D:00D0H         PUBLIC        PSW
  -------         PROC          L?0091
  -------         ENDPROC       L?0091
  -------         PROC          _CONV_DISTANCE_TICKS
  D:0006H         SYMBOL        d
  -------         DO            
  D:0006H         SYMBOL        ret
  -------         ENDDO         
  C:54EEH         LINE#         40
  C:54EEH         LINE#         41
  C:5507H         LINE#         42
  C:5507H         LINE#         43
  -------         ENDPROC       _CONV_DISTANCE_TICKS
  -------         PROC          L?0090
BL51 BANKED LINKER/LOCATER V6.22                                                      05/19/2018  16:17:00  PAGE 16


  -------         ENDPROC       L?0090
  -------         PROC          _CONV_ANGLE_TICKS
  D:0006H         SYMBOL        angle
  -------         DO            
  D:0006H         SYMBOL        ret
  X:02EFH         SYMBOL        a
  -------         ENDDO         
  C:541EH         LINE#         45
  C:541EH         LINE#         47
  C:5436H         LINE#         48
  C:5455H         LINE#         49
  C:5455H         LINE#         50
  -------         ENDPROC       _CONV_ANGLE_TICKS
  -------         PROC          _ITOS
  X:0804H         SYMBOL        i
  X:0806H         SYMBOL        ret
  -------         DO            
  X:0809H         SYMBOL        nbr3
  X:080CH         SYMBOL        nbr2
  X:080EH         SYMBOL        nbr1
  X:080FH         SYMBOL        c
  X:0811H         SYMBOL        d
  X:0813H         SYMBOL        u
  -------         ENDDO         
  C:3E83H         LINE#         52
  C:3E94H         LINE#         56
  C:3EABH         LINE#         57
  C:3ED8H         LINE#         58
  C:3EFFH         LINE#         60
  C:3F10H         LINE#         61
  C:3F1BH         LINE#         62
  C:3F26H         LINE#         63
  C:3F31H         LINE#         64
  C:3F46H         LINE#         65
  C:3F48H         LINE#         66
  C:3F59H         LINE#         67
  C:3F64H         LINE#         68
  C:3F6FH         LINE#         69
  C:3F84H         LINE#         70
  C:3F86H         LINE#         71
  C:3F86H         LINE#         72
  C:3F91H         LINE#         73
  C:3FA9H         LINE#         74
  C:3FA9H         LINE#         75
  -------         ENDPROC       _ITOS
  -------         PROC          _TRUE_VIT
  D:0007H         SYMBOL        vit
  -------         DO            
  D:0004H         SYMBOL        ret
  -------         ENDDO         
  C:0003H         LINE#         77
  C:0003H         LINE#         78
  C:0007H         LINE#         80
  C:000CH         LINE#         81
  C:001BH         LINE#         82
  C:001BH         LINE#         83
  C:001FH         LINE#         84
BL51 BANKED LINKER/LOCATER V6.22                                                      05/19/2018  16:17:00  PAGE 17


  -------         ENDPROC       _TRUE_VIT
  C:3FC5H         SYMBOL        L?0089
  -------         PROC          L?0088
  -------         ENDPROC       L?0088
  C:3FC5H         SYMBOL        L?0089
  -------         PROC          _TRUE_TICKS
  X:02D5H         SYMBOL        ticks
  X:02D7H         SYMBOL        ret
  -------         DO            
  X:02DAH         SYMBOL        str
  X:02DEH         SYMBOL        l
  -------         ENDDO         
  C:3FD0H         LINE#         86
  C:3FE1H         LINE#         87
  C:3FF4H         LINE#         88
  C:3FFBH         LINE#         90
  C:400BH         LINE#         91
  C:402DH         LINE#         92
  C:402DH         LINE#         93
  C:402DH         LINE#         94
  C:4044H         LINE#         95
  C:405AH         LINE#         96
  C:4080H         LINE#         97
  C:409CH         LINE#         98
  C:40B2H         LINE#         99
  C:40CCH         LINE#         100
  C:40CCH         LINE#         101
  -------         ENDPROC       _TRUE_TICKS
  -------         PROC          FORMATE_SERIALIZER
  X:02BAH         SYMBOL        com
  X:02C9H         SYMBOL        ret
  -------         DO            
  X:02CCH         SYMBOL        nbr
  -------         ENDDO         
  C:1776H         LINE#         110
  C:1776H         LINE#         113
  C:17D3H         LINE#         114
  C:17D3H         LINE#         115
  C:17E8H         LINE#         116
  C:17EBH         LINE#         117
  C:17EBH         LINE#         118
  C:17EBH         LINE#         119
  C:17EBH         LINE#         120
  C:17EBH         LINE#         121
  C:17EBH         LINE#         122
  C:17EBH         LINE#         123
  C:17EBH         LINE#         124
  C:17EBH         LINE#         125
  C:17EBH         LINE#         126
  C:17EBH         LINE#         127
  C:17EBH         LINE#         128
  C:17EBH         LINE#         129
  C:17EBH         LINE#         130
  C:17EBH         LINE#         131
  C:17EBH         LINE#         132
  C:17EBH         LINE#         133
  C:17EBH         LINE#         134
BL51 BANKED LINKER/LOCATER V6.22                                                      05/19/2018  16:17:00  PAGE 18


  C:17EBH         LINE#         135
  C:17EBH         LINE#         136
  C:17EBH         LINE#         137
  C:1803H         LINE#         138
  C:1803H         LINE#         139
  C:1803H         LINE#         140
  C:1806H         LINE#         141
  C:1806H         LINE#         142
  C:1806H         LINE#         143
  C:181EH         LINE#         144
  C:181EH         LINE#         145
  C:181EH         LINE#         146
  C:1821H         LINE#         147
  C:1821H         LINE#         148
  C:1821H         LINE#         149
  C:1839H         LINE#         150
  C:1860H         LINE#         151
  C:187CH         LINE#         152
  C:1898H         LINE#         153
  C:1898H         LINE#         154
  C:1898H         LINE#         155
  C:189BH         LINE#         156
  C:189BH         LINE#         157
  C:189BH         LINE#         158
  C:18B0H         LINE#         159
  C:18B0H         LINE#         160
  C:18B0H         LINE#         161
  C:18B0H         LINE#         162
  C:18B0H         LINE#         163
  C:18B0H         LINE#         164
  C:18B0H         LINE#         165
  C:18B0H         LINE#         166
  C:18B0H         LINE#         167
  C:18B0H         LINE#         168
  C:18B0H         LINE#         169
  C:18B0H         LINE#         170
  C:18B0H         LINE#         171
  C:18B3H         LINE#         172
  C:18B3H         LINE#         173
  C:18B3H         LINE#         174
  C:18C8H         LINE#         175
  C:18CBH         LINE#         176
  C:18CBH         LINE#         177
  C:18CBH         LINE#         178
  C:18CBH         LINE#         179
  C:18CEH         LINE#         180
  C:18EAH         LINE#         181
  C:1906H         LINE#         182
  C:1909H         LINE#         183
  C:1909H         LINE#         184
  C:190CH         LINE#         185
  C:190CH         LINE#         186
  C:190CH         LINE#         187
  C:1924H         LINE#         188
  C:194BH         LINE#         189
  C:1967H         LINE#         190
  C:1983H         LINE#         191
BL51 BANKED LINKER/LOCATER V6.22                                                      05/19/2018  16:17:00  PAGE 19


  C:1989H         LINE#         192
  C:1989H         LINE#         193
  C:198CH         LINE#         194
  C:198CH         LINE#         195
  C:198CH         LINE#         196
  C:198CH         LINE#         197
  C:198FH         LINE#         198
  C:19ABH         LINE#         199
  C:19C7H         LINE#         200
  C:19EEH         LINE#         201
  C:1A0AH         LINE#         202
  C:1A26H         LINE#         203
  C:1A2CH         LINE#         204
  C:1A48H         LINE#         205
  C:1A64H         LINE#         206
  C:1A8BH         LINE#         207
  C:1A98H         LINE#         208
  C:1A9BH         LINE#         209
  C:1A9BH         LINE#         210
  C:1A9BH         LINE#         211
  C:1AB3H         LINE#         212
  C:1AD9H         LINE#         213
  C:1AF5H         LINE#         214
  C:1B11H         LINE#         215
  C:1B37H         LINE#         216
  C:1B53H         LINE#         217
  C:1B6FH         LINE#         218
  C:1B95H         LINE#         219
  C:1BB1H         LINE#         220
  C:1BCDH         LINE#         221
  C:1BF3H         LINE#         222
  C:1C0FH         LINE#         223
  C:1C2BH         LINE#         224
  C:1C2DH         LINE#         225
  C:1C2DH         LINE#         226
  C:1C2DH         LINE#         227
  C:1C42H         LINE#         228
  C:1C44H         LINE#         229
  C:1C44H         LINE#         230
  C:1C44H         LINE#         231
  C:1C44H         LINE#         232
  C:1C44H         LINE#         233
  C:1C44H         LINE#         234
  C:1C44H         LINE#         235
  C:1C44H         LINE#         236
  C:1C44H         LINE#         237
  C:1C59H         LINE#         238
  C:1C5BH         LINE#         239
  C:1C5BH         LINE#         240
  C:1C5BH         LINE#         241
  C:1C70H         LINE#         242
  C:1C72H         LINE#         243
  C:1C72H         LINE#         244
  C:1C72H         LINE#         245
  C:1C8AH         LINE#         246
  C:1C8AH         LINE#         247
  C:1C8AH         LINE#         248
BL51 BANKED LINKER/LOCATER V6.22                                                      05/19/2018  16:17:00  PAGE 20


  C:1C8AH         LINE#         249
  C:1C8AH         LINE#         250
  C:1C8AH         LINE#         251
  -------         ENDPROC       FORMATE_SERIALIZER
  -------         PROC          TRANSCODE_COMMANDE_TO_SERIALIZER
  X:02BAH         SYMBOL        com
  -------         DO            
  X:02DFH         SYMBOL        ret
  X:02EEH         SYMBOL        v_angl
  D:0007H         SYMBOL        v_line
  -------         ENDDO         
  C:28DFH         LINE#         259
  C:28DFH         LINE#         261
  C:28E5H         LINE#         262
  C:28E7H         LINE#         264
  C:28EFH         LINE#         265
  C:28EFH         LINE#         266
  C:28F5H         LINE#         267
  C:28F5H         LINE#         268
  C:28F5H         LINE#         269
  C:28F5H         LINE#         270
  C:28F5H         LINE#         271
  C:28F5H         LINE#         273
  C:292EH         LINE#         275
  C:292EH         LINE#         276
  C:2934H         LINE#         277
  C:293BH         LINE#         278
  C:293DH         LINE#         279
  C:293DH         LINE#         280
  C:2941H         LINE#         281
  C:2941H         LINE#         282
  C:2943H         LINE#         283
  C:2943H         LINE#         285
  C:2943H         LINE#         286
  C:2949H         LINE#         287
  C:2950H         LINE#         288
  C:2952H         LINE#         289
  C:2952H         LINE#         290
  C:295CH         LINE#         291
  C:2960H         LINE#         292
  C:2963H         LINE#         293
  C:2963H         LINE#         295
  C:2963H         LINE#         296
  C:2969H         LINE#         297
  C:296CH         LINE#         298
  C:296CH         LINE#         300
  C:296CH         LINE#         301
  C:2973H         LINE#         302
  C:297BH         LINE#         303
  C:297BH         LINE#         304
  C:2981H         LINE#         305
  C:2989H         LINE#         306
  C:299DH         LINE#         307
  C:29A5H         LINE#         308
  C:29A7H         LINE#         309
  C:29A9H         LINE#         310
  C:29A9H         LINE#         312
BL51 BANKED LINKER/LOCATER V6.22                                                      05/19/2018  16:17:00  PAGE 21


  C:29A9H         LINE#         313
  C:29B0H         LINE#         314
  C:29B8H         LINE#         315
  C:29B8H         LINE#         316
  C:29BEH         LINE#         317
  C:29C6H         LINE#         318
  C:29D5H         LINE#         319
  C:29DDH         LINE#         320
  C:29DFH         LINE#         321
  C:29E1H         LINE#         322
  C:29E1H         LINE#         324
  C:29E1H         LINE#         325
  C:29E8H         LINE#         326
  C:29F0H         LINE#         327
  C:29F0H         LINE#         328
  C:29F6H         LINE#         329
  C:29FEH         LINE#         330
  C:2A12H         LINE#         331
  C:2A1AH         LINE#         332
  C:2A1EH         LINE#         333
  C:2A21H         LINE#         334
  C:2A21H         LINE#         336
  C:2A21H         LINE#         337
  C:2A28H         LINE#         338
  C:2A30H         LINE#         339
  C:2A30H         LINE#         340
  C:2A36H         LINE#         341
  C:2A3EH         LINE#         342
  C:2A4DH         LINE#         343
  C:2A55H         LINE#         344
  C:2A59H         LINE#         345
  C:2A5CH         LINE#         346
  C:2A5CH         LINE#         349
  C:2A5CH         LINE#         350
  C:2A63H         LINE#         351
  C:2A6BH         LINE#         352
  C:2A6BH         LINE#         353
  C:2A6BH         LINE#         354
  C:2A6BH         LINE#         355
  C:2A7BH         LINE#         356
  C:2A83H         LINE#         357
  C:2A95H         LINE#         358
  C:2A98H         LINE#         359
  C:2A98H         LINE#         361
  C:2A98H         LINE#         362
  C:2A9FH         LINE#         363
  C:2AA7H         LINE#         364
  C:2AA7H         LINE#         365
  C:2AA7H         LINE#         366
  C:2AA7H         LINE#         367
  C:2AB2H         LINE#         368
  C:2ABAH         LINE#         369
  C:2AD5H         LINE#         370
  C:2AD7H         LINE#         371
  C:2AD7H         LINE#         373
  C:2AD7H         LINE#         374
  C:2ADEH         LINE#         375
BL51 BANKED LINKER/LOCATER V6.22                                                      05/19/2018  16:17:00  PAGE 22


  C:2AE6H         LINE#         376
  C:2AE6H         LINE#         377
  C:2AECH         LINE#         378
  C:2AF3H         LINE#         379
  C:2AFEH         LINE#         380
  C:2B05H         LINE#         381
  C:2B10H         LINE#         383
  C:2B10H         LINE#         384
  C:2B10H         LINE#         385
  C:2B10H         LINE#         386
  C:2B10H         LINE#         387
  C:2B10H         LINE#         389
  C:2B16H         LINE#         390
  -------         ENDPROC       TRANSCODE_COMMANDE_TO_SERIALIZER
  -------         ENDMOD        FONCTIONS_COTE_SERIALIZER

  -------         MODULE        GENERATION_SON
  C:0000H         SYMBOL        _ICE_DUMMY_
  D:00E8H         PUBLIC        ADC0CN
  D:00A8H         PUBLIC        IE
  D:00D8H         PUBLIC        PCA0CN
  D:00B8H         PUBLIC        IP
  D:00C0H         PUBLIC        SMB0CN
  D:00F8H         PUBLIC        SPI0CN
  D:0088H         PUBLIC        TCON
  C:5654H         SYMBOL        _?ix1000
  C:5094H         PUBLIC        son_sonore
  D:0098H         PUBLIC        SCON0
  D:00C8H         PUBLIC        T2CON
  D:00D0H         PUBLIC        PSW
  -------         PROC          SON_SONORE
  X:02BAH         SYMBOL        com
  -------         DO            
  X:02DFH         SYMBOL        rep
  X:02E3H         SYMBOL        commande_SPI
  X:02E4H         SYMBOL        taille_trame
  -------         ENDDO         
  C:5094H         LINE#         10
  C:5094H         LINE#         11
  C:50A7H         LINE#         12
  C:50ACH         LINE#         13
  C:50B0H         LINE#         15
  C:50B6H         LINE#         16
  C:50C3H         LINE#         17
  C:50D0H         LINE#         18
  C:50DDH         LINE#         19
  C:50EAH         LINE#         21
  C:5100H         LINE#         22
  -------         ENDPROC       SON_SONORE
  -------         ENDMOD        GENERATION_SON

  -------         MODULE        GPIO
  C:0000H         SYMBOL        _ICE_DUMMY_
  D:0080H         PUBLIC        P0
  D:0090H         PUBLIC        P1
  D:00A0H         PUBLIC        P2
  D:00B0H         PUBLIC        P3
BL51 BANKED LINKER/LOCATER V6.22                                                      05/19/2018  16:17:00  PAGE 23


  D:00E8H         PUBLIC        ADC0CN
  D:00A8H         PUBLIC        IE
  D:00D8H         PUBLIC        PCA0CN
  D:00B8H         PUBLIC        IP
  D:00C0H         PUBLIC        SMB0CN
  D:00F8H         PUBLIC        SPI0CN
  D:0088H         PUBLIC        TCON
  D:0098H         PUBLIC        SCON0
  D:00C8H         PUBLIC        T2CON
  D:00D0H         PUBLIC        PSW
  -------         ENDMOD        GPIO

  -------         MODULE        LIEN_STRUCTURE_COMMANDE
  C:0000H         SYMBOL        _ICE_DUMMY_
  D:0080H         PUBLIC        P0
  D:0090H         PUBLIC        P1
  D:00A0H         PUBLIC        P2
  D:00B0H         PUBLIC        P3
  X:06A3H         PUBLIC        dist_arriere
  X:06A7H         PUBLIC        Angle_voulu
  X:06A8H         PUBLIC        angle
  D:00E8H         PUBLIC        ADC0CN
  D:00A8H         PUBLIC        IE
  D:00D8H         PUBLIC        PCA0CN
  D:00B8H         PUBLIC        IP
  D:00C0H         PUBLIC        SMB0CN
  X:06A9H         PUBLIC        msg_Slave
  C:48D2H         PUBLIC        tempo_emiss
  D:00F8H         PUBLIC        SPI0CN
  X:06AAH         PUBLIC        dist_avant
  D:0088H         PUBLIC        TCON
  X:06AEH         PUBLIC        mess
  X:06E0H         PUBLIC        message_s
  C:0AFAH         PUBLIC        fonctionRoutage
  C:3B66H         SYMBOL        _?ix1000
  C:3B68H         SYMBOL        _?ix1001
  C:3B9AH         SYMBOL        _?ix1002
  C:3BCCH         SYMBOL        _?ix1003
  C:3BFEH         SYMBOL        _?ix1004
  X:0712H         PUBLIC        Angle_atteint
  X:0714H         PUBLIC        a
  X:0715H         PUBLIC        courant_actuel
  D:0098H         PUBLIC        SCON0
  D:00C8H         PUBLIC        T2CON
  X:0719H         PUBLIC        i
  X:071AH         PUBLIC        commande_serializer
  D:00D0H         PUBLIC        PSW
  C:4B65H         PUBLIC        routage
  -------         PROC          ROUTAGE
  X:02BAH         SYMBOL        commande
  X:02DFH         SYMBOL        type
  C:4B65H         LINE#         44
  C:4B65H         LINE#         46
  C:4B6DH         LINE#         47
  C:4B7AH         LINE#         48
  C:4B7CH         LINE#         49
  C:4B80H         LINE#         50
BL51 BANKED LINKER/LOCATER V6.22                                                      05/19/2018  16:17:00  PAGE 24


  C:4B8DH         LINE#         51
  C:4B8FH         LINE#         52
  C:4B95H         LINE#         53
  C:4BA2H         LINE#         54
  C:4BA4H         LINE#         55
  C:4BAAH         LINE#         56
  C:4BB7H         LINE#         57
  C:4BB9H         LINE#         58
  C:4BC1H         LINE#         59
  C:4BCEH         LINE#         60
  C:4BD0H         LINE#         61
  C:4BD4H         LINE#         62
  C:4BE1H         LINE#         63
  C:4BE3H         LINE#         64
  C:4BE9H         LINE#         65
  C:4BF9H         LINE#         66
  C:4BF9H         LINE#         67
  -------         ENDPROC       ROUTAGE
  -------         PROC          FONCTIONROUTAGE
  X:009BH         SYMBOL        commande
  -------         DO            
  X:00C0H         SYMBOL        route
  X:00C1H         SYMBOL        commande_SPI
  X:00C2H         SYMBOL        trame
  X:00C4H         SYMBOL        taille_trame
  X:00C5H         SYMBOL        alpha
  X:00C9H         SYMBOL        distance
  X:00CBH         SYMBOL        angle_ascii
  X:00CEH         SYMBOL        mess
  X:0100H         SYMBOL        mess1
  X:0132H         SYMBOL        mess2
  X:0164H         SYMBOL        mess3
  X:0196H         SYMBOL        compteur
  X:0198H         SYMBOL        msg_Slave_ascii
  X:0298H         SYMBOL        info
  X:02B2H         SYMBOL        courant_ascii
  X:02B6H         SYMBOL        energie_ascii
  -------         ENDDO         
  C:0AFAH         LINE#         69
  C:0AFAH         LINE#         70
  C:0AFFH         LINE#         71
  C:0B01H         LINE#         72
  C:0B13H         LINE#         73
  C:0B19H         LINE#         77
  C:0B2BH         LINE#         78
  C:0B3EH         LINE#         79
  C:0B51H         LINE#         80
  C:0B64H         LINE#         81
  C:0B6BH         LINE#         87
  C:0B8EH         LINE#         89
  C:0BBEH         LINE#         91
  C:0BBEH         LINE#         92
  C:0BC8H         LINE#         93
  C:0BD7H         LINE#         94
  C:0BE0H         LINE#         96
  C:0BF4H         LINE#         97
  C:0C03H         LINE#         98
BL51 BANKED LINKER/LOCATER V6.22                                                      05/19/2018  16:17:00  PAGE 25


  C:0C1AH         LINE#         99
  C:0C1AH         LINE#         100
  C:0C1DH         LINE#         102
  C:0C1DH         LINE#         103
  C:0C23H         LINE#         104
  C:0C2EH         LINE#         105
  C:0C36H         LINE#         106
  C:0C3AH         LINE#         107
  C:0C40H         LINE#         108
  C:0C42H         LINE#         109
  C:0C42H         LINE#         110
  C:0C48H         LINE#         111
  C:0C48H         LINE#         112
  C:0C4EH         LINE#         113
  C:0C61H         LINE#         114
  C:0C64H         LINE#         115
  C:0C6CH         LINE#         116
  C:0C6FH         LINE#         117
  C:0C8EH         LINE#         118
  C:0C97H         LINE#         119
  C:0C9DH         LINE#         120
  C:0CA0H         LINE#         122
  C:0CA0H         LINE#         123
  C:0CABH         LINE#         124
  C:0CE2H         LINE#         125
  C:0D72H         LINE#         126
  C:0D8AH         LINE#         127
  C:0DA8H         LINE#         130
  C:0DAEH         LINE#         131
  C:0DBDH         LINE#         132
  C:0DE0H         LINE#         133
  C:0E04H         LINE#         136
  C:0E0AH         LINE#         137
  C:0E0EH         LINE#         138
  C:0E31H         LINE#         139
  C:0E55H         LINE#         142
  C:0E5BH         LINE#         143
  C:0E5FH         LINE#         144
  C:0E78H         LINE#         145
  C:0E9BH         LINE#         146
  C:0EBFH         LINE#         148
  C:0EC8H         LINE#         149
  C:0ED1H         LINE#         150
  C:0EDAH         LINE#         151
  C:0EE1H         LINE#         153
  C:0EE7H         LINE#         154
  C:0EE7H         LINE#         155
  C:0EF0H         LINE#         156
  C:0EF0H         LINE#         157
  C:0EF8H         LINE#         158
  C:0EFAH         LINE#         159
  C:0F0EH         LINE#         160
  C:0F1CH         LINE#         161
  C:0F1CH         LINE#         162
  C:0F23H         LINE#         163
  C:0F38H         LINE#         164
  C:0F3FH         LINE#         166
BL51 BANKED LINKER/LOCATER V6.22                                                      05/19/2018  16:17:00  PAGE 26


  C:0F48H         LINE#         167
  C:0F51H         LINE#         168
  C:0F5AH         LINE#         171
  C:0F61H         LINE#         172
  C:0F6AH         LINE#         173
  C:0F6AH         LINE#         174
  C:0F72H         LINE#         175
  C:0F74H         LINE#         176
  C:0F88H         LINE#         177
  C:0F96H         LINE#         178
  C:0F96H         LINE#         179
  C:0F9DH         LINE#         180
  C:0FB2H         LINE#         181
  C:0FB9H         LINE#         183
  C:0FC2H         LINE#         184
  C:0FCBH         LINE#         185
  C:0FD4H         LINE#         187
  C:0FD7H         LINE#         189
  C:0FD7H         LINE#         190
  C:0FFAH         LINE#         191
  C:101EH         LINE#         192
  C:1027H         LINE#         193
  C:1030H         LINE#         195
  C:1035H         LINE#         196
  C:1039H         LINE#         198
  C:1039H         LINE#         199
  C:1041H         LINE#         200
  C:1043H         LINE#         201
  C:105AH         LINE#         202
  C:1060H         LINE#         203
  C:1060H         LINE#         204
  C:1067H         LINE#         205
  C:1067H         LINE#         208
  C:107CH         LINE#         209
  C:1082H         LINE#         210
  C:1085H         LINE#         213
  C:1085H         LINE#         214
  C:109BH         LINE#         215
  C:10A4H         LINE#         216
  C:10ADH         LINE#         217
  C:10BCH         LINE#         218
  C:10BCH         LINE#         220
  C:10BCH         LINE#         221
  C:10C7H         LINE#         222
  C:10E4H         LINE#         223
  C:10EDH         LINE#         224
  C:10F3H         LINE#         225
  C:10F5H         LINE#         226
  C:10F5H         LINE#         227
  C:1100H         LINE#         228
  C:110FH         LINE#         229
  C:112CH         LINE#         230
  C:1135H         LINE#         231
  C:113BH         LINE#         232
  C:113DH         LINE#         234
  C:113DH         LINE#         235
  C:1153H         LINE#         236
BL51 BANKED LINKER/LOCATER V6.22                                                      05/19/2018  16:17:00  PAGE 27


  C:1153H         LINE#         238
  C:1153H         LINE#         239
  C:1162H         LINE#         240
  C:116BH         LINE#         241
  C:116BH         LINE#         243
  C:116BH         LINE#         244
  -------         ENDPROC       FONCTIONROUTAGE
  -------         PROC          TEMPO_EMISS
  -------         DO            
  X:02E5H         SYMBOL        x
  -------         ENDDO         
  C:48D2H         LINE#         246
  C:48D2H         LINE#         247
  C:48D9H         LINE#         249
  C:4906H         LINE#         250
  C:4934H         LINE#         251
  C:4962H         LINE#         252
  C:4990H         LINE#         253
  -------         ENDPROC       TEMPO_EMISS
  -------         ENDMOD        LIEN_STRUCTURE_COMMANDE

  -------         MODULE        MAIN
  C:0000H         SYMBOL        _ICE_DUMMY_
  X:07C9H         PUBLIC        message_PC_com
  D:0080H         PUBLIC        P0
  D:0090H         PUBLIC        P1
  D:00A0H         PUBLIC        P2
  D:00B0H         PUBLIC        P3
  C:0026H         PUBLIC        ISR_Timer2
  B:00A8H.7       PUBLIC        EA
  C:501CH         PUBLIC        ISR_Timer3
  B:00A0H.0       PUBLIC        PWM_servo
  X:07FBH         PUBLIC        vitesse_par_defaut
  D:00E8H         PUBLIC        ADC0CN
  D:00A8H         PUBLIC        IE
  D:00D8H         PUBLIC        PCA0CN
  D:00B8H         PUBLIC        IP
  X:07FDH         PUBLIC        commande_correct
  D:00C0H         PUBLIC        SMB0CN
  C:356AH         PUBLIC        main
  D:00F8H         PUBLIC        SPI0CN
  D:0088H         PUBLIC        TCON
  C:2B21H         PUBLIC        _conv
  D:0091H         PUBLIC        TMR3CN
  C:4806H         PUBLIC        _conversionangle_positif
  C:34FDH         SYMBOL        _?ix1000
  C:352FH         SYMBOL        _?ix1001
  C:3535H         SYMBOL        _?ix1002
  X:07FFH         PUBLIC        epreuve_en_cours
  C:3538H         SYMBOL        _?ix1003
  C:269BH         PUBLIC        _Message
  B:00C8H.7       PUBLIC        TF2
  B:00C8H.2       PUBLIC        TR2
  X:0800H         PUBLIC        energie
  D:0098H         PUBLIC        SCON0
  C:3998H         PUBLIC        _traitement_A
  C:4C86H         PUBLIC        _traitement_B
BL51 BANKED LINKER/LOCATER V6.22                                                      05/19/2018  16:17:00  PAGE 28


  C:2EFDH         PUBLIC        _traitement_C
  D:00C8H         PUBLIC        T2CON
  C:3C30H         PUBLIC        _traitement_D
  C:545CH         PUBLIC        _conversioncoord
  C:558BH         PUBLIC        traitement_E
  C:30BAH         PUBLIC        _traitement_G
  C:559DH         PUBLIC        _traitement_I
  C:2129H         PUBLIC        _traitement_M
  B:00A0H.5       PUBLIC        NSS_slave
  C:55AFH         PUBLIC        _traitement_P
  C:55F3H         PUBLIC        traitement_Q
  C:383FH         PUBLIC        _traitement_R
  C:2440H         PUBLIC        _traitement_S
  C:4E26H         PUBLIC        _traitement_T
  D:00D0H         PUBLIC        PSW
  C:5456H         SYMBOL        L?0302
  -------         PROC          L?0301
  -------         ENDPROC       L?0301
  C:5456H         SYMBOL        L?0302
  -------         PROC          _CONVERSIONCOORD
  D:0001H         SYMBOL        tableau
  -------         DO            
  D:0006H         SYMBOL        dizaine
  D:0004H         SYMBOL        unite
  D:0007H         SYMBOL        valeur
  -------         ENDDO         
  C:545CH         LINE#         37
  C:545CH         LINE#         38
  C:545DH         LINE#         39
  C:545EH         LINE#         42
  C:546DH         LINE#         43
  C:5476H         LINE#         45
  C:5479H         LINE#         46
  C:5479H         LINE#         47
  -------         ENDPROC       _CONVERSIONCOORD
  C:2B17H         SYMBOL        L?0300
  -------         PROC          L?0299
  -------         ENDPROC       L?0299
  C:2B17H         SYMBOL        L?0300
  -------         PROC          _CONV
  X:00F7H         SYMBOL        nbr
  X:00FAH         SYMBOL        taille
  -------         DO            
  X:00FCH         SYMBOL        k
  X:00FEH         SYMBOL        t1
  X:0102H         SYMBOL        ret
  X:0104H         SYMBOL        numero
  -------         ENDDO         
  C:2B21H         LINE#         63
  C:2B34H         LINE#         64
  C:2B34H         LINE#         65
  C:2B3BH         LINE#         66
  C:2B43H         LINE#         67
  C:2B4AH         LINE#         68
  C:2B4EH         LINE#         70
  C:2B58H         LINE#         71
  C:2B58H         LINE#         72
BL51 BANKED LINKER/LOCATER V6.22                                                      05/19/2018  16:17:00  PAGE 29


  C:2B7DH         LINE#         73
  C:2B7DH         LINE#         74
  C:2BA9H         LINE#         75
  C:2BE0H         LINE#         76
  C:2C3EH         LINE#         77
  C:2C4AH         LINE#         78
  C:2C5EH         LINE#         79
  C:2C75H         LINE#         80
  C:2C78H         LINE#         82
  C:2C78H         LINE#         83
  C:2C9CH         LINE#         84
  C:2C9CH         LINE#         85
  C:2D0FH         LINE#         86
  C:2D1BH         LINE#         87
  C:2D2CH         LINE#         88
  C:2D2CH         LINE#         89
  C:2D34H         LINE#         90
  -------         ENDPROC       _CONV
  -------         PROC          L?0303
  -------         ENDPROC       L?0303
  -------         PROC          _CONVERSIONANGLE_POSITIF
  D:0001H         SYMBOL        tableau
  -------         DO            
  X:00F2H         SYMBOL        centaine
  X:00F4H         SYMBOL        dizaine
  X:00F6H         SYMBOL        unite
  X:00F8H         SYMBOL        valeur
  -------         ENDDO         
  C:4806H         LINE#         91
  C:4806H         LINE#         92
  C:480DH         LINE#         93
  C:4811H         LINE#         94
  C:4815H         LINE#         97
  C:481CH         LINE#         98
  C:483AH         LINE#         99
  C:484DH         LINE#         100
  C:4861H         LINE#         101
  C:4863H         LINE#         102
  C:4863H         LINE#         103
  C:487CH         LINE#         104
  C:4896H         LINE#         105
  C:48AAH         LINE#         106
  C:48C9H         LINE#         107
  C:48C9H         LINE#         108
  C:48D1H         LINE#         109
  -------         ENDPROC       _CONVERSIONANGLE_POSITIF
  -------         PROC          _TRAITEMENT_A
  X:00C3H         SYMBOL        com
  X:00C6H         SYMBOL        commande
  -------         DO            
  D:0007H         SYMBOL        vitesse
  X:00EBH         SYMBOL        tab
  X:00EEH         SYMBOL        j
  D:0007H         SYMBOL        duree
  -------         ENDDO         
  C:3998H         LINE#         111
  C:39A3H         LINE#         117
BL51 BANKED LINKER/LOCATER V6.22                                                      05/19/2018  16:17:00  PAGE 30


  C:39B4H         LINE#         118
  C:39B4H         LINE#         119
  C:39B4H         LINE#         120
  C:39B4H         LINE#         121
  C:39BBH         LINE#         122
  C:39C3H         LINE#         123
  C:39C3H         LINE#         124
  C:39EAH         LINE#         125
  C:3A04H         LINE#         126
  C:3A07H         LINE#         127
  C:3A17H         LINE#         128
  C:3A17H         LINE#         129
  C:3A17H         LINE#         130
  C:3A1AH         LINE#         131
  C:3A1FH         LINE#         132
  C:3A22H         LINE#         133
  C:3A22H         LINE#         134
  C:3A22H         LINE#         135
  C:3A22H         LINE#         136
  C:3A2DH         LINE#         137
  C:3A32H         LINE#         139
  C:3A4AH         LINE#         140
  C:3A4AH         LINE#         141
  C:3A53H         LINE#         142
  C:3A53H         LINE#         143
  C:3A7AH         LINE#         144
  C:3A94H         LINE#         145
  C:3A97H         LINE#         146
  C:3AA6H         LINE#         147
  C:3AA6H         LINE#         148
  C:3AADH         LINE#         149
  C:3AAFH         LINE#         151
  C:3AAFH         LINE#         152
  C:3AB3H         LINE#         153
  C:3AB3H         LINE#         155
  C:3AB5H         LINE#         163
  C:3AB5H         LINE#         164
  C:3AB5H         LINE#         165
  C:3AB5H         LINE#         166
  C:3ABCH         LINE#         167
  C:3AC2H         LINE#         168
  C:3ACCH         LINE#         169
  C:3ACCH         LINE#         170
  C:3AD5H         LINE#         171
  C:3AE4H         LINE#         172
  C:3AE4H         LINE#         173
  C:3AE4H         LINE#         174
  C:3AEAH         LINE#         175
  -------         ENDPROC       _TRAITEMENT_A
  -------         PROC          _TRAITEMENT_B
  X:00C3H         SYMBOL        com
  X:00C6H         SYMBOL        commande
  -------         DO            
  D:0007H         SYMBOL        vitesse
  X:00EBH         SYMBOL        tab
  D:0006H         SYMBOL        j
  -------         ENDDO         
BL51 BANKED LINKER/LOCATER V6.22                                                      05/19/2018  16:17:00  PAGE 31


  C:4C86H         LINE#         176
  C:4C91H         LINE#         177
  C:4C91H         LINE#         181
  C:4C97H         LINE#         182
  C:4CACH         LINE#         183
  C:4CACH         LINE#         184
  C:4CAFH         LINE#         185
  C:4CAFH         LINE#         186
  C:4CCEH         LINE#         187
  C:4CD9H         LINE#         188
  C:4CE2H         LINE#         189
  C:4CF2H         LINE#         190
  C:4CF2H         LINE#         191
  C:4CF9H         LINE#         192
  C:4CFBH         LINE#         194
  C:4CFBH         LINE#         195
  C:4D00H         LINE#         196
  C:4D00H         LINE#         197
  C:4D00H         LINE#         198
  C:4D02H         LINE#         200
  C:4D02H         LINE#         201
  C:4D0AH         LINE#         202
  C:4D0AH         LINE#         204
  C:4D10H         LINE#         205
  -------         ENDPROC       _TRAITEMENT_B
  -------         PROC          _TRAITEMENT_C
  X:00C3H         SYMBOL        com
  X:00C6H         SYMBOL        commande
  -------         DO            
  X:00EBH         SYMBOL        angle
  X:00EDH         SYMBOL        tab
  X:00F0H         SYMBOL        j
  -------         ENDDO         
  C:2EFDH         LINE#         206
  C:2F08H         LINE#         207
  C:2F08H         LINE#         210
  C:2F0FH         LINE#         211
  C:2F2EH         LINE#         212
  C:2F2EH         LINE#         213
  C:2F2EH         LINE#         214
  C:2F2EH         LINE#         215
  C:2F34H         LINE#         216
  C:2F41H         LINE#         217
  C:2F41H         LINE#         218
  C:2F49H         LINE#         219
  C:2F49H         LINE#         220
  C:2F70H         LINE#         221
  C:2F8AH         LINE#         222
  C:2F9BH         LINE#         223
  C:2FB7H         LINE#         224
  C:2FB7H         LINE#         225
  C:2FBBH         LINE#         226
  C:2FBDH         LINE#         228
  C:2FBDH         LINE#         229
  C:2FC5H         LINE#         230
  C:2FCDH         LINE#         231
  C:2FCDH         LINE#         232
BL51 BANKED LINKER/LOCATER V6.22                                                      05/19/2018  16:17:00  PAGE 32


  C:2FCFH         LINE#         234
  C:2FCFH         LINE#         235
  C:2FD6H         LINE#         236
  C:2FD6H         LINE#         237
  C:2FE5H         LINE#         238
  C:2FE8H         LINE#         239
  C:2FE8H         LINE#         240
  C:2FE8H         LINE#         241
  C:2FE8H         LINE#         242
  C:2FEEH         LINE#         243
  C:3006H         LINE#         244
  C:3006H         LINE#         245
  C:300EH         LINE#         246
  C:300EH         LINE#         247
  C:3035H         LINE#         248
  C:304FH         LINE#         249
  C:3060H         LINE#         250
  C:307CH         LINE#         251
  C:307CH         LINE#         252
  C:3080H         LINE#         253
  C:3082H         LINE#         255
  C:3082H         LINE#         256
  C:308AH         LINE#         257
  C:3092H         LINE#         258
  C:3092H         LINE#         259
  C:3094H         LINE#         262
  C:3094H         LINE#         263
  C:309BH         LINE#         264
  C:309EH         LINE#         265
  C:309EH         LINE#         267
  C:30A0H         LINE#         268
  C:30A0H         LINE#         269
  C:30A0H         LINE#         270
  C:30A0H         LINE#         271
  C:30A6H         LINE#         272
  C:30ADH         LINE#         273
  C:30B3H         LINE#         274
  C:30B3H         LINE#         275
  C:30B3H         LINE#         276
  C:30B3H         LINE#         277
  C:30B9H         LINE#         278
  -------         ENDPROC       _TRAITEMENT_C
  -------         PROC          _TRAITEMENT_D
  D:0001H         SYMBOL        com
  X:00C6H         SYMBOL        commande
  C:3C30H         LINE#         279
  C:3C30H         LINE#         280
  C:3C30H         LINE#         281
  C:3C66H         LINE#         282
  C:3C66H         LINE#         283
  C:3C66H         LINE#         284
  C:3C66H         LINE#         285
  C:3C6CH         LINE#         286
  C:3C7AH         LINE#         287
  C:3C80H         LINE#         289
  C:3C83H         LINE#         291
  C:3C83H         LINE#         292
BL51 BANKED LINKER/LOCATER V6.22                                                      05/19/2018  16:17:00  PAGE 33


  C:3C83H         LINE#         293
  C:3C83H         LINE#         294
  C:3C89H         LINE#         295
  C:3C98H         LINE#         296
  C:3C9EH         LINE#         298
  C:3CA1H         LINE#         300
  C:3CA1H         LINE#         301
  C:3CA1H         LINE#         302
  C:3CA1H         LINE#         303
  C:3CA7H         LINE#         304
  C:3CABH         LINE#         305
  C:3CB7H         LINE#         307
  C:3CBAH         LINE#         309
  C:3CBAH         LINE#         310
  C:3CBAH         LINE#         311
  C:3CBAH         LINE#         312
  C:3CC0H         LINE#         313
  C:3CC4H         LINE#         314
  C:3CD0H         LINE#         316
  C:3CD2H         LINE#         318
  C:3CD2H         LINE#         319
  C:3CD2H         LINE#         320
  C:3CD2H         LINE#         321
  C:3CD8H         LINE#         322
[...]
  C:4D9CH         LINE#         170
  C:4DE2H         LINE#         171
  C:4DE2H         LINE#         172
  C:4DF0H         LINE#         173
  C:4E19H         LINE#         175
  C:4E1CH         LINE#         176
  C:4E1EH         LINE#         177
  C:4E20H         LINE#         178
  C:4E20H         LINE#         179
  C:4E23H         LINE#         180
  C:4E23H         LINE#         181
  C:4E25H         LINE#         182
  -------         ENDPROC       _SEROUTCHAR
  -------         PROC          SERINCHAR
  -------         DO            
  D:0005H         SYMBOL        c
  -------         ENDDO         
  C:516EH         LINE#         188
  C:516EH         LINE#         191
  C:518AH         LINE#         192
  C:518AH         LINE#         194
  C:5198H         LINE#         195
  C:51CCH         LINE#         196
  C:51CFH         LINE#         197
  C:51CFH         LINE#         198
  C:51D1H         LINE#         199
  -------         ENDPROC       SERINCHAR
  -------         PROC          SERINCHAR_BIN
  -------         DO            
  D:0005H         SYMBOL        c
  X:0815H         SYMBOL        return_code
  -------         ENDDO         
  C:4EA8H         LINE#         207
  C:4EA8H         LINE#         209
  C:4EAFH         LINE#         211
  C:4ECBH         LINE#         212
  C:4ECBH         LINE#         214
  C:4ED9H         LINE#         215
  C:4F0DH         LINE#         216
  C:4F1CH         LINE#         217
  C:4F1CH         LINE#         219
  C:4F24H         LINE#         220
  -------         ENDPROC       SERINCHAR_BIN
  -------         PROC          _SEROUTSTRING
  X:02BAH         SYMBOL        buf
  -------         DO            
  X:02BDH         SYMBOL        len
  X:02BEH         SYMBOL        code_err
  -------         ENDDO         
  C:5236H         LINE#         224
  C:5241H         LINE#         225
  C:5246H         LINE#         227
  C:5267H         LINE#         228
  C:528EH         LINE#         229
  C:5293H         LINE#         230
  -------         ENDPROC       _SEROUTSTRING
BL51 BANKED LINKER/LOCATER V6.22                                                      05/19/2018  16:17:00  PAGE 51


  -------         PROC          CFG_CLOCK_UART
  C:5578H         LINE#         244
  C:5578H         LINE#         245
  C:557BH         LINE#         246
  C:557EH         LINE#         247
  C:5581H         LINE#         248
  C:5583H         LINE#         250
  C:5586H         LINE#         251
  C:5588H         LINE#         252
  C:558AH         LINE#         253
  -------         ENDPROC       CFG_CLOCK_UART
  -------         PROC          CFG_UART0_MODE1
  C:55C1H         LINE#         259
  C:55C1H         LINE#         260
  C:55C3H         LINE#         261
  C:55C5H         LINE#         262
  C:55C8H         LINE#         263
  C:55CBH         LINE#         264
  C:55CEH         LINE#         265
  C:55D0H         LINE#         267
  C:55D2H         LINE#         268
  -------         ENDPROC       CFG_UART0_MODE1
  -------         ENDMOD        UART0_RINGBUFFER_LIB

  -------         MODULE        UART1
  C:0000H         SYMBOL        _ICE_DUMMY_
  D:00E7H         PUBLIC        EIE2
  D:00E8H         PUBLIC        ADC0CN
  D:00A8H         PUBLIC        IE
  X:0779H         SYMBOL        inbuf
  D:00D8H         PUBLIC        PCA0CN
  X:0799H         SYMBOL        outbuf
  D:00B8H         PUBLIC        IP
  C:55E3H         PUBLIC        CFG_UART1
  D:00C0H         PUBLIC        SMB0CN
  B:0021H.2       SYMBOL        TXactive
  D:00F8H         PUBLIC        SPI0CN
  D:0087H         PUBLIC        PCON
  D:0088H         PUBLIC        TCON
  C:451DH         PUBLIC        UART1_ISR
  C:4F25H         PUBLIC        serInchar_Bin1
  C:5294H         PUBLIC        _serOutstring1
  C:51D2H         PUBLIC        serInchar1
  X:07B9H         SYMBOL        in
  C:4D11H         PUBLIC        _serOutchar1
  X:07C1H         SYMBOL        out
  D:00F2H         PUBLIC        SBUF1
  D:0098H         PUBLIC        SCON0
  D:00F1H         PUBLIC        SCON1
  D:00C8H         PUBLIC        T2CON
  D:00C9H         PUBLIC        T4CON
  C:534DH         PUBLIC        init_Serial_Buffer1
  D:00D0H         PUBLIC        PSW
  -------         PROC          UART1_ISR
  C:451DH         LINE#         86
  C:4530H         LINE#         95
  C:4535H         LINE#         96
BL51 BANKED LINKER/LOCATER V6.22                                                      05/19/2018  16:17:00  PAGE 52


  C:4535H         LINE#         97
  C:4551H         LINE#         98
  C:4560H         LINE#         99
  C:4589H         LINE#         101
  C:458BH         LINE#         102
  C:458DH         LINE#         103
  C:4590H         LINE#         105
  C:4592H         LINE#         107
  C:4592H         LINE#         108
  C:45CDH         LINE#         109
  C:45DCH         LINE#         110
  C:4605H         LINE#         112
  C:4605H         LINE#         113
  C:4608H         LINE#         114
  C:4608H         LINE#         115
  -------         ENDPROC       UART1_ISR
  -------         PROC          INIT_SERIAL_BUFFER1
  C:534DH         LINE#         120
  C:534DH         LINE#         121
  C:537AH         LINE#         122
  C:53A7H         LINE#         123
  -------         ENDPROC       INIT_SERIAL_BUFFER1
  -------         PROC          _SEROUTCHAR1
  D:0007H         SYMBOL        c
  C:4D11H         LINE#         127
  C:4D11H         LINE#         129
  C:4D57H         LINE#         130
  C:4D57H         LINE#         131
  C:4D65H         LINE#         132
  C:4D8EH         LINE#         134
  C:4D91H         LINE#         135
  C:4D93H         LINE#         136
  C:4D96H         LINE#         138
  C:4D96H         LINE#         139
  C:4D99H         LINE#         140
  C:4D99H         LINE#         142
  C:4D9BH         LINE#         143
  -------         ENDPROC       _SEROUTCHAR1
  -------         PROC          SERINCHAR1
  -------         DO            
  D:0005H         SYMBOL        c
  -------         ENDDO         
  C:51D2H         LINE#         149
  C:51D2H         LINE#         152
  C:51EEH         LINE#         153
  C:51EEH         LINE#         154
  C:51FCH         LINE#         155
  C:5230H         LINE#         156
  C:5233H         LINE#         157
  C:5233H         LINE#         159
  C:5235H         LINE#         160
  -------         ENDPROC       SERINCHAR1
  -------         PROC          SERINCHAR_BIN1
  -------         DO            
  D:0005H         SYMBOL        c
  X:0817H         SYMBOL        return_code
  -------         ENDDO         
BL51 BANKED LINKER/LOCATER V6.22                                                      05/19/2018  16:17:00  PAGE 53


  C:4F25H         LINE#         168
  C:4F25H         LINE#         170
  C:4F2CH         LINE#         172
  C:4F48H         LINE#         174
  C:4F56H         LINE#         175
  C:4F8AH         LINE#         176
  C:4F99H         LINE#         177
  C:4F99H         LINE#         180
  C:4FA1H         LINE#         181
  -------         ENDPROC       SERINCHAR_BIN1
  -------         PROC          _SEROUTSTRING1
  X:02BAH         SYMBOL        buf
  -------         DO            
  X:02BDH         SYMBOL        len
  X:02BEH         SYMBOL        code_err
  -------         ENDDO         
  C:5294H         LINE#         185
  C:529FH         LINE#         186
  C:52A4H         LINE#         188
  C:52C5H         LINE#         189
  C:52ECH         LINE#         190
  C:52F1H         LINE#         191
  -------         ENDPROC       _SEROUTSTRING1
  -------         PROC          CFG_UART1
  C:55E3H         LINE#         225
  C:55E3H         LINE#         226
  C:55E6H         LINE#         227
  C:55E9H         LINE#         228
  C:55ECH         LINE#         229
  C:55EFH         LINE#         231
  C:55F2H         LINE#         232
  -------         ENDPROC       CFG_UART1
  -------         ENDMOD        UART1

  -------         MODULE        ULTRASON
  C:0000H         SYMBOL        _ICE_DUMMY_
  D:0080H         PUBLIC        P0
  D:0090H         PUBLIC        P1
  D:00A0H         PUBLIC        P2
  D:00B0H         PUBLIC        P3
  D:00E8H         PUBLIC        ADC0CN
  D:00A8H         PUBLIC        IE
  B:00A0H.4       PUBLIC        Echo_ultrason_ar
  D:00D8H         PUBLIC        PCA0CN
  B:00A0H.2       PUBLIC        Echo_ultrason_av
  D:00B8H         PUBLIC        IP
  D:00C0H         PUBLIC        SMB0CN
  B:00A0H.3       PUBLIC        Trig_ultrason_ar
  B:00A0H.1       PUBLIC        Trig_ultrason_av
  D:00F8H         PUBLIC        SPI0CN
  D:0088H         PUBLIC        TCON
  B:0088H.5       PUBLIC        TF0
  D:008CH         PUBLIC        TH0
  C:4303H         PUBLIC        MES_Dist_AR
  D:008AH         PUBLIC        TL0
  C:41EFH         PUBLIC        MES_Dist_AV
  B:0088H.4       PUBLIC        TR0
BL51 BANKED LINKER/LOCATER V6.22                                                      05/19/2018  16:17:00  PAGE 54


  D:0098H         PUBLIC        SCON0
  D:00C8H         PUBLIC        T2CON
  D:00D0H         PUBLIC        PSW
  -------         PROC          MES_DIST_AV
  -------         DO            
  D:0004H         SYMBOL        Delta
  X:053CH         SYMBOL        TL0_tmp
  X:0540H         SYMBOL        TH0_tmp
  D:0004H         SYMBOL        Duree
  X:0544H         SYMBOL        Dist
  D:0004H         SYMBOL        Duree2
  X:0548H         SYMBOL        i
  X:054AH         SYMBOL        RegistreTemp
  -------         ENDDO         
  C:41EFH         LINE#         12
  C:41EFH         LINE#         19
  C:41F6H         LINE#         22
  C:41F9H         LINE#         23
  C:41FBH         LINE#         24
  C:4205H         LINE#         25
  C:420FH         LINE#         27
  C:4220H         LINE#         28
  C:4221H         LINE#         29
  C:422DH         LINE#         30
  C:422FH         LINE#         32
  C:4231H         LINE#         33
  C:4233H         LINE#         35
  C:4239H         LINE#         37
  C:423CH         LINE#         38
  C:4246H         LINE#         39
  C:4249H         LINE#         41
  C:4249H         LINE#         42
  C:4255H         LINE#         43
  C:4261H         LINE#         44
  C:4264H         LINE#         45
  C:4266H         LINE#         46
  C:4295H         LINE#         47
  C:42C6H         LINE#         49
  C:42D7H         LINE#         50
  C:42E2H         LINE#         51
  C:42F2H         LINE#         52
  C:42F4H         LINE#         53
  C:42F4H         LINE#         55
  C:4302H         LINE#         56
  -------         ENDPROC       MES_DIST_AV
  -------         PROC          MES_DIST_AR
  -------         DO            
  D:0004H         SYMBOL        Delta
  X:053CH         SYMBOL        TL0_tmp
  X:0540H         SYMBOL        TH0_tmp
  D:0004H         SYMBOL        Duree
  X:0544H         SYMBOL        Dist
  D:0004H         SYMBOL        Duree2
  X:0548H         SYMBOL        i
  X:054AH         SYMBOL        RegistreTemp
  -------         ENDDO         
  C:4303H         LINE#         58
BL51 BANKED LINKER/LOCATER V6.22                                                      05/19/2018  16:17:00  PAGE 55


  C:4303H         LINE#         59
  C:4303H         LINE#         66
  C:430AH         LINE#         69
  C:430DH         LINE#         70
  C:430FH         LINE#         71
  C:4319H         LINE#         72
  C:4323H         LINE#         74
  C:4334H         LINE#         75
  C:4335H         LINE#         76
  C:4341H         LINE#         77
  C:4343H         LINE#         79
  C:4345H         LINE#         80
  C:4347H         LINE#         82
  C:434DH         LINE#         84
  C:4350H         LINE#         85
  C:435AH         LINE#         86
  C:435DH         LINE#         88
  C:435DH         LINE#         89
  C:4369H         LINE#         90
  C:4375H         LINE#         91
  C:4378H         LINE#         92
  C:437AH         LINE#         93
  C:43A9H         LINE#         94
  C:43DAH         LINE#         96
  C:43EBH         LINE#         97
  C:43F6H         LINE#         98
  C:4406H         LINE#         99
  C:4408H         LINE#         100
  C:4408H         LINE#         102
  C:4416H         LINE#         103
  -------         ENDPROC       MES_DIST_AR
  -------         ENDMOD        ULTRASON

  -------         MODULE        ?C?FPADD
  C:00ADH         PUBLIC        ?C?FPADD
  C:00A9H         PUBLIC        ?C?FPSUB
  -------         ENDMOD        ?C?FPADD

  -------         MODULE        ?C?FPMUL
  C:019EH         PUBLIC        ?C?FPMUL
  -------         ENDMOD        ?C?FPMUL

  -------         MODULE        ?C?FPDIV
  C:02A7H         PUBLIC        ?C?FPDIV
  -------         ENDMOD        ?C?FPDIV

  -------         MODULE        ?C?FPCMP
  C:0346H         PUBLIC        ?C?FPCMP
  C:0344H         PUBLIC        ?C?FPCMP3
  -------         ENDMOD        ?C?FPCMP

  -------         MODULE        ?C?FCAST
  C:03C7H         PUBLIC        ?C?FCASTC
  C:03C2H         PUBLIC        ?C?FCASTI
  C:03BDH         PUBLIC        ?C?FCASTL
  -------         ENDMOD        ?C?FCAST

BL51 BANKED LINKER/LOCATER V6.22                                                      05/19/2018  16:17:00  PAGE 56


  -------         MODULE        ?C?CASTF
  C:03FBH         PUBLIC        ?C?CASTF
  -------         ENDMOD        ?C?CASTF

  -------         MODULE        PRINTF
  X:053CH         PUBLIC        ?_PRINTF?BYTE
  X:053CH         PUBLIC        ?_SPRINTF?BYTE
  C:1D11H         PUBLIC        _PRINTF
  C:1D0BH         PUBLIC        _SPRINTF
  -------         ENDMOD        PRINTF

  -------         MODULE        ATAN
  C:40EDH         PUBLIC        _ATAN
  -------         ENDMOD        ATAN

  -------         MODULE        CEIL
  C:4711H         PUBLIC        _ceil
  -------         ENDMOD        CEIL

  -------         MODULE        POW
  X:02BAH         PUBLIC        ?_pow?BYTE
  C:36D9H         PUBLIC        _pow
  -------         ENDMOD        POW

  -------         MODULE        ?C?CHKFLOAT
  C:047CH         PUBLIC        ?C?CHKFLOAT
  -------         ENDMOD        ?C?CHKFLOAT

  -------         MODULE        ?C?FPNEG
  C:0496H         PUBLIC        ?C?FPNEG
  -------         ENDMOD        ?C?FPNEG

  -------         MODULE        ?C?FPROUND
  C:04A7H         PUBLIC        ?C?FPROUND
  -------         ENDMOD        ?C?FPROUND

  -------         MODULE        ?C?FPCONVERT
  C:04E4H         PUBLIC        ?C?FPCONVERT
  -------         ENDMOD        ?C?FPCONVERT

  -------         MODULE        EXP
  C:4A6CH         PUBLIC        _EXP
  -------         ENDMOD        EXP

  -------         MODULE        LOG
  C:3D8EH         PUBLIC        _LOG
  C:3D8AH         PUBLIC        _LOG10
  -------         ENDMOD        LOG

  -------         MODULE        ?C?FTNPWR
  C:0666H         PUBLIC        ?C?FTNPWR
  -------         ENDMOD        ?C?FTNPWR

  -------         MODULE        ?C?COPY
  C:0776H         PUBLIC        ?C?COPY
  -------         ENDMOD        ?C?COPY

BL51 BANKED LINKER/LOCATER V6.22                                                      05/19/2018  16:17:00  PAGE 57


  -------         MODULE        ?C?SCDIV
  C:079CH         PUBLIC        ?C?SCDIV
  -------         ENDMOD        ?C?SCDIV

  -------         MODULE        ?C?CLDPTR
  C:07BEH         PUBLIC        ?C?CLDPTR
  -------         ENDMOD        ?C?CLDPTR

  -------         MODULE        ?C?CLDOPTR
  C:07D7H         PUBLIC        ?C?CLDOPTR
  -------         ENDMOD        ?C?CLDOPTR

  -------         MODULE        ?C?CSTPTR
  C:0804H         PUBLIC        ?C?CSTPTR
  -------         ENDMOD        ?C?CSTPTR

  -------         MODULE        ?C?CSTOPTR
  C:0816H         PUBLIC        ?C?CSTOPTR
  -------         ENDMOD        ?C?CSTOPTR

  -------         MODULE        ?C?IMUL
  C:0838H         PUBLIC        ?C?IMUL
  -------         ENDMOD        ?C?IMUL

  -------         MODULE        ?C?SIDIV
  C:084AH         PUBLIC        ?C?SIDIV
  -------         ENDMOD        ?C?SIDIV

  -------         MODULE        ?C?IILDX
  C:0880H         PUBLIC        ?C?IILDX
  -------         ENDMOD        ?C?IILDX

  -------         MODULE        ?C?LNEG
  C:0896H         PUBLIC        ?C?LNEG
  -------         ENDMOD        ?C?LNEG

  -------         MODULE        ?C?SLCMP
  C:08A4H         PUBLIC        ?C?SLCMP
  -------         ENDMOD        ?C?SLCMP

  -------         MODULE        ?C?ULCMP
  C:08BAH         PUBLIC        ?C?ULCMP
  -------         ENDMOD        ?C?ULCMP

  -------         MODULE        ?C?LLDCODE
  C:08CBH         PUBLIC        ?C?LLDCODE
  -------         ENDMOD        ?C?LLDCODE

  -------         MODULE        ?C?LLDXDATA0
  C:08DBH         PUBLIC        ?C?LLDXDATA0
  -------         ENDMOD        ?C?LLDXDATA0

  -------         MODULE        ?C?LLDCODE0
  C:08E7H         PUBLIC        ?C?LLDCODE0
  -------         ENDMOD        ?C?LLDCODE0

  -------         MODULE        ?C?LSTXDATA
BL51 BANKED LINKER/LOCATER V6.22                                                      05/19/2018  16:17:00  PAGE 58


  C:08F7H         PUBLIC        ?C?LSTXDATA
  -------         ENDMOD        ?C?LSTXDATA

  -------         MODULE        ?C?LSTKXDATA
  C:0903H         PUBLIC        ?C?LSTKXDATA
  -------         ENDMOD        ?C?LSTKXDATA

  -------         MODULE        ?C?PLDIXDATA
  C:0934H         PUBLIC        ?C?PLDIXDATA
  -------         ENDMOD        ?C?PLDIXDATA

  -------         MODULE        ?C?PSTXDATA
  C:094BH         PUBLIC        ?C?PSTXDATA
  -------         ENDMOD        ?C?PSTXDATA

  -------         MODULE        ?C?CCASE
  C:0954H         PUBLIC        ?C?CCASE
  -------         ENDMOD        ?C?CCASE

  -------         MODULE        PUTCHAR
  C:0076H         PUBLIC        _PUTCHAR
  -------         ENDMOD        PUTCHAR

  -------         MODULE        STRCAT
  X:053CH         PUBLIC        ?_strcat?BYTE
  C:5103H         PUBLIC        _strcat
  -------         ENDMOD        STRCAT

  -------         MODULE        ?C?STRCPY
  C:0A46H         PUBLIC        ?C?STRCPY
  -------         ENDMOD        ?C?STRCPY

  -------         MODULE        STRLEN
  C:5550H         PUBLIC        _STRLEN
  -------         ENDMOD        STRLEN

  -------         MODULE        ?C?MEMSET
  C:0A63H         PUBLIC        ?C?MEMSET
  -------         ENDMOD        ?C?MEMSET

  -------         MODULE        ?C?UIDIV
  C:0A8FH         PUBLIC        ?C?UIDIV
  -------         ENDMOD        ?C?UIDIV

  -------         MODULE        ?C?ILDIX
  C:0AE4H         PUBLIC        ?C?ILDIX
  -------         ENDMOD        ?C?ILDIX

*** WARNING L16: UNCALLED SEGMENT, IGNORED FOR OVERLAY PROCESS
    SEGMENT: ?PR?_ITOS?FONCTIONS_COTE_SERIALIZER

*** WARNING L16: UNCALLED SEGMENT, IGNORED FOR OVERLAY PROCESS
    SEGMENT: ?PR?SERINCHAR?UART0_RINGBUFFER_LIB

*** WARNING L16: UNCALLED SEGMENT, IGNORED FOR OVERLAY PROCESS
    SEGMENT: ?PR?SERINCHAR_BIN?UART0_RINGBUFFER_LIB

BL51 BANKED LINKER/LOCATER V6.22                                                      05/19/2018  16:17:00  PAGE 59


*** WARNING L16: UNCALLED SEGMENT, IGNORED FOR OVERLAY PROCESS
    SEGMENT: ?PR?SERINCHAR_BIN1?UART1

*** WARNING L15: MULTIPLE CALL TO SEGMENT
    SEGMENT: ?PR?COURANT_ADC?MESURE_COURANT
    CALLER1: ?C_C51STARTUP
    CALLER2: ?PR?ISR_TIMER3?MAIN

Program Size: data=15.3 xdata=2073 code=22097
LINK/LOCATE RUN COMPLETE.  5 WARNING(S),  0 ERROR(S)
