BL51 BANKED LINKER/LOCATER V6.22                                                        05/18/2018  11:03:32  PAGE 1


BL51 BANKED LINKER/LOCATER V6.22, INVOKED BY:
C:\KEIL\C51\BIN\BL51.EXE STARTUP.obj, Config_ADC.obj, Config_Globale.obj, Config_SPI.obj, Detect_Obst.obj, Fonctions_cot
>> e_serializer.obj, Generation_son.obj, Gpio.obj, Lien_Structure_commande.obj, main.obj, Mesure_courant.obj, Servomoteu
>> r_Horizontal.obj, Timers.obj, Transmission_SPI.obj, UART0_RingBuffer_lib.obj, UART1.obj, ultrason.obj TO Master RAMSI
>> ZE (256)


MEMORY MODEL: LARGE WITH FLOATING POINT ARITHMETIC


INPUT MODULES INCLUDED:
  STARTUP.obj (?C_STARTUP)
  Config_ADC.obj (CONFIG_ADC)
  Config_Globale.obj (CONFIG_GLOBALE)
  Config_SPI.obj (CONFIG_SPI)
  Detect_Obst.obj (DETECT_OBST)
  Fonctions_cote_serializer.obj (FONCTIONS_COTE_SERIALIZER)
  Generation_son.obj (GENERATION_SON)
  Gpio.obj (GPIO)
  Lien_Structure_commande.obj (LIEN_STRUCTURE_COMMANDE)
  main.obj (MAIN)
  Mesure_courant.obj (MESURE_COURANT)
  Servomoteur_Horizontal.obj (SERVOMOTEUR_HORIZONTAL)
  Timers.obj (TIMERS)
  Transmission_SPI.obj (TRANSMISSION_SPI)
  UART0_RingBuffer_lib.obj (UART0_RINGBUFFER_LIB)
  UART1.obj (UART1)
  ultrason.obj (ULTRASON)
  C:\KEIL\C51\LIB\C51FPL.LIB (?C?FPADD)
  C:\KEIL\C51\LIB\C51FPL.LIB (?C?FPMUL)
  C:\KEIL\C51\LIB\C51FPL.LIB (?C?FPDIV)
  C:\KEIL\C51\LIB\C51FPL.LIB (?C?FPCMP)
  C:\KEIL\C51\LIB\C51FPL.LIB (?C?FCAST)
  C:\KEIL\C51\LIB\C51FPL.LIB (?C?CASTF)
  C:\KEIL\C51\LIB\C51FPL.LIB (PRINTF)
  C:\KEIL\C51\LIB\C51FPL.LIB (ATAN)
  C:\KEIL\C51\LIB\C51FPL.LIB (CEIL)
  C:\KEIL\C51\LIB\C51FPL.LIB (POW)
  C:\KEIL\C51\LIB\C51FPL.LIB (?C?FPGETOPN)
  C:\KEIL\C51\LIB\C51FPL.LIB (?C?CHKFLOAT)
  C:\KEIL\C51\LIB\C51FPL.LIB (?C?FPNEG)
  C:\KEIL\C51\LIB\C51FPL.LIB (?C?FPROUND)
  C:\KEIL\C51\LIB\C51FPL.LIB (?C?FPCONVERT)
  C:\KEIL\C51\LIB\C51FPL.LIB (?C?FPSERIES)
  C:\KEIL\C51\LIB\C51FPL.LIB (EXP)
  C:\KEIL\C51\LIB\C51FPL.LIB (LOG)
  C:\KEIL\C51\LIB\C51FPL.LIB (?C?FTNPWR)
  C:\KEIL\C51\LIB\C51L.LIB (?C_INIT)
  C:\KEIL\C51\LIB\C51L.LIB (?C?COPY)
  C:\KEIL\C51\LIB\C51L.LIB (?C?SCDIV)
  C:\KEIL\C51\LIB\C51L.LIB (?C?CLDPTR)
  C:\KEIL\C51\LIB\C51L.LIB (?C?CLDOPTR)
  C:\KEIL\C51\LIB\C51L.LIB (?C?CSTPTR)
  C:\KEIL\C51\LIB\C51L.LIB (?C?CSTOPTR)
  C:\KEIL\C51\LIB\C51L.LIB (?C?IMUL)
  C:\KEIL\C51\LIB\C51L.LIB (?C?SIDIV)
  C:\KEIL\C51\LIB\C51L.LIB (?C?IILDX)
  C:\KEIL\C51\LIB\C51L.LIB (?C?LNEG)
BL51 BANKED LINKER/LOCATER V6.22                                                      05/18/2018  11:03:32  PAGE 2


  C:\KEIL\C51\LIB\C51L.LIB (?C?SLCMP)
  C:\KEIL\C51\LIB\C51L.LIB (?C?ULCMP)
  C:\KEIL\C51\LIB\C51L.LIB (?C?LLDCODE)
  C:\KEIL\C51\LIB\C51L.LIB (?C?LLDXDATA0)
  C:\KEIL\C51\LIB\C51L.LIB (?C?LLDCODE0)
  C:\KEIL\C51\LIB\C51L.LIB (?C?LSTXDATA)
  C:\KEIL\C51\LIB\C51L.LIB (?C?LSTKXDATA)
  C:\KEIL\C51\LIB\C51L.LIB (?C?PLDIXDATA)
  C:\KEIL\C51\LIB\C51L.LIB (?C?PSTXDATA)
  C:\KEIL\C51\LIB\C51L.LIB (?C?CCASE)
  C:\KEIL\C51\LIB\C51L.LIB (PUTCHAR)
  C:\KEIL\C51\LIB\C51L.LIB (STRCAT)
  C:\KEIL\C51\LIB\C51L.LIB (?C?STRCPY)
  C:\KEIL\C51\LIB\C51L.LIB (STRLEN)
  C:\KEIL\C51\LIB\C51L.LIB (?C?MEMSET)
  C:\KEIL\C51\LIB\C51L.LIB (?C?UIDIV)
  C:\KEIL\C51\LIB\C51L.LIB (?C?ILDIX)


LINK MAP OF MODULE:  Master (?C_STARTUP)


            TYPE    BASE      LENGTH    RELOCATION   SEGMENT NAME
            -----------------------------------------------------

            * * * * * * *   D A T A   M E M O R Y   * * * * * * *
            REG     0000H     0008H     ABSOLUTE     "REG BANK 0"
            DATA    0008H     0005H     UNIT         _DATA_GROUP_
                    000DH     0013H                  *** GAP ***
            BIT     0020H.0   0001H.1   UNIT         _BIT_GROUP_
            BIT     0021H.1   0000H.1   UNIT         ?BI?UART0_RINGBUFFER_LIB
            BIT     0021H.2   0000H.1   UNIT         ?BI?UART1
                    0021H.3   0000H.5                *** GAP ***
            IDATA   0022H     0001H     UNIT         ?STACK

            * * * * * * *  X D A T A   M E M O R Y  * * * * * * *
            XDATA   0000H     0462H     UNIT         _XDATA_GROUP_
            XDATA   0462H     012DH     UNIT         ?XD?DETECT_OBST
            XDATA   058FH     0086H     UNIT         ?XD?LIEN_STRUCTURE_COMMANDE
            XDATA   0615H     0050H     UNIT         ?XD?UART0_RINGBUFFER_LIB
            XDATA   0665H     0050H     UNIT         ?XD?UART1
            XDATA   06B5H     003BH     UNIT         ?XD?MAIN
            XDATA   06F0H     0011H     UNIT         ?XD?_ITOS?FONCTIONS_COTE_SERIALIZER
            XDATA   0701H     0002H     UNIT         ?XD?SERINCHAR_BIN?UART0_RINGBUFFER_LIB
            XDATA   0703H     0002H     UNIT         ?XD?SERINCHAR_BIN1?UART1

            * * * * * * *   C O D E   M E M O R Y   * * * * * * *
            CODE    0000H     0003H     ABSOLUTE     
            CODE    0003H     001FH     UNIT         ?CO?DETECT_OBST
                    0022H     0001H                  *** GAP ***
            CODE    0023H     0003H     ABSOLUTE     
            CODE    0026H     0005H     UNIT         ?PR?ISR_TIMER2?MAIN
            CODE    002BH     0003H     ABSOLUTE     
            CODE    002EH     0043H     UNIT         ?PR?_TRAME_EMISE?TRANSMISSION_SPI
                    0071H     0002H                  *** GAP ***
            CODE    0073H     0003H     ABSOLUTE     
            CODE    0076H     0027H     UNIT         ?PR?PUTCHAR?PUTCHAR
BL51 BANKED LINKER/LOCATER V6.22                                                      05/18/2018  11:03:32  PAGE 3


            CODE    009DH     0004H     UNIT         ?PR?CFG_VREF?CONFIG_ADC
                    00A1H     0002H                  *** GAP ***
            CODE    00A3H     0003H     ABSOLUTE     
            CODE    00A6H     0A54H     UNIT         ?C?LIB_CODE
            CODE    0AFAH     0672H     UNIT         ?PR?FONCTIONROUTAGE?LIEN_STRUCTURE_COMMANDE
            CODE    116CH     0530H     UNIT         ?PR?FORMATE_SERIALIZER?FONCTIONS_COTE_SERIALIZER
            CODE    169CH     04ACH     UNIT         ?PR?DETECT_OBST?DETECT_OBST
            CODE    1B48H     0483H     UNIT         ?PR?PRINTF?PRINTF
            CODE    1FCBH     032DH     UNIT         ?PR?_TRAITEMENT_M?MAIN
            CODE    22F8H     025BH     UNIT         ?PR?_TRAITEMENT_S?MAIN
            CODE    2553H     0244H     UNIT         ?PR?_MESSAGE?MAIN
            CODE    2797H     0238H     UNIT         ?PR?TRANSCODE_COMMANDE_TO_SERIALIZER?FONCTIONS_COTE_SERIALIZER
            CODE    29CFH     021EH     UNIT         ?PR?_CONV?MAIN
            CODE    2BEDH     01C8H     UNIT         ?C_INITSEG
            CODE    2DB5H     01BDH     UNIT         ?PR?_TRAITEMENT_C?MAIN
            CODE    2F72H     01B3H     UNIT         ?PR?_TRAITEMENT_G?MAIN
            CODE    3125H     0182H     UNIT         ?CO?MAIN
            CODE    32A7H     017EH     UNIT         ?PR?MAIN?MAIN
            CODE    3425H     016DH     UNIT         ?PR?DETECTION_AV_AR?DETECT_OBST
            CODE    3592H     0166H     UNIT         ?PR?_POW?POW
            CODE    36F8H     0159H     UNIT         ?PR?_TRAITEMENT_R?MAIN
            CODE    3851H     0153H     UNIT         ?PR?_TRAITEMENT_A?MAIN
            CODE    39A4H     0145H     UNIT         ?CO?LIEN_STRUCTURE_COMMANDE
            CODE    3AE9H     012AH     UNIT         ?PR?_TRAITEMENT_D?MAIN
            CODE    3C13H     0129H     UNIT         ?PR?LOG?LOG
            CODE    3D3CH     0127H     UNIT         ?PR?_ITOS?FONCTIONS_COTE_SERIALIZER
            CODE    3E63H     0123H     UNIT         ?PR?_TRUE_TICKS?FONCTIONS_COTE_SERIALIZER
            CODE    3F86H     0122H     UNIT         ?PR?ATAN?ATAN
            CODE    40A8H     0114H     UNIT         ?PR?MES_DIST_AV?ULTRASON
            CODE    41BCH     0114H     UNIT         ?PR?MES_DIST_AR?ULTRASON
            CODE    42D0H     00FCH     UNIT         ?PR?UART1_ISR?UART1
            CODE    43CCH     00F8H     UNIT         ?PR?UART0_ISR?UART0_RINGBUFFER_LIB
            CODE    44C4H     00EFH     UNIT         ?PR?_CEIL?CEIL
            CODE    45B3H     00EDH     UNIT         ?PR?DETECTION_AV?DETECT_OBST
            CODE    46A0H     00D2H     UNIT         ?PR?_CONVERSIONANGLE_POSITIF?MAIN
            CODE    4772H     00BFH     UNIT         ?PR?TEMPO_EMISS?LIEN_STRUCTURE_COMMANDE
            CODE    4831H     009AH     UNIT         ?PR?EXP?EXP
            CODE    48CBH     0097H     UNIT         ?PR?COURANT_ADC?MESURE_COURANT
            CODE    4962H     0095H     UNIT         ?PR?ROUTAGE?LIEN_STRUCTURE_COMMANDE
            CODE    49F7H     008CH     UNIT         ?C_C51STARTUP
            CODE    4A83H     008BH     UNIT         ?PR?_TRAITEMENT_B?MAIN
            CODE    4B0EH     008BH     UNIT         ?PR?_SEROUTCHAR1?UART1
            CODE    4B99H     008AH     UNIT         ?PR?_SEROUTCHAR?UART0_RINGBUFFER_LIB
            CODE    4C23H     0082H     UNIT         ?PR?_TRAITEMENT_T?MAIN
            CODE    4CA5H     0081H     UNIT         ?PR?_CDE_SERVO_H?SERVOMOTEUR_HORIZONTAL
            CODE    4D26H     007DH     UNIT         ?PR?SERINCHAR_BIN?UART0_RINGBUFFER_LIB
            CODE    4DA3H     007DH     UNIT         ?PR?SERINCHAR_BIN1?UART1
            CODE    4E20H     007AH     UNIT         ?PR?_ECHANGE_TRAME?TRANSMISSION_SPI
            CODE    4E9AH     0078H     UNIT         ?PR?ISR_TIMER3?MAIN
            CODE    4F12H     006FH     UNIT         ?PR?SON_SONORE?GENERATION_SON
            CODE    4F81H     006BH     UNIT         ?PR?_STRCAT?STRCAT
            CODE    4FECH     0064H     UNIT         ?PR?SERINCHAR?UART0_RINGBUFFER_LIB
            CODE    5050H     0064H     UNIT         ?PR?SERINCHAR1?UART1
            CODE    50B4H     005EH     UNIT         ?PR?_SEROUTSTRING?UART0_RINGBUFFER_LIB
            CODE    5112H     005EH     UNIT         ?PR?_SEROUTSTRING1?UART1
            CODE    5170H     005BH     UNIT         ?PR?INIT_SERIAL_BUFFER?UART0_RINGBUFFER_LIB
            CODE    51CBH     005BH     UNIT         ?PR?INIT_SERIAL_BUFFER1?UART1
BL51 BANKED LINKER/LOCATER V6.22                                                      05/18/2018  11:03:32  PAGE 4


            CODE    5226H     0059H     UNIT         ?CO?FONCTIONS_COTE_SERIALIZER
            CODE    527FH     0055H     UNIT         ?PR?_CONV_ANGLE_TICKS?FONCTIONS_COTE_SERIALIZER
            CODE    52D4H     0024H     UNIT         ?PR?_CONVERSIONCOORD?MAIN
            CODE    52F8H     0024H     UNIT         ?PR?CONFIG_TIMER2?TIMERS
            CODE    531CH     0024H     UNIT         ?PR?CONFIG_TIMER3?TIMERS
            CODE    5340H     0023H     UNIT         ?PR?_CONV_DISTANCE_TICKS?FONCTIONS_COTE_SERIALIZER
            CODE    5363H     001DH     UNIT         ?PR?_TRUE_VIT?FONCTIONS_COTE_SERIALIZER
            CODE    5380H     001AH     UNIT         ?PR?OSCILLATOR_INIT?CONFIG_GLOBALE
            CODE    539AH     0019H     UNIT         ?PR?GPIO_CONFIG?CONFIG_GLOBALE
            CODE    53B3H     0015H     UNIT         ?PR?CONFIG_SPI_MASTER?CONFIG_SPI
            CODE    53C8H     0015H     UNIT         ?PR?_STRLEN?STRLEN
            CODE    53DDH     0013H     UNIT         ?PR?CFG_ADC0?CONFIG_ADC
            CODE    53F0H     0013H     UNIT         ?PR?CFG_CLOCK_UART?UART0_RINGBUFFER_LIB
            CODE    5403H     0012H     UNIT         ?PR?TRAITEMENT_E?MAIN
            CODE    5415H     0012H     UNIT         ?PR?_TRAITEMENT_I?MAIN
            CODE    5427H     0012H     UNIT         ?PR?_TRAITEMENT_P?MAIN
            CODE    5439H     0012H     UNIT         ?PR?CFG_UART0_MODE1?UART0_RINGBUFFER_LIB
            CODE    544BH     0010H     UNIT         ?PR?_DEBUT_TRAME?TRANSMISSION_SPI
            CODE    545BH     0010H     UNIT         ?PR?CFG_UART1?UART1
            CODE    546BH     000DH     UNIT         ?PR?TRAITEMENT_Q?MAIN
            CODE    5478H     000DH     UNIT         ?PR?TRAME_RECUE?TRANSMISSION_SPI
            CODE    5485H     000CH     UNIT         ?PR?INIT_DEVICE?CONFIG_GLOBALE
            CODE    5491H     000BH     UNIT         ?PR?CONFIG_TIMER0?TIMERS
            CODE    549CH     000AH     UNIT         ?PR?ACQ_ADC?CONFIG_ADC
            CODE    54A6H     000AH     UNIT         ?PR?INITIALISATION_TIMER0?TIMERS
            CODE    54B0H     000AH     UNIT         ?PR?FIN_TRAME?TRANSMISSION_SPI
            CODE    54BAH     0007H     UNIT         ?PR?DISABLE_WDT?CONFIG_GLOBALE
            CODE    54C1H     0007H     UNIT         ?PR?_ECHANGE_OCTET?TRANSMISSION_SPI
            CODE    54C8H     0004H     UNIT         ?PR?RESET_SRC?CONFIG_GLOBALE
            CODE    54CCH     0004H     UNIT         ?CO?GENERATION_SON



OVERLAY MAP OF MODULE:   Master (?C_STARTUP)


SEGMENT                                             BIT_GROUP          DATA_GROUP          XDATA_GROUP
  +--> CALLED SEGMENT                            START    LENGTH     START    LENGTH     START    LENGTH
--------------------------------------------------------------------------------------------------------
?C_C51STARTUP                                    -----    -----      -----    -----      -----    -----
  +--> ?PR?MAIN?MAIN
  +--> ?C_INITSEG

?PR?MAIN?MAIN                                    -----    -----      -----    -----      0000H    009BH
  +--> ?CO?MAIN
  +--> ?PR?INIT_DEVICE?CONFIG_GLOBALE
  +--> ?PR?CONFIG_TIMER2?TIMERS
  +--> ?PR?CONFIG_TIMER0?TIMERS
  +--> ?PR?CONFIG_TIMER3?TIMERS
  +--> ?PR?CONFIG_SPI_MASTER?CONFIG_SPI
  +--> ?PR?CFG_VREF?CONFIG_ADC
  +--> ?PR?CFG_ADC0?CONFIG_ADC
  +--> ?PR?CFG_CLOCK_UART?UART0_RINGBUFFER_LIB
  +--> ?PR?CFG_UART0_MODE1?UART0_RINGBUFFER_LIB
  +--> ?PR?INIT_SERIAL_BUFFER?UART0_RINGBUFF...
  +--> ?PR?INIT_SERIAL_BUFFER1?UART1
  +--> ?PR?CFG_UART1?UART1
BL51 BANKED LINKER/LOCATER V6.22                                                      05/18/2018  11:03:32  PAGE 5


  +--> ?PR?_SEROUTSTRING?UART0_RINGBUFFER_LIB
  +--> ?PR?_STRLEN?STRLEN
  +--> ?PR?_MESSAGE?MAIN
  +--> ?PR?FONCTIONROUTAGE?LIEN_STRUCTURE_CO...

?PR?INIT_DEVICE?CONFIG_GLOBALE                   -----    -----      -----    -----      -----    -----
  +--> ?PR?RESET_SRC?CONFIG_GLOBALE
  +--> ?PR?DISABLE_WDT?CONFIG_GLOBALE
  +--> ?PR?OSCILLATOR_INIT?CONFIG_GLOBALE
  +--> ?PR?GPIO_CONFIG?CONFIG_GLOBALE

?PR?CONFIG_TIMER3?TIMERS                         -----    -----      -----    -----      -----    -----
  +--> ?PR?_CEIL?CEIL

?PR?_CEIL?CEIL                                   -----    -----      -----    -----      040BH    0008H

?PR?_SEROUTSTRING?UART0_RINGBUFFER_LIB           -----    -----      -----    -----      02BAH    0005H
  +--> ?PR?_STRLEN?STRLEN
  +--> ?PR?_SEROUTCHAR?UART0_RINGBUFFER_LIB

?PR?_MESSAGE?MAIN                                -----    -----      -----    -----      009BH    0028H
  +--> ?PR?_TRAITEMENT_A?MAIN
  +--> ?PR?_TRAITEMENT_T?MAIN
  +--> ?PR?_TRAITEMENT_D?MAIN
  +--> ?PR?TRAITEMENT_E?MAIN
  +--> ?PR?TRAITEMENT_Q?MAIN
  +--> ?PR?_TRAITEMENT_M?MAIN
  +--> ?PR?_TRAITEMENT_I?MAIN
  +--> ?PR?_TRAITEMENT_P?MAIN
  +--> ?PR?_TRAITEMENT_B?MAIN
  +--> ?PR?_TRAITEMENT_S?MAIN
  +--> ?PR?_TRAITEMENT_G?MAIN
  +--> ?PR?_TRAITEMENT_R?MAIN
  +--> ?PR?_TRAITEMENT_C?MAIN

?PR?_TRAITEMENT_A?MAIN                           -----    -----      -----    -----      00C3H    002DH
  +--> ?PR?_CONVERSIONANGLE_POSITIF?MAIN
  +--> ?CO?MAIN

?PR?_CONVERSIONANGLE_POSITIF?MAIN                -----    -----      -----    -----      00F2H    0008H

?PR?_TRAITEMENT_T?MAIN                           -----    -----      -----    -----      00C3H    002BH
  +--> ?PR?_CONVERSIONANGLE_POSITIF?MAIN
  +--> ?CO?MAIN

?PR?_TRAITEMENT_D?MAIN                           -----    -----      -----    -----      00C3H    0028H
  +--> ?CO?MAIN

?PR?TRAITEMENT_E?MAIN                            -----    -----      -----    -----      00C3H    0025H

?PR?TRAITEMENT_Q?MAIN                            -----    -----      -----    -----      00C3H    0025H

?PR?_TRAITEMENT_M?MAIN                           -----    -----      -----    -----      00C3H    002DH
  +--> ?PR?_CONVERSIONCOORD?MAIN

?PR?_TRAITEMENT_I?MAIN                           -----    -----      -----    -----      00C3H    0028H

BL51 BANKED LINKER/LOCATER V6.22                                                      05/18/2018  11:03:32  PAGE 6


?PR?_TRAITEMENT_P?MAIN                           -----    -----      -----    -----      00C3H    0028H

?PR?_TRAITEMENT_B?MAIN                           -----    -----      -----    -----      00C3H    002BH
  +--> ?PR?_CONVERSIONANGLE_POSITIF?MAIN

?PR?_TRAITEMENT_S?MAIN                           -----    -----      -----    -----      00C3H    0030H
  +--> ?PR?_CONVERSIONCOORD?MAIN

?PR?_TRAITEMENT_G?MAIN                           -----    -----      -----    -----      00C3H    0034H
  +--> ?PR?_STRLEN?STRLEN
  +--> ?PR?_CONV?MAIN

?PR?_CONV?MAIN                                   -----    -----      -----    -----      00F7H    000FH
  +--> ?PR?_POW?POW
  +--> ?PR?_CEIL?CEIL

?PR?_POW?POW                                     -----    -----      -----    -----      02BAH    000AH
  +--> ?PR?LOG?LOG
  +--> ?PR?EXP?EXP

?PR?LOG?LOG                                      0020H.0  0000H.1    -----    -----      02C4H    0004H

?PR?_TRAITEMENT_R?MAIN                           -----    -----      -----    -----      00C3H    002FH
  +--> ?PR?_CONVERSIONANGLE_POSITIF?MAIN

?PR?_TRAITEMENT_C?MAIN                           -----    -----      -----    -----      00C3H    002FH
  +--> ?PR?_CONVERSIONANGLE_POSITIF?MAIN

?PR?FONCTIONROUTAGE?LIEN_STRUCTURE_CO...         -----    -----      -----    -----      009BH    021FH
  +--> ?CO?LIEN_STRUCTURE_COMMANDE
  +--> ?PR?ROUTAGE?LIEN_STRUCTURE_COMMANDE
  +--> ?PR?_CDE_SERVO_H?SERVOMOTEUR_HORIZONTAL
  +--> ?PR?_SEROUTSTRING?UART0_RINGBUFFER_LIB
  +--> ?PR?_STRLEN?STRLEN
  +--> ?PR?_STRCAT?STRCAT
  +--> ?PR?_ECHANGE_TRAME?TRANSMISSION_SPI
  +--> ?PR?TEMPO_EMISS?LIEN_STRUCTURE_COMMANDE
  +--> ?PR?TRAME_RECUE?TRANSMISSION_SPI
  +--> ?PR?PRINTF?PRINTF
  +--> ?PR?ATAN?ATAN
  +--> ?PR?_POW?POW
  +--> ?PR?_CEIL?CEIL
  +--> ?PR?TRANSCODE_COMMANDE_TO_SERIALIZER?...
  +--> ?PR?FORMATE_SERIALIZER?FONCTIONS_COTE...
  +--> ?PR?_SEROUTSTRING1?UART1
  +--> ?PR?SERINCHAR1?UART1
  +--> ?PR?DETECT_OBST?DETECT_OBST
  +--> ?PR?COURANT_ADC?MESURE_COURANT
  +--> ?PR?SON_SONORE?GENERATION_SON

?PR?ROUTAGE?LIEN_STRUCTURE_COMMANDE              -----    -----      -----    -----      02BAH    0028H

?PR?_CDE_SERVO_H?SERVOMOTEUR_HORIZONTAL          -----    -----      -----    -----      0403H    0008H
  +--> ?PR?_CEIL?CEIL

?PR?_STRCAT?STRCAT                               -----    -----      -----    -----      0428H    0009H

BL51 BANKED LINKER/LOCATER V6.22                                                      05/18/2018  11:03:32  PAGE 7


?PR?_ECHANGE_TRAME?TRANSMISSION_SPI              -----    -----      -----    -----      02E5H    000BH
  +--> ?PR?_DEBUT_TRAME?TRANSMISSION_SPI
  +--> ?PR?_ECHANGE_OCTET?TRANSMISSION_SPI
  +--> ?PR?FIN_TRAME?TRANSMISSION_SPI

?PR?_DEBUT_TRAME?TRANSMISSION_SPI                -----    -----      -----    -----      02F0H    0001H
  +--> ?PR?_TRAME_EMISE?TRANSMISSION_SPI

?PR?_TRAME_EMISE?TRANSMISSION_SPI                -----    -----      -----    -----      02F1H    0003H

?PR?_ECHANGE_OCTET?TRANSMISSION_SPI              -----    -----      -----    -----      -----    -----
  +--> ?PR?_TRAME_EMISE?TRANSMISSION_SPI
  +--> ?PR?TRAME_RECUE?TRANSMISSION_SPI

?PR?TRAME_RECUE?TRANSMISSION_SPI                 -----    -----      -----    -----      02F0H    0001H
  +--> ?PR?_TRAME_EMISE?TRANSMISSION_SPI

?PR?FIN_TRAME?TRANSMISSION_SPI                   -----    -----      -----    -----      -----    -----
  +--> ?PR?_TRAME_EMISE?TRANSMISSION_SPI

?PR?TEMPO_EMISS?LIEN_STRUCTURE_COMMANDE          -----    -----      -----    -----      02E5H    0002H

?PR?PRINTF?PRINTF                                0020H.0  0001H.1    0008H    0005H      0428H    0030H
  +--> ?PR?PUTCHAR?PUTCHAR

?PR?ATAN?ATAN                                    0020H.0  0000H.2    -----    -----      02BAH    0004H

?PR?TRANSCODE_COMMANDE_TO_SERIALIZER?...         -----    -----      -----    -----      02BAH    0035H
  +--> ?PR?_CONV_ANGLE_TICKS?FONCTIONS_COTE_...
  +--> ?PR?_CONV_DISTANCE_TICKS?FONCTIONS_CO...

?PR?_CONV_ANGLE_TICKS?FONCTIONS_COTE_...         -----    -----      -----    -----      02EFH    0004H
  +--> ?PR?_CEIL?CEIL

?PR?_CONV_DISTANCE_TICKS?FONCTIONS_CO...         -----    -----      -----    -----      -----    -----
  +--> ?PR?_CEIL?CEIL

?PR?FORMATE_SERIALIZER?FONCTIONS_COTE...         -----    -----      -----    -----      02BAH    001BH
  +--> ?CO?FONCTIONS_COTE_SERIALIZER
  +--> ?PR?_TRUE_VIT?FONCTIONS_COTE_SERIALIZER
  +--> ?PR?PRINTF?PRINTF
  +--> ?PR?_STRCAT?STRCAT
  +--> ?PR?_TRUE_TICKS?FONCTIONS_COTE_SERIAL...

?PR?_TRUE_TICKS?FONCTIONS_COTE_SERIAL...         -----    -----      -----    -----      02D5H    000BH
  +--> ?CO?FONCTIONS_COTE_SERIALIZER
  +--> ?PR?PRINTF?PRINTF
  +--> ?PR?_STRCAT?STRCAT
  +--> ?PR?_STRLEN?STRLEN

?PR?_SEROUTSTRING1?UART1                         -----    -----      -----    -----      02BAH    0005H
  +--> ?PR?_STRLEN?STRLEN
  +--> ?PR?_SEROUTCHAR1?UART1

?PR?DETECT_OBST?DETECT_OBST                      -----    -----      -----    -----      02BAH    0149H
  +--> ?PR?DETECTION_AV?DETECT_OBST
  +--> ?PR?DETECTION_AV_AR?DETECT_OBST
BL51 BANKED LINKER/LOCATER V6.22                                                      05/18/2018  11:03:32  PAGE 8


  +--> ?PR?_CDE_SERVO_H?SERVOMOTEUR_HORIZONTAL
  +--> ?CO?DETECT_OBST
  +--> ?PR?PRINTF?PRINTF
  +--> ?PR?_STRCAT?STRCAT

?PR?DETECTION_AV?DETECT_OBST                     -----    -----      -----    -----      0403H    0025H
  +--> ?PR?MES_DIST_AV?ULTRASON
  +--> ?CO?DETECT_OBST
  +--> ?PR?PRINTF?PRINTF
  +--> ?PR?_STRCAT?STRCAT

?PR?MES_DIST_AV?ULTRASON                         -----    -----      -----    -----      0428H    0012H
  +--> ?PR?INITIALISATION_TIMER0?TIMERS

?PR?DETECTION_AV_AR?DETECT_OBST                  -----    -----      -----    -----      0403H    0025H
  +--> ?PR?MES_DIST_AV?ULTRASON
  +--> ?PR?MES_DIST_AR?ULTRASON
  +--> ?CO?DETECT_OBST
  +--> ?PR?PRINTF?PRINTF
  +--> ?PR?_STRCAT?STRCAT

?PR?MES_DIST_AR?ULTRASON                         -----    -----      -----    -----      0428H    0012H
  +--> ?PR?INITIALISATION_TIMER0?TIMERS

?PR?COURANT_ADC?MESURE_COURANT                   -----    -----      -----    -----      0458H    000AH
  +--> ?PR?ACQ_ADC?CONFIG_ADC

?PR?SON_SONORE?GENERATION_SON                    -----    -----      -----    -----      02BAH    002BH
  +--> ?CO?GENERATION_SON
  +--> ?PR?_ECHANGE_OCTET?TRANSMISSION_SPI
  +--> ?PR?_ECHANGE_TRAME?TRANSMISSION_SPI
  +--> ?PR?TEMPO_EMISS?LIEN_STRUCTURE_COMMANDE

*** NEW ROOT ***************************************************

?PR?ISR_TIMER3?MAIN                              -----    -----      -----    -----      -----    -----
  +--> ?PR?COURANT_ADC?MESURE_COURANT



SYMBOL TABLE OF MODULE:  Master (?C_STARTUP)

  VALUE           TYPE          NAME
  ----------------------------------

  -------         MODULE        ?C_STARTUP
  C:49F7H         SEGMENT       ?C_C51STARTUP
  I:0022H         SEGMENT       ?STACK
  C:0000H         PUBLIC        ?C_STARTUP
  D:00E0H         SYMBOL        ACC
  D:00F0H         SYMBOL        B
  D:0083H         SYMBOL        DPH
  D:0082H         SYMBOL        DPL
  N:0000H         SYMBOL        IBPSTACK
  N:0100H         SYMBOL        IBPSTACKTOP
  N:0080H         SYMBOL        IDATALEN
  C:49FAH         SYMBOL        IDATALOOP
BL51 BANKED LINKER/LOCATER V6.22                                                      05/18/2018  11:03:32  PAGE 9


  N:0000H         SYMBOL        PBPSTACK
  N:0100H         SYMBOL        PBPSTACKTOP
  N:0000H         SYMBOL        PDATALEN
  N:0000H         SYMBOL        PDATASTART
  N:0000H         SYMBOL        PPAGE
  N:0000H         SYMBOL        PPAGEENABLE
  D:00A0H         SYMBOL        PPAGE_SFR
  D:0081H         SYMBOL        SP
  C:49F7H         SYMBOL        STARTUP1
  N:0000H         SYMBOL        XBPSTACK
  N:0000H         SYMBOL        XBPSTACKTOP
  N:0000H         SYMBOL        XDATALEN
  N:0000H         SYMBOL        XDATASTART
  C:0000H         LINE#         126
  C:49F7H         LINE#         133
  C:49F9H         LINE#         134
  C:49FAH         LINE#         135
  C:49FBH         LINE#         136
  C:49FDH         LINE#         185
  C:4A00H         LINE#         196
  -------         ENDMOD        ?C_STARTUP

  -------         MODULE        CONFIG_ADC
  C:0000H         SYMBOL        _ICE_DUMMY_
  C:549CH         PUBLIC        ACQ_ADC
  D:00BCH         PUBLIC        ADC0CF
  D:00E8H         PUBLIC        ADC0CN
  D:00A8H         PUBLIC        IE
  D:00D8H         PUBLIC        PCA0CN
  D:00B8H         PUBLIC        IP
  D:00D1H         PUBLIC        REF0CN
  D:00BAH         PUBLIC        AMX0CF
  B:00E8H.5       PUBLIC        AD0INT
  D:00C0H         PUBLIC        SMB0CN
  C:53DDH         PUBLIC        CFG_ADC0
  D:00F8H         PUBLIC        SPI0CN
  D:0088H         PUBLIC        TCON
  D:00BBH         PUBLIC        AMX0SL
  D:00BFH         PUBLIC        ADC0H
  B:00E8H.7       PUBLIC        AD0EN
  D:0098H         PUBLIC        SCON0
  C:009DH         PUBLIC        CFG_VREF
  D:00C8H         PUBLIC        T2CON
  B:00E8H.0       PUBLIC        AD0LJST
  B:00E8H.2       PUBLIC        AD0CM0
  B:00E8H.3       PUBLIC        AD0CM1
  B:00E8H.4       PUBLIC        AD0BUSY
  D:00D0H         PUBLIC        PSW
  -------         PROC          CFG_VREF
  C:009DH         LINE#         9
  C:009DH         LINE#         10
  C:00A0H         LINE#         11
  -------         ENDPROC       CFG_VREF
  -------         PROC          CFG_ADC0
  C:53DDH         LINE#         13
  C:53DDH         LINE#         15
  C:53DFH         LINE#         17
BL51 BANKED LINKER/LOCATER V6.22                                                      05/18/2018  11:03:32  PAGE 10


  C:53E2H         LINE#         18
  C:53E2H         LINE#         19
  C:53E5H         LINE#         20
  C:53E5H         LINE#         22
  C:53E7H         LINE#         25
  C:53E9H         LINE#         26
  C:53EBH         LINE#         28
  C:53EDH         LINE#         30
  C:53EFH         LINE#         31
  -------         ENDPROC       CFG_ADC0
  -------         PROC          ACQ_ADC
  C:549CH         LINE#         34
  C:549CH         LINE#         35
  C:549EH         LINE#         36
  C:54A0H         LINE#         37
  C:54A3H         LINE#         38
  C:54A5H         LINE#         39
  -------         ENDPROC       ACQ_ADC
  -------         ENDMOD        CONFIG_ADC

  -------         MODULE        CONFIG_GLOBALE
  C:0000H         SYMBOL        _ICE_DUMMY_
  D:0080H         PUBLIC        P0
  D:00FFH         PUBLIC        WDTCN
  D:00A0H         PUBLIC        P2
  C:54BAH         PUBLIC        Disable_WDT
  D:00E8H         PUBLIC        ADC0CN
  D:00A4H         PUBLIC        P0MDOUT
  D:00A8H         PUBLIC        IE
  D:00A6H         PUBLIC        P2MDOUT
  D:00D8H         PUBLIC        PCA0CN
  D:00B8H         PUBLIC        IP
  C:5380H         PUBLIC        Oscillator_Init
  D:00E1H         PUBLIC        XBR0
  D:00E3H         PUBLIC        XBR2
  D:00C0H         PUBLIC        SMB0CN
  D:00F8H         PUBLIC        SPI0CN
  C:54C8H         PUBLIC        Reset_src
  D:0088H         PUBLIC        TCON
  D:00B2H         PUBLIC        OSCICN
  C:5485H         PUBLIC        Init_Device
  D:00B1H         PUBLIC        OSCXCN
  D:00EFH         PUBLIC        RSTSRC
  D:0098H         PUBLIC        SCON0
  D:00C8H         PUBLIC        T2CON
  C:539AH         PUBLIC        GPIO_Config
  D:00D0H         PUBLIC        PSW
  -------         PROC          INIT_DEVICE
  C:5485H         LINE#         7
  C:5485H         LINE#         8
  C:5488H         LINE#         9
  C:548BH         LINE#         10
  C:548EH         LINE#         11
  -------         ENDPROC       INIT_DEVICE
  -------         PROC          OSCILLATOR_INIT
  -------         DO            
  D:0006H         SYMBOL        i
BL51 BANKED LINKER/LOCATER V6.22                                                      05/18/2018  11:03:32  PAGE 11


  -------         ENDDO         
  C:5380H         LINE#         14
  C:5380H         LINE#         18
  C:5383H         LINE#         19
  C:5391H         LINE#         20
  C:5396H         LINE#         21
  C:5399H         LINE#         22
  -------         ENDPROC       OSCILLATOR_INIT
  -------         PROC          RESET_SRC
  C:54C8H         LINE#         24
  C:54C8H         LINE#         26
  C:54CBH         LINE#         27
  -------         ENDPROC       RESET_SRC
  -------         PROC          DISABLE_WDT
  C:54BAH         LINE#         29
  C:54BAH         LINE#         31
  C:54BDH         LINE#         32
  C:54C0H         LINE#         33
  -------         ENDPROC       DISABLE_WDT
  -------         PROC          GPIO_CONFIG
  C:539AH         LINE#         36
  C:539AH         LINE#         39
  C:539DH         LINE#         40
  C:53A0H         LINE#         43
  C:53A3H         LINE#         44
  C:53A6H         LINE#         51
  C:53A9H         LINE#         52
  C:53ACH         LINE#         54
  C:53AFH         LINE#         55
  C:53B2H         LINE#         59
  -------         ENDPROC       GPIO_CONFIG
  -------         ENDMOD        CONFIG_GLOBALE

  -------         MODULE        CONFIG_SPI
  C:0000H         SYMBOL        _ICE_DUMMY_
  D:009DH         PUBLIC        SPI0CKR
  D:0080H         PUBLIC        P0
  B:00F8H.0       PUBLIC        SPIEN
  D:0090H         PUBLIC        P1
  D:00A0H         PUBLIC        P2
  D:00B0H         PUBLIC        P3
  B:00F8H.1       PUBLIC        MSTEN
  D:00E8H         PUBLIC        ADC0CN
  D:00A8H         PUBLIC        IE
  D:00D8H         PUBLIC        PCA0CN
  D:00B8H         PUBLIC        IP
  D:00C0H         PUBLIC        SMB0CN
  B:00F8H.5       PUBLIC        MODF
  D:00F8H         PUBLIC        SPI0CN
  B:00F8H.7       PUBLIC        SPIF
  D:0088H         PUBLIC        TCON
  B:00F8H.6       PUBLIC        WCOL
  C:53B3H         PUBLIC        Config_SPI_MASTER
  D:0098H         PUBLIC        SCON0
  D:00C8H         PUBLIC        T2CON
  D:009AH         PUBLIC        SPI0CFG
  B:00F8H.4       PUBLIC        RXOVRN
BL51 BANKED LINKER/LOCATER V6.22                                                      05/18/2018  11:03:32  PAGE 12


  D:00D0H         PUBLIC        PSW
  -------         PROC          CONFIG_SPI_MASTER
  C:53B3H         LINE#         10
  C:53B3H         LINE#         12
  C:53B5H         LINE#         13
  C:53B7H         LINE#         14
  C:53B9H         LINE#         15
  C:53BBH         LINE#         16
  C:53BDH         LINE#         17
  C:53BFH         LINE#         20
  C:53C2H         LINE#         22
  C:53C5H         LINE#         24
  C:53C7H         LINE#         25
  -------         ENDPROC       CONFIG_SPI_MASTER
  -------         ENDMOD        CONFIG_SPI

  -------         MODULE        DETECT_OBST
  C:0000H         SYMBOL        _ICE_DUMMY_
  D:00E8H         PUBLIC        ADC0CN
  D:00A8H         PUBLIC        IE
  X:0462H         PUBLIC        affichage
  X:0562H         PUBLIC        detection_arriere
  D:00D8H         PUBLIC        PCA0CN
  D:00B8H         PUBLIC        IP
  X:0566H         PUBLIC        obstacle_arriere
  D:00C0H         PUBLIC        SMB0CN
  X:056BH         PUBLIC        information
  D:00F8H         PUBLIC        SPI0CN
  C:3438H         PUBLIC        detection_AV_AR
  D:0088H         PUBLIC        TCON
  C:45C6H         PUBLIC        detection_AV
  X:0585H         PUBLIC        detection_avant
  X:0589H         PUBLIC        obstacle_avant
  C:169CH         PUBLIC        Detect_Obst
  D:0098H         PUBLIC        SCON0
  D:00C8H         PUBLIC        T2CON
  D:00D0H         PUBLIC        PSW
  X:058EH         PUBLIC        Angle_servo
  C:45B5H         SYMBOL        L?0058
  -------         PROC          L?0057
  -------         ENDPROC       L?0057
  C:45B5H         SYMBOL        L?0058
  -------         PROC          DETECTION_AV
  X:0403H         SYMBOL        com
  C:45C6H         LINE#         21
  C:45C6H         LINE#         24
  C:45CFH         LINE#         25
  C:45E7H         LINE#         26
  C:45EDH         LINE#         27
  C:45EDH         LINE#         28
  C:45F8H         LINE#         30
  C:4623H         LINE#         31
  C:4649H         LINE#         33
  C:4660H         LINE#         34
  C:4677H         LINE#         35
  C:468EH         LINE#         36
  C:468EH         LINE#         38
BL51 BANKED LINKER/LOCATER V6.22                                                      05/18/2018  11:03:32  PAGE 13


  C:469FH         LINE#         39
  -------         ENDPROC       DETECTION_AV
  C:3425H         SYMBOL        L?0056
  -------         PROC          L?0055
  -------         ENDPROC       L?0055
  C:3425H         SYMBOL        L?0056
  -------         PROC          DETECTION_AV_AR
  X:0403H         SYMBOL        com
  C:3438H         LINE#         42
  C:3438H         LINE#         43
  C:3441H         LINE#         44
  C:344AH         LINE#         45
  C:3462H         LINE#         46
  C:3468H         LINE#         47
  C:3468H         LINE#         48
  C:3480H         LINE#         49
  C:3486H         LINE#         50
  C:3486H         LINE#         51
  C:3491H         LINE#         54
  C:34BCH         LINE#         55
  C:34E7H         LINE#         56
  C:350DH         LINE#         58
  C:3524H         LINE#         59
  C:353BH         LINE#         60
  C:3552H         LINE#         61
  C:3569H         LINE#         62
  C:3580H         LINE#         63
  C:3580H         LINE#         65
  C:3591H         LINE#         66
  -------         ENDPROC       DETECTION_AV_AR
  -------         PROC          DETECT_OBST
  X:02BAH         SYMBOL        com
  -------         DO            
  X:02DFH         SYMBOL        i
  X:02E1H         SYMBOL        j
  X:02E3H         SYMBOL        k
  X:02E5H         SYMBOL        tab_dist_AV
  X:0317H         SYMBOL        tab_dist_AR
  X:0349H         SYMBOL        tab_angles
  X:03ADH         SYMBOL        dist_min_AV
  X:03C1H         SYMBOL        dist_min_AR
  X:03D5H         SYMBOL        dist_min
  X:03E9H         SYMBOL        dist_min_ascii
  X:03EEH         SYMBOL        angle
  X:03F8H         SYMBOL        angle_ascii
  X:03FDH         SYMBOL        min
  X:03FFH         SYMBOL        min_AV
  X:0401H         SYMBOL        min_AR
  -------         ENDDO         
  C:169CH         LINE#         69
  C:169CH         LINE#         71
  C:16A3H         LINE#         82
  C:16A9H         LINE#         84
  C:16BEH         LINE#         85
  C:16BEH         LINE#         86
  C:16C4H         LINE#         87
  C:16C8H         LINE#         88
BL51 BANKED LINKER/LOCATER V6.22                                                      05/18/2018  11:03:32  PAGE 14


  C:16CBH         LINE#         89
  C:16CBH         LINE#         90
  C:16CEH         LINE#         91
  C:16CEH         LINE#         92
  C:16D1H         LINE#         94
  C:16D1H         LINE#         95
  C:16D9H         LINE#         96
  C:16F8H         LINE#         97
  C:16FBH         LINE#         98
  C:16FEH         LINE#         99
  C:1712H         LINE#         100
  C:1712H         LINE#         101
  C:1712H         LINE#         102
  C:1731H         LINE#         103
  C:1734H         LINE#         104
  C:1737H         LINE#         105
  C:174BH         LINE#         106
  C:174BH         LINE#         107
  C:174BH         LINE#         111
  C:174BH         LINE#         112
  C:1756H         LINE#         113
  C:1772H         LINE#         114
  C:1795H         LINE#         115
  C:17AAH         LINE#         116
  C:17B8H         LINE#         117
  C:17CCH         LINE#         118
  C:17E5H         LINE#         119
  C:180EH         LINE#         120
  C:181CH         LINE#         121
  C:181CH         LINE#         122
  C:182CH         LINE#         123
  C:1847H         LINE#         124
  C:186AH         LINE#         127
  C:188DH         LINE#         128
  C:18B0H         LINE#         130
  C:18C7H         LINE#         131
  C:18D4H         LINE#         132
  C:18D4H         LINE#         133
  C:18D7H         LINE#         134
  C:18D7H         LINE#         135
  C:18F3H         LINE#         136
  C:1916H         LINE#         137
  C:192BH         LINE#         138
  C:1939H         LINE#         139
  C:194DH         LINE#         140
  C:1966H         LINE#         141
  C:198FH         LINE#         142
  C:199DH         LINE#         143
  C:199DH         LINE#         144
  C:19ADH         LINE#         145
  C:19C8H         LINE#         146
  C:19E1H         LINE#         147
  C:1A0AH         LINE#         148
  C:1A18H         LINE#         149
  C:1A18H         LINE#         150
  C:1A28H         LINE#         151
  C:1A43H         LINE#         152
BL51 BANKED LINKER/LOCATER V6.22                                                      05/18/2018  11:03:32  PAGE 15


  C:1A51H         LINE#         153
  C:1A6AH         LINE#         154
  C:1A6AH         LINE#         155
  C:1A6CH         LINE#         156
  C:1A6CH         LINE#         157
  C:1A99H         LINE#         158
  C:1AB6H         LINE#         159
  C:1AB6H         LINE#         162
  C:1AD9H         LINE#         163
  C:1AFCH         LINE#         165
  C:1B13H         LINE#         166
  C:1B2AH         LINE#         167
  C:1B41H         LINE#         168
  C:1B41H         LINE#         169
  C:1B41H         LINE#         170
  C:1B41H         LINE#         172
  C:1B47H         LINE#         173
  -------         ENDPROC       DETECT_OBST
  -------         ENDMOD        DETECT_OBST

  -------         MODULE        FONCTIONS_COTE_SERIALIZER
  C:0000H         SYMBOL        _ICE_DUMMY_
  D:00E8H         PUBLIC        ADC0CN
  D:00A8H         PUBLIC        IE
  C:116CH         PUBLIC        formate_serializer
  D:00D8H         PUBLIC        PCA0CN
  D:00B8H         PUBLIC        IP
  C:529CH         PUBLIC        _conv_angle_ticks
  D:00C0H         PUBLIC        SMB0CN
  D:00F8H         PUBLIC        SPI0CN
  D:0088H         PUBLIC        TCON
  C:3D3CH         PUBLIC        _itos
  C:527BH         SYMBOL        _?ix1000
  C:3E89H         PUBLIC        _true_ticks
  C:2797H         PUBLIC        transcode_commande_to_serializer
  D:0098H         PUBLIC        SCON0
  D:00C8H         PUBLIC        T2CON
  C:5349H         PUBLIC        _conv_distance_ticks
  C:5363H         PUBLIC        _true_vit
  D:00D0H         PUBLIC        PSW
  -------         PROC          L?0091
  -------         ENDPROC       L?0091
  -------         PROC          _CONV_DISTANCE_TICKS
  D:0006H         SYMBOL        d
  -------         DO            
  D:0006H         SYMBOL        ret
  -------         ENDDO         
  C:5349H         LINE#         40
  C:5349H         LINE#         41
  C:5362H         LINE#         42
  C:5362H         LINE#         43
  -------         ENDPROC       _CONV_DISTANCE_TICKS
  -------         PROC          L?0090
  -------         ENDPROC       L?0090
  -------         PROC          _CONV_ANGLE_TICKS
  D:0006H         SYMBOL        angle
  -------         DO            
BL51 BANKED LINKER/LOCATER V6.22                                                      05/18/2018  11:03:32  PAGE 16


  D:0006H         SYMBOL        ret
  X:02EFH         SYMBOL        a
  -------         ENDDO         
  C:529CH         LINE#         45
  C:529CH         LINE#         47
  C:52B4H         LINE#         48
  C:52D3H         LINE#         49
  C:52D3H         LINE#         50
  -------         ENDPROC       _CONV_ANGLE_TICKS
  -------         PROC          _ITOS
  X:06F0H         SYMBOL        i
  X:06F2H         SYMBOL        ret
  -------         DO            
  X:06F5H         SYMBOL        nbr3
  X:06F8H         SYMBOL        nbr2
  X:06FAH         SYMBOL        nbr1
  X:06FBH         SYMBOL        c
  X:06FDH         SYMBOL        d
  X:06FFH         SYMBOL        u
  -------         ENDDO         
  C:3D3CH         LINE#         52
  C:3D4DH         LINE#         56
  C:3D64H         LINE#         57
  C:3D91H         LINE#         58
  C:3DB8H         LINE#         60
  C:3DC9H         LINE#         61
  C:3DD4H         LINE#         62
  C:3DDFH         LINE#         63
  C:3DEAH         LINE#         64
  C:3DFFH         LINE#         65
  C:3E01H         LINE#         66
  C:3E12H         LINE#         67
  C:3E1DH         LINE#         68
  C:3E28H         LINE#         69
  C:3E3DH         LINE#         70
  C:3E3FH         LINE#         71
  C:3E3FH         LINE#         72
  C:3E4AH         LINE#         73
  C:3E62H         LINE#         74
  C:3E62H         LINE#         75
  -------         ENDPROC       _ITOS
  -------         PROC          _TRUE_VIT
  D:0007H         SYMBOL        vit
  -------         DO            
  D:0004H         SYMBOL        ret
  -------         ENDDO         
  C:5363H         LINE#         77
  C:5363H         LINE#         78
  C:5367H         LINE#         80
  C:536CH         LINE#         81
  C:537BH         LINE#         82
  C:537BH         LINE#         83
  C:537FH         LINE#         84
  -------         ENDPROC       _TRUE_VIT
  C:3E7EH         SYMBOL        L?0089
  -------         PROC          L?0088
  -------         ENDPROC       L?0088
BL51 BANKED LINKER/LOCATER V6.22                                                      05/18/2018  11:03:32  PAGE 17


  C:3E7EH         SYMBOL        L?0089
  -------         PROC          _TRUE_TICKS
  X:02D5H         SYMBOL        ticks
  X:02D7H         SYMBOL        ret
  -------         DO            
  X:02DAH         SYMBOL        str
  X:02DEH         SYMBOL        l
  -------         ENDDO         
  C:3E89H         LINE#         86
  C:3E9AH         LINE#         87
  C:3EADH         LINE#         88
  C:3EB4H         LINE#         90
  C:3EC4H         LINE#         91
  C:3EE6H         LINE#         92
  C:3EE6H         LINE#         93
  C:3EE6H         LINE#         94
  C:3EFDH         LINE#         95
  C:3F13H         LINE#         96
  C:3F39H         LINE#         97
  C:3F55H         LINE#         98
  C:3F6BH         LINE#         99
  C:3F85H         LINE#         100
  C:3F85H         LINE#         101
  -------         ENDPROC       _TRUE_TICKS
  -------         PROC          FORMATE_SERIALIZER
  X:02BAH         SYMBOL        com
  X:02C9H         SYMBOL        ret
  -------         DO            
  X:02CCH         SYMBOL        nbr
  -------         ENDDO         
  C:116CH         LINE#         110
  C:116CH         LINE#         113
  C:11C9H         LINE#         114
  C:11C9H         LINE#         115
  C:11DEH         LINE#         116
  C:11E1H         LINE#         117
  C:11E1H         LINE#         118
  C:11E1H         LINE#         119
  C:11E1H         LINE#         120
  C:11E1H         LINE#         121
  C:11E1H         LINE#         122
  C:11E1H         LINE#         123
  C:11E1H         LINE#         124
  C:11E1H         LINE#         125
  C:11E1H         LINE#         126
  C:11E1H         LINE#         127
  C:11E1H         LINE#         128
  C:11E1H         LINE#         129
  C:11E1H         LINE#         130
  C:11E1H         LINE#         131
  C:11E1H         LINE#         132
  C:11E1H         LINE#         133
  C:11E1H         LINE#         134
  C:11E1H         LINE#         135
  C:11E1H         LINE#         136
  C:11E1H         LINE#         137
  C:11F9H         LINE#         138
BL51 BANKED LINKER/LOCATER V6.22                                                      05/18/2018  11:03:32  PAGE 18


  C:11F9H         LINE#         139
  C:11F9H         LINE#         140
  C:11FCH         LINE#         141
  C:11FCH         LINE#         142
  C:11FCH         LINE#         143
  C:1214H         LINE#         144
  C:1214H         LINE#         145
  C:1214H         LINE#         146
  C:1217H         LINE#         147
  C:1217H         LINE#         148
  C:1217H         LINE#         149
  C:122FH         LINE#         150
  C:1256H         LINE#         151
  C:1272H         LINE#         152
  C:128EH         LINE#         153
  C:128EH         LINE#         154
  C:128EH         LINE#         155
  C:1291H         LINE#         156
  C:1291H         LINE#         157
  C:1291H         LINE#         158
  C:12A6H         LINE#         159
  C:12A6H         LINE#         160
  C:12A6H         LINE#         161
  C:12A6H         LINE#         162
  C:12A6H         LINE#         163
  C:12A6H         LINE#         164
  C:12A6H         LINE#         165
  C:12A6H         LINE#         166
  C:12A6H         LINE#         167
  C:12A6H         LINE#         168
  C:12A6H         LINE#         169
  C:12A6H         LINE#         170
  C:12A6H         LINE#         171
  C:12A9H         LINE#         172
  C:12A9H         LINE#         173
  C:12A9H         LINE#         174
  C:12BEH         LINE#         175
  C:12C1H         LINE#         176
  C:12C1H         LINE#         177
  C:12C1H         LINE#         178
  C:12C1H         LINE#         179
  C:12C4H         LINE#         180
  C:12E0H         LINE#         181
  C:12FCH         LINE#         182
  C:12FFH         LINE#         183
  C:12FFH         LINE#         184
  C:1302H         LINE#         185
  C:1302H         LINE#         186
  C:1302H         LINE#         187
  C:131AH         LINE#         188
  C:1341H         LINE#         189
  C:135DH         LINE#         190
  C:1379H         LINE#         191
  C:137FH         LINE#         192
  C:137FH         LINE#         193
  C:1382H         LINE#         194
  C:1382H         LINE#         195
BL51 BANKED LINKER/LOCATER V6.22                                                      05/18/2018  11:03:32  PAGE 19


  C:1382H         LINE#         196
  C:1382H         LINE#         197
  C:1385H         LINE#         198
  C:13A1H         LINE#         199
  C:13BDH         LINE#         200
  C:13E4H         LINE#         201
  C:1400H         LINE#         202
  C:141CH         LINE#         203
  C:1422H         LINE#         204
  C:143EH         LINE#         205
  C:145AH         LINE#         206
  C:1481H         LINE#         207
  C:148EH         LINE#         208
  C:1491H         LINE#         209
  C:1491H         LINE#         210
  C:1491H         LINE#         211
  C:14A9H         LINE#         212
  C:14CFH         LINE#         213
  C:14EBH         LINE#         214
  C:1507H         LINE#         215
  C:152DH         LINE#         216
  C:1549H         LINE#         217
  C:1565H         LINE#         218
  C:158BH         LINE#         219
  C:15A7H         LINE#         220
  C:15C3H         LINE#         221
  C:15E9H         LINE#         222
  C:1605H         LINE#         223
  C:1621H         LINE#         224
  C:1623H         LINE#         225
  C:1623H         LINE#         226
  C:1623H         LINE#         227
  C:1638H         LINE#         228
  C:163AH         LINE#         229
  C:163AH         LINE#         230
  C:163AH         LINE#         231
  C:163AH         LINE#         232
  C:163AH         LINE#         233
  C:163AH         LINE#         234
  C:163AH         LINE#         235
  C:163AH         LINE#         236
  C:163AH         LINE#         237
  C:164FH         LINE#         238
  C:1651H         LINE#         239
  C:1651H         LINE#         240
  C:1651H         LINE#         241
  C:1666H         LINE#         242
  C:1668H         LINE#         243
  C:1668H         LINE#         244
  C:1668H         LINE#         245
  C:1680H         LINE#         246
  C:1680H         LINE#         247
  C:1680H         LINE#         248
  C:1680H         LINE#         249
  C:1680H         LINE#         250
  C:1680H         LINE#         251
  -------         ENDPROC       FORMATE_SERIALIZER
BL51 BANKED LINKER/LOCATER V6.22                                                      05/18/2018  11:03:32  PAGE 20


  -------         PROC          TRANSCODE_COMMANDE_TO_SERIALIZER
  X:02BAH         SYMBOL        com
  -------         DO            
  X:02DFH         SYMBOL        ret
  X:02EEH         SYMBOL        v_angl
  D:0007H         SYMBOL        v_line
  -------         ENDDO         
  C:2797H         LINE#         259
  C:2797H         LINE#         261
  C:279DH         LINE#         262
  C:279FH         LINE#         264
  C:27A7H         LINE#         265
  C:27A7H         LINE#         266
  C:27ADH         LINE#         267
  C:27ADH         LINE#         268
  C:27ADH         LINE#         269
  C:27ADH         LINE#         270
  C:27ADH         LINE#         271
  C:27ADH         LINE#         273
  C:27E6H         LINE#         275
  C:27E6H         LINE#         276
  C:27ECH         LINE#         277
  C:27F3H         LINE#         278
  C:27F5H         LINE#         279
  C:27F5H         LINE#         280
  C:27F9H         LINE#         281
  C:27F9H         LINE#         282
  C:27FBH         LINE#         283
  C:27FBH         LINE#         285
  C:27FBH         LINE#         286
  C:2801H         LINE#         287
  C:2808H         LINE#         288
  C:280AH         LINE#         289
  C:280AH         LINE#         290
  C:2814H         LINE#         291
  C:2818H         LINE#         292
  C:281BH         LINE#         293
  C:281BH         LINE#         295
  C:281BH         LINE#         296
  C:2821H         LINE#         297
  C:2824H         LINE#         298
  C:2824H         LINE#         300
  C:2824H         LINE#         301
  C:282BH         LINE#         302
  C:2833H         LINE#         303
  C:2833H         LINE#         304
  C:2839H         LINE#         305
  C:2841H         LINE#         306
  C:2855H         LINE#         307
  C:285DH         LINE#         308
  C:285FH         LINE#         309
  C:2861H         LINE#         310
  C:2861H         LINE#         312
  C:2861H         LINE#         313
  C:2868H         LINE#         314
  C:2870H         LINE#         315
  C:2870H         LINE#         316
BL51 BANKED LINKER/LOCATER V6.22                                                      05/18/2018  11:03:32  PAGE 21


  C:2876H         LINE#         317
  C:287EH         LINE#         318
  C:288DH         LINE#         319
  C:2895H         LINE#         320
  C:2897H         LINE#         321
  C:2899H         LINE#         322
  C:2899H         LINE#         324
  C:2899H         LINE#         325
  C:28A0H         LINE#         326
  C:28A8H         LINE#         327
  C:28A8H         LINE#         328
  C:28AEH         LINE#         329
  C:28B6H         LINE#         330
  C:28CAH         LINE#         331
  C:28D2H         LINE#         332
  C:28D6H         LINE#         333
  C:28D9H         LINE#         334
  C:28D9H         LINE#         336
  C:28D9H         LINE#         337
  C:28E0H         LINE#         338
  C:28E8H         LINE#         339
  C:28E8H         LINE#         340
  C:28EEH         LINE#         341
  C:28F6H         LINE#         342
  C:2905H         LINE#         343
  C:290DH         LINE#         344
  C:2911H         LINE#         345
  C:2914H         LINE#         346
  C:2914H         LINE#         349
  C:2914H         LINE#         350
  C:291BH         LINE#         351
  C:2923H         LINE#         352
  C:2923H         LINE#         353
  C:2923H         LINE#         354
  C:2923H         LINE#         355
  C:2933H         LINE#         356
  C:293BH         LINE#         357
  C:294DH         LINE#         358
  C:2950H         LINE#         359
  C:2950H         LINE#         361
  C:2950H         LINE#         362
  C:2957H         LINE#         363
  C:295FH         LINE#         364
  C:295FH         LINE#         365
  C:295FH         LINE#         366
  C:295FH         LINE#         367
  C:296AH         LINE#         368
  C:2972H         LINE#         369
  C:298DH         LINE#         370
  C:298FH         LINE#         371
  C:298FH         LINE#         373
  C:298FH         LINE#         374
  C:2996H         LINE#         375
  C:299EH         LINE#         376
  C:299EH         LINE#         377
  C:29A4H         LINE#         378
  C:29ABH         LINE#         379
BL51 BANKED LINKER/LOCATER V6.22                                                      05/18/2018  11:03:32  PAGE 22


  C:29B6H         LINE#         380
  C:29BDH         LINE#         381
  C:29C8H         LINE#         383
  C:29C8H         LINE#         384
  C:29C8H         LINE#         385
  C:29C8H         LINE#         386
  C:29C8H         LINE#         387
  C:29C8H         LINE#         389
  C:29CEH         LINE#         390
  -------         ENDPROC       TRANSCODE_COMMANDE_TO_SERIALIZER
  -------         ENDMOD        FONCTIONS_COTE_SERIALIZER

  -------         MODULE        GENERATION_SON
  C:0000H         SYMBOL        _ICE_DUMMY_
  D:00E8H         PUBLIC        ADC0CN
  D:00A8H         PUBLIC        IE
  D:00D8H         PUBLIC        PCA0CN
  D:00B8H         PUBLIC        IP
  D:00C0H         PUBLIC        SMB0CN
  D:00F8H         PUBLIC        SPI0CN
  D:0088H         PUBLIC        TCON
  C:54CCH         SYMBOL        _?ix1000
  C:4F12H         PUBLIC        son_sonore
  D:0098H         PUBLIC        SCON0
  D:00C8H         PUBLIC        T2CON
  D:00D0H         PUBLIC        PSW
  -------         PROC          SON_SONORE
  X:02BAH         SYMBOL        com
  -------         DO            
  X:02DFH         SYMBOL        rep
  X:02E3H         SYMBOL        commande_SPI
  X:02E4H         SYMBOL        taille_trame
  -------         ENDDO         
  C:4F12H         LINE#         10
  C:4F12H         LINE#         11
  C:4F25H         LINE#         12
  C:4F2AH         LINE#         13
  C:4F2EH         LINE#         15
  C:4F34H         LINE#         16
  C:4F41H         LINE#         17
  C:4F4EH         LINE#         18
  C:4F5BH         LINE#         19
  C:4F68H         LINE#         21
  C:4F7EH         LINE#         22
  -------         ENDPROC       SON_SONORE
  -------         ENDMOD        GENERATION_SON

  -------         MODULE        GPIO
  C:0000H         SYMBOL        _ICE_DUMMY_
  D:0080H         PUBLIC        P0
  D:0090H         PUBLIC        P1
  D:00A0H         PUBLIC        P2
  D:00B0H         PUBLIC        P3
  D:00E8H         PUBLIC        ADC0CN
  D:00A8H         PUBLIC        IE
  D:00D8H         PUBLIC        PCA0CN
  D:00B8H         PUBLIC        IP
BL51 BANKED LINKER/LOCATER V6.22                                                      05/18/2018  11:03:32  PAGE 23


  D:00C0H         PUBLIC        SMB0CN
  D:00F8H         PUBLIC        SPI0CN
  D:0088H         PUBLIC        TCON
  D:0098H         PUBLIC        SCON0
  D:00C8H         PUBLIC        T2CON
  D:00D0H         PUBLIC        PSW
  -------         ENDMOD        GPIO

  -------         MODULE        LIEN_STRUCTURE_COMMANDE
  C:0000H         SYMBOL        _ICE_DUMMY_
  D:0080H         PUBLIC        P0
  D:0090H         PUBLIC        P1
  D:00A0H         PUBLIC        P2
  D:00B0H         PUBLIC        P3
  X:058FH         PUBLIC        dist_arriere
  X:0593H         PUBLIC        Angle_voulu
  X:0594H         PUBLIC        angle
  D:00E8H         PUBLIC        ADC0CN
  D:00A8H         PUBLIC        IE
  D:00D8H         PUBLIC        PCA0CN
  D:00B8H         PUBLIC        IP
  D:00C0H         PUBLIC        SMB0CN
  X:0595H         PUBLIC        msg_Slave
  C:4772H         PUBLIC        tempo_emiss
  D:00F8H         PUBLIC        SPI0CN
  X:0596H         PUBLIC        dist_avant
  D:0088H         PUBLIC        TCON
  X:059AH         PUBLIC        mess
  X:05CCH         PUBLIC        message_s
  C:0AFAH         PUBLIC        fonctionRoutage
  C:3A1FH         SYMBOL        _?ix1000
  C:3A21H         SYMBOL        _?ix1001
  C:3A53H         SYMBOL        _?ix1002
  C:3A85H         SYMBOL        _?ix1003
  C:3AB7H         SYMBOL        _?ix1004
  X:05FEH         PUBLIC        Angle_atteint
  X:0600H         PUBLIC        a
  X:0601H         PUBLIC        courant_actuel
  D:0098H         PUBLIC        SCON0
  D:00C8H         PUBLIC        T2CON
  X:0605H         PUBLIC        i
  X:0606H         PUBLIC        commande_serializer
  D:00D0H         PUBLIC        PSW
  C:4962H         PUBLIC        routage
  -------         PROC          ROUTAGE
  X:02BAH         SYMBOL        commande
  X:02DFH         SYMBOL        type
  C:4962H         LINE#         44
  C:4962H         LINE#         46
  C:496AH         LINE#         47
  C:4977H         LINE#         48
  C:4979H         LINE#         49
  C:497DH         LINE#         50
  C:498AH         LINE#         51
  C:498CH         LINE#         52
  C:4992H         LINE#         53
  C:499FH         LINE#         54
BL51 BANKED LINKER/LOCATER V6.22                                                      05/18/2018  11:03:32  PAGE 24


  C:49A1H         LINE#         55
  C:49A7H         LINE#         56
  C:49B4H         LINE#         57
  C:49B6H         LINE#         58
  C:49BEH         LINE#         59
  C:49CBH         LINE#         60
  C:49CDH         LINE#         61
  C:49D1H         LINE#         62
  C:49DEH         LINE#         63
  C:49E0H         LINE#         64
  C:49E6H         LINE#         65
  C:49F6H         LINE#         66
  C:49F6H         LINE#         67
  -------         ENDPROC       ROUTAGE
  -------         PROC          FONCTIONROUTAGE
  X:009BH         SYMBOL        commande
  -------         DO            
  X:00C0H         SYMBOL        route
  X:00C1H         SYMBOL        commande_SPI
  X:00C2H         SYMBOL        trame
  X:00C4H         SYMBOL        taille_trame
  X:00C5H         SYMBOL        alpha
  X:00C9H         SYMBOL        distance
  X:00CBH         SYMBOL        angle_ascii
  X:00CEH         SYMBOL        mess
  X:0100H         SYMBOL        mess1
  X:0132H         SYMBOL        mess2
  X:0164H         SYMBOL        mess3
  X:0196H         SYMBOL        compteur
  X:0198H         SYMBOL        msg_Slave_ascii
  X:0298H         SYMBOL        info
  X:02B2H         SYMBOL        courant_ascii
  X:02B6H         SYMBOL        energie_ascii
  -------         ENDDO         
  C:0AFAH         LINE#         69
  C:0AFAH         LINE#         70
  C:0AFFH         LINE#         71
  C:0B01H         LINE#         72
  C:0B13H         LINE#         73
  C:0B19H         LINE#         77
  C:0B2BH         LINE#         78
  C:0B3EH         LINE#         79
  C:0B51H         LINE#         80
  C:0B64H         LINE#         81
  C:0B6BH         LINE#         87
  C:0B8EH         LINE#         89
  C:0BBEH         LINE#         91
  C:0BBEH         LINE#         92
  C:0BC8H         LINE#         93
  C:0BD7H         LINE#         94
  C:0BE0H         LINE#         96
  C:0BF4H         LINE#         97
  C:0C03H         LINE#         98
  C:0C1AH         LINE#         99
  C:0C1AH         LINE#         100
  C:0C1DH         LINE#         102
  C:0C1DH         LINE#         103
BL51 BANKED LINKER/LOCATER V6.22                                                      05/18/2018  11:03:32  PAGE 25


  C:0C23H         LINE#         104
  C:0C2EH         LINE#         105
  C:0C36H         LINE#         106
  C:0C3AH         LINE#         107
  C:0C40H         LINE#         108
  C:0C42H         LINE#         109
  C:0C42H         LINE#         110
  C:0C48H         LINE#         111
  C:0C48H         LINE#         112
  C:0C4EH         LINE#         113
  C:0C61H         LINE#         114
  C:0C64H         LINE#         115
  C:0C6CH         LINE#         116
  C:0C6FH         LINE#         117
  C:0C8EH         LINE#         118
  C:0C97H         LINE#         119
  C:0C9DH         LINE#         120
  C:0CA0H         LINE#         122
  C:0CA0H         LINE#         123
  C:0CABH         LINE#         124
  C:0CE2H         LINE#         125
  C:0D72H         LINE#         126
  C:0D8AH         LINE#         127
  C:0DA8H         LINE#         130
  C:0DAEH         LINE#         131
  C:0DBDH         LINE#         132
  C:0DE0H         LINE#         133
  C:0E04H         LINE#         136
  C:0E0AH         LINE#         137
  C:0E0EH         LINE#         138
  C:0E31H         LINE#         139
  C:0E55H         LINE#         142
  C:0E5BH         LINE#         143
  C:0E5FH         LINE#         144
  C:0E78H         LINE#         145
  C:0E9BH         LINE#         146
  C:0EBFH         LINE#         148
  C:0EC8H         LINE#         149
  C:0ED1H         LINE#         150
  C:0EDAH         LINE#         151
  C:0EE1H         LINE#         153
  C:0EE7H         LINE#         154
  C:0EE7H         LINE#         155
  C:0EF0H         LINE#         156
  C:0EF0H         LINE#         157
  C:0EF8H         LINE#         158
  C:0EFAH         LINE#         159
  C:0F0EH         LINE#         160
  C:0F1CH         LINE#         161
  C:0F1CH         LINE#         162
  C:0F23H         LINE#         163
  C:0F38H         LINE#         164
  C:0F3FH         LINE#         166
  C:0F48H         LINE#         167
  C:0F51H         LINE#         168
  C:0F5AH         LINE#         171
  C:0F61H         LINE#         172
BL51 BANKED LINKER/LOCATER V6.22                                                      05/18/2018  11:03:32  PAGE 26


  C:0F6AH         LINE#         173
  C:0F6AH         LINE#         174
  C:0F72H         LINE#         175
  C:0F74H         LINE#         176
  C:0F88H         LINE#         177
  C:0F96H         LINE#         178
  C:0F96H         LINE#         179
  C:0F9DH         LINE#         180
  C:0FB2H         LINE#         181
  C:0FB9H         LINE#         183
  C:0FC2H         LINE#         184
  C:0FCBH         LINE#         185
  C:0FD4H         LINE#         187
  C:0FD7H         LINE#         189
  C:0FD7H         LINE#         190
  C:0FFAH         LINE#         191
  C:101EH         LINE#         192
  C:1027H         LINE#         193
  C:1030H         LINE#         195
  C:1035H         LINE#         196
  C:1039H         LINE#         198
  C:1039H         LINE#         199
  C:1041H         LINE#         200
  C:1043H         LINE#         201
  C:105AH         LINE#         202
  C:1060H         LINE#         203
  C:1060H         LINE#         204
  C:1067H         LINE#         205
  C:1067H         LINE#         208
  C:107CH         LINE#         209
  C:1082H         LINE#         210
  C:1085H         LINE#         213
  C:1085H         LINE#         214
  C:109BH         LINE#         215
  C:10A4H         LINE#         216
  C:10ADH         LINE#         217
  C:10BCH         LINE#         218
  C:10BCH         LINE#         220
  C:10BCH         LINE#         221
  C:10C7H         LINE#         222
  C:10E4H         LINE#         223
  C:10EDH         LINE#         224
  C:10F3H         LINE#         225
  C:10F5H         LINE#         226
  C:10F5H         LINE#         227
  C:1100H         LINE#         228
  C:110FH         LINE#         229
  C:112CH         LINE#         230
  C:1135H         LINE#         231
  C:113BH         LINE#         232
  C:113DH         LINE#         234
  C:113DH         LINE#         235
  C:1153H         LINE#         236
  C:1153H         LINE#         238
  C:1153H         LINE#         239
  C:1162H         LINE#         240
  C:116BH         LINE#         241
BL51 BANKED LINKER/LOCATER V6.22                                                      05/18/2018  11:03:32  PAGE 27


  C:116BH         LINE#         243
  C:116BH         LINE#         244
  -------         ENDPROC       FONCTIONROUTAGE
  -------         PROC          TEMPO_EMISS
  -------         DO            
  X:02E5H         SYMBOL        x
  -------         ENDDO         
  C:4772H         LINE#         246
  C:4772H         LINE#         247
  C:4779H         LINE#         249
  C:47A6H         LINE#         250
  C:47D4H         LINE#         251
  C:4802H         LINE#         252
  C:4830H         LINE#         253
  -------         ENDPROC       TEMPO_EMISS
  -------         ENDMOD        LIEN_STRUCTURE_COMMANDE

  -------         MODULE        MAIN
  C:0000H         SYMBOL        _ICE_DUMMY_
  X:06B5H         PUBLIC        message_PC_com
  D:0080H         PUBLIC        P0
  D:0090H         PUBLIC        P1
  D:00A0H         PUBLIC        P2
  D:00B0H         PUBLIC        P3
  C:0026H         PUBLIC        ISR_Timer2
  B:00A8H.7       PUBLIC        EA
  C:4E9AH         PUBLIC        ISR_Timer3
  B:00A0H.0       PUBLIC        PWM_servo
  X:06E7H         PUBLIC        vitesse_par_defaut
  D:00E8H         PUBLIC        ADC0CN
  D:00A8H         PUBLIC        IE
  D:00D8H         PUBLIC        PCA0CN
  D:00B8H         PUBLIC        IP
  X:06E9H         PUBLIC        commande_correct
  D:00C0H         PUBLIC        SMB0CN
  C:32A7H         PUBLIC        main
  D:00F8H         PUBLIC        SPI0CN
  D:0088H         PUBLIC        TCON
  C:29D9H         PUBLIC        _conv
  D:0091H         PUBLIC        TMR3CN
  C:46A6H         PUBLIC        _conversionangle_positif
  C:323AH         SYMBOL        _?ix1000
  C:326CH         SYMBOL        _?ix1001
  C:3272H         SYMBOL        _?ix1002
  X:06EBH         PUBLIC        epreuve_en_cours
  C:3275H         SYMBOL        _?ix1003
  C:2553H         PUBLIC        _Message
  B:00C8H.7       PUBLIC        TF2
  B:00C8H.2       PUBLIC        TR2
  X:06ECH         PUBLIC        energie
  D:0098H         PUBLIC        SCON0
  C:3851H         PUBLIC        _traitement_A
  C:4A83H         PUBLIC        _traitement_B
  C:2DB5H         PUBLIC        _traitement_C
  D:00C8H         PUBLIC        T2CON
  C:3AE9H         PUBLIC        _traitement_D
  C:52DAH         PUBLIC        _conversioncoord
BL51 BANKED LINKER/LOCATER V6.22                                                      05/18/2018  11:03:32  PAGE 28


  C:5403H         PUBLIC        traitement_E
  C:2F72H         PUBLIC        _traitement_G
  C:5415H         PUBLIC        _traitement_I
  C:1FCBH         PUBLIC        _traitement_M
  B:00A0H.5       PUBLIC        NSS_slave
  C:5427H         PUBLIC        _traitement_P
  C:546BH         PUBLIC        traitement_Q
  C:36F8H         PUBLIC        _traitement_R
  C:22F8H         PUBLIC        _traitement_S
  C:4C23H         PUBLIC        _traitement_T
  D:00D0H         PUBLIC        PSW
  C:52D4H         SYMBOL        L?0299
  -------         PROC          L?0298
  -------         ENDPROC       L?0298
  C:52D4H         SYMBOL        L?0299
  -------         PROC          _CONVERSIONCOORD
  D:0001H         SYMBOL        tableau
  -------         DO            
  D:0006H         SYMBOL        dizaine
  D:0004H         SYMBOL        unite
  D:0007H         SYMBOL        valeur
  -------         ENDDO         
  C:52DAH         LINE#         37
  C:52DAH         LINE#         38
  C:52DBH         LINE#         39
  C:52DCH         LINE#         42
  C:52EBH         LINE#         43
  C:52F4H         LINE#         45
  C:52F7H         LINE#         46
  C:52F7H         LINE#         47
  -------         ENDPROC       _CONVERSIONCOORD
  C:29CFH         SYMBOL        L?0297
  -------         PROC          L?0296
  -------         ENDPROC       L?0296
  C:29CFH         SYMBOL        L?0297
  -------         PROC          _CONV
  X:00F7H         SYMBOL        nbr
  X:00FAH         SYMBOL        taille
  -------         DO            
  X:00FCH         SYMBOL        k
  X:00FEH         SYMBOL        t1
  X:0102H         SYMBOL        ret
  X:0104H         SYMBOL        numero
  -------         ENDDO         
  C:29D9H         LINE#         63
  C:29ECH         LINE#         64
  C:29ECH         LINE#         65
  C:29F3H         LINE#         66
  C:29FBH         LINE#         67
  C:2A02H         LINE#         68
  C:2A06H         LINE#         70
  C:2A10H         LINE#         71
  C:2A10H         LINE#         72
  C:2A35H         LINE#         73
  C:2A35H         LINE#         74
  C:2A61H         LINE#         75
  C:2A98H         LINE#         76
BL51 BANKED LINKER/LOCATER V6.22                                                      05/18/2018  11:03:32  PAGE 29


  C:2AF6H         LINE#         77
  C:2B02H         LINE#         78
  C:2B16H         LINE#         79
  C:2B2DH         LINE#         80
  C:2B30H         LINE#         82
  C:2B30H         LINE#         83
  C:2B54H         LINE#         84
  C:2B54H         LINE#         85
  C:2BC7H         LINE#         86
  C:2BD3H         LINE#         87
  C:2BE4H         LINE#         88
  C:2BE4H         LINE#         89
  C:2BECH         LINE#         90
  -------         ENDPROC       _CONV
  -------         PROC          L?0300
  -------         ENDPROC       L?0300
  -------         PROC          _CONVERSIONANGLE_POSITIF
  D:0001H         SYMBOL        tableau
  -------         DO            
  X:00F2H         SYMBOL        centaine
  X:00F4H         SYMBOL        dizaine
  X:00F6H         SYMBOL        unite
  X:00F8H         SYMBOL        valeur
  -------         ENDDO         
  C:46A6H         LINE#         91
  C:46A6H         LINE#         92
  C:46ADH         LINE#         93
  C:46B1H         LINE#         94
  C:46B5H         LINE#         97
  C:46BCH         LINE#         98
  C:46DAH         LINE#         99
  C:46EDH         LINE#         100
  C:4701H         LINE#         101
  C:4703H         LINE#         102
  C:4703H         LINE#         103
  C:471CH         LINE#         104
  C:4736H         LINE#         105
  C:474AH         LINE#         106
  C:4769H         LINE#         107
  C:4769H         LINE#         108
  C:4771H         LINE#         109
  -------         ENDPROC       _CONVERSIONANGLE_POSITIF
  -------         PROC          _TRAITEMENT_A
  X:00C3H         SYMBOL        com
  X:00C6H         SYMBOL        commande
  -------         DO            
  D:0007H         SYMBOL        vitesse
  X:00EBH         SYMBOL        tab
  X:00EEH         SYMBOL        j
  D:0007H         SYMBOL        duree
  -------         ENDDO         
  C:3851H         LINE#         111
  C:385CH         LINE#         117
  C:386DH         LINE#         118
  C:386DH         LINE#         119
  C:386DH         LINE#         120
  C:386DH         LINE#         121
BL51 BANKED LINKER/LOCATER V6.22                                                      05/18/2018  11:03:32  PAGE 30


  C:3874H         LINE#         122
  C:387CH         LINE#         123
  C:387CH         LINE#         124
  C:38A3H         LINE#         125
  C:38BDH         LINE#         126
  C:38C0H         LINE#         127
  C:38D0H         LINE#         128
  C:38D0H         LINE#         129
  C:38D0H         LINE#         130
  C:38D3H         LINE#         131
  C:38D8H         LINE#         132
  C:38DBH         LINE#         133
  C:38DBH         LINE#         134
  C:38DBH         LINE#         135
  C:38DBH         LINE#         136
  C:38E6H         LINE#         137
  C:38EBH         LINE#         139
  C:3903H         LINE#         140
  C:3903H         LINE#         141
  C:390CH         LINE#         142
  C:390CH         LINE#         143
  C:3933H         LINE#         144
  C:394DH         LINE#         145
  C:3950H         LINE#         146
  C:395FH         LINE#         147
  C:395FH         LINE#         148
  C:3966H         LINE#         149
  C:3968H         LINE#         151
  C:3968H         LINE#         152
  C:396CH         LINE#         153
  C:396CH         LINE#         155
  C:396EH         LINE#         163
  C:396EH         LINE#         164
  C:396EH         LINE#         165
  C:396EH         LINE#         166
  C:3975H         LINE#         167
  C:397BH         LINE#         168
  C:3985H         LINE#         169
  C:3985H         LINE#         170
  C:398EH         LINE#         171
  C:399DH         LINE#         172
  C:399DH         LINE#         173
  C:399DH         LINE#         174
  C:39A3H         LINE#         175
  -------         ENDPROC       _TRAITEMENT_A
  -------         PROC          _TRAITEMENT_B
  X:00C3H         SYMBOL        com
  X:00C6H         SYMBOL        commande
  -------         DO            
  D:0007H         SYMBOL        vitesse
  X:00EBH         SYMBOL        tab
  D:0006H         SYMBOL        j
  -------         ENDDO         
  C:4A83H         LINE#         176
  C:4A8EH         LINE#         177
  C:4A8EH         LINE#         181
  C:4A94H         LINE#         182
BL51 BANKED LINKER/LOCATER V6.22                                                      05/18/2018  11:03:32  PAGE 31


  C:4AA9H         LINE#         183
  C:4AA9H         LINE#         184
  C:4AACH         LINE#         185
  C:4AACH         LINE#         186
  C:4ACBH         LINE#         187
  C:4AD6H         LINE#         188
  C:4ADFH         LINE#         189
  C:4AEFH         LINE#         190
  C:4AEFH         LINE#         191
  C:4AF6H         LINE#         192
  C:4AF8H         LINE#         194
  C:4AF8H         LINE#         195
  C:4AFDH         LINE#         196
  C:4AFDH         LINE#         197
  C:4AFDH         LINE#         198
  C:4AFFH         LINE#         200
  C:4AFFH         LINE#         201
  C:4B07H         LINE#         202
  C:4B07H         LINE#         204
  C:4B0DH         LINE#         205
  -------         ENDPROC       _TRAITEMENT_B
  -------         PROC          _TRAITEMENT_C
  X:00C3H         SYMBOL        com
  X:00C6H         SYMBOL        commande
  -------         DO            
  X:00EBH         SYMBOL        angle
  X:00EDH         SYMBOL        tab
  X:00F0H         SYMBOL        j
  -------         ENDDO         
  C:2DB5H         LINE#         206
  C:2DC0H         LINE#         207
  C:2DC0H         LINE#         210
  C:2DC7H         LINE#         211
  C:2DE6H         LINE#         212
  C:2DE6H         LINE#         213
  C:2DE6H         LINE#         214
  C:2DE6H         LINE#         215
  C:2DECH         LINE#         216
  C:2DF9H         LINE#         217
  C:2DF9H         LINE#         218
  C:2E01H         LINE#         219
  C:2E01H         LINE#         220
  C:2E28H         LINE#         221
  C:2E42H         LINE#         222
  C:2E53H         LINE#         223
  C:2E6FH         LINE#         224
  C:2E6FH         LINE#         225
  C:2E73H         LINE#         226
  C:2E75H         LINE#         228
  C:2E75H         LINE#         229
  C:2E7DH         LINE#         230
  C:2E85H         LINE#         231
  C:2E85H         LINE#         232
  C:2E87H         LINE#         234
  C:2E87H         LINE#         235
  C:2E8EH         LINE#         236
  C:2E8EH         LINE#         237
BL51 BANKED LINKER/LOCATER V6.22                                                      05/18/2018  11:03:32  PAGE 32


  C:2E9DH         LINE#         238
  C:2EA0H         LINE#         239
  C:2EA0H         LINE#         240
  C:2EA0H         LINE#         241
  C:2EA0H         LINE#         242
  C:2EA6H         LINE#         243
  C:2EBEH         LINE#         244
  C:2EBEH         LINE#         245
  C:2EC6H         LINE#         246
  C:2EC6H         LINE#         247
  C:2EEDH         LINE#         248
  C:2F07H         LINE#         249
  C:2F18H         LINE#         250
  C:2F34H         LINE#         251
  C:2F34H         LINE#         252
  C:2F38H         LINE#         253
  C:2F3AH         LINE#         255
  C:2F3AH         LINE#         256
  C:2F42H         LINE#         257
  C:2F4AH         LINE#         258
  C:2F4AH         LINE#         259
  C:2F4CH         LINE#         262
  C:2F4CH         LINE#         263
  C:2F53H         LINE#         264
  C:2F56H         LINE#         265
  C:2F56H         LINE#         267
  C:2F58H         LINE#         268
  C:2F58H         LINE#         269
  C:2F58H         LINE#         270
  C:2F58H         LINE#         271
  C:2F5EH         LINE#         272
  C:2F65H         LINE#         273
  C:2F6BH         LINE#         274
  C:2F6BH         LINE#         275
  C:2F6BH         LINE#         276
  C:2F6BH         LINE#         277
  C:2F71H         LINE#         278
  -------         ENDPROC       _TRAITEMENT_C
  -------         PROC          _TRAITEMENT_D
  D:0001H         SYMBOL        com
  X:00C6H         SYMBOL        commande
  C:3AE9H         LINE#         279
  C:3AE9H         LINE#         280
  C:3AE9H         LINE#         281
  C:3B1FH         LINE#         282
  C:3B1FH         LINE#         283
  C:3B1FH         LINE#         284
  C:3B1FH         LINE#         285
  C:3B25H         LINE#         286
  C:3B33H         LINE#         287
  C:3B39H         LINE#         289
  C:3B3CH         LINE#         291
  C:3B3CH         LINE#         292
  C:3B3CH         LINE#         293
  C:3B3CH         LINE#         294
  C:3B42H         LINE#         295
  C:3B51H         LINE#         296
BL51 BANKED LINKER/LOCATER V6.22                                                      05/18/2018  11:03:32  PAGE 33


  C:3B57H         LINE#         298
  C:3B5AH         LINE#         300
  C:3B5AH         LINE#         301
  C:3B5AH         LINE#         302
  C:3B5AH         LINE#         303
  C:3B60H         LINE#         304
  C:3B64H         LINE#         305
  C:3B70H         LINE#         307
  C:3B73H         LINE#         309
  C:3B73H         LINE#         310
  C:3B73H         LINE#         311
  C:3B73H         LINE#         312
  C:3B79H         LINE#         313
  C:3B7DH         LINE#         314
  C:3B89H         LINE#         316
  C:3B8BH         LINE#         318
  C:3B8BH         LINE#         319
  C:3B8BH         LINE#         320
  C:3B8BH         LINE#         321
  C:3B91H         LINE#         322
  C:3B95H         LINE#         323
  C:3BA1H         LINE#         325
  C:3BA3H         LINE#         326
  C:3BA3H         LINE#         327
[...]
  C:4B99H         LINE#         170
  C:4BDFH         LINE#         171
  C:4BDFH         LINE#         172
  C:4BEDH         LINE#         173
  C:4C16H         LINE#         175
  C:4C19H         LINE#         176
  C:4C1BH         LINE#         177
  C:4C1DH         LINE#         178
  C:4C1DH         LINE#         179
  C:4C20H         LINE#         180
BL51 BANKED LINKER/LOCATER V6.22                                                      05/18/2018  11:03:32  PAGE 50


  C:4C20H         LINE#         181
  C:4C22H         LINE#         182
  -------         ENDPROC       _SEROUTCHAR
  -------         PROC          SERINCHAR
  -------         DO            
  D:0005H         SYMBOL        c
  -------         ENDDO         
  C:4FECH         LINE#         188
  C:4FECH         LINE#         191
  C:5008H         LINE#         192
  C:5008H         LINE#         194
  C:5016H         LINE#         195
  C:504AH         LINE#         196
  C:504DH         LINE#         197
  C:504DH         LINE#         198
  C:504FH         LINE#         199
  -------         ENDPROC       SERINCHAR
  -------         PROC          SERINCHAR_BIN
  -------         DO            
  D:0005H         SYMBOL        c
  X:0701H         SYMBOL        return_code
  -------         ENDDO         
  C:4D26H         LINE#         207
  C:4D26H         LINE#         209
  C:4D2DH         LINE#         211
  C:4D49H         LINE#         212
  C:4D49H         LINE#         214
  C:4D57H         LINE#         215
  C:4D8BH         LINE#         216
  C:4D9AH         LINE#         217
  C:4D9AH         LINE#         219
  C:4DA2H         LINE#         220
  -------         ENDPROC       SERINCHAR_BIN
  -------         PROC          _SEROUTSTRING
  X:02BAH         SYMBOL        buf
  -------         DO            
  X:02BDH         SYMBOL        len
  X:02BEH         SYMBOL        code_err
  -------         ENDDO         
  C:50B4H         LINE#         224
  C:50BFH         LINE#         225
  C:50C4H         LINE#         227
  C:50E5H         LINE#         228
  C:510CH         LINE#         229
  C:5111H         LINE#         230
  -------         ENDPROC       _SEROUTSTRING
  -------         PROC          CFG_CLOCK_UART
  C:53F0H         LINE#         244
  C:53F0H         LINE#         245
  C:53F3H         LINE#         246
  C:53F6H         LINE#         247
  C:53F9H         LINE#         248
  C:53FBH         LINE#         250
  C:53FEH         LINE#         251
  C:5400H         LINE#         252
  C:5402H         LINE#         253
  -------         ENDPROC       CFG_CLOCK_UART
BL51 BANKED LINKER/LOCATER V6.22                                                      05/18/2018  11:03:32  PAGE 51


  -------         PROC          CFG_UART0_MODE1
  C:5439H         LINE#         259
  C:5439H         LINE#         260
  C:543BH         LINE#         261
  C:543DH         LINE#         262
  C:5440H         LINE#         263
  C:5443H         LINE#         264
  C:5446H         LINE#         265
  C:5448H         LINE#         267
  C:544AH         LINE#         268
  -------         ENDPROC       CFG_UART0_MODE1
  -------         ENDMOD        UART0_RINGBUFFER_LIB

  -------         MODULE        UART1
  C:0000H         SYMBOL        _ICE_DUMMY_
  D:00E7H         PUBLIC        EIE2
  D:00E8H         PUBLIC        ADC0CN
  D:00A8H         PUBLIC        IE
  X:0665H         SYMBOL        inbuf
  D:00D8H         PUBLIC        PCA0CN
  X:0685H         SYMBOL        outbuf
  D:00B8H         PUBLIC        IP
  C:545BH         PUBLIC        CFG_UART1
  D:00C0H         PUBLIC        SMB0CN
  B:0021H.2       SYMBOL        TXactive
  D:00F8H         PUBLIC        SPI0CN
  D:0087H         PUBLIC        PCON
  D:0088H         PUBLIC        TCON
  C:42D0H         PUBLIC        UART1_ISR
  C:4DA3H         PUBLIC        serInchar_Bin1
  C:5112H         PUBLIC        _serOutstring1
  C:5050H         PUBLIC        serInchar1
  X:06A5H         SYMBOL        in
  C:4B0EH         PUBLIC        _serOutchar1
  X:06ADH         SYMBOL        out
  D:00F2H         PUBLIC        SBUF1
  D:0098H         PUBLIC        SCON0
  D:00F1H         PUBLIC        SCON1
  D:00C8H         PUBLIC        T2CON
  D:00C9H         PUBLIC        T4CON
  C:51CBH         PUBLIC        init_Serial_Buffer1
  D:00D0H         PUBLIC        PSW
  -------         PROC          UART1_ISR
  C:42D0H         LINE#         86
  C:42E3H         LINE#         95
  C:42E8H         LINE#         96
  C:42E8H         LINE#         97
  C:4304H         LINE#         98
  C:4313H         LINE#         99
  C:433CH         LINE#         101
  C:433EH         LINE#         102
  C:4340H         LINE#         103
  C:4343H         LINE#         105
  C:4345H         LINE#         107
  C:4345H         LINE#         108
  C:4380H         LINE#         109
  C:438FH         LINE#         110
BL51 BANKED LINKER/LOCATER V6.22                                                      05/18/2018  11:03:32  PAGE 52


  C:43B8H         LINE#         112
  C:43B8H         LINE#         113
  C:43BBH         LINE#         114
  C:43BBH         LINE#         115
  -------         ENDPROC       UART1_ISR
  -------         PROC          INIT_SERIAL_BUFFER1
  C:51CBH         LINE#         120
  C:51CBH         LINE#         121
  C:51F8H         LINE#         122
  C:5225H         LINE#         123
  -------         ENDPROC       INIT_SERIAL_BUFFER1
  -------         PROC          _SEROUTCHAR1
  D:0007H         SYMBOL        c
  C:4B0EH         LINE#         127
  C:4B0EH         LINE#         129
  C:4B54H         LINE#         130
  C:4B54H         LINE#         131
  C:4B62H         LINE#         132
  C:4B8BH         LINE#         134
  C:4B8EH         LINE#         135
  C:4B90H         LINE#         136
  C:4B93H         LINE#         138
  C:4B93H         LINE#         139
  C:4B96H         LINE#         140
  C:4B96H         LINE#         142
  C:4B98H         LINE#         143
  -------         ENDPROC       _SEROUTCHAR1
  -------         PROC          SERINCHAR1
  -------         DO            
  D:0005H         SYMBOL        c
  -------         ENDDO         
  C:5050H         LINE#         149
  C:5050H         LINE#         152
  C:506CH         LINE#         153
  C:506CH         LINE#         154
  C:507AH         LINE#         155
  C:50AEH         LINE#         156
  C:50B1H         LINE#         157
  C:50B1H         LINE#         159
  C:50B3H         LINE#         160
  -------         ENDPROC       SERINCHAR1
  -------         PROC          SERINCHAR_BIN1
  -------         DO            
  D:0005H         SYMBOL        c
  X:0703H         SYMBOL        return_code
  -------         ENDDO         
  C:4DA3H         LINE#         168
  C:4DA3H         LINE#         170
  C:4DAAH         LINE#         172
  C:4DC6H         LINE#         174
  C:4DD4H         LINE#         175
  C:4E08H         LINE#         176
  C:4E17H         LINE#         177
  C:4E17H         LINE#         180
  C:4E1FH         LINE#         181
  -------         ENDPROC       SERINCHAR_BIN1
  -------         PROC          _SEROUTSTRING1
BL51 BANKED LINKER/LOCATER V6.22                                                      05/18/2018  11:03:32  PAGE 53


  X:02BAH         SYMBOL        buf
  -------         DO            
  X:02BDH         SYMBOL        len
  X:02BEH         SYMBOL        code_err
  -------         ENDDO         
  C:5112H         LINE#         185
  C:511DH         LINE#         186
  C:5122H         LINE#         188
  C:5143H         LINE#         189
  C:516AH         LINE#         190
  C:516FH         LINE#         191
  -------         ENDPROC       _SEROUTSTRING1
  -------         PROC          CFG_UART1
  C:545BH         LINE#         225
  C:545BH         LINE#         226
  C:545EH         LINE#         227
  C:5461H         LINE#         228
  C:5464H         LINE#         229
  C:5467H         LINE#         231
  C:546AH         LINE#         232
  -------         ENDPROC       CFG_UART1
  -------         ENDMOD        UART1

  -------         MODULE        ULTRASON
  C:0000H         SYMBOL        _ICE_DUMMY_
  D:0080H         PUBLIC        P0
  D:0090H         PUBLIC        P1
  D:00A0H         PUBLIC        P2
  D:00B0H         PUBLIC        P3
  D:00E8H         PUBLIC        ADC0CN
  D:00A8H         PUBLIC        IE
  B:00A0H.4       PUBLIC        Echo_ultrason_ar
  D:00D8H         PUBLIC        PCA0CN
  B:00A0H.2       PUBLIC        Echo_ultrason_av
  D:00B8H         PUBLIC        IP
  D:00C0H         PUBLIC        SMB0CN
  B:00A0H.3       PUBLIC        Trig_ultrason_ar
  B:00A0H.1       PUBLIC        Trig_ultrason_av
  D:00F8H         PUBLIC        SPI0CN
  D:0088H         PUBLIC        TCON
  B:0088H.5       PUBLIC        TF0
  D:008CH         PUBLIC        TH0
  C:41BCH         PUBLIC        MES_Dist_AR
  D:008AH         PUBLIC        TL0
  C:40A8H         PUBLIC        MES_Dist_AV
  B:0088H.4       PUBLIC        TR0
  D:0098H         PUBLIC        SCON0
  D:00C8H         PUBLIC        T2CON
  D:00D0H         PUBLIC        PSW
  -------         PROC          MES_DIST_AV
  -------         DO            
  D:0004H         SYMBOL        Delta
  X:0428H         SYMBOL        TL0_tmp
  X:042CH         SYMBOL        TH0_tmp
  D:0004H         SYMBOL        Duree
  X:0430H         SYMBOL        Dist
  D:0004H         SYMBOL        Duree2
BL51 BANKED LINKER/LOCATER V6.22                                                      05/18/2018  11:03:32  PAGE 54


  X:0434H         SYMBOL        i
  X:0436H         SYMBOL        RegistreTemp
  -------         ENDDO         
  C:40A8H         LINE#         12
  C:40A8H         LINE#         19
  C:40AFH         LINE#         22
  C:40B2H         LINE#         23
  C:40B4H         LINE#         24
  C:40BEH         LINE#         25
  C:40C8H         LINE#         27
  C:40D9H         LINE#         28
  C:40DAH         LINE#         29
  C:40E6H         LINE#         30
  C:40E8H         LINE#         32
  C:40EAH         LINE#         33
  C:40ECH         LINE#         35
  C:40F2H         LINE#         37
  C:40F5H         LINE#         38
  C:40FFH         LINE#         39
  C:4102H         LINE#         41
  C:4102H         LINE#         42
  C:410EH         LINE#         43
  C:411AH         LINE#         44
  C:411DH         LINE#         45
  C:411FH         LINE#         46
  C:414EH         LINE#         47
  C:417FH         LINE#         49
  C:4190H         LINE#         50
  C:419BH         LINE#         51
  C:41ABH         LINE#         52
  C:41ADH         LINE#         53
  C:41ADH         LINE#         55
  C:41BBH         LINE#         56
  -------         ENDPROC       MES_DIST_AV
  -------         PROC          MES_DIST_AR
  -------         DO            
  D:0004H         SYMBOL        Delta
  X:0428H         SYMBOL        TL0_tmp
  X:042CH         SYMBOL        TH0_tmp
  D:0004H         SYMBOL        Duree
  X:0430H         SYMBOL        Dist
  D:0004H         SYMBOL        Duree2
  X:0434H         SYMBOL        i
  X:0436H         SYMBOL        RegistreTemp
  -------         ENDDO         
  C:41BCH         LINE#         58
  C:41BCH         LINE#         59
  C:41BCH         LINE#         66
  C:41C3H         LINE#         69
  C:41C6H         LINE#         70
  C:41C8H         LINE#         71
  C:41D2H         LINE#         72
  C:41DCH         LINE#         74
  C:41EDH         LINE#         75
  C:41EEH         LINE#         76
  C:41FAH         LINE#         77
  C:41FCH         LINE#         79
BL51 BANKED LINKER/LOCATER V6.22                                                      05/18/2018  11:03:32  PAGE 55


  C:41FEH         LINE#         80
  C:4200H         LINE#         82
  C:4206H         LINE#         84
  C:4209H         LINE#         85
  C:4213H         LINE#         86
  C:4216H         LINE#         88
  C:4216H         LINE#         89
  C:4222H         LINE#         90
  C:422EH         LINE#         91
  C:4231H         LINE#         92
  C:4233H         LINE#         93
  C:4262H         LINE#         94
  C:4293H         LINE#         96
  C:42A4H         LINE#         97
  C:42AFH         LINE#         98
  C:42BFH         LINE#         99
  C:42C1H         LINE#         100
  C:42C1H         LINE#         102
  C:42CFH         LINE#         103
  -------         ENDPROC       MES_DIST_AR
  -------         ENDMOD        ULTRASON

  -------         MODULE        ?C?FPADD
  C:00ADH         PUBLIC        ?C?FPADD
  C:00A9H         PUBLIC        ?C?FPSUB
  -------         ENDMOD        ?C?FPADD

  -------         MODULE        ?C?FPMUL
  C:019EH         PUBLIC        ?C?FPMUL
  -------         ENDMOD        ?C?FPMUL

  -------         MODULE        ?C?FPDIV
  C:02A7H         PUBLIC        ?C?FPDIV
  -------         ENDMOD        ?C?FPDIV

  -------         MODULE        ?C?FPCMP
  C:0346H         PUBLIC        ?C?FPCMP
  C:0344H         PUBLIC        ?C?FPCMP3
  -------         ENDMOD        ?C?FPCMP

  -------         MODULE        ?C?FCAST
  C:03C7H         PUBLIC        ?C?FCASTC
  C:03C2H         PUBLIC        ?C?FCASTI
  C:03BDH         PUBLIC        ?C?FCASTL
  -------         ENDMOD        ?C?FCAST

  -------         MODULE        ?C?CASTF
  C:03FBH         PUBLIC        ?C?CASTF
  -------         ENDMOD        ?C?CASTF

  -------         MODULE        PRINTF
  X:0428H         PUBLIC        ?_PRINTF?BYTE
  X:0428H         PUBLIC        ?_SPRINTF?BYTE
  C:1BB3H         PUBLIC        _PRINTF
  C:1BADH         PUBLIC        _SPRINTF
  -------         ENDMOD        PRINTF

BL51 BANKED LINKER/LOCATER V6.22                                                      05/18/2018  11:03:32  PAGE 56


  -------         MODULE        ATAN
  C:3FA6H         PUBLIC        _ATAN
  -------         ENDMOD        ATAN

  -------         MODULE        CEIL
  C:44C4H         PUBLIC        _ceil
  -------         ENDMOD        CEIL

  -------         MODULE        POW
  X:02BAH         PUBLIC        ?_pow?BYTE
  C:3592H         PUBLIC        _pow
  -------         ENDMOD        POW

  -------         MODULE        ?C?CHKFLOAT
  C:047CH         PUBLIC        ?C?CHKFLOAT
  -------         ENDMOD        ?C?CHKFLOAT

  -------         MODULE        ?C?FPNEG
  C:0496H         PUBLIC        ?C?FPNEG
  -------         ENDMOD        ?C?FPNEG

  -------         MODULE        ?C?FPROUND
  C:04A7H         PUBLIC        ?C?FPROUND
  -------         ENDMOD        ?C?FPROUND

  -------         MODULE        ?C?FPCONVERT
  C:04E4H         PUBLIC        ?C?FPCONVERT
  -------         ENDMOD        ?C?FPCONVERT

  -------         MODULE        EXP
  C:4869H         PUBLIC        _EXP
  -------         ENDMOD        EXP

  -------         MODULE        LOG
  C:3C47H         PUBLIC        _LOG
  C:3C43H         PUBLIC        _LOG10
  -------         ENDMOD        LOG

  -------         MODULE        ?C?FTNPWR
  C:0666H         PUBLIC        ?C?FTNPWR
  -------         ENDMOD        ?C?FTNPWR

  -------         MODULE        ?C?COPY
  C:0776H         PUBLIC        ?C?COPY
  -------         ENDMOD        ?C?COPY

  -------         MODULE        ?C?SCDIV
  C:079CH         PUBLIC        ?C?SCDIV
  -------         ENDMOD        ?C?SCDIV

  -------         MODULE        ?C?CLDPTR
  C:07BEH         PUBLIC        ?C?CLDPTR
  -------         ENDMOD        ?C?CLDPTR

  -------         MODULE        ?C?CLDOPTR
  C:07D7H         PUBLIC        ?C?CLDOPTR
  -------         ENDMOD        ?C?CLDOPTR
BL51 BANKED LINKER/LOCATER V6.22                                                      05/18/2018  11:03:32  PAGE 57



  -------         MODULE        ?C?CSTPTR
  C:0804H         PUBLIC        ?C?CSTPTR
  -------         ENDMOD        ?C?CSTPTR

  -------         MODULE        ?C?CSTOPTR
  C:0816H         PUBLIC        ?C?CSTOPTR
  -------         ENDMOD        ?C?CSTOPTR

  -------         MODULE        ?C?IMUL
  C:0838H         PUBLIC        ?C?IMUL
  -------         ENDMOD        ?C?IMUL

  -------         MODULE        ?C?SIDIV
  C:084AH         PUBLIC        ?C?SIDIV
  -------         ENDMOD        ?C?SIDIV

  -------         MODULE        ?C?IILDX
  C:0880H         PUBLIC        ?C?IILDX
  -------         ENDMOD        ?C?IILDX

  -------         MODULE        ?C?LNEG
  C:0896H         PUBLIC        ?C?LNEG
  -------         ENDMOD        ?C?LNEG

  -------         MODULE        ?C?SLCMP
  C:08A4H         PUBLIC        ?C?SLCMP
  -------         ENDMOD        ?C?SLCMP

  -------         MODULE        ?C?ULCMP
  C:08BAH         PUBLIC        ?C?ULCMP
  -------         ENDMOD        ?C?ULCMP

  -------         MODULE        ?C?LLDCODE
  C:08CBH         PUBLIC        ?C?LLDCODE
  -------         ENDMOD        ?C?LLDCODE

  -------         MODULE        ?C?LLDXDATA0
  C:08DBH         PUBLIC        ?C?LLDXDATA0
  -------         ENDMOD        ?C?LLDXDATA0

  -------         MODULE        ?C?LLDCODE0
  C:08E7H         PUBLIC        ?C?LLDCODE0
  -------         ENDMOD        ?C?LLDCODE0

  -------         MODULE        ?C?LSTXDATA
  C:08F7H         PUBLIC        ?C?LSTXDATA
  -------         ENDMOD        ?C?LSTXDATA

  -------         MODULE        ?C?LSTKXDATA
  C:0903H         PUBLIC        ?C?LSTKXDATA
  -------         ENDMOD        ?C?LSTKXDATA

  -------         MODULE        ?C?PLDIXDATA
  C:0934H         PUBLIC        ?C?PLDIXDATA
  -------         ENDMOD        ?C?PLDIXDATA

BL51 BANKED LINKER/LOCATER V6.22                                                      05/18/2018  11:03:32  PAGE 58


  -------         MODULE        ?C?PSTXDATA
  C:094BH         PUBLIC        ?C?PSTXDATA
  -------         ENDMOD        ?C?PSTXDATA

  -------         MODULE        ?C?CCASE
  C:0954H         PUBLIC        ?C?CCASE
  -------         ENDMOD        ?C?CCASE

  -------         MODULE        PUTCHAR
  C:0076H         PUBLIC        _PUTCHAR
  -------         ENDMOD        PUTCHAR

  -------         MODULE        STRCAT
  X:0428H         PUBLIC        ?_strcat?BYTE
  C:4F81H         PUBLIC        _strcat
  -------         ENDMOD        STRCAT

  -------         MODULE        ?C?STRCPY
  C:0A46H         PUBLIC        ?C?STRCPY
  -------         ENDMOD        ?C?STRCPY

  -------         MODULE        STRLEN
  C:53C8H         PUBLIC        _STRLEN
  -------         ENDMOD        STRLEN

  -------         MODULE        ?C?MEMSET
  C:0A63H         PUBLIC        ?C?MEMSET
  -------         ENDMOD        ?C?MEMSET

  -------         MODULE        ?C?UIDIV
  C:0A8FH         PUBLIC        ?C?UIDIV
  -------         ENDMOD        ?C?UIDIV

  -------         MODULE        ?C?ILDIX
  C:0AE4H         PUBLIC        ?C?ILDIX
  -------         ENDMOD        ?C?ILDIX

*** WARNING L16: UNCALLED SEGMENT, IGNORED FOR OVERLAY PROCESS
    SEGMENT: ?PR?_ITOS?FONCTIONS_COTE_SERIALIZER

*** WARNING L16: UNCALLED SEGMENT, IGNORED FOR OVERLAY PROCESS
    SEGMENT: ?PR?SERINCHAR?UART0_RINGBUFFER_LIB

*** WARNING L16: UNCALLED SEGMENT, IGNORED FOR OVERLAY PROCESS
    SEGMENT: ?PR?SERINCHAR_BIN?UART0_RINGBUFFER_LIB

*** WARNING L16: UNCALLED SEGMENT, IGNORED FOR OVERLAY PROCESS
    SEGMENT: ?PR?SERINCHAR_BIN1?UART1

*** WARNING L15: MULTIPLE CALL TO SEGMENT
    SEGMENT: ?PR?COURANT_ADC?MESURE_COURANT
    CALLER1: ?C_C51STARTUP
    CALLER2: ?PR?ISR_TIMER3?MAIN

Program Size: data=15.3 xdata=1797 code=21707
LINK/LOCATE RUN COMPLETE.  5 WARNING(S),  0 ERROR(S)
