BL51 BANKED LINKER/LOCATER V6.22                                                        05/22/2018  23:25:47  PAGE 1


BL51 BANKED LINKER/LOCATER V6.22, INVOKED BY:
C:\KEIL\C51\BIN\BL51.EXE STARTUP.obj, Config_ADC.obj, Config_Globale.obj, Config_SPI.obj, Detect_Obst.obj, Fonctions_cot
>> e_serializer.obj, Generation_son.obj, Gpio.obj, Lien_Structure_commande.obj, main.obj, Mesure_courant.obj, Servomoteu
>> r_Horizontal.obj, Timers.obj, Transmission_SPI.obj, UART0_RingBuffer_lib.obj, UART1.obj, ultrason.obj, Encodage_Point
>> eur_lum.obj TO Master RAMSIZE (256)


MEMORY MODEL: LARGE WITH FLOATING POINT ARITHMETIC


INPUT MODULES INCLUDED:
  STARTUP.obj (?C_STARTUP)
  Config_ADC.obj (CONFIG_ADC)
  Config_Globale.obj (CONFIG_GLOBALE)
  Config_SPI.obj (CONFIG_SPI)
  Detect_Obst.obj (DETECT_OBST)
  Fonctions_cote_serializer.obj (FONCTIONS_COTE_SERIALIZER)
  Generation_son.obj (GENERATION_SON)
  Gpio.obj (GPIO)
  Lien_Structure_commande.obj (LIEN_STRUCTURE_COMMANDE)
  main.obj (MAIN)
  Mesure_courant.obj (MESURE_COURANT)
  Servomoteur_Horizontal.obj (SERVOMOTEUR_HORIZONTAL)
  Timers.obj (TIMERS)
  Transmission_SPI.obj (TRANSMISSION_SPI)
  UART0_RingBuffer_lib.obj (UART0_RINGBUFFER_LIB)
  UART1.obj (UART1)
  ultrason.obj (ULTRASON)
  Encodage_Pointeur_lum.obj (ENCODAGE_POINTEUR_LUM)
  C:\KEIL\C51\LIB\C51FPL.LIB (?C?FPADD)
  C:\KEIL\C51\LIB\C51FPL.LIB (?C?FPMUL)
  C:\KEIL\C51\LIB\C51FPL.LIB (?C?FPDIV)
  C:\KEIL\C51\LIB\C51FPL.LIB (?C?FPCMP)
  C:\KEIL\C51\LIB\C51FPL.LIB (?C?FCAST)
  C:\KEIL\C51\LIB\C51FPL.LIB (?C?CASTF)
  C:\KEIL\C51\LIB\C51FPL.LIB (PRINTF)
  C:\KEIL\C51\LIB\C51FPL.LIB (ATAN)
  C:\KEIL\C51\LIB\C51FPL.LIB (CEIL)
  C:\KEIL\C51\LIB\C51FPL.LIB (POW)
  C:\KEIL\C51\LIB\C51FPL.LIB (?C?FPGETOPN)
  C:\KEIL\C51\LIB\C51FPL.LIB (?C?CHKFLOAT)
  C:\KEIL\C51\LIB\C51FPL.LIB (?C?FPNEG)
  C:\KEIL\C51\LIB\C51FPL.LIB (?C?FPROUND)
  C:\KEIL\C51\LIB\C51FPL.LIB (?C?FPCONVERT)
  C:\KEIL\C51\LIB\C51FPL.LIB (?C?FPSERIES)
  C:\KEIL\C51\LIB\C51FPL.LIB (EXP)
  C:\KEIL\C51\LIB\C51FPL.LIB (LOG)
  C:\KEIL\C51\LIB\C51FPL.LIB (?C?FTNPWR)
  C:\KEIL\C51\LIB\C51L.LIB (?C_INIT)
  C:\KEIL\C51\LIB\C51L.LIB (?C?COPY)
  C:\KEIL\C51\LIB\C51L.LIB (?C?SCDIV)
  C:\KEIL\C51\LIB\C51L.LIB (?C?CLDPTR)
  C:\KEIL\C51\LIB\C51L.LIB (?C?CLDOPTR)
  C:\KEIL\C51\LIB\C51L.LIB (?C?CSTPTR)
  C:\KEIL\C51\LIB\C51L.LIB (?C?CSTOPTR)
  C:\KEIL\C51\LIB\C51L.LIB (?C?IMUL)
  C:\KEIL\C51\LIB\C51L.LIB (?C?SIDIV)
  C:\KEIL\C51\LIB\C51L.LIB (?C?IILDX)
BL51 BANKED LINKER/LOCATER V6.22                                                      05/22/2018  23:25:47  PAGE 2


  C:\KEIL\C51\LIB\C51L.LIB (?C?LNEG)
  C:\KEIL\C51\LIB\C51L.LIB (?C?SLCMP)
  C:\KEIL\C51\LIB\C51L.LIB (?C?ULCMP)
  C:\KEIL\C51\LIB\C51L.LIB (?C?LLDCODE)
  C:\KEIL\C51\LIB\C51L.LIB (?C?LLDXDATA0)
  C:\KEIL\C51\LIB\C51L.LIB (?C?LLDCODE0)
  C:\KEIL\C51\LIB\C51L.LIB (?C?LSTXDATA)
  C:\KEIL\C51\LIB\C51L.LIB (?C?LSTKXDATA)
  C:\KEIL\C51\LIB\C51L.LIB (?C?PLDIXDATA)
  C:\KEIL\C51\LIB\C51L.LIB (?C?PSTXDATA)
  C:\KEIL\C51\LIB\C51L.LIB (?C?CCASE)
  C:\KEIL\C51\LIB\C51L.LIB (PUTCHAR)
  C:\KEIL\C51\LIB\C51L.LIB (STRCAT)
  C:\KEIL\C51\LIB\C51L.LIB (?C?STRCPY)
  C:\KEIL\C51\LIB\C51L.LIB (STRLEN)
  C:\KEIL\C51\LIB\C51L.LIB (?C?MEMSET)
  C:\KEIL\C51\LIB\C51L.LIB (?C?UIDIV)
  C:\KEIL\C51\LIB\C51L.LIB (?C?ILDIX)


LINK MAP OF MODULE:  Master (?C_STARTUP)


            TYPE    BASE      LENGTH    RELOCATION   SEGMENT NAME
            -----------------------------------------------------

            * * * * * * *   D A T A   M E M O R Y   * * * * * * *
            REG     0000H     0008H     ABSOLUTE     "REG BANK 0"
            DATA    0008H     0005H     UNIT         _DATA_GROUP_
                    000DH     0013H                  *** GAP ***
            BIT     0020H.0   0001H.1   UNIT         _BIT_GROUP_
            BIT     0021H.1   0000H.1   UNIT         ?BI?UART0_RINGBUFFER_LIB
            BIT     0021H.2   0000H.1   UNIT         ?BI?UART1
                    0021H.3   0000H.5                *** GAP ***
            IDATA   0022H     0001H     UNIT         ?STACK

            * * * * * * *  X D A T A   M E M O R Y  * * * * * * *
            XDATA   0000H     0966H     UNIT         _XDATA_GROUP_
            XDATA   0966H     012FH     UNIT         ?XD?DETECT_OBST
            XDATA   0A95H     0086H     UNIT         ?XD?LIEN_STRUCTURE_COMMANDE
            XDATA   0B1BH     0050H     UNIT         ?XD?UART0_RINGBUFFER_LIB
            XDATA   0B6BH     0050H     UNIT         ?XD?UART1
            XDATA   0BBBH     003DH     UNIT         ?XD?MAIN
            XDATA   0BF8H     0011H     UNIT         ?XD?_ITOS?FONCTIONS_COTE_SERIALIZER
            XDATA   0C09H     0002H     UNIT         ?XD?SERINCHAR_BIN?UART0_RINGBUFFER_LIB
            XDATA   0C0BH     0002H     UNIT         ?XD?SERINCHAR_BIN1?UART1

            * * * * * * *   C O D E   M E M O R Y   * * * * * * *
            CODE    0000H     0003H     ABSOLUTE     
            CODE    0003H     001EH     UNIT         ?CO?DETECT_OBST
                    0021H     0002H                  *** GAP ***
            CODE    0023H     0003H     ABSOLUTE     
            CODE    0026H     0005H     UNIT         ?PR?ISR_TIMER2?MAIN
            CODE    002BH     0003H     ABSOLUTE     
            CODE    002EH     0043H     UNIT         ?PR?_TRAME_EMISE?TRANSMISSION_SPI
                    0071H     0002H                  *** GAP ***
            CODE    0073H     0003H     ABSOLUTE     
BL51 BANKED LINKER/LOCATER V6.22                                                      05/22/2018  23:25:47  PAGE 3


            CODE    0076H     0027H     UNIT         ?PR?PUTCHAR?PUTCHAR
            CODE    009DH     0004H     UNIT         ?PR?CFG_VREF?CONFIG_ADC
                    00A1H     0002H                  *** GAP ***
            CODE    00A3H     0003H     ABSOLUTE     
            CODE    00A6H     0A54H     UNIT         ?C?LIB_CODE
            CODE    0AFAH     07ADH     UNIT         ?PR?FONCTIONROUTAGE?LIEN_STRUCTURE_COMMANDE
            CODE    12A7H     0671H     UNIT         ?PR?DETECT_OBST?DETECT_OBST
            CODE    1918H     0530H     UNIT         ?PR?FORMATE_SERIALIZER?FONCTIONS_COTE_SERIALIZER
            CODE    1E48H     04EEH     UNIT         ?CO?LIEN_STRUCTURE_COMMANDE
            CODE    2336H     0483H     UNIT         ?PR?PRINTF?PRINTF
            CODE    27B9H     0320H     UNIT         ?PR?_TRAITEMENT_M?MAIN
            CODE    2AD9H     025BH     UNIT         ?PR?_TRAITEMENT_S?MAIN
            CODE    2D34H     0239H     UNIT         ?PR?_TRAITEMENT_L?MAIN
            CODE    2F6DH     0238H     UNIT         ?PR?TRANSCODE_COMMANDE_TO_SERIALIZER?FONCTIONS_COTE_SERIALIZER
            CODE    31A5H     0223H     UNIT         ?PR?_MESSAGE?MAIN
            CODE    33C8H     021EH     UNIT         ?PR?_CONV?MAIN
            CODE    35E6H     01D4H     UNIT         ?C_INITSEG
            CODE    37BAH     01BDH     UNIT         ?PR?_TRAITEMENT_C?MAIN
            CODE    3977H     01B3H     UNIT         ?PR?_TRAITEMENT_G?MAIN
            CODE    3B2AH     0184H     UNIT         ?PR?DETECTION_AV_AR?DETECT_OBST
            CODE    3CAEH     017EH     UNIT         ?PR?MAIN?MAIN
            CODE    3E2CH     0179H     UNIT         ?CO?MAIN
            CODE    3FA5H     0166H     UNIT         ?PR?_POW?POW
            CODE    410BH     0159H     UNIT         ?PR?_TRAITEMENT_R?MAIN
            CODE    4264H     0153H     UNIT         ?PR?_TRAITEMENT_A?MAIN
            CODE    43B7H     012AH     UNIT         ?PR?_TRAITEMENT_D?MAIN
            CODE    44E1H     0129H     UNIT         ?PR?LOG?LOG
            CODE    460AH     0127H     UNIT         ?PR?_ITOS?FONCTIONS_COTE_SERIALIZER
            CODE    4731H     0123H     UNIT         ?PR?_TRUE_TICKS?FONCTIONS_COTE_SERIALIZER
            CODE    4854H     0122H     UNIT         ?PR?ATAN?ATAN
            CODE    4976H     0114H     UNIT         ?PR?MES_DIST_AV?ULTRASON
            CODE    4A8AH     0114H     UNIT         ?PR?MES_DIST_AR?ULTRASON
            CODE    4B9EH     0104H     UNIT         ?PR?DETECTION_AV?DETECT_OBST
            CODE    4CA2H     00FCH     UNIT         ?PR?UART1_ISR?UART1
            CODE    4D9EH     00F8H     UNIT         ?PR?UART0_ISR?UART0_RINGBUFFER_LIB
            CODE    4E96H     00EFH     UNIT         ?PR?_CEIL?CEIL
            CODE    4F85H     00D2H     UNIT         ?PR?_CONVERSIONANGLE_POSITIF?MAIN
            CODE    5057H     00BFH     UNIT         ?PR?TEMPO_EMISS?LIEN_STRUCTURE_COMMANDE
            CODE    5116H     00ABH     UNIT         ?PR?ROUTAGE?LIEN_STRUCTURE_COMMANDE
            CODE    51C1H     00A3H     UNIT         ?PR?_CDE_SERVO_H?SERVOMOTEUR_HORIZONTAL
            CODE    5264H     009AH     UNIT         ?PR?EXP?EXP
            CODE    52FEH     0097H     UNIT         ?PR?COURANT_ADC?MESURE_COURANT
            CODE    5395H     008CH     UNIT         ?C_C51STARTUP
            CODE    5421H     008BH     UNIT         ?PR?_TRAITEMENT_B?MAIN
            CODE    54ACH     008BH     UNIT         ?PR?_SEROUTCHAR1?UART1
            CODE    5537H     008AH     UNIT         ?PR?_SEROUTCHAR?UART0_RINGBUFFER_LIB
            CODE    55C1H     0084H     UNIT         ?PR?ISR_TIMER3?MAIN
            CODE    5645H     0082H     UNIT         ?PR?_TRAITEMENT_T?MAIN
            CODE    56C7H     007DH     UNIT         ?PR?SERINCHAR_BIN?UART0_RINGBUFFER_LIB
            CODE    5744H     007DH     UNIT         ?PR?SERINCHAR_BIN1?UART1
            CODE    57C1H     007AH     UNIT         ?PR?_ECHANGE_TRAME?TRANSMISSION_SPI
            CODE    583BH     006BH     UNIT         ?PR?_STRCAT?STRCAT
            CODE    58A6H     0064H     UNIT         ?PR?SERINCHAR?UART0_RINGBUFFER_LIB
            CODE    590AH     0064H     UNIT         ?PR?SERINCHAR1?UART1
            CODE    596EH     005EH     UNIT         ?PR?_SEROUTSTRING?UART0_RINGBUFFER_LIB
            CODE    59CCH     005EH     UNIT         ?PR?_SEROUTSTRING1?UART1
            CODE    5A2AH     005BH     UNIT         ?PR?INIT_SERIAL_BUFFER?UART0_RINGBUFFER_LIB
BL51 BANKED LINKER/LOCATER V6.22                                                      05/22/2018  23:25:47  PAGE 4


            CODE    5A85H     005BH     UNIT         ?PR?INIT_SERIAL_BUFFER1?UART1
            CODE    5AE0H     0059H     UNIT         ?CO?FONCTIONS_COTE_SERIALIZER
            CODE    5B39H     0055H     UNIT         ?PR?_CONV_ANGLE_TICKS?FONCTIONS_COTE_SERIALIZER
            CODE    5B8EH     004BH     UNIT         ?PR?SON_SONORE?GENERATION_SON
            CODE    5BD9H     004AH     UNIT         ?PR?POINTEUR_LUM?ENCODAGE_POINTEUR_LUM
            CODE    5C23H     0049H     UNIT         ?PR?_CONVERSIONCOORD_2?MAIN
            CODE    5C6CH     0024H     UNIT         ?PR?_CONVERSIONCOORD?MAIN
            CODE    5C90H     0024H     UNIT         ?PR?CONFIG_TIMER2?TIMERS
            CODE    5CB4H     0024H     UNIT         ?PR?CONFIG_TIMER3?TIMERS
            CODE    5CD8H     0023H     UNIT         ?PR?_CONV_DISTANCE_TICKS?FONCTIONS_COTE_SERIALIZER
            CODE    5CFBH     001DH     UNIT         ?PR?_TRUE_VIT?FONCTIONS_COTE_SERIALIZER
            CODE    5D18H     001AH     UNIT         ?PR?OSCILLATOR_INIT?CONFIG_GLOBALE
            CODE    5D32H     0019H     UNIT         ?PR?GPIO_CONFIG?CONFIG_GLOBALE
            CODE    5D4BH     0015H     UNIT         ?PR?CONFIG_SPI_MASTER?CONFIG_SPI
            CODE    5D60H     0015H     UNIT         ?PR?_STRLEN?STRLEN
            CODE    5D75H     0013H     UNIT         ?PR?CFG_ADC0?CONFIG_ADC
            CODE    5D88H     0013H     UNIT         ?PR?CFG_CLOCK_UART?UART0_RINGBUFFER_LIB
            CODE    5D9BH     0012H     UNIT         ?PR?TRAITEMENT_E?MAIN
            CODE    5DADH     0012H     UNIT         ?PR?CFG_UART0_MODE1?UART0_RINGBUFFER_LIB
            CODE    5DBFH     0010H     UNIT         ?PR?_DEBUT_TRAME?TRANSMISSION_SPI
            CODE    5DCFH     0010H     UNIT         ?PR?CFG_UART1?UART1
            CODE    5DDFH     000DH     UNIT         ?PR?TRAITEMENT_Q?MAIN
            CODE    5DECH     000DH     UNIT         ?PR?TRAME_RECUE?TRANSMISSION_SPI
            CODE    5DF9H     000CH     UNIT         ?PR?INIT_DEVICE?CONFIG_GLOBALE
            CODE    5E05H     000BH     UNIT         ?PR?CONFIG_TIMER0?TIMERS
            CODE    5E10H     000AH     UNIT         ?PR?ACQ_ADC?CONFIG_ADC
            CODE    5E1AH     000AH     UNIT         ?PR?INITIALISATION_TIMER0?TIMERS
            CODE    5E24H     000AH     UNIT         ?PR?FIN_TRAME?TRANSMISSION_SPI
            CODE    5E2EH     0007H     UNIT         ?PR?DISABLE_WDT?CONFIG_GLOBALE
            CODE    5E35H     0007H     UNIT         ?PR?_ECHANGE_OCTET?TRANSMISSION_SPI
            CODE    5E3CH     0004H     UNIT         ?PR?RESET_SRC?CONFIG_GLOBALE
            CODE    5E40H     0004H     UNIT         ?CO?GENERATION_SON
            CODE    5E44H     0004H     UNIT         ?CO?ENCODAGE_POINTEUR_LUM



OVERLAY MAP OF MODULE:   Master (?C_STARTUP)


SEGMENT                                             BIT_GROUP          DATA_GROUP          XDATA_GROUP
  +--> CALLED SEGMENT                            START    LENGTH     START    LENGTH     START    LENGTH
--------------------------------------------------------------------------------------------------------
?C_C51STARTUP                                    -----    -----      -----    -----      -----    -----
  +--> ?PR?MAIN?MAIN
  +--> ?C_INITSEG

?PR?MAIN?MAIN                                    -----    -----      -----    -----      0000H    009CH
  +--> ?CO?MAIN
  +--> ?PR?INIT_DEVICE?CONFIG_GLOBALE
  +--> ?PR?CONFIG_TIMER2?TIMERS
  +--> ?PR?CONFIG_TIMER0?TIMERS
  +--> ?PR?CONFIG_TIMER3?TIMERS
  +--> ?PR?CONFIG_SPI_MASTER?CONFIG_SPI
  +--> ?PR?CFG_VREF?CONFIG_ADC
  +--> ?PR?CFG_ADC0?CONFIG_ADC
  +--> ?PR?CFG_CLOCK_UART?UART0_RINGBUFFER_LIB
  +--> ?PR?CFG_UART0_MODE1?UART0_RINGBUFFER_LIB
BL51 BANKED LINKER/LOCATER V6.22                                                      05/22/2018  23:25:47  PAGE 5


  +--> ?PR?INIT_SERIAL_BUFFER?UART0_RINGBUFF...
  +--> ?PR?INIT_SERIAL_BUFFER1?UART1
  +--> ?PR?CFG_UART1?UART1
  +--> ?PR?_SEROUTSTRING?UART0_RINGBUFFER_LIB
  +--> ?PR?_STRLEN?STRLEN
  +--> ?PR?_MESSAGE?MAIN
  +--> ?PR?FONCTIONROUTAGE?LIEN_STRUCTURE_CO...

?PR?INIT_DEVICE?CONFIG_GLOBALE                   -----    -----      -----    -----      -----    -----
  +--> ?PR?RESET_SRC?CONFIG_GLOBALE
  +--> ?PR?DISABLE_WDT?CONFIG_GLOBALE
  +--> ?PR?OSCILLATOR_INIT?CONFIG_GLOBALE
  +--> ?PR?GPIO_CONFIG?CONFIG_GLOBALE

?PR?CONFIG_TIMER3?TIMERS                         -----    -----      -----    -----      -----    -----
  +--> ?PR?_CEIL?CEIL

?PR?_CEIL?CEIL                                   -----    -----      -----    -----      090EH    0008H

?PR?_SEROUTSTRING?UART0_RINGBUFFER_LIB           -----    -----      -----    -----      06A6H    0005H
  +--> ?PR?_STRLEN?STRLEN
  +--> ?PR?_SEROUTCHAR?UART0_RINGBUFFER_LIB

?PR?_MESSAGE?MAIN                                -----    -----      -----    -----      009CH    0029H
  +--> ?PR?_TRAITEMENT_A?MAIN
  +--> ?PR?_TRAITEMENT_T?MAIN
  +--> ?PR?_TRAITEMENT_D?MAIN
  +--> ?PR?TRAITEMENT_E?MAIN
  +--> ?PR?TRAITEMENT_Q?MAIN
  +--> ?PR?_TRAITEMENT_L?MAIN
  +--> ?PR?_TRAITEMENT_M?MAIN
  +--> ?PR?_TRAITEMENT_B?MAIN
  +--> ?PR?_TRAITEMENT_S?MAIN
  +--> ?PR?_TRAITEMENT_G?MAIN
  +--> ?PR?_TRAITEMENT_R?MAIN
  +--> ?PR?_TRAITEMENT_C?MAIN

?PR?_TRAITEMENT_A?MAIN                           -----    -----      -----    -----      00C5H    002EH
  +--> ?PR?_CONVERSIONANGLE_POSITIF?MAIN
  +--> ?CO?MAIN

?PR?_CONVERSIONANGLE_POSITIF?MAIN                -----    -----      -----    -----      00F5H    0008H

?PR?_TRAITEMENT_T?MAIN                           -----    -----      -----    -----      00C5H    002CH
  +--> ?PR?_CONVERSIONANGLE_POSITIF?MAIN
  +--> ?CO?MAIN

?PR?_TRAITEMENT_D?MAIN                           -----    -----      -----    -----      00C5H    0029H
  +--> ?CO?MAIN

?PR?TRAITEMENT_E?MAIN                            -----    -----      -----    -----      00C5H    0026H

?PR?TRAITEMENT_Q?MAIN                            -----    -----      -----    -----      00C5H    0026H

?PR?_TRAITEMENT_L?MAIN                           -----    -----      -----    -----      00C5H    002FH
  +--> ?PR?_CONVERSIONCOORD_2?MAIN

BL51 BANKED LINKER/LOCATER V6.22                                                      05/22/2018  23:25:47  PAGE 6


?PR?_CONVERSIONCOORD_2?MAIN                      -----    -----      -----    -----      00F4H    0002H

?PR?_TRAITEMENT_M?MAIN                           -----    -----      -----    -----      00C5H    002EH
  +--> ?PR?_CONVERSIONCOORD?MAIN

?PR?_TRAITEMENT_B?MAIN                           -----    -----      -----    -----      00C5H    002CH
  +--> ?PR?_CONVERSIONANGLE_POSITIF?MAIN

?PR?_TRAITEMENT_S?MAIN                           -----    -----      -----    -----      00C5H    0031H
  +--> ?PR?_CONVERSIONCOORD?MAIN

?PR?_TRAITEMENT_G?MAIN                           -----    -----      -----    -----      00C5H    0035H
  +--> ?PR?_STRLEN?STRLEN
  +--> ?PR?_CONV?MAIN

?PR?_CONV?MAIN                                   -----    -----      -----    -----      00FAH    000FH
  +--> ?PR?_POW?POW
  +--> ?PR?_CEIL?CEIL

?PR?_POW?POW                                     -----    -----      -----    -----      06A6H    000AH
  +--> ?PR?LOG?LOG
  +--> ?PR?EXP?EXP

?PR?LOG?LOG                                      0020H.0  0000H.1    -----    -----      06B0H    0004H

?PR?_TRAITEMENT_R?MAIN                           -----    -----      -----    -----      00C5H    0030H
  +--> ?PR?_CONVERSIONANGLE_POSITIF?MAIN

?PR?_TRAITEMENT_C?MAIN                           -----    -----      -----    -----      00C5H    0030H
  +--> ?PR?_CONVERSIONANGLE_POSITIF?MAIN

?PR?FONCTIONROUTAGE?LIEN_STRUCTURE_CO...         -----    -----      -----    -----      009CH    060AH
  +--> ?CO?LIEN_STRUCTURE_COMMANDE
  +--> ?PR?ROUTAGE?LIEN_STRUCTURE_COMMANDE
  +--> ?PR?_CDE_SERVO_H?SERVOMOTEUR_HORIZONTAL
  +--> ?PR?_SEROUTSTRING?UART0_RINGBUFFER_LIB
  +--> ?PR?_STRLEN?STRLEN
  +--> ?PR?_STRCAT?STRCAT
  +--> ?PR?_ECHANGE_TRAME?TRANSMISSION_SPI
  +--> ?PR?TEMPO_EMISS?LIEN_STRUCTURE_COMMANDE
  +--> ?PR?TRAME_RECUE?TRANSMISSION_SPI
  +--> ?PR?PRINTF?PRINTF
  +--> ?PR?ATAN?ATAN
  +--> ?PR?_POW?POW
  +--> ?PR?_CEIL?CEIL
  +--> ?PR?TRANSCODE_COMMANDE_TO_SERIALIZER?...
  +--> ?PR?FORMATE_SERIALIZER?FONCTIONS_COTE...
  +--> ?PR?_SEROUTSTRING1?UART1
  +--> ?PR?SERINCHAR1?UART1
  +--> ?PR?DETECT_OBST?DETECT_OBST
  +--> ?PR?SON_SONORE?GENERATION_SON
  +--> ?PR?POINTEUR_LUM?ENCODAGE_POINTEUR_LUM

?PR?ROUTAGE?LIEN_STRUCTURE_COMMANDE              -----    -----      -----    -----      06A6H    0029H

?PR?_CDE_SERVO_H?SERVOMOTEUR_HORIZONTAL          -----    -----      -----    -----      0906H    0008H
  +--> ?PR?_CEIL?CEIL
BL51 BANKED LINKER/LOCATER V6.22                                                      05/22/2018  23:25:47  PAGE 7



?PR?_STRCAT?STRCAT                               -----    -----      -----    -----      092CH    0009H

?PR?_ECHANGE_TRAME?TRANSMISSION_SPI              -----    -----      -----    -----      06D0H    000BH
  +--> ?PR?_DEBUT_TRAME?TRANSMISSION_SPI
  +--> ?PR?_ECHANGE_OCTET?TRANSMISSION_SPI
  +--> ?PR?FIN_TRAME?TRANSMISSION_SPI

?PR?_DEBUT_TRAME?TRANSMISSION_SPI                -----    -----      -----    -----      06DBH    0001H
  +--> ?PR?_TRAME_EMISE?TRANSMISSION_SPI

?PR?_TRAME_EMISE?TRANSMISSION_SPI                -----    -----      -----    -----      06DCH    0003H

?PR?_ECHANGE_OCTET?TRANSMISSION_SPI              -----    -----      -----    -----      -----    -----
  +--> ?PR?_TRAME_EMISE?TRANSMISSION_SPI
  +--> ?PR?TRAME_RECUE?TRANSMISSION_SPI

?PR?TRAME_RECUE?TRANSMISSION_SPI                 -----    -----      -----    -----      06DBH    0001H
  +--> ?PR?_TRAME_EMISE?TRANSMISSION_SPI

?PR?FIN_TRAME?TRANSMISSION_SPI                   -----    -----      -----    -----      -----    -----
  +--> ?PR?_TRAME_EMISE?TRANSMISSION_SPI

?PR?TEMPO_EMISS?LIEN_STRUCTURE_COMMANDE          -----    -----      -----    -----      06D0H    0002H

?PR?PRINTF?PRINTF                                0020H.0  0001H.1    0008H    0005H      092CH    0030H
  +--> ?PR?PUTCHAR?PUTCHAR

?PR?ATAN?ATAN                                    0020H.0  0000H.2    -----    -----      06A6H    0004H

?PR?TRANSCODE_COMMANDE_TO_SERIALIZER?...         -----    -----      -----    -----      06A6H    0036H
  +--> ?PR?_CONV_ANGLE_TICKS?FONCTIONS_COTE_...
  +--> ?PR?_CONV_DISTANCE_TICKS?FONCTIONS_CO...

?PR?_CONV_ANGLE_TICKS?FONCTIONS_COTE_...         -----    -----      -----    -----      06DCH    0004H
  +--> ?PR?_CEIL?CEIL

?PR?_CONV_DISTANCE_TICKS?FONCTIONS_CO...         -----    -----      -----    -----      -----    -----
  +--> ?PR?_CEIL?CEIL

?PR?FORMATE_SERIALIZER?FONCTIONS_COTE...         -----    -----      -----    -----      06A6H    001BH
  +--> ?CO?FONCTIONS_COTE_SERIALIZER
  +--> ?PR?_TRUE_VIT?FONCTIONS_COTE_SERIALIZER
  +--> ?PR?PRINTF?PRINTF
  +--> ?PR?_STRCAT?STRCAT
  +--> ?PR?_TRUE_TICKS?FONCTIONS_COTE_SERIAL...

?PR?_TRUE_TICKS?FONCTIONS_COTE_SERIAL...         -----    -----      -----    -----      06C1H    000BH
  +--> ?CO?FONCTIONS_COTE_SERIALIZER
  +--> ?PR?PRINTF?PRINTF
  +--> ?PR?_STRCAT?STRCAT
  +--> ?PR?_STRLEN?STRLEN

?PR?_SEROUTSTRING1?UART1                         -----    -----      -----    -----      06A6H    0005H
  +--> ?PR?_STRLEN?STRLEN
  +--> ?PR?_SEROUTCHAR1?UART1

BL51 BANKED LINKER/LOCATER V6.22                                                      05/22/2018  23:25:47  PAGE 8


?PR?DETECT_OBST?DETECT_OBST                      -----    -----      -----    -----      06A6H    0260H
  +--> ?PR?DETECTION_AV?DETECT_OBST
  +--> ?PR?DETECTION_AV_AR?DETECT_OBST
  +--> ?PR?_CDE_SERVO_H?SERVOMOTEUR_HORIZONTAL
  +--> ?CO?DETECT_OBST
  +--> ?PR?PRINTF?PRINTF
  +--> ?PR?_STRCAT?STRCAT

?PR?DETECTION_AV?DETECT_OBST                     -----    -----      -----    -----      0906H    0026H
  +--> ?PR?MES_DIST_AV?ULTRASON
  +--> ?CO?DETECT_OBST
  +--> ?PR?PRINTF?PRINTF
  +--> ?PR?_STRCAT?STRCAT

?PR?MES_DIST_AV?ULTRASON                         -----    -----      -----    -----      092CH    0012H
  +--> ?PR?INITIALISATION_TIMER0?TIMERS

?PR?DETECTION_AV_AR?DETECT_OBST                  -----    -----      -----    -----      0906H    0026H
  +--> ?PR?MES_DIST_AV?ULTRASON
  +--> ?PR?MES_DIST_AR?ULTRASON
  +--> ?CO?DETECT_OBST
  +--> ?PR?PRINTF?PRINTF
  +--> ?PR?_STRCAT?STRCAT

?PR?MES_DIST_AR?ULTRASON                         -----    -----      -----    -----      092CH    0012H
  +--> ?PR?INITIALISATION_TIMER0?TIMERS

?PR?SON_SONORE?GENERATION_SON                    -----    -----      -----    -----      06A6H    002AH
  +--> ?CO?GENERATION_SON
  +--> ?PR?_ECHANGE_TRAME?TRANSMISSION_SPI
  +--> ?PR?TEMPO_EMISS?LIEN_STRUCTURE_COMMANDE

?PR?POINTEUR_LUM?ENCODAGE_POINTEUR_LUM           -----    -----      -----    -----      06A6H    002AH
  +--> ?CO?ENCODAGE_POINTEUR_LUM
  +--> ?PR?_ECHANGE_TRAME?TRANSMISSION_SPI
  +--> ?PR?TEMPO_EMISS?LIEN_STRUCTURE_COMMANDE

*** NEW ROOT ***************************************************

?PR?ISR_TIMER3?MAIN                              -----    -----      -----    -----      -----    -----
  +--> ?PR?COURANT_ADC?MESURE_COURANT

?PR?COURANT_ADC?MESURE_COURANT                   -----    -----      -----    -----      095CH    000AH
  +--> ?PR?ACQ_ADC?CONFIG_ADC



SYMBOL TABLE OF MODULE:  Master (?C_STARTUP)

  VALUE           TYPE          NAME
  ----------------------------------

  -------         MODULE        ?C_STARTUP
  C:5395H         SEGMENT       ?C_C51STARTUP
  I:0022H         SEGMENT       ?STACK
  C:0000H         PUBLIC        ?C_STARTUP
  D:00E0H         SYMBOL        ACC
BL51 BANKED LINKER/LOCATER V6.22                                                      05/22/2018  23:25:47  PAGE 9


  D:00F0H         SYMBOL        B
  D:0083H         SYMBOL        DPH
  D:0082H         SYMBOL        DPL
  N:0000H         SYMBOL        IBPSTACK
  N:0100H         SYMBOL        IBPSTACKTOP
  N:0080H         SYMBOL        IDATALEN
  C:5398H         SYMBOL        IDATALOOP
  N:0000H         SYMBOL        PBPSTACK
  N:0100H         SYMBOL        PBPSTACKTOP
  N:0000H         SYMBOL        PDATALEN
  N:0000H         SYMBOL        PDATASTART
  N:0000H         SYMBOL        PPAGE
  N:0000H         SYMBOL        PPAGEENABLE
  D:00A0H         SYMBOL        PPAGE_SFR
  D:0081H         SYMBOL        SP
  C:5395H         SYMBOL        STARTUP1
  N:0000H         SYMBOL        XBPSTACK
  N:0000H         SYMBOL        XBPSTACKTOP
  N:0000H         SYMBOL        XDATALEN
  N:0000H         SYMBOL        XDATASTART
  C:0000H         LINE#         126
  C:5395H         LINE#         133
  C:5397H         LINE#         134
  C:5398H         LINE#         135
  C:5399H         LINE#         136
  C:539BH         LINE#         185
  C:539EH         LINE#         196
  -------         ENDMOD        ?C_STARTUP

  -------         MODULE        CONFIG_ADC
  C:0000H         SYMBOL        _ICE_DUMMY_
  C:5E10H         PUBLIC        ACQ_ADC
  D:00BCH         PUBLIC        ADC0CF
  D:00E8H         PUBLIC        ADC0CN
  D:00A8H         PUBLIC        IE
  D:00D8H         PUBLIC        PCA0CN
  D:00B8H         PUBLIC        IP
  D:00D1H         PUBLIC        REF0CN
  D:00BAH         PUBLIC        AMX0CF
  B:00E8H.5       PUBLIC        AD0INT
  D:00C0H         PUBLIC        SMB0CN
  C:5D75H         PUBLIC        CFG_ADC0
  D:00F8H         PUBLIC        SPI0CN
  D:0088H         PUBLIC        TCON
  D:00BBH         PUBLIC        AMX0SL
  D:00BFH         PUBLIC        ADC0H
  B:00E8H.7       PUBLIC        AD0EN
  D:0098H         PUBLIC        SCON0
  C:009DH         PUBLIC        CFG_VREF
  D:00C8H         PUBLIC        T2CON
  B:00E8H.0       PUBLIC        AD0LJST
  B:00E8H.2       PUBLIC        AD0CM0
  B:00E8H.3       PUBLIC        AD0CM1
  B:00E8H.4       PUBLIC        AD0BUSY
  D:00D0H         PUBLIC        PSW
  -------         PROC          CFG_VREF
  C:009DH         LINE#         9
BL51 BANKED LINKER/LOCATER V6.22                                                      05/22/2018  23:25:47  PAGE 10


  C:009DH         LINE#         10
  C:00A0H         LINE#         11
  -------         ENDPROC       CFG_VREF
  -------         PROC          CFG_ADC0
  C:5D75H         LINE#         13
  C:5D75H         LINE#         15
  C:5D77H         LINE#         17
  C:5D7AH         LINE#         18
  C:5D7AH         LINE#         19
  C:5D7DH         LINE#         20
  C:5D7DH         LINE#         22
  C:5D7FH         LINE#         25
  C:5D81H         LINE#         26
  C:5D83H         LINE#         28
  C:5D85H         LINE#         30
  C:5D87H         LINE#         31
  -------         ENDPROC       CFG_ADC0
  -------         PROC          ACQ_ADC
  C:5E10H         LINE#         34
  C:5E10H         LINE#         35
  C:5E12H         LINE#         36
  C:5E14H         LINE#         37
  C:5E17H         LINE#         38
  C:5E19H         LINE#         39
  -------         ENDPROC       ACQ_ADC
  -------         ENDMOD        CONFIG_ADC

  -------         MODULE        CONFIG_GLOBALE
  C:0000H         SYMBOL        _ICE_DUMMY_
  D:0080H         PUBLIC        P0
  D:00FFH         PUBLIC        WDTCN
  D:00A0H         PUBLIC        P2
  C:5E2EH         PUBLIC        Disable_WDT
  D:00E8H         PUBLIC        ADC0CN
  D:00A4H         PUBLIC        P0MDOUT
  D:00A8H         PUBLIC        IE
  D:00A6H         PUBLIC        P2MDOUT
  D:00D8H         PUBLIC        PCA0CN
  D:00B8H         PUBLIC        IP
  C:5D18H         PUBLIC        Oscillator_Init
  D:00E1H         PUBLIC        XBR0
  D:00E3H         PUBLIC        XBR2
  D:00C0H         PUBLIC        SMB0CN
  D:00F8H         PUBLIC        SPI0CN
  C:5E3CH         PUBLIC        Reset_src
  D:0088H         PUBLIC        TCON
  D:00B2H         PUBLIC        OSCICN
  C:5DF9H         PUBLIC        Init_Device
  D:00B1H         PUBLIC        OSCXCN
  D:00EFH         PUBLIC        RSTSRC
  D:0098H         PUBLIC        SCON0
  D:00C8H         PUBLIC        T2CON
  C:5D32H         PUBLIC        GPIO_Config
  D:00D0H         PUBLIC        PSW
  -------         PROC          INIT_DEVICE
  C:5DF9H         LINE#         7
  C:5DF9H         LINE#         8
BL51 BANKED LINKER/LOCATER V6.22                                                      05/22/2018  23:25:47  PAGE 11


  C:5DFCH         LINE#         9
  C:5DFFH         LINE#         10
  C:5E02H         LINE#         11
  -------         ENDPROC       INIT_DEVICE
  -------         PROC          OSCILLATOR_INIT
  -------         DO            
  D:0006H         SYMBOL        i
  -------         ENDDO         
  C:5D18H         LINE#         14
  C:5D18H         LINE#         18
  C:5D1BH         LINE#         19
  C:5D29H         LINE#         20
  C:5D2EH         LINE#         21
  C:5D31H         LINE#         22
  -------         ENDPROC       OSCILLATOR_INIT
  -------         PROC          RESET_SRC
  C:5E3CH         LINE#         24
  C:5E3CH         LINE#         26
  C:5E3FH         LINE#         27
  -------         ENDPROC       RESET_SRC
  -------         PROC          DISABLE_WDT
  C:5E2EH         LINE#         29
  C:5E2EH         LINE#         31
  C:5E31H         LINE#         32
  C:5E34H         LINE#         33
  -------         ENDPROC       DISABLE_WDT
  -------         PROC          GPIO_CONFIG
  C:5D32H         LINE#         36
  C:5D32H         LINE#         39
  C:5D35H         LINE#         40
  C:5D38H         LINE#         43
  C:5D3BH         LINE#         44
  C:5D3EH         LINE#         51
  C:5D41H         LINE#         52
  C:5D44H         LINE#         54
  C:5D47H         LINE#         55
  C:5D4AH         LINE#         59
  -------         ENDPROC       GPIO_CONFIG
  -------         ENDMOD        CONFIG_GLOBALE

  -------         MODULE        CONFIG_SPI
  C:0000H         SYMBOL        _ICE_DUMMY_
  D:009DH         PUBLIC        SPI0CKR
  D:0080H         PUBLIC        P0
  B:00F8H.0       PUBLIC        SPIEN
  D:0090H         PUBLIC        P1
  D:00A0H         PUBLIC        P2
  D:00B0H         PUBLIC        P3
  B:00F8H.1       PUBLIC        MSTEN
  D:00E8H         PUBLIC        ADC0CN
  D:00A8H         PUBLIC        IE
  D:00D8H         PUBLIC        PCA0CN
  D:00B8H         PUBLIC        IP
  D:00C0H         PUBLIC        SMB0CN
  B:00F8H.5       PUBLIC        MODF
  D:00F8H         PUBLIC        SPI0CN
  B:00F8H.7       PUBLIC        SPIF
BL51 BANKED LINKER/LOCATER V6.22                                                      05/22/2018  23:25:47  PAGE 12


  D:0088H         PUBLIC        TCON
  B:00F8H.6       PUBLIC        WCOL
  C:5D4BH         PUBLIC        Config_SPI_MASTER
  D:0098H         PUBLIC        SCON0
  D:00C8H         PUBLIC        T2CON
  D:009AH         PUBLIC        SPI0CFG
  B:00F8H.4       PUBLIC        RXOVRN
  D:00D0H         PUBLIC        PSW
  -------         PROC          CONFIG_SPI_MASTER
  C:5D4BH         LINE#         10
  C:5D4BH         LINE#         12
  C:5D4DH         LINE#         13
  C:5D4FH         LINE#         14
  C:5D51H         LINE#         15
  C:5D53H         LINE#         16
  C:5D55H         LINE#         17
  C:5D57H         LINE#         20
  C:5D5AH         LINE#         22
  C:5D5DH         LINE#         24
  C:5D5FH         LINE#         25
  -------         ENDPROC       CONFIG_SPI_MASTER
  -------         ENDMOD        CONFIG_SPI

  -------         MODULE        DETECT_OBST
  C:0000H         SYMBOL        _ICE_DUMMY_
  D:00E8H         PUBLIC        ADC0CN
  D:00A8H         PUBLIC        IE
  X:0966H         PUBLIC        affichage
  X:0A66H         PUBLIC        detection_arriere
  D:00D8H         PUBLIC        PCA0CN
  D:00B8H         PUBLIC        IP
  X:0A6AH         PUBLIC        obstacle_arriere
  D:00C0H         PUBLIC        SMB0CN
  X:0A6FH         PUBLIC        information
  D:00F8H         PUBLIC        SPI0CN
  C:3B3DH         PUBLIC        detection_AV_AR
  D:0088H         PUBLIC        TCON
  C:4BB1H         PUBLIC        detection_AV
  X:0A89H         PUBLIC        detection_avant
  X:0A8DH         PUBLIC        obstacle_avant
  C:12A7H         PUBLIC        Detect_Obst
  D:0098H         PUBLIC        SCON0
  D:00C8H         PUBLIC        T2CON
  D:00D0H         PUBLIC        PSW
  X:0A92H         PUBLIC        Angle_servo
  C:4BA0H         SYMBOL        L?0079
  -------         PROC          L?0078
  -------         ENDPROC       L?0078
  C:4BA0H         SYMBOL        L?0079
  -------         PROC          DETECTION_AV
  X:0906H         SYMBOL        com
  C:4BB1H         LINE#         21
  C:4BB1H         LINE#         24
  C:4BBAH         LINE#         25
  C:4BD2H         LINE#         26
  C:4BD8H         LINE#         27
  C:4BD8H         LINE#         28
BL51 BANKED LINKER/LOCATER V6.22                                                      05/22/2018  23:25:47  PAGE 13


  C:4BE3H         LINE#         30
  C:4C0EH         LINE#         31
  C:4C34H         LINE#         32
  C:4C4BH         LINE#         33
  C:4C62H         LINE#         34
  C:4C79H         LINE#         35
  C:4C90H         LINE#         36
  C:4C90H         LINE#         38
  C:4CA1H         LINE#         39
  -------         ENDPROC       DETECTION_AV
  C:3B2AH         SYMBOL        L?0077
  -------         PROC          L?0076
  -------         ENDPROC       L?0076
  C:3B2AH         SYMBOL        L?0077
  -------         PROC          DETECTION_AV_AR
  X:0906H         SYMBOL        com
  C:3B3DH         LINE#         42
  C:3B3DH         LINE#         43
  C:3B46H         LINE#         44
  C:3B4FH         LINE#         45
  C:3B67H         LINE#         46
  C:3B6DH         LINE#         47
  C:3B6DH         LINE#         48
  C:3B85H         LINE#         49
  C:3B8BH         LINE#         50
  C:3B8BH         LINE#         51
  C:3B96H         LINE#         54
  C:3BC1H         LINE#         55
  C:3BECH         LINE#         56
  C:3C12H         LINE#         58
  C:3C29H         LINE#         59
  C:3C40H         LINE#         60
  C:3C57H         LINE#         61
  C:3C6EH         LINE#         62
  C:3C85H         LINE#         63
  C:3C9CH         LINE#         65
  C:3C9CH         LINE#         67
  C:3CADH         LINE#         68
  -------         ENDPROC       DETECTION_AV_AR
  -------         PROC          DETECT_OBST
  X:06A6H         SYMBOL        com
  -------         DO            
  X:06CCH         SYMBOL        i
  X:06CEH         SYMBOL        j
  X:06D0H         SYMBOL        k
  X:06D2H         SYMBOL        tab_dist_AV
  X:079AH         SYMBOL        tab_dist_AR
  X:0862H         SYMBOL        tab_angles
  X:08C6H         SYMBOL        dist_min_AV
  X:08DAH         SYMBOL        dist_min_AR
  X:08EEH         SYMBOL        dist_min
  X:08F2H         SYMBOL        dist_min_ascii
  X:08F7H         SYMBOL        angle
  X:08F9H         SYMBOL        angle_ascii
  X:08FEH         SYMBOL        min
  X:0900H         SYMBOL        min_AV
  X:0902H         SYMBOL        min_AR
BL51 BANKED LINKER/LOCATER V6.22                                                      05/22/2018  23:25:47  PAGE 14


  X:0904H         SYMBOL        z
  -------         ENDDO         
  C:12A7H         LINE#         71
  C:12A7H         LINE#         74
  C:12AEH         LINE#         85
  C:12B4H         LINE#         86
  C:12B8H         LINE#         87
  C:12BCH         LINE#         90
  C:12D1H         LINE#         91
  C:12D1H         LINE#         92
  C:12D7H         LINE#         93
  C:12DBH         LINE#         94
  C:12DEH         LINE#         95
  C:12DEH         LINE#         96
  C:12E1H         LINE#         97
  C:12E1H         LINE#         98
  C:12E4H         LINE#         100
  C:12E4H         LINE#         101
  C:12ECH         LINE#         102
  C:130BH         LINE#         103
  C:1316H         LINE#         104
  C:1337H         LINE#         105
  C:133AH         LINE#         106
  C:1350H         LINE#         107
  C:1350H         LINE#         108
  C:1350H         LINE#         109
  C:136FH         LINE#         110
  C:137AH         LINE#         111
  C:139BH         LINE#         112
  C:139EH         LINE#         113
  C:13B4H         LINE#         114
  C:13B4H         LINE#         115
  C:13B4H         LINE#         141
  C:13B4H         LINE#         142
  C:13BFH         LINE#         143
  C:13DEH         LINE#         144
  C:1401H         LINE#         145
  C:1436H         LINE#         146
  C:1444H         LINE#         147
  C:145BH         LINE#         148
  C:1487H         LINE#         149
  C:14E4H         LINE#         150
  C:14F3H         LINE#         151
  C:14F3H         LINE#         152
  C:1504H         LINE#         153
  C:1531H         LINE#         154
  C:154EH         LINE#         157
  C:1579H         LINE#         158
  C:159FH         LINE#         160
  C:15B6H         LINE#         161
  C:15C3H         LINE#         162
  C:15C3H         LINE#         163
  C:15C6H         LINE#         164
  C:15C6H         LINE#         165
  C:15E5H         LINE#         166
  C:1608H         LINE#         167
  C:163DH         LINE#         168
BL51 BANKED LINKER/LOCATER V6.22                                                      05/22/2018  23:25:47  PAGE 15


  C:164BH         LINE#         169
  C:1662H         LINE#         170
  C:168EH         LINE#         171
  C:16EBH         LINE#         172
  C:16FAH         LINE#         173
  C:16FAH         LINE#         174
  C:170BH         LINE#         175
  C:1735H         LINE#         176
  C:1761H         LINE#         177
  C:17BEH         LINE#         178
  C:17CDH         LINE#         179
  C:17CDH         LINE#         180
  C:17DEH         LINE#         181
  C:1808H         LINE#         182
  C:1816H         LINE#         183
  C:182FH         LINE#         184
  C:182FH         LINE#         185
  C:1831H         LINE#         186
  C:1831H         LINE#         187
  C:185EH         LINE#         188
  C:187BH         LINE#         189
  C:187BH         LINE#         192
  C:18A6H         LINE#         193
  C:18CCH         LINE#         195
  C:18E3H         LINE#         196
  C:18FAH         LINE#         197
  C:1911H         LINE#         198
  C:1911H         LINE#         199
  C:1911H         LINE#         200
  C:1911H         LINE#         202
  C:1917H         LINE#         203
  -------         ENDPROC       DETECT_OBST
  -------         ENDMOD        DETECT_OBST

  -------         MODULE        FONCTIONS_COTE_SERIALIZER
  C:0000H         SYMBOL        _ICE_DUMMY_
  D:00E8H         PUBLIC        ADC0CN
  D:00A8H         PUBLIC        IE
  C:1918H         PUBLIC        formate_serializer
  D:00D8H         PUBLIC        PCA0CN
  D:00B8H         PUBLIC        IP
  C:5B56H         PUBLIC        _conv_angle_ticks
  D:00C0H         PUBLIC        SMB0CN
  D:00F8H         PUBLIC        SPI0CN
  D:0088H         PUBLIC        TCON
  C:460AH         PUBLIC        _itos
  C:5B35H         SYMBOL        _?ix1000
  C:4757H         PUBLIC        _true_ticks
  C:2F6DH         PUBLIC        transcode_commande_to_serializer
  D:0098H         PUBLIC        SCON0
  D:00C8H         PUBLIC        T2CON
  C:5CE1H         PUBLIC        _conv_distance_ticks
  C:5CFBH         PUBLIC        _true_vit
  D:00D0H         PUBLIC        PSW
  -------         PROC          L?0091
  -------         ENDPROC       L?0091
  -------         PROC          _CONV_DISTANCE_TICKS
BL51 BANKED LINKER/LOCATER V6.22                                                      05/22/2018  23:25:47  PAGE 16


  D:0006H         SYMBOL        d
  -------         DO            
  D:0006H         SYMBOL        ret
  -------         ENDDO         
  C:5CE1H         LINE#         40
  C:5CE1H         LINE#         41
  C:5CFAH         LINE#         42
  C:5CFAH         LINE#         43
  -------         ENDPROC       _CONV_DISTANCE_TICKS
  -------         PROC          L?0090
  -------         ENDPROC       L?0090
  -------         PROC          _CONV_ANGLE_TICKS
  D:0006H         SYMBOL        angle
  -------         DO            
  D:0006H         SYMBOL        ret
  X:06DCH         SYMBOL        a
  -------         ENDDO         
  C:5B56H         LINE#         45
  C:5B56H         LINE#         47
  C:5B6EH         LINE#         48
  C:5B8DH         LINE#         49
  C:5B8DH         LINE#         50
  -------         ENDPROC       _CONV_ANGLE_TICKS
  -------         PROC          _ITOS
  X:0BF8H         SYMBOL        i
  X:0BFAH         SYMBOL        ret
  -------         DO            
  X:0BFDH         SYMBOL        nbr3
  X:0C00H         SYMBOL        nbr2
  X:0C02H         SYMBOL        nbr1
  X:0C03H         SYMBOL        c
  X:0C05H         SYMBOL        d
  X:0C07H         SYMBOL        u
  -------         ENDDO         
  C:460AH         LINE#         52
  C:461BH         LINE#         56
  C:4632H         LINE#         57
  C:465FH         LINE#         58
  C:4686H         LINE#         60
  C:4697H         LINE#         61
  C:46A2H         LINE#         62
  C:46ADH         LINE#         63
  C:46B8H         LINE#         64
  C:46CDH         LINE#         65
  C:46CFH         LINE#         66
  C:46E0H         LINE#         67
  C:46EBH         LINE#         68
  C:46F6H         LINE#         69
  C:470BH         LINE#         70
  C:470DH         LINE#         71
  C:470DH         LINE#         72
  C:4718H         LINE#         73
  C:4730H         LINE#         74
  C:4730H         LINE#         75
  -------         ENDPROC       _ITOS
  -------         PROC          _TRUE_VIT
  D:0007H         SYMBOL        vit
BL51 BANKED LINKER/LOCATER V6.22                                                      05/22/2018  23:25:47  PAGE 17


  -------         DO            
  D:0004H         SYMBOL        ret
  -------         ENDDO         
  C:5CFBH         LINE#         77
  C:5CFBH         LINE#         78
  C:5CFFH         LINE#         80
  C:5D04H         LINE#         81
  C:5D13H         LINE#         82
  C:5D13H         LINE#         83
  C:5D17H         LINE#         84
  -------         ENDPROC       _TRUE_VIT
  C:474CH         SYMBOL        L?0089
  -------         PROC          L?0088
  -------         ENDPROC       L?0088
  C:474CH         SYMBOL        L?0089
  -------         PROC          _TRUE_TICKS
  X:06C1H         SYMBOL        ticks
  X:06C3H         SYMBOL        ret
  -------         DO            
  X:06C6H         SYMBOL        str
  X:06CAH         SYMBOL        l
  -------         ENDDO         
  C:4757H         LINE#         86
  C:4768H         LINE#         87
  C:477BH         LINE#         88
  C:4782H         LINE#         90
  C:4792H         LINE#         91
  C:47B4H         LINE#         92
  C:47B4H         LINE#         93
  C:47B4H         LINE#         94
  C:47CBH         LINE#         95
  C:47E1H         LINE#         96
  C:4807H         LINE#         97
  C:4823H         LINE#         98
  C:4839H         LINE#         99
  C:4853H         LINE#         100
  C:4853H         LINE#         101
  -------         ENDPROC       _TRUE_TICKS
  -------         PROC          FORMATE_SERIALIZER
  X:06A6H         SYMBOL        com
  X:06B5H         SYMBOL        ret
  -------         DO            
  X:06B8H         SYMBOL        nbr
  -------         ENDDO         
  C:1918H         LINE#         110
  C:1918H         LINE#         113
  C:1975H         LINE#         114
  C:1975H         LINE#         115
  C:198AH         LINE#         116
  C:198DH         LINE#         117
  C:198DH         LINE#         118
  C:198DH         LINE#         119
  C:198DH         LINE#         120
  C:198DH         LINE#         121
  C:198DH         LINE#         122
  C:198DH         LINE#         123
  C:198DH         LINE#         124
BL51 BANKED LINKER/LOCATER V6.22                                                      05/22/2018  23:25:47  PAGE 18


  C:198DH         LINE#         125
  C:198DH         LINE#         126
  C:198DH         LINE#         127
  C:198DH         LINE#         128
  C:198DH         LINE#         129
  C:198DH         LINE#         130
  C:198DH         LINE#         131
  C:198DH         LINE#         132
  C:198DH         LINE#         133
  C:198DH         LINE#         134
  C:198DH         LINE#         135
  C:198DH         LINE#         136
  C:198DH         LINE#         137
  C:19A5H         LINE#         138
  C:19A5H         LINE#         139
  C:19A5H         LINE#         140
  C:19A8H         LINE#         141
  C:19A8H         LINE#         142
  C:19A8H         LINE#         143
  C:19C0H         LINE#         144
  C:19C0H         LINE#         145
  C:19C0H         LINE#         146
  C:19C3H         LINE#         147
  C:19C3H         LINE#         148
  C:19C3H         LINE#         149
  C:19DBH         LINE#         150
  C:1A02H         LINE#         151
  C:1A1EH         LINE#         152
  C:1A3AH         LINE#         153
  C:1A3AH         LINE#         154
  C:1A3AH         LINE#         155
  C:1A3DH         LINE#         156
  C:1A3DH         LINE#         157
  C:1A3DH         LINE#         158
  C:1A52H         LINE#         159
  C:1A52H         LINE#         160
  C:1A52H         LINE#         161
  C:1A52H         LINE#         162
  C:1A52H         LINE#         163
  C:1A52H         LINE#         164
  C:1A52H         LINE#         165
  C:1A52H         LINE#         166
  C:1A52H         LINE#         167
  C:1A52H         LINE#         168
  C:1A52H         LINE#         169
  C:1A52H         LINE#         170
  C:1A52H         LINE#         171
  C:1A55H         LINE#         172
  C:1A55H         LINE#         173
  C:1A55H         LINE#         174
  C:1A6AH         LINE#         175
  C:1A6DH         LINE#         176
  C:1A6DH         LINE#         177
  C:1A6DH         LINE#         178
  C:1A6DH         LINE#         179
  C:1A70H         LINE#         180
  C:1A8CH         LINE#         181
BL51 BANKED LINKER/LOCATER V6.22                                                      05/22/2018  23:25:47  PAGE 19


  C:1AA8H         LINE#         182
  C:1AABH         LINE#         183
  C:1AABH         LINE#         184
  C:1AAEH         LINE#         185
  C:1AAEH         LINE#         186
  C:1AAEH         LINE#         187
  C:1AC6H         LINE#         188
  C:1AEDH         LINE#         189
  C:1B09H         LINE#         190
  C:1B25H         LINE#         191
  C:1B2BH         LINE#         192
  C:1B2BH         LINE#         193
  C:1B2EH         LINE#         194
  C:1B2EH         LINE#         195
  C:1B2EH         LINE#         196
  C:1B2EH         LINE#         197
  C:1B31H         LINE#         198
  C:1B4DH         LINE#         199
  C:1B69H         LINE#         200
  C:1B90H         LINE#         201
  C:1BACH         LINE#         202
  C:1BC8H         LINE#         203
  C:1BCEH         LINE#         204
  C:1BEAH         LINE#         205
  C:1C06H         LINE#         206
  C:1C2DH         LINE#         207
  C:1C3AH         LINE#         208
  C:1C3DH         LINE#         209
  C:1C3DH         LINE#         210
  C:1C3DH         LINE#         211
  C:1C55H         LINE#         212
  C:1C7BH         LINE#         213
  C:1C97H         LINE#         214
  C:1CB3H         LINE#         215
  C:1CD9H         LINE#         216
  C:1CF5H         LINE#         217
  C:1D11H         LINE#         218
  C:1D37H         LINE#         219
  C:1D53H         LINE#         220
  C:1D6FH         LINE#         221
  C:1D95H         LINE#         222
  C:1DB1H         LINE#         223
  C:1DCDH         LINE#         224
  C:1DCFH         LINE#         225
  C:1DCFH         LINE#         226
  C:1DCFH         LINE#         227
  C:1DE4H         LINE#         228
  C:1DE6H         LINE#         229
  C:1DE6H         LINE#         230
  C:1DE6H         LINE#         231
  C:1DE6H         LINE#         232
  C:1DE6H         LINE#         233
  C:1DE6H         LINE#         234
  C:1DE6H         LINE#         235
  C:1DE6H         LINE#         236
  C:1DE6H         LINE#         237
  C:1DFBH         LINE#         238
BL51 BANKED LINKER/LOCATER V6.22                                                      05/22/2018  23:25:47  PAGE 20


  C:1DFDH         LINE#         239
  C:1DFDH         LINE#         240
  C:1DFDH         LINE#         241
  C:1E12H         LINE#         242
  C:1E14H         LINE#         243
  C:1E14H         LINE#         244
  C:1E14H         LINE#         245
  C:1E2CH         LINE#         246
  C:1E2CH         LINE#         247
  C:1E2CH         LINE#         248
  C:1E2CH         LINE#         249
  C:1E2CH         LINE#         250
  C:1E2CH         LINE#         251
  -------         ENDPROC       FORMATE_SERIALIZER
  -------         PROC          TRANSCODE_COMMANDE_TO_SERIALIZER
  X:06A6H         SYMBOL        com
  -------         DO            
  X:06CCH         SYMBOL        ret
  X:06DBH         SYMBOL        v_angl
  D:0007H         SYMBOL        v_line
  -------         ENDDO         
  C:2F6DH         LINE#         259
  C:2F6DH         LINE#         261
  C:2F73H         LINE#         262
  C:2F75H         LINE#         264
  C:2F7DH         LINE#         265
  C:2F7DH         LINE#         266
  C:2F83H         LINE#         267
  C:2F83H         LINE#         268
  C:2F83H         LINE#         269
  C:2F83H         LINE#         270
  C:2F83H         LINE#         271
  C:2F83H         LINE#         273
  C:2FBCH         LINE#         275
  C:2FBCH         LINE#         276
  C:2FC2H         LINE#         277
  C:2FC9H         LINE#         278
  C:2FCBH         LINE#         279
  C:2FCBH         LINE#         280
  C:2FCFH         LINE#         281
  C:2FCFH         LINE#         282
  C:2FD1H         LINE#         283
  C:2FD1H         LINE#         285
  C:2FD1H         LINE#         286
  C:2FD7H         LINE#         287
  C:2FDEH         LINE#         288
  C:2FE0H         LINE#         289
  C:2FE0H         LINE#         290
  C:2FEAH         LINE#         291
  C:2FEEH         LINE#         292
  C:2FF1H         LINE#         293
  C:2FF1H         LINE#         295
  C:2FF1H         LINE#         296
  C:2FF7H         LINE#         297
  C:2FFAH         LINE#         298
  C:2FFAH         LINE#         300
  C:2FFAH         LINE#         301
BL51 BANKED LINKER/LOCATER V6.22                                                      05/22/2018  23:25:47  PAGE 21


  C:3001H         LINE#         302
  C:3009H         LINE#         303
  C:3009H         LINE#         304
  C:300FH         LINE#         305
  C:3017H         LINE#         306
  C:302BH         LINE#         307
  C:3033H         LINE#         308
  C:3035H         LINE#         309
  C:3037H         LINE#         310
  C:3037H         LINE#         312
  C:3037H         LINE#         313
  C:303EH         LINE#         314
  C:3046H         LINE#         315
  C:3046H         LINE#         316
  C:304CH         LINE#         317
  C:3054H         LINE#         318
  C:3063H         LINE#         319
  C:306BH         LINE#         320
  C:306DH         LINE#         321
  C:306FH         LINE#         322
  C:306FH         LINE#         324
  C:306FH         LINE#         325
  C:3076H         LINE#         326
  C:307EH         LINE#         327
  C:307EH         LINE#         328
  C:3084H         LINE#         329
  C:308CH         LINE#         330
  C:30A0H         LINE#         331
  C:30A8H         LINE#         332
  C:30ACH         LINE#         333
  C:30AFH         LINE#         334
  C:30AFH         LINE#         336
  C:30AFH         LINE#         337
  C:30B6H         LINE#         338
  C:30BEH         LINE#         339
  C:30BEH         LINE#         340
  C:30C4H         LINE#         341
  C:30CCH         LINE#         342
  C:30DBH         LINE#         343
  C:30E3H         LINE#         344
  C:30E7H         LINE#         345
  C:30EAH         LINE#         346
  C:30EAH         LINE#         349
  C:30EAH         LINE#         350
  C:30F1H         LINE#         351
  C:30F9H         LINE#         352
  C:30F9H         LINE#         353
  C:30F9H         LINE#         354
  C:30F9H         LINE#         355
  C:3109H         LINE#         356
  C:3111H         LINE#         357
  C:3123H         LINE#         358
  C:3126H         LINE#         359
  C:3126H         LINE#         361
  C:3126H         LINE#         362
  C:312DH         LINE#         363
  C:3135H         LINE#         364
BL51 BANKED LINKER/LOCATER V6.22                                                      05/22/2018  23:25:47  PAGE 22


  C:3135H         LINE#         365
  C:3135H         LINE#         366
  C:3135H         LINE#         367
  C:3140H         LINE#         368
  C:3148H         LINE#         369
  C:3163H         LINE#         370
  C:3165H         LINE#         371
  C:3165H         LINE#         373
  C:3165H         LINE#         374
  C:316CH         LINE#         375
  C:3174H         LINE#         376
  C:3174H         LINE#         377
  C:317AH         LINE#         378
  C:3181H         LINE#         379
  C:318CH         LINE#         380
  C:3193H         LINE#         381
  C:319EH         LINE#         383
  C:319EH         LINE#         384
  C:319EH         LINE#         385
  C:319EH         LINE#         386
  C:319EH         LINE#         387
  C:319EH         LINE#         389
  C:31A4H         LINE#         390
  -------         ENDPROC       TRANSCODE_COMMANDE_TO_SERIALIZER
  -------         ENDMOD        FONCTIONS_COTE_SERIALIZER

  -------         MODULE        GENERATION_SON
  C:0000H         SYMBOL        _ICE_DUMMY_
  D:00E8H         PUBLIC        ADC0CN
  D:00A8H         PUBLIC        IE
  D:00D8H         PUBLIC        PCA0CN
  D:00B8H         PUBLIC        IP
  D:00C0H         PUBLIC        SMB0CN
  D:00F8H         PUBLIC        SPI0CN
  D:0088H         PUBLIC        TCON
  C:5E40H         SYMBOL        _?ix1000
  C:5B8EH         PUBLIC        son_sonore
  D:0098H         PUBLIC        SCON0
  D:00C8H         PUBLIC        T2CON
  D:00D0H         PUBLIC        PSW
  -------         PROC          SON_SONORE
  X:06A6H         SYMBOL        com
  -------         DO            
  X:06CCH         SYMBOL        rep
  D:0007H         SYMBOL        commande_SPI
  D:0006H         SYMBOL        taille_trame
  -------         ENDDO         
  C:5B8EH         LINE#         10
  C:5B8EH         LINE#         11
  C:5BA1H         LINE#         12
  C:5BA2H         LINE#         13
  C:5BA4H         LINE#         15
  C:5BA6H         LINE#         16
  C:5BAEH         LINE#         17
  C:5BB6H         LINE#         18
  C:5BBEH         LINE#         19
  C:5BC6H         LINE#         21
BL51 BANKED LINKER/LOCATER V6.22                                                      05/22/2018  23:25:47  PAGE 23


  C:5BD6H         LINE#         22
  -------         ENDPROC       SON_SONORE
  -------         ENDMOD        GENERATION_SON

  -------         MODULE        GPIO
  C:0000H         SYMBOL        _ICE_DUMMY_
  D:0080H         PUBLIC        P0
  D:0090H         PUBLIC        P1
  D:00A0H         PUBLIC        P2
  D:00B0H         PUBLIC        P3
  D:00E8H         PUBLIC        ADC0CN
  D:00A8H         PUBLIC        IE
  D:00D8H         PUBLIC        PCA0CN
  D:00B8H         PUBLIC        IP
  D:00C0H         PUBLIC        SMB0CN
  D:00F8H         PUBLIC        SPI0CN
  D:0088H         PUBLIC        TCON
  D:0098H         PUBLIC        SCON0
  D:00C8H         PUBLIC        T2CON
  D:00D0H         PUBLIC        PSW
  -------         ENDMOD        GPIO

  -------         MODULE        LIEN_STRUCTURE_COMMANDE
  C:0000H         SYMBOL        _ICE_DUMMY_
  D:0080H         PUBLIC        P0
  D:0090H         PUBLIC        P1
  D:00A0H         PUBLIC        P2
  D:00B0H         PUBLIC        P3
  X:0A95H         PUBLIC        dist_arriere
  X:0A99H         PUBLIC        Angle_voulu
  X:0A9AH         PUBLIC        angle
  D:00E8H         PUBLIC        ADC0CN
  D:00A8H         PUBLIC        IE
  D:00D8H         PUBLIC        PCA0CN
  D:00B8H         PUBLIC        IP
  D:00C0H         PUBLIC        SMB0CN
  X:0A9BH         PUBLIC        msg_Slave
  C:5057H         PUBLIC        tempo_emiss
  D:00F8H         PUBLIC        SPI0CN
  X:0A9CH         PUBLIC        dist_avant
  D:0088H         PUBLIC        TCON
  X:0AA0H         PUBLIC        mess
  X:0AD2H         PUBLIC        message_s
  C:0AFAH         PUBLIC        fonctionRoutage
  C:1E84H         SYMBOL        _?ix1000
  C:1E86H         SYMBOL        _?ix1001
  C:1EB8H         SYMBOL        _?ix1002
  C:1EEAH         SYMBOL        _?ix1003
  C:1F1CH         SYMBOL        _?ix1004
  C:1F4EH         SYMBOL        _?ix1005
  X:0B04H         PUBLIC        Angle_atteint
  X:0B06H         PUBLIC        a
  X:0B07H         PUBLIC        courant_actuel
  D:0098H         PUBLIC        SCON0
  D:00C8H         PUBLIC        T2CON
  X:0B0BH         PUBLIC        i
  X:0B0CH         PUBLIC        commande_serializer
BL51 BANKED LINKER/LOCATER V6.22                                                      05/22/2018  23:25:47  PAGE 24


  D:00D0H         PUBLIC        PSW
  C:5116H         PUBLIC        routage
  -------         PROC          ROUTAGE
  X:06A6H         SYMBOL        commande
  X:06CCH         SYMBOL        type
  C:5116H         LINE#         47
  C:5116H         LINE#         49
  C:511EH         LINE#         50
  C:512BH         LINE#         51
  C:512EH         LINE#         52
  C:5132H         LINE#         53
  C:513FH         LINE#         54
  C:5141H         LINE#         55
  C:5147H         LINE#         56
  C:5154H         LINE#         57
  C:5156H         LINE#         58
  C:515CH         LINE#         59
  C:5169H         LINE#         60
  C:516BH         LINE#         61
  C:5173H         LINE#         62
  C:5180H         LINE#         63
  C:5182H         LINE#         64
  C:5186H         LINE#         65
  C:5193H         LINE#         66
  C:5195H         LINE#         67
  C:519BH         LINE#         68
  C:51A8H         LINE#         69
  C:51AAH         LINE#         70
  C:51B0H         LINE#         71
  C:51C0H         LINE#         72
  C:51C0H         LINE#         73
  -------         ENDPROC       ROUTAGE
  -------         PROC          FONCTIONROUTAGE
  X:009CH         SYMBOL        commande
  -------         DO            
  X:00C2H         SYMBOL        route
  X:00C3H         SYMBOL        commande_SPI
  X:00C4H         SYMBOL        trame
  X:00C6H         SYMBOL        taille_trame
  X:00C7H         SYMBOL        alpha
  X:00CBH         SYMBOL        distance
  X:00CDH         SYMBOL        angle_ascii
  X:00D0H         SYMBOL        mess
  X:0102H         SYMBOL        mess1
  X:0134H         SYMBOL        mess2
  X:0166H         SYMBOL        mess3
  X:0198H         SYMBOL        compteur
  X:019AH         SYMBOL        msg_Slave_ascii
  X:029AH         SYMBOL        info
  X:02B4H         SYMBOL        courant_ascii
  X:02B8H         SYMBOL        energie_ascii
  X:02BCH         SYMBOL        string_s
  X:06A4H         SYMBOL        cpt
  -------         ENDDO         
  C:0AFAH         LINE#         75
  C:0AFAH         LINE#         76
  C:0AFFH         LINE#         77
BL51 BANKED LINKER/LOCATER V6.22                                                      05/22/2018  23:25:47  PAGE 25


  C:0B01H         LINE#         78
  C:0B13H         LINE#         79
  C:0B19H         LINE#         83
  C:0B2BH         LINE#         84
  C:0B3EH         LINE#         85
  C:0B51H         LINE#         86
  C:0B64H         LINE#         87
  C:0B6BH         LINE#         93
  C:0B7EH         LINE#         94
  C:0B85H         LINE#         95
  C:0BA8H         LINE#         97
  C:0BDBH         LINE#         100
  C:0BDBH         LINE#         101
  C:0BE5H         LINE#         102
  C:0BF4H         LINE#         103
  C:0BFDH         LINE#         105
  C:0C11H         LINE#         106
  C:0C20H         LINE#         107
  C:0C37H         LINE#         108
  C:0C37H         LINE#         109
  C:0C3AH         LINE#         112
  C:0C3AH         LINE#         113
  C:0C40H         LINE#         114
  C:0C4BH         LINE#         115
  C:0C53H         LINE#         116
  C:0C57H         LINE#         117
  C:0C5DH         LINE#         118
  C:0C5FH         LINE#         119
  C:0C5FH         LINE#         120
  C:0C65H         LINE#         121
  C:0C65H         LINE#         122
  C:0C6BH         LINE#         123
  C:0C7EH         LINE#         124
  C:0C81H         LINE#         125
  C:0C89H         LINE#         126
  C:0C8CH         LINE#         127
  C:0CABH         LINE#         128
  C:0CB4H         LINE#         129
  C:0CB4H         LINE#         130
  C:0CB7H         LINE#         133
  C:0CB7H         LINE#         134
  C:0CC2H         LINE#         135
  C:0CF9H         LINE#         136
  C:0D89H         LINE#         137
  C:0DA1H         LINE#         138
  C:0DBFH         LINE#         141
  C:0DC5H         LINE#         142
  C:0DD4H         LINE#         143
  C:0DF7H         LINE#         144
  C:0E1BH         LINE#         146
  C:0E21H         LINE#         147
  C:0E25H         LINE#         148
  C:0E48H         LINE#         149
  C:0E6CH         LINE#         151
  C:0E72H         LINE#         152
  C:0E76H         LINE#         153
  C:0E8FH         LINE#         154
BL51 BANKED LINKER/LOCATER V6.22                                                      05/22/2018  23:25:47  PAGE 26


  C:0EB2H         LINE#         155
  C:0ED6H         LINE#         156
  C:0EDFH         LINE#         157
  C:0EE8H         LINE#         158
  C:0EF1H         LINE#         159
  C:0EF8H         LINE#         160
  C:0F0CH         LINE#         161
  C:0F13H         LINE#         162
  C:0F13H         LINE#         163
  C:0F14H         LINE#         164
  C:0F2EH         LINE#         165
  C:0F2EH         LINE#         166
  C:0F37H         LINE#         167
  C:0F40H         LINE#         168
  C:0F47H         LINE#         169
  C:0F47H         LINE#         170
  C:0F48H         LINE#         171
  C:0F62H         LINE#         172
  C:0F62H         LINE#         173
  C:0F6AH         LINE#         174
  C:0F6CH         LINE#         175
  C:0F80H         LINE#         176
  C:0F8EH         LINE#         177
  C:0F8EH         LINE#         178
  C:0FB0H         LINE#         179
  C:0FB7H         LINE#         180
  C:0FCFH         LINE#         181
  C:0FD6H         LINE#         182
  C:0FDFH         LINE#         183
  C:0FE8H         LINE#         184
  C:0FF1H         LINE#         185
  C:0FF8H         LINE#         186
  C:0FF8H         LINE#         187
  C:0FF9H         LINE#         188
  C:1013H         LINE#         189
  C:101AH         LINE#         190
  C:101AH         LINE#         192
  C:1023H         LINE#         193
  C:102AH         LINE#         194
  C:102AH         LINE#         195
  C:102BH         LINE#         196
  C:1045H         LINE#         197
  C:1045H         LINE#         198
  C:104DH         LINE#         199
  C:104FH         LINE#         200
  C:1063H         LINE#         201
  C:1071H         LINE#         202
  C:1071H         LINE#         203
  C:1078H         LINE#         204
  C:1078H         LINE#         205
  C:1080H         LINE#         206
  C:1082H         LINE#         207
  C:1096H         LINE#         208
  C:10A4H         LINE#         209
  C:10A4H         LINE#         210
  C:10ABH         LINE#         212
  C:10C3H         LINE#         213
BL51 BANKED LINKER/LOCATER V6.22                                                      05/22/2018  23:25:47  PAGE 27


  C:10CAH         LINE#         214
  C:10D3H         LINE#         215
  C:10DCH         LINE#         216
  C:10E5H         LINE#         217
  C:10E8H         LINE#         218
  C:10E8H         LINE#         219
  C:110BH         LINE#         220
  C:112FH         LINE#         221
  C:1138H         LINE#         222
  C:1141H         LINE#         223
  C:1146H         LINE#         224
  C:114AH         LINE#         225
  C:114AH         LINE#         226
  C:1152H         LINE#         227
  C:1154H         LINE#         228
  C:116BH         LINE#         229
  C:1171H         LINE#         230
  C:1171H         LINE#         231
  C:1178H         LINE#         232
  C:1178H         LINE#         233
  C:118DH         LINE#         234
  C:118DH         LINE#         235
  C:1190H         LINE#         239
  C:1190H         LINE#         240
  C:11A6H         LINE#         241
  C:11AFH         LINE#         242
  C:11B8H         LINE#         243
  C:11CCH         LINE#         244
  C:11CCH         LINE#         247
  C:11CCH         LINE#         248
  C:11DCH         LINE#         249
  C:11F9H         LINE#         250
  C:1202H         LINE#         251
  C:1208H         LINE#         252
  C:120BH         LINE#         255
  C:120BH         LINE#         256
  C:1224H         LINE#         257
  C:1241H         LINE#         258
  C:124AH         LINE#         259
  C:1250H         LINE#         260
  C:1252H         LINE#         263
  C:1252H         LINE#         264
  C:1268H         LINE#         265
  C:126EH         LINE#         266
  C:1270H         LINE#         268
  C:1270H         LINE#         269
  C:1286H         LINE#         270
  C:128CH         LINE#         271
  C:128EH         LINE#         273
  C:128EH         LINE#         274
  C:129DH         LINE#         275
  C:12A6H         LINE#         276
  C:12A6H         LINE#         278
  C:12A6H         LINE#         279
  -------         ENDPROC       FONCTIONROUTAGE
  -------         PROC          TEMPO_EMISS
  -------         DO            
BL51 BANKED LINKER/LOCATER V6.22                                                      05/22/2018  23:25:47  PAGE 28


  X:06D0H         SYMBOL        x
  -------         ENDDO         
  C:5057H         LINE#         281
  C:5057H         LINE#         282
  C:505EH         LINE#         284
  C:508BH         LINE#         285
  C:50B9H         LINE#         286
  C:50E7H         LINE#         287
  C:5115H         LINE#         288
  -------         ENDPROC       TEMPO_EMISS
  -------         ENDMOD        LIEN_STRUCTURE_COMMANDE

  -------         MODULE        MAIN
  C:0000H         SYMBOL        _ICE_DUMMY_
  X:0BBBH         PUBLIC        message_PC_com
  D:0080H         PUBLIC        P0
  X:0BEDH         PUBLIC        courant
  D:0090H         PUBLIC        P1
  D:00A0H         PUBLIC        P2
  D:00B0H         PUBLIC        P3
  C:0026H         PUBLIC        ISR_Timer2
  B:00A8H.7       PUBLIC        EA
  C:55C1H         PUBLIC        ISR_Timer3
  B:00A0H.0       PUBLIC        PWM_servo
  X:0BEFH         PUBLIC        vitesse_par_defaut
  D:00E8H         PUBLIC        ADC0CN
  D:00A8H         PUBLIC        IE
  D:00D8H         PUBLIC        PCA0CN
  D:00B8H         PUBLIC        IP
  X:0BF1H         PUBLIC        commande_correct
  D:00C0H         PUBLIC        SMB0CN
  C:3CAEH         PUBLIC        main
  D:00F8H         PUBLIC        SPI0CN
  D:0088H         PUBLIC        TCON
  C:33D2H         PUBLIC        _conv
  D:0091H         PUBLIC        TMR3CN
  C:4F8BH         PUBLIC        _conversionangle_positif
  C:3F38H         SYMBOL        _?ix1000
  C:3F6AH         SYMBOL        _?ix1001
  C:3F70H         SYMBOL        _?ix1002
  X:0BF3H         PUBLIC        epreuve_en_cours
  C:3F73H         SYMBOL        _?ix1003
  C:31A5H         PUBLIC        _Message
  B:00C8H.7       PUBLIC        TF2
  B:00C8H.2       PUBLIC        TR2
  X:0BF4H         PUBLIC        energie
  D:0098H         PUBLIC        SCON0
  C:4264H         PUBLIC        _traitement_A
  C:5421H         PUBLIC        _traitement_B
  C:37BAH         PUBLIC        _traitement_C
  D:00C8H         PUBLIC        T2CON
  C:43B7H         PUBLIC        _traitement_D
  C:5C72H         PUBLIC        _conversioncoord
  C:5D9BH         PUBLIC        traitement_E
  C:3977H         PUBLIC        _traitement_G
  C:2D34H         PUBLIC        _traitement_L
  C:27B9H         PUBLIC        _traitement_M
BL51 BANKED LINKER/LOCATER V6.22                                                      05/22/2018  23:25:47  PAGE 29


  B:00A0H.5       PUBLIC        NSS_slave
  C:5DDFH         PUBLIC        traitement_Q
  C:410BH         PUBLIC        _traitement_R
  C:2AD9H         PUBLIC        _traitement_S
  C:5645H         PUBLIC        _traitement_T
  C:5C29H         PUBLIC        _conversioncoord_2
  D:00D0H         PUBLIC        PSW
  C:5C6CH         SYMBOL        L?0341
  -------         PROC          L?0340
  -------         ENDPROC       L?0340
  C:5C6CH         SYMBOL        L?0341
  -------         PROC          _CONVERSIONCOORD
  D:0001H         SYMBOL        tableau
  -------         DO            
  D:0006H         SYMBOL        dizaine
  D:0004H         SYMBOL        unite
  D:0007H         SYMBOL        valeur
  -------         ENDDO         
  C:5C72H         LINE#         38
  C:5C72H         LINE#         39
  C:5C73H         LINE#         40
  C:5C74H         LINE#         43
  C:5C83H         LINE#         44
  C:5C8CH         LINE#         46
  C:5C8FH         LINE#         47
  C:5C8FH         LINE#         48
  -------         ENDPROC       _CONVERSIONCOORD
  C:5C23H         SYMBOL        L?0339
  -------         PROC          L?0338
  -------         ENDPROC       L?0338
  C:5C23H         SYMBOL        L?0339
  -------         PROC          _CONVERSIONCOORD_2
  D:0001H         SYMBOL        tableau
  -------         DO            
  D:0006H         SYMBOL        dizaine
  D:0004H         SYMBOL        unite
  X:00F4H         SYMBOL        centaine
  D:0007H         SYMBOL        valeur
  -------         ENDDO         
  C:5C29H         LINE#         50
  C:5C29H         LINE#         51
  C:5C2AH         LINE#         52
  C:5C2BH         LINE#         53
  C:5C31H         LINE#         56
  C:5C48H         LINE#         57
  C:5C5AH         LINE#         58
  C:5C63H         LINE#         60
  C:5C6BH         LINE#         61
  C:5C6BH         LINE#         62
  -------         ENDPROC       _CONVERSIONCOORD_2
  C:33C8H         SYMBOL        L?0337
  -------         PROC          L?0336
  -------         ENDPROC       L?0336
  C:33C8H         SYMBOL        L?0337
  -------         PROC          _CONV
  X:00FAH         SYMBOL        nbr
  X:00FDH         SYMBOL        taille
BL51 BANKED LINKER/LOCATER V6.22                                                      05/22/2018  23:25:47  PAGE 30


  -------         DO            
  X:00FFH         SYMBOL        k
  X:0101H         SYMBOL        t1
  X:0105H         SYMBOL        ret
  X:0107H         SYMBOL        numero
  -------         ENDDO         
  C:33D2H         LINE#         78
  C:33E5H         LINE#         79
  C:33E5H         LINE#         80
  C:33ECH         LINE#         81
  C:33F4H         LINE#         82
  C:33FBH         LINE#         83
  C:33FFH         LINE#         85
  C:3409H         LINE#         86
  C:3409H         LINE#         87
  C:342EH         LINE#         88
  C:342EH         LINE#         89
  C:345AH         LINE#         90
  C:3491H         LINE#         91
  C:34EFH         LINE#         92
  C:34FBH         LINE#         93
  C:350FH         LINE#         94
  C:3526H         LINE#         95
  C:3529H         LINE#         97
  C:3529H         LINE#         98
  C:354DH         LINE#         99
  C:354DH         LINE#         100
  C:35C0H         LINE#         101
  C:35CCH         LINE#         102
  C:35DDH         LINE#         103
  C:35DDH         LINE#         104
  C:35E5H         LINE#         105
  -------         ENDPROC       _CONV
  -------         PROC          L?0342
  -------         ENDPROC       L?0342
  -------         PROC          _CONVERSIONANGLE_POSITIF
  D:0001H         SYMBOL        tableau
  -------         DO            
  X:00F5H         SYMBOL        centaine
  X:00F7H         SYMBOL        dizaine
  X:00F9H         SYMBOL        unite
  X:00FBH         SYMBOL        valeur
  -------         ENDDO         
  C:4F8BH         LINE#         106
  C:4F8BH         LINE#         107
  C:4F92H         LINE#         108
  C:4F96H         LINE#         109
  C:4F9AH         LINE#         112
  C:4FA1H         LINE#         113
  C:4FBFH         LINE#         114
  C:4FD2H         LINE#         115
  C:4FE6H         LINE#         116
  C:4FE8H         LINE#         117
  C:4FE8H         LINE#         118
  C:5001H         LINE#         119
  C:501BH         LINE#         120
  C:502FH         LINE#         121
BL51 BANKED LINKER/LOCATER V6.22                                                      05/22/2018  23:25:47  PAGE 31


  C:504EH         LINE#         122
  C:504EH         LINE#         123
  C:5056H         LINE#         124
  -------         ENDPROC       _CONVERSIONANGLE_POSITIF
  -------         PROC          _TRAITEMENT_A
  X:00C5H         SYMBOL        com
  X:00C8H         SYMBOL        commande
  -------         DO            
  D:0007H         SYMBOL        vitesse
  X:00EEH         SYMBOL        tab
  X:00F1H         SYMBOL        j
  D:0007H         SYMBOL        duree
  -------         ENDDO         
  C:4264H         LINE#         126
  C:426FH         LINE#         132
  C:4280H         LINE#         133
  C:4280H         LINE#         134
  C:4280H         LINE#         135
  C:4280H         LINE#         136
  C:4287H         LINE#         137
  C:428FH         LINE#         138
  C:428FH         LINE#         139
  C:42B6H         LINE#         140
  C:42D0H         LINE#         141
  C:42D3H         LINE#         142
  C:42E3H         LINE#         143
  C:42E3H         LINE#         144
  C:42E3H         LINE#         145
  C:42E6H         LINE#         146
  C:42EBH         LINE#         147
  C:42EEH         LINE#         148
  C:42EEH         LINE#         149
  C:42EEH         LINE#         150
  C:42EEH         LINE#         151
  C:42F9H         LINE#         152
  C:42FEH         LINE#         154
  C:4316H         LINE#         155
  C:4316H         LINE#         156
  C:431FH         LINE#         157
  C:431FH         LINE#         158
  C:4346H         LINE#         159
  C:4360H         LINE#         160
  C:4363H         LINE#         161
  C:4372H         LINE#         162
  C:4372H         LINE#         163
  C:4379H         LINE#         164
  C:437BH         LINE#         166
  C:437BH         LINE#         167
  C:437FH         LINE#         168
  C:437FH         LINE#         170
  C:4381H         LINE#         178
  C:4381H         LINE#         179
  C:4381H         LINE#         180
  C:4381H         LINE#         181
  C:4388H         LINE#         182
  C:438EH         LINE#         183
  C:4398H         LINE#         184
BL51 BANKED LINKER/LOCATER V6.22                                                      05/22/2018  23:25:47  PAGE 32


  C:4398H         LINE#         185
  C:43A1H         LINE#         186
  C:43B0H         LINE#         187
  C:43B0H         LINE#         188
  C:43B0H         LINE#         189
  C:43B6H         LINE#         190
  -------         ENDPROC       _TRAITEMENT_A
  -------         PROC          _TRAITEMENT_B
  X:00C5H         SYMBOL        com
  X:00C8H         SYMBOL        commande
  -------         DO            
  D:0007H         SYMBOL        vitesse
  X:00EEH         SYMBOL        tab
  D:0006H         SYMBOL        j
  -------         ENDDO         
  C:5421H         LINE#         191
  C:542CH         LINE#         192
  C:542CH         LINE#         196
  C:5432H         LINE#         197
  C:5447H         LINE#         198
  C:5447H         LINE#         199
  C:544AH         LINE#         200
  C:544AH         LINE#         201
  C:5469H         LINE#         202
  C:5474H         LINE#         203
  C:547DH         LINE#         204
  C:548DH         LINE#         205
  C:548DH         LINE#         206
  C:5494H         LINE#         207
  C:5496H         LINE#         209
  C:5496H         LINE#         210
  C:549BH         LINE#         211
  C:549BH         LINE#         212
  C:549BH         LINE#         213
  C:549DH         LINE#         215
  C:549DH         LINE#         216
  C:54A5H         LINE#         217
  C:54A5H         LINE#         219
  C:54ABH         LINE#         220
  -------         ENDPROC       _TRAITEMENT_B
  -------         PROC          _TRAITEMENT_C
  X:00C5H         SYMBOL        com
  X:00C8H         SYMBOL        commande
  -------         DO            
  X:00EEH         SYMBOL        angle
  X:00F0H         SYMBOL        tab
  X:00F3H         SYMBOL        j
  -------         ENDDO         
  C:37BAH         LINE#         221
  C:37C5H         LINE#         222
  C:37C5H         LINE#         225
  C:37CCH         LINE#         226
  C:37EBH         LINE#         227
  C:37EBH         LINE#         228
  C:37EBH         LINE#         229
  C:37EBH         LINE#         230
  C:37F1H         LINE#         231
BL51 BANKED LINKER/LOCATER V6.22                                                      05/22/2018  23:25:47  PAGE 33


  C:37FEH         LINE#         232
  C:37FEH         LINE#         233
  C:3806H         LINE#         234
  C:3806H         LINE#         235
  C:382DH         LINE#         236
  C:3847H         LINE#         237
  C:3858H         LINE#         238
  C:3874H         LINE#         239
  C:3874H         LINE#         240
  C:3878H         LINE#         241
  C:387AH         LINE#         243
  C:387AH         LINE#         244
  C:3882H         LINE#         245
  C:388AH         LINE#         246
  C:388AH         LINE#         247
  C:388CH         LINE#         249
  C:388CH         LINE#         250
[...]
  C:56C7H         LINE#         207
  C:56C7H         LINE#         209
  C:56CEH         LINE#         211
  C:56EAH         LINE#         212
  C:56EAH         LINE#         214
  C:56F8H         LINE#         215
  C:572CH         LINE#         216
  C:573BH         LINE#         217
  C:573BH         LINE#         219
  C:5743H         LINE#         220
  -------         ENDPROC       SERINCHAR_BIN
  -------         PROC          _SEROUTSTRING
  X:06A6H         SYMBOL        buf
  -------         DO            
  X:06A9H         SYMBOL        len
  X:06AAH         SYMBOL        code_err
  -------         ENDDO         
  C:596EH         LINE#         224
  C:5979H         LINE#         225
  C:597EH         LINE#         227
  C:599FH         LINE#         228
  C:59C6H         LINE#         229
  C:59CBH         LINE#         230
  -------         ENDPROC       _SEROUTSTRING
  -------         PROC          CFG_CLOCK_UART
  C:5D88H         LINE#         244
  C:5D88H         LINE#         245
  C:5D8BH         LINE#         246
  C:5D8EH         LINE#         247
  C:5D91H         LINE#         248
  C:5D93H         LINE#         250
  C:5D96H         LINE#         251
  C:5D98H         LINE#         252
  C:5D9AH         LINE#         253
  -------         ENDPROC       CFG_CLOCK_UART
  -------         PROC          CFG_UART0_MODE1
  C:5DADH         LINE#         259
  C:5DADH         LINE#         260
  C:5DAFH         LINE#         261
  C:5DB1H         LINE#         262
  C:5DB4H         LINE#         263
  C:5DB7H         LINE#         264
  C:5DBAH         LINE#         265
  C:5DBCH         LINE#         267
  C:5DBEH         LINE#         268
  -------         ENDPROC       CFG_UART0_MODE1
  -------         ENDMOD        UART0_RINGBUFFER_LIB

  -------         MODULE        UART1
  C:0000H         SYMBOL        _ICE_DUMMY_
  D:00E7H         PUBLIC        EIE2
  D:00E8H         PUBLIC        ADC0CN
  D:00A8H         PUBLIC        IE
BL51 BANKED LINKER/LOCATER V6.22                                                      05/22/2018  23:25:47  PAGE 54


  X:0B6BH         SYMBOL        inbuf
  D:00D8H         PUBLIC        PCA0CN
  X:0B8BH         SYMBOL        outbuf
  D:00B8H         PUBLIC        IP
  C:5DCFH         PUBLIC        CFG_UART1
  D:00C0H         PUBLIC        SMB0CN
  B:0021H.2       SYMBOL        TXactive
  D:00F8H         PUBLIC        SPI0CN
  D:0087H         PUBLIC        PCON
  D:0088H         PUBLIC        TCON
  C:4CA2H         PUBLIC        UART1_ISR
  C:5744H         PUBLIC        serInchar_Bin1
  C:59CCH         PUBLIC        _serOutstring1
  C:590AH         PUBLIC        serInchar1
  X:0BABH         SYMBOL        in
  C:54ACH         PUBLIC        _serOutchar1
  X:0BB3H         SYMBOL        out
  D:00F2H         PUBLIC        SBUF1
  D:0098H         PUBLIC        SCON0
  D:00F1H         PUBLIC        SCON1
  D:00C8H         PUBLIC        T2CON
  D:00C9H         PUBLIC        T4CON
  C:5A85H         PUBLIC        init_Serial_Buffer1
  D:00D0H         PUBLIC        PSW
  -------         PROC          UART1_ISR
  C:4CA2H         LINE#         86
  C:4CB5H         LINE#         95
  C:4CBAH         LINE#         96
  C:4CBAH         LINE#         97
  C:4CD6H         LINE#         98
  C:4CE5H         LINE#         99
  C:4D0EH         LINE#         101
  C:4D10H         LINE#         102
  C:4D12H         LINE#         103
  C:4D15H         LINE#         105
  C:4D17H         LINE#         107
  C:4D17H         LINE#         108
  C:4D52H         LINE#         109
  C:4D61H         LINE#         110
  C:4D8AH         LINE#         112
  C:4D8AH         LINE#         113
  C:4D8DH         LINE#         114
  C:4D8DH         LINE#         115
  -------         ENDPROC       UART1_ISR
  -------         PROC          INIT_SERIAL_BUFFER1
  C:5A85H         LINE#         120
  C:5A85H         LINE#         121
  C:5AB2H         LINE#         122
  C:5ADFH         LINE#         123
  -------         ENDPROC       INIT_SERIAL_BUFFER1
  -------         PROC          _SEROUTCHAR1
  D:0007H         SYMBOL        c
  C:54ACH         LINE#         127
  C:54ACH         LINE#         129
  C:54F2H         LINE#         130
  C:54F2H         LINE#         131
  C:5500H         LINE#         132
BL51 BANKED LINKER/LOCATER V6.22                                                      05/22/2018  23:25:47  PAGE 55


  C:5529H         LINE#         134
  C:552CH         LINE#         135
  C:552EH         LINE#         136
  C:5531H         LINE#         138
  C:5531H         LINE#         139
  C:5534H         LINE#         140
  C:5534H         LINE#         142
  C:5536H         LINE#         143
  -------         ENDPROC       _SEROUTCHAR1
  -------         PROC          SERINCHAR1
  -------         DO            
  D:0005H         SYMBOL        c
  -------         ENDDO         
  C:590AH         LINE#         149
  C:590AH         LINE#         152
  C:5926H         LINE#         153
  C:5926H         LINE#         154
  C:5934H         LINE#         155
  C:5968H         LINE#         156
  C:596BH         LINE#         157
  C:596BH         LINE#         159
  C:596DH         LINE#         160
  -------         ENDPROC       SERINCHAR1
  -------         PROC          SERINCHAR_BIN1
  -------         DO            
  D:0005H         SYMBOL        c
  X:0C0BH         SYMBOL        return_code
  -------         ENDDO         
  C:5744H         LINE#         168
  C:5744H         LINE#         170
  C:574BH         LINE#         172
  C:5767H         LINE#         174
  C:5775H         LINE#         175
  C:57A9H         LINE#         176
  C:57B8H         LINE#         177
  C:57B8H         LINE#         180
  C:57C0H         LINE#         181
  -------         ENDPROC       SERINCHAR_BIN1
  -------         PROC          _SEROUTSTRING1
  X:06A6H         SYMBOL        buf
  -------         DO            
  X:06A9H         SYMBOL        len
  X:06AAH         SYMBOL        code_err
  -------         ENDDO         
  C:59CCH         LINE#         185
  C:59D7H         LINE#         186
  C:59DCH         LINE#         188
  C:59FDH         LINE#         189
  C:5A24H         LINE#         190
  C:5A29H         LINE#         191
  -------         ENDPROC       _SEROUTSTRING1
  -------         PROC          CFG_UART1
  C:5DCFH         LINE#         195
  C:5DCFH         LINE#         196
  C:5DD2H         LINE#         197
  C:5DD5H         LINE#         198
  C:5DD8H         LINE#         199
BL51 BANKED LINKER/LOCATER V6.22                                                      05/22/2018  23:25:47  PAGE 56


  C:5DDBH         LINE#         201
  C:5DDEH         LINE#         202
  -------         ENDPROC       CFG_UART1
  -------         ENDMOD        UART1

  -------         MODULE        ULTRASON
  C:0000H         SYMBOL        _ICE_DUMMY_
  D:0080H         PUBLIC        P0
  D:0090H         PUBLIC        P1
  D:00A0H         PUBLIC        P2
  D:00B0H         PUBLIC        P3
  D:00E8H         PUBLIC        ADC0CN
  D:00A8H         PUBLIC        IE
  B:00A0H.4       PUBLIC        Echo_ultrason_ar
  D:00D8H         PUBLIC        PCA0CN
  B:00A0H.2       PUBLIC        Echo_ultrason_av
  D:00B8H         PUBLIC        IP
  D:00C0H         PUBLIC        SMB0CN
  B:00A0H.3       PUBLIC        Trig_ultrason_ar
  B:00A0H.1       PUBLIC        Trig_ultrason_av
  D:00F8H         PUBLIC        SPI0CN
  D:0088H         PUBLIC        TCON
  B:0088H.5       PUBLIC        TF0
  D:008CH         PUBLIC        TH0
  C:4A8AH         PUBLIC        MES_Dist_AR
  D:008AH         PUBLIC        TL0
  C:4976H         PUBLIC        MES_Dist_AV
  B:0088H.4       PUBLIC        TR0
  D:0098H         PUBLIC        SCON0
  D:00C8H         PUBLIC        T2CON
  D:00D0H         PUBLIC        PSW
  -------         PROC          MES_DIST_AV
  -------         DO            
  D:0004H         SYMBOL        Delta
  X:092CH         SYMBOL        TL0_tmp
  X:0930H         SYMBOL        TH0_tmp
  D:0004H         SYMBOL        Duree
  X:0934H         SYMBOL        Dist
  D:0004H         SYMBOL        Duree2
  X:0938H         SYMBOL        i
  X:093AH         SYMBOL        RegistreTemp
  -------         ENDDO         
  C:4976H         LINE#         12
  C:4976H         LINE#         19
  C:497DH         LINE#         22
  C:4980H         LINE#         23
  C:4982H         LINE#         24
  C:498CH         LINE#         25
  C:4996H         LINE#         27
  C:49A7H         LINE#         28
  C:49A8H         LINE#         29
  C:49B4H         LINE#         30
  C:49B6H         LINE#         32
  C:49B8H         LINE#         33
  C:49BAH         LINE#         35
  C:49C0H         LINE#         37
  C:49C3H         LINE#         38
BL51 BANKED LINKER/LOCATER V6.22                                                      05/22/2018  23:25:47  PAGE 57


  C:49CDH         LINE#         39
  C:49D0H         LINE#         41
  C:49D0H         LINE#         42
  C:49DCH         LINE#         43
  C:49E8H         LINE#         44
  C:49EBH         LINE#         45
  C:49EDH         LINE#         46
  C:4A1CH         LINE#         47
  C:4A4DH         LINE#         49
  C:4A5EH         LINE#         50
  C:4A69H         LINE#         51
  C:4A79H         LINE#         52
  C:4A7BH         LINE#         53
  C:4A7BH         LINE#         55
  C:4A89H         LINE#         56
  -------         ENDPROC       MES_DIST_AV
  -------         PROC          MES_DIST_AR
  -------         DO            
  D:0004H         SYMBOL        Delta
  X:092CH         SYMBOL        TL0_tmp
  X:0930H         SYMBOL        TH0_tmp
  D:0004H         SYMBOL        Duree
  X:0934H         SYMBOL        Dist
  D:0004H         SYMBOL        Duree2
  X:0938H         SYMBOL        i
  X:093AH         SYMBOL        RegistreTemp
  -------         ENDDO         
  C:4A8AH         LINE#         58
  C:4A8AH         LINE#         59
  C:4A8AH         LINE#         66
  C:4A91H         LINE#         69
  C:4A94H         LINE#         70
  C:4A96H         LINE#         71
  C:4AA0H         LINE#         72
  C:4AAAH         LINE#         74
  C:4ABBH         LINE#         75
  C:4ABCH         LINE#         76
  C:4AC8H         LINE#         77
  C:4ACAH         LINE#         79
  C:4ACCH         LINE#         80
  C:4ACEH         LINE#         82
  C:4AD4H         LINE#         84
  C:4AD7H         LINE#         85
  C:4AE1H         LINE#         86
  C:4AE4H         LINE#         88
  C:4AE4H         LINE#         89
  C:4AF0H         LINE#         90
  C:4AFCH         LINE#         91
  C:4AFFH         LINE#         92
  C:4B01H         LINE#         93
  C:4B30H         LINE#         94
  C:4B61H         LINE#         96
  C:4B72H         LINE#         97
  C:4B7DH         LINE#         98
  C:4B8DH         LINE#         99
  C:4B8FH         LINE#         100
  C:4B8FH         LINE#         102
BL51 BANKED LINKER/LOCATER V6.22                                                      05/22/2018  23:25:47  PAGE 58


  C:4B9DH         LINE#         103
  -------         ENDPROC       MES_DIST_AR
  -------         ENDMOD        ULTRASON

  -------         MODULE        ENCODAGE_POINTEUR_LUM
  C:0000H         SYMBOL        _ICE_DUMMY_
  D:00E8H         PUBLIC        ADC0CN
  D:00A8H         PUBLIC        IE
  D:00D8H         PUBLIC        PCA0CN
  D:00B8H         PUBLIC        IP
  D:00C0H         PUBLIC        SMB0CN
  C:5BD9H         PUBLIC        pointeur_lum
  D:00F8H         PUBLIC        SPI0CN
  D:0088H         PUBLIC        TCON
  C:5E44H         SYMBOL        _?ix1000
  D:0098H         PUBLIC        SCON0
  D:00C8H         PUBLIC        T2CON
  D:00D0H         PUBLIC        PSW
  -------         PROC          POINTEUR_LUM
  X:06A6H         SYMBOL        com
  -------         DO            
  X:06CCH         SYMBOL        rep
  D:0007H         SYMBOL        commande_SPI
  D:0006H         SYMBOL        taille_trame
  -------         ENDDO         
  C:5BD9H         LINE#         9
  C:5BD9H         LINE#         10
  C:5BECH         LINE#         11
  C:5BEEH         LINE#         12
  C:5BF0H         LINE#         14
  C:5BF0H         LINE#         15
  C:5BF8H         LINE#         16
  C:5C00H         LINE#         17
  C:5C08H         LINE#         18
  C:5C10H         LINE#         20
  C:5C20H         LINE#         21
  -------         ENDPROC       POINTEUR_LUM
  -------         ENDMOD        ENCODAGE_POINTEUR_LUM

  -------         MODULE        ?C?FPADD
  C:00ADH         PUBLIC        ?C?FPADD
  C:00A9H         PUBLIC        ?C?FPSUB
  -------         ENDMOD        ?C?FPADD

  -------         MODULE        ?C?FPMUL
  C:019EH         PUBLIC        ?C?FPMUL
  -------         ENDMOD        ?C?FPMUL

  -------         MODULE        ?C?FPDIV
  C:02A7H         PUBLIC        ?C?FPDIV
  -------         ENDMOD        ?C?FPDIV

  -------         MODULE        ?C?FPCMP
  C:0346H         PUBLIC        ?C?FPCMP
  C:0344H         PUBLIC        ?C?FPCMP3
  -------         ENDMOD        ?C?FPCMP

BL51 BANKED LINKER/LOCATER V6.22                                                      05/22/2018  23:25:47  PAGE 59


  -------         MODULE        ?C?FCAST
  C:03C7H         PUBLIC        ?C?FCASTC
  C:03C2H         PUBLIC        ?C?FCASTI
  C:03BDH         PUBLIC        ?C?FCASTL
  -------         ENDMOD        ?C?FCAST

  -------         MODULE        ?C?CASTF
  C:03FBH         PUBLIC        ?C?CASTF
  -------         ENDMOD        ?C?CASTF

  -------         MODULE        PRINTF
  X:092CH         PUBLIC        ?_PRINTF?BYTE
  X:092CH         PUBLIC        ?_SPRINTF?BYTE
  C:23A1H         PUBLIC        _PRINTF
  C:239BH         PUBLIC        _SPRINTF
  -------         ENDMOD        PRINTF

  -------         MODULE        ATAN
  C:4874H         PUBLIC        _ATAN
  -------         ENDMOD        ATAN

  -------         MODULE        CEIL
  C:4E96H         PUBLIC        _ceil
  -------         ENDMOD        CEIL

  -------         MODULE        POW
  X:06A6H         PUBLIC        ?_pow?BYTE
  C:3FA5H         PUBLIC        _pow
  -------         ENDMOD        POW

  -------         MODULE        ?C?CHKFLOAT
  C:047CH         PUBLIC        ?C?CHKFLOAT
  -------         ENDMOD        ?C?CHKFLOAT

  -------         MODULE        ?C?FPNEG
  C:0496H         PUBLIC        ?C?FPNEG
  -------         ENDMOD        ?C?FPNEG

  -------         MODULE        ?C?FPROUND
  C:04A7H         PUBLIC        ?C?FPROUND
  -------         ENDMOD        ?C?FPROUND

  -------         MODULE        ?C?FPCONVERT
  C:04E4H         PUBLIC        ?C?FPCONVERT
  -------         ENDMOD        ?C?FPCONVERT

  -------         MODULE        EXP
  C:529CH         PUBLIC        _EXP
  -------         ENDMOD        EXP

  -------         MODULE        LOG
  C:4515H         PUBLIC        _LOG
  C:4511H         PUBLIC        _LOG10
  -------         ENDMOD        LOG

  -------         MODULE        ?C?FTNPWR
  C:0666H         PUBLIC        ?C?FTNPWR
BL51 BANKED LINKER/LOCATER V6.22                                                      05/22/2018  23:25:47  PAGE 60


  -------         ENDMOD        ?C?FTNPWR

  -------         MODULE        ?C?COPY
  C:0776H         PUBLIC        ?C?COPY
  -------         ENDMOD        ?C?COPY

  -------         MODULE        ?C?SCDIV
  C:079CH         PUBLIC        ?C?SCDIV
  -------         ENDMOD        ?C?SCDIV

  -------         MODULE        ?C?CLDPTR
  C:07BEH         PUBLIC        ?C?CLDPTR
  -------         ENDMOD        ?C?CLDPTR

  -------         MODULE        ?C?CLDOPTR
  C:07D7H         PUBLIC        ?C?CLDOPTR
  -------         ENDMOD        ?C?CLDOPTR

  -------         MODULE        ?C?CSTPTR
  C:0804H         PUBLIC        ?C?CSTPTR
  -------         ENDMOD        ?C?CSTPTR

  -------         MODULE        ?C?CSTOPTR
  C:0816H         PUBLIC        ?C?CSTOPTR
  -------         ENDMOD        ?C?CSTOPTR

  -------         MODULE        ?C?IMUL
  C:0838H         PUBLIC        ?C?IMUL
  -------         ENDMOD        ?C?IMUL

  -------         MODULE        ?C?SIDIV
  C:084AH         PUBLIC        ?C?SIDIV
  -------         ENDMOD        ?C?SIDIV

  -------         MODULE        ?C?IILDX
  C:0880H         PUBLIC        ?C?IILDX
  -------         ENDMOD        ?C?IILDX

  -------         MODULE        ?C?LNEG
  C:0896H         PUBLIC        ?C?LNEG
  -------         ENDMOD        ?C?LNEG

  -------         MODULE        ?C?SLCMP
  C:08A4H         PUBLIC        ?C?SLCMP
  -------         ENDMOD        ?C?SLCMP

  -------         MODULE        ?C?ULCMP
  C:08BAH         PUBLIC        ?C?ULCMP
  -------         ENDMOD        ?C?ULCMP

  -------         MODULE        ?C?LLDCODE
  C:08CBH         PUBLIC        ?C?LLDCODE
  -------         ENDMOD        ?C?LLDCODE

  -------         MODULE        ?C?LLDXDATA0
  C:08DBH         PUBLIC        ?C?LLDXDATA0
  -------         ENDMOD        ?C?LLDXDATA0
BL51 BANKED LINKER/LOCATER V6.22                                                      05/22/2018  23:25:47  PAGE 61



  -------         MODULE        ?C?LLDCODE0
  C:08E7H         PUBLIC        ?C?LLDCODE0
  -------         ENDMOD        ?C?LLDCODE0

  -------         MODULE        ?C?LSTXDATA
  C:08F7H         PUBLIC        ?C?LSTXDATA
  -------         ENDMOD        ?C?LSTXDATA

  -------         MODULE        ?C?LSTKXDATA
  C:0903H         PUBLIC        ?C?LSTKXDATA
  -------         ENDMOD        ?C?LSTKXDATA

  -------         MODULE        ?C?PLDIXDATA
  C:0934H         PUBLIC        ?C?PLDIXDATA
  -------         ENDMOD        ?C?PLDIXDATA

  -------         MODULE        ?C?PSTXDATA
  C:094BH         PUBLIC        ?C?PSTXDATA
  -------         ENDMOD        ?C?PSTXDATA

  -------         MODULE        ?C?CCASE
  C:0954H         PUBLIC        ?C?CCASE
  -------         ENDMOD        ?C?CCASE

  -------         MODULE        PUTCHAR
  C:0076H         PUBLIC        _PUTCHAR
  -------         ENDMOD        PUTCHAR

  -------         MODULE        STRCAT
  X:092CH         PUBLIC        ?_strcat?BYTE
  C:583BH         PUBLIC        _strcat
  -------         ENDMOD        STRCAT

  -------         MODULE        ?C?STRCPY
  C:0A46H         PUBLIC        ?C?STRCPY
  -------         ENDMOD        ?C?STRCPY

  -------         MODULE        STRLEN
  C:5D60H         PUBLIC        _STRLEN
  -------         ENDMOD        STRLEN

  -------         MODULE        ?C?MEMSET
  C:0A63H         PUBLIC        ?C?MEMSET
  -------         ENDMOD        ?C?MEMSET

  -------         MODULE        ?C?UIDIV
  C:0A8FH         PUBLIC        ?C?UIDIV
  -------         ENDMOD        ?C?UIDIV

  -------         MODULE        ?C?ILDIX
  C:0AE4H         PUBLIC        ?C?ILDIX
  -------         ENDMOD        ?C?ILDIX

*** WARNING L16: UNCALLED SEGMENT, IGNORED FOR OVERLAY PROCESS
    SEGMENT: ?PR?_ITOS?FONCTIONS_COTE_SERIALIZER

BL51 BANKED LINKER/LOCATER V6.22                                                      05/22/2018  23:25:47  PAGE 62


*** WARNING L16: UNCALLED SEGMENT, IGNORED FOR OVERLAY PROCESS
    SEGMENT: ?PR?SERINCHAR?UART0_RINGBUFFER_LIB

*** WARNING L16: UNCALLED SEGMENT, IGNORED FOR OVERLAY PROCESS
    SEGMENT: ?PR?SERINCHAR_BIN?UART0_RINGBUFFER_LIB

*** WARNING L16: UNCALLED SEGMENT, IGNORED FOR OVERLAY PROCESS
    SEGMENT: ?PR?SERINCHAR_BIN1?UART1

Program Size: data=15.3 xdata=3085 code=24130
LINK/LOCATE RUN COMPLETE.  4 WARNING(S),  0 ERROR(S)
