C51 COMPILER V9.51   MESURE_COURANT                                                        05/18/2018 10:57:14 PAGE 1   


C51 COMPILER V9.51, COMPILATION OF MODULE MESURE_COURANT
OBJECT MODULE PLACED IN Mesure_courant.obj
COMPILER INVOKED BY: C:\Keil\C51\BIN\C51.exe Src\Mesure_courant.c LARGE BROWSE DEBUG OBJECTEXTEND PRINT(.\Mesure_courant
                    -.lst) TABS(2) OBJECT(Mesure_courant.obj)

line level    source

   1          #include <c8051f020.h>
   2          #include <intrins.h>
   3          
   4          #include "Mesure_courant.h"
   5          #include "Config_ADC.h"
   6          
   7          #define SYSCLK 22118400L
   8          
   9          
  10          int Courant_ADC(void){
  11   1        // Au préalable, on envoie la tension de sortie de l'AO sur l'entrée AINO.0 (Broche A31 du 8051F020)
  12   1        //Cette tension doit être inférieure à 3.3V, il faut donc faire attention au gain de l'AO.
  13   1        float tension_AO;
  14   1        int courant;
  15   1        int gain_AO = 101;
  16   1        float R_SHUNT = 50*0.001;
  17   1      
  18   1        tension_AO = (ACQ_ADC()*3.3)/0xFF; // On appelle la fonction ACQ_ADC() pour récupérer la conversion (Te
             -nsion en V)
  19   1        courant = (int) (tension_AO*1000)/(gain_AO*0.32*R_SHUNT); //Valeur du courant en mA
  20   1      
  21   1        return courant;
  22   1      }


MODULE INFORMATION:   STATIC OVERLAYABLE
   CODE SIZE        =    151    ----
   CONSTANT SIZE    =   ----    ----
   XDATA SIZE       =   ----      10
   PDATA SIZE       =   ----    ----
   DATA SIZE        =   ----    ----
   IDATA SIZE       =   ----    ----
   BIT SIZE         =   ----    ----
END OF MODULE INFORMATION.


C51 COMPILATION COMPLETE.  0 WARNING(S),  0 ERROR(S)
