C51 COMPILER V9.51   CONFIG_PCA                                                            05/24/2018 19:15:13 PAGE 1   


C51 COMPILER V9.51, COMPILATION OF MODULE CONFIG_PCA
OBJECT MODULE PLACED IN Config_PCA.OBJ
COMPILER INVOKED BY: C:\Keil\C51\BIN\C51.exe Config_PCA.c LARGE BROWSE DEBUG OBJECTEXTEND TABS(2)

line level    source

   1          #include <c8051f020.h> 
   2          #include <math.h>
   3          #include <stdio.h>
   4          #include <intrins.h>
   5          
   6          #include "Declarations_GPIO.h"
   7          #include "Config_PCA.h"
   8          
   9          void Config_PCA(void){
  10   1        
  11   1        PCA0MD |= 0x02; //On utilise la SYCLK/12
  12   1        PCA0CPM0 |= 0xC2; //On active le mode PWM 16 bits 
  13   1        PCA0CN |= 0x40;
  14   1      }
  15          


MODULE INFORMATION:   STATIC OVERLAYABLE
   CODE SIZE        =     10    ----
   CONSTANT SIZE    =   ----    ----
   XDATA SIZE       =   ----    ----
   PDATA SIZE       =   ----    ----
   DATA SIZE        =   ----    ----
   IDATA SIZE       =   ----    ----
   BIT SIZE         =   ----    ----
END OF MODULE INFORMATION.


C51 COMPILATION COMPLETE.  0 WARNING(S),  0 ERROR(S)
