C51 COMPILER V9.51   POINTEUR_LUMINEUX                                                     05/24/2018 14:01:41 PAGE 1   


C51 COMPILER V9.51, COMPILATION OF MODULE POINTEUR_LUMINEUX
OBJECT MODULE PLACED IN Pointeur_Lumineux.OBJ
COMPILER INVOKED BY: C:\Keil\C51\BIN\C51.exe Pointeur_Lumineux.c LARGE BROWSE DEBUG OBJECTEXTEND TABS(2)

line level    source

   1          #include <c8051f020.h> 
   2          #include <math.h>
   3          #include <stdio.h>
   4          #include <intrins.h>
   5          
   6          #include "Declarations_GPIO.h"
   7          #include "Pointeur_Lumineux.h"
   8          #include "Config_PCA.h"
   9          
  10          
  11          #define SYSCLK 22118400L
  12          
  13          
  14          // Global variables
  15          extern int cpt;
  16          unsigned int duty;
  17          //controle du clignotement du pointeur lumineux
  18          void cycleAllumageExtinction(int intensite, float dureeAllumage, float dureeExtinction, int nombreCycle)
  19          {
  20   1        int i=0;
  21   1      
  22   1        while(i<nombreCycle){
  23   2          
  24   2          cpt=0;
  25   2          Allumage_Pointeur(intensite); // Allumage de la LED 
  26   2          while(cpt*10*0.001<=dureeAllumage/10); // On attend que le Timer3 compte jusqu'à dureeAllumage
  27   2          cpt=0;
  28   2          Allumage_Pointeur(0x0000); // Exctinction de la LED 
  29   2          while(cpt*10*0.01<=dureeExtinction/10); // On attend que le Timer3 compte jusqu'à dureeExtinction
  30   2          i++;
  31   2        }
  32   1      }


MODULE INFORMATION:   STATIC OVERLAYABLE
   CODE SIZE        =    270    ----
   CONSTANT SIZE    =   ----    ----
   XDATA SIZE       =      2      14
   PDATA SIZE       =   ----    ----
   DATA SIZE        =   ----    ----
   IDATA SIZE       =   ----    ----
   BIT SIZE         =   ----    ----
END OF MODULE INFORMATION.


C51 COMPILATION COMPLETE.  0 WARNING(S),  0 ERROR(S)
